time="2026-10-02T12:24:03-05:00" level=info msg="Starting keyboard input"
time="2026-10-02T12:24:03-05:00" level=info msg="Running MessageView"
time="2026-10-02T12:24:03-05:00" level=info msg="Initing history ID to 1944601"
time="2026-10-02T12:24:03-05:00" level=info msg="Listing messages on label \"INBOX\" query \"\" with token \"\"…"
time="2026-10-02T12:24:03-05:00" level=info msg="Got history update: {historyID:1944601 history:[]}"
time="2026-10-02T12:24:03-05:00" level=warning msg="Failed to load Other contacts; rerun -configure to grant the scope: googleapi: Error 429: Sync quota exceeded., rateLimitExceeded"
time="2026-10-02T12:24:03-05:00" level=info msg="Next page token: \"\""
time="2026-10-02T12:24:03-05:00" level=info msg="Listing messages took 103.97896ms"
time="2026-10-02T12:24:03-05:00" level=info msg="MessageListView: Got page!"
time="2026-10-02T12:24:03-05:00" level=info msg="All pages loaded"
time="2026-10-02T12:24:03-05:00" level=warning msg="Failed to load metadata for email ID 1a0f3ee000ec142c: googleapi: Error 429: Too many concurrent requests for user., rateLimitExceeded"
time="2026-10-02T12:24:03-05:00" level=warning msg="Failing to load was googleapi error googleapi: Error 429: Too many concurrent requests for user., rateLimitExceeded"
time="2026-10-02T12:24:03-05:00" level=warning msg="Failed to load metadata for email ID 1a0f8af28208475b: googleapi: Error 429: Too many concurrent requests for user., rateLimitExceeded"
time="2026-10-02T12:24:03-05:00" level=warning msg="Failing to load was googleapi error googleapi: Error 429: Too many concurrent requests for user., rateLimitExceeded"
time="2026-10-02T12:24:03-05:00" level=warning msg="Failed to load metadata for email ID 1a0ca362fa39bbe8: googleapi: Error 429: Too many concurrent requests for user., rateLimitExceeded"
time="2026-10-02T12:24:03-05:00" level=warning msg="Failing to load was googleapi error googleapi: Error 429: Too many concurrent requests for user., rateLimitExceeded"
time="2026-10-02T12:24:03-05:00" level=warning msg="Failed to load metadata for email ID 1a0f8ded16b75e4d: googleapi: Error 429: Too many concurrent requests for user., rateLimitExceeded"
time="2026-10-02T12:24:03-05:00" level=warning msg="Failed to load metadata for email ID 1a0fd4b493f3c46e: googleapi: Error 429: Too many concurrent requests for user., rateLimitExceeded"
time="2026-10-02T12:24:03-05:00" level=warning msg="Failing to load was googleapi error googleapi: Error 429: Too many concurrent requests for user., rateLimitExceeded"
time="2026-10-02T12:24:03-05:00" level=warning msg="Failing to load was googleapi error googleapi: Error 429: Too many concurrent requests for user., rateLimitExceeded"
time="2026-10-02T12:24:03-05:00" level=warning msg="Failed to load metadata for email ID 1a0ef61e9190c8b9: googleapi: Error 429: Too many concurrent requests for user., rateLimitExceeded"
time="2026-10-02T12:24:03-05:00" level=warning msg="Failing to load was googleapi error googleapi: Error 429: Too many concurrent requests for user., rateLimitExceeded"
time="2026-10-02T12:24:03-05:00" level=warning msg="Failed to load metadata for email ID 1a0f7bdd5f250b7e: googleapi: Error 429: Too many concurrent requests for user., rateLimitExceeded"
time="2026-10-02T12:24:03-05:00" level=warning msg="Failing to load was googleapi error googleapi: Error 429: Too many concurrent requests for user., rateLimitExceeded"
time="2026-10-02T12:24:03-05:00" level=warning msg="Failed to load metadata for email ID 19bc82a3161a731f: googleapi: Error 429: Too many concurrent requests for user., rateLimitExceeded"
time="2026-10-02T12:24:03-05:00" level=warning msg="Failing to load was googleapi error googleapi: Error 429: Too many concurrent requests for user., rateLimitExceeded"
time="2026-10-02T12:24:03-05:00" level=warning msg="Failed to load metadata for email ID 19efb656b57b3dd6: googleapi: Error 429: Too many concurrent requests for user., rateLimitExceeded"
time="2026-10-02T12:24:03-05:00" level=warning msg="Failing to load was googleapi error googleapi: Error 429: Too many concurrent requests for user., rateLimitExceeded"
time="2026-10-02T12:24:05-05:00" level=info msg="Scanning 2000 new messages for addresses"
time="2026-10-02T12:24:13-05:00" level=info msg="History for 1944601 INBOX"
time="2026-10-02T12:24:13-05:00" level=info msg="No history since last check"
time="2026-10-02T12:24:13-05:00" level=info msg="History check took 103.205575ms"
time="2026-10-02T12:24:23-05:00" level=info msg="History for 1944601 INBOX"
time="2026-10-02T12:24:23-05:00" level=info msg="No history since last check"
time="2026-10-02T12:24:23-05:00" level=info msg="History check took 86.515328ms"
time="2026-10-02T12:24:33-05:00" level=info msg="History for 1944601 INBOX"
time="2026-10-02T12:24:33-05:00" level=info msg="No history since last check"
time="2026-10-02T12:24:33-05:00" level=info msg="History check took 91.560175ms"
time="2026-10-02T12:24:43-05:00" level=info msg="History for 1944601 INBOX"
time="2026-10-02T12:24:43-05:00" level=info msg="No history since last check"
time="2026-10-02T12:24:43-05:00" level=info msg="History check took 84.437249ms"
time="2026-10-02T12:24:53-05:00" level=info msg="History for 1944601 INBOX"
time="2026-10-02T12:24:53-05:00" level=info msg="No history since last check"
time="2026-10-02T12:24:53-05:00" level=info msg="History check took 104.768228ms"
time="2026-10-02T12:25:03-05:00" level=info msg="History for 1944601 INBOX"
time="2026-10-02T12:25:03-05:00" level=info msg="Loaded labels in 90.385895ms"
time="2026-10-02T12:25:03-05:00" level=info msg="Reloaded labels"
time="2026-10-02T12:25:03-05:00" level=info msg="No history since last check"
time="2026-10-02T12:25:03-05:00" level=info msg="History check took 110.575589ms"
time="2026-10-02T12:25:03-05:00" level=info msg="Got batch of 0 contacts, total 0"
time="2026-10-02T12:25:03-05:00" level=info msg="Reloaded contacts"
time="2026-10-02T12:25:13-05:00" level=info msg="History for 1944601 INBOX"
time="2026-10-02T12:25:13-05:00" level=info msg="No history since last check"
time="2026-10-02T12:25:13-05:00" level=info msg="History check took 92.88445ms"
time="2026-10-02T12:25:23-05:00" level=info msg="History for 1944601 INBOX"
time="2026-10-02T12:25:23-05:00" level=info msg="No history since last check"
time="2026-10-02T12:25:23-05:00" level=info msg="History check took 86.810257ms"
time="2026-10-02T12:25:25-05:00" level=info msg="Loaded correspondents"
time="2026-10-02T12:25:25-05:00" level=info msg="Loaded correspondents"
time="2026-10-02T12:25:33-05:00" level=info msg="History for 1944601 INBOX"
time="2026-10-02T12:25:33-05:00" level=info msg="No history since last check"
time="2026-10-02T12:25:33-05:00" level=info msg="History check took 84.383932ms"
time="2026-10-02T12:25:43-05:00" level=info msg="History for 1944601 INBOX"
time="2026-10-02T12:25:43-05:00" level=info msg="No history since last check"
time="2026-10-02T12:25:43-05:00" level=info msg="History check took 89.172488ms"
time="2026-10-02T12:25:53-05:00" level=info msg="History for 1944601 INBOX"
time="2026-10-02T12:25:53-05:00" level=info msg="No history since last check"
time="2026-10-02T12:25:53-05:00" level=info msg="History check took 89.630478ms"
time="2026-10-02T12:26:03-05:00" level=info msg="History for 1944601 INBOX"
time="2026-10-02T12:26:03-05:00" level=info msg="No history since last check"
time="2026-10-02T12:26:03-05:00" level=info msg="History check took 105.918893ms"
time="2026-10-02T12:26:03-05:00" level=info msg="Loaded labels in 110.176022ms"
time="2026-10-02T12:26:03-05:00" level=info msg="Reloaded labels"
time="2026-10-02T12:26:03-05:00" level=info msg="Got batch of 0 contacts, total 0"
time="2026-10-02T12:26:03-05:00" level=info msg="Reloaded contacts"
time="2026-10-02T12:26:04-05:00" level=info msg="Loaded correspondents"
time="2026-10-02T12:26:13-05:00" level=info msg="History for 1944601 INBOX"
time="2026-10-02T12:26:13-05:00" level=info msg="No history since last check"
time="2026-10-02T12:26:13-05:00" level=info msg="History check took 92.628751ms"
time="2026-10-02T12:26:23-05:00" level=info msg="History for 1944601 INBOX"
time="2026-10-02T12:26:23-05:00" level=info msg="No history since last check"
time="2026-10-02T12:26:23-05:00" level=info msg="History check took 95.491666ms"
time="2026-10-02T12:26:33-05:00" level=info msg="History for 1944601 INBOX"
time="2026-10-02T12:26:33-05:00" level=info msg="History check took 102.491003ms"
time="2026-10-02T12:26:33-05:00" level=info msg="Got history update: {historyID:1944615 history:[0x21512e216160 0x21512e217810]}"
time="2026-10-02T12:26:33-05:00" level=info msg="History entry: 0 add, 0 delete, 0 labeladd, 1 labeldelete"
time="2026-10-02T12:26:33-05:00" level=info msg="History entry: 0 add, 0 delete, 0 labeladd, 0 labeldelete"
time="2026-10-02T12:26:43-05:00" level=info msg="History for 1944615 INBOX"
time="2026-10-02T12:26:43-05:00" level=info msg="History check took 105.695575ms"
time="2026-10-02T12:26:43-05:00" level=info msg="Got history update: {historyID:1944641 history:[0x21512e217970 0x21512e217a20]}"
time="2026-10-02T12:26:43-05:00" level=info msg="History entry: 0 add, 0 delete, 0 labeladd, 1 labeldelete"
time="2026-10-02T12:26:43-05:00" level=info msg="History entry: 0 add, 0 delete, 0 labeladd, 0 labeldelete"
time="2026-10-02T12:26:53-05:00" level=info msg="History for 1944641 INBOX"
time="2026-10-02T12:26:53-05:00" level=info msg="No history since last check"
time="2026-10-02T12:26:53-05:00" level=info msg="History check took 92.149552ms"
time="2026-10-02T12:27:03-05:00" level=info msg="History for 1944641 INBOX"
time="2026-10-02T12:27:03-05:00" level=info msg="No history since last check"
time="2026-10-02T12:27:03-05:00" level=info msg="History check took 102.647891ms"
time="2026-10-02T12:27:03-05:00" level=info msg="Loaded labels in 269.099982ms"
time="2026-10-02T12:27:03-05:00" level=info msg="Reloaded labels"
time="2026-10-02T12:27:03-05:00" level=info msg="Got batch of 0 contacts, total 0"
time="2026-10-02T12:27:03-05:00" level=info msg="Reloaded contacts"
time="2026-10-02T12:27:04-05:00" level=info msg="Loaded correspondents"
time="2026-10-02T12:27:13-05:00" level=info msg="History for 1944641 INBOX"
time="2026-10-02T12:27:13-05:00" level=info msg="No history since last check"
time="2026-10-02T12:27:13-05:00" level=info msg="History check took 95.37606ms"
time="2026-10-02T12:27:23-05:00" level=info msg="History for 1944641 INBOX"
time="2026-10-02T12:27:23-05:00" level=info msg="No history since last check"
time="2026-10-02T12:27:23-05:00" level=info msg="History check took 89.902904ms"
time="2026-10-02T12:27:33-05:00" level=info msg="History for 1944641 INBOX"
time="2026-10-02T12:27:33-05:00" level=info msg="No history since last check"
time="2026-10-02T12:27:33-05:00" level=info msg="History check took 106.632827ms"
time="2026-10-02T12:27:43-05:00" level=info msg="History for 1944641 INBOX"
time="2026-10-02T12:27:43-05:00" level=info msg="No history since last check"
time="2026-10-02T12:27:43-05:00" level=info msg="History check took 86.077928ms"
time="2026-10-02T12:27:53-05:00" level=info msg="History for 1944641 INBOX"
time="2026-10-02T12:27:53-05:00" level=info msg="No history since last check"
time="2026-10-02T12:27:53-05:00" level=info msg="History check took 90.514716ms"
time="2026-10-02T12:28:03-05:00" level=info msg="History for 1944641 INBOX"
time="2026-10-02T12:28:03-05:00" level=info msg="Loaded labels in 95.601463ms"
time="2026-10-02T12:28:03-05:00" level=info msg="Reloaded labels"
time="2026-10-02T12:28:03-05:00" level=info msg="Got batch of 0 contacts, total 0"
time="2026-10-02T12:28:03-05:00" level=info msg="Reloaded contacts"
time="2026-10-02T12:28:03-05:00" level=info msg="No history since last check"
time="2026-10-02T12:28:03-05:00" level=info msg="History check took 264.940911ms"
time="2026-10-02T12:28:04-05:00" level=info msg="Loaded correspondents"
time="2026-10-02T12:28:13-05:00" level=info msg="History for 1944641 INBOX"
time="2026-10-02T12:28:13-05:00" level=info msg="No history since last check"
time="2026-10-02T12:28:13-05:00" level=info msg="History check took 99.397377ms"
time="2026-10-02T12:28:23-05:00" level=info msg="History for 1944641 INBOX"
time="2026-10-02T12:28:23-05:00" level=info msg="No history since last check"
time="2026-10-02T12:28:23-05:00" level=info msg="History check took 94.33674ms"
time="2026-10-02T12:28:33-05:00" level=info msg="History for 1944641 INBOX"
time="2026-10-02T12:28:33-05:00" level=info msg="No history since last check"
time="2026-10-02T12:28:33-05:00" level=info msg="History check took 94.72763ms"
time="2026-10-02T12:28:43-05:00" level=info msg="History for 1944641 INBOX"
time="2026-10-02T12:28:43-05:00" level=info msg="No history since last check"
time="2026-10-02T12:28:43-05:00" level=info msg="History check took 100.458272ms"
time="2026-10-02T12:28:53-05:00" level=info msg="History for 1944641 INBOX"
time="2026-10-02T12:28:53-05:00" level=info msg="No history since last check"
time="2026-10-02T12:28:53-05:00" level=info msg="History check took 83.675943ms"
time="2026-10-02T12:29:03-05:00" level=info msg="History for 1944641 INBOX"
time="2026-10-02T12:29:03-05:00" level=info msg="No history since last check"
time="2026-10-02T12:29:03-05:00" level=info msg="History check took 119.679999ms"
time="2026-10-02T12:29:03-05:00" level=info msg="Loaded labels in 125.912938ms"
time="2026-10-02T12:29:03-05:00" level=info msg="Reloaded labels"
time="2026-10-02T12:29:03-05:00" level=info msg="Got batch of 0 contacts, total 0"
time="2026-10-02T12:29:03-05:00" level=info msg="Reloaded contacts"
time="2026-10-02T12:29:04-05:00" level=info msg="Loaded correspondents"
time="2026-10-02T12:29:13-05:00" level=info msg="History for 1944641 INBOX"
time="2026-10-02T12:29:13-05:00" level=info msg="No history since last check"
time="2026-10-02T12:29:13-05:00" level=info msg="History check took 98.16971ms"
time="2026-10-02T12:29:23-05:00" level=info msg="History for 1944641 INBOX"
time="2026-10-02T12:29:23-05:00" level=info msg="No history since last check"
time="2026-10-02T12:29:23-05:00" level=info msg="History check took 126.181185ms"
time="2026-10-02T12:29:33-05:00" level=info msg="History for 1944641 INBOX"
time="2026-10-02T12:29:33-05:00" level=info msg="No history since last check"
time="2026-10-02T12:29:33-05:00" level=info msg="History check took 98.17781ms"
time="2026-10-02T12:29:43-05:00" level=info msg="History for 1944641 INBOX"
time="2026-10-02T12:29:43-05:00" level=info msg="No history since last check"
time="2026-10-02T12:29:43-05:00" level=info msg="History check took 92.258818ms"
time="2026-10-02T12:29:53-05:00" level=info msg="History for 1944641 INBOX"
time="2026-10-02T12:29:53-05:00" level=info msg="No history since last check"
time="2026-10-02T12:29:53-05:00" level=info msg="History check took 204.178425ms"
time="2026-10-02T12:30:03-05:00" level=info msg="History for 1944641 INBOX"
time="2026-10-02T12:30:04-05:00" level=info msg="No history since last check"
time="2026-10-02T12:30:04-05:00" level=info msg="History check took 933.371223ms"
time="2026-10-02T12:30:04-05:00" level=info msg="Loaded labels in 948.009759ms"
time="2026-10-02T12:30:04-05:00" level=info msg="Reloaded labels"
time="2026-10-02T12:30:05-05:00" level=info msg="Got batch of 0 contacts, total 0"
time="2026-10-02T12:30:05-05:00" level=info msg="Reloaded contacts"
time="2026-10-02T12:30:08-05:00" level=info msg="Loaded correspondents"
time="2026-10-02T12:30:13-05:00" level=info msg="History for 1944641 INBOX"
time="2026-10-02T12:30:14-05:00" level=info msg="No history since last check"
time="2026-10-02T12:30:14-05:00" level=info msg="History check took 941.554316ms"
time="2026-10-02T12:30:23-05:00" level=info msg="History for 1944641 INBOX"
time="2026-10-02T12:30:24-05:00" level=info msg="No history since last check"
time="2026-10-02T12:30:24-05:00" level=info msg="History check took 971.230895ms"
time="2026-10-02T12:30:33-05:00" level=info msg="History for 1944641 INBOX"
time="2026-10-02T12:30:34-05:00" level=info msg="No history since last check"
time="2026-10-02T12:30:34-05:00" level=info msg="History check took 1.026028192s"
time="2026-10-02T12:30:43-05:00" level=info msg="History for 1944641 INBOX"
time="2026-10-02T12:30:44-05:00" level=info msg="No history since last check"
time="2026-10-02T12:30:44-05:00" level=info msg="History check took 965.273173ms"
time="2026-10-02T12:30:53-05:00" level=info msg="History for 1944641 INBOX"
time="2026-10-02T12:30:54-05:00" level=info msg="No history since last check"
time="2026-10-02T12:30:54-05:00" level=info msg="History check took 1.009950977s"
time="2026-10-02T12:30:57-05:00" level=warning msg="Print off screen. y=75 height=75"
time="2026-10-02T12:30:57-05:00" level=warning msg="Print off screen. y=76 height=75"
time="2026-10-02T12:30:57-05:00" level=warning msg="Print off screen. y=77 height=75"
time="2026-10-02T12:30:57-05:00" level=warning msg="Print off screen. y=78 height=75"
time="2026-10-02T12:30:57-05:00" level=warning msg="Print off screen. y=79 height=75"
time="2026-10-02T12:30:57-05:00" level=warning msg="Print off screen. y=80 height=75"
time="2026-10-02T12:30:57-05:00" level=warning msg="Print off screen. y=81 height=75"
time="2026-10-02T12:30:57-05:00" level=warning msg="Print off screen. y=82 height=75"
time="2026-10-02T12:30:57-05:00" level=warning msg="Print off screen. y=83 height=75"
time="2026-10-02T12:30:57-05:00" level=warning msg="Print off screen. y=84 height=75"
time="2026-10-02T12:30:57-05:00" level=warning msg="Print off screen. y=85 height=75"
time="2026-10-02T12:30:57-05:00" level=warning msg="Print off screen. y=86 height=75"
time="2026-10-02T12:30:57-05:00" level=warning msg="Print off screen. y=87 height=75"
time="2026-10-02T12:30:57-05:00" level=warning msg="Print off screen. y=88 height=75"
time="2026-10-02T12:30:57-05:00" level=warning msg="Print off screen. y=89 height=75"
time="2026-10-02T12:30:57-05:00" level=warning msg="Print off screen. y=90 height=75"
time="2026-10-02T12:30:57-05:00" level=warning msg="Print off screen. y=91 height=75"
time="2026-10-02T12:30:57-05:00" level=warning msg="Print off screen. y=92 height=75"
time="2026-10-02T12:30:57-05:00" level=warning msg="Print off screen. y=93 height=75"
time="2026-10-02T12:30:57-05:00" level=warning msg="Print off screen. y=94 height=75"
time="2026-10-02T12:30:57-05:00" level=warning msg="Print off screen. y=95 height=75"
time="2026-10-02T12:30:57-05:00" level=warning msg="Print off screen. y=96 height=75"
time="2026-10-02T12:30:57-05:00" level=warning msg="Print off screen. y=97 height=75"
time="2026-10-02T12:30:57-05:00" level=warning msg="Print off screen. y=98 height=75"
time="2026-10-02T12:30:57-05:00" level=warning msg="Print off screen. y=99 height=75"
time="2026-10-02T12:30:57-05:00" level=warning msg="Print off screen. y=100 height=75"
time="2026-10-02T12:30:57-05:00" level=warning msg="Print off screen. y=101 height=75"
time="2026-10-02T12:30:57-05:00" level=warning msg="Print off screen. y=102 height=75"
time="2026-10-02T12:30:57-05:00" level=warning msg="Print off screen. y=103 height=75"
time="2026-10-02T12:30:57-05:00" level=warning msg="Print off screen. y=104 height=75"
time="2026-10-02T12:30:57-05:00" level=warning msg="Print off screen. y=105 height=75"
time="2026-10-02T12:30:57-05:00" level=warning msg="Print off screen. y=106 height=75"
time="2026-10-02T12:30:57-05:00" level=warning msg="Print off screen. y=107 height=75"
time="2026-10-02T12:30:57-05:00" level=warning msg="Print off screen. y=108 height=75"
time="2026-10-02T12:30:57-05:00" level=warning msg="Print off screen. y=109 height=75"
time="2026-10-02T12:30:57-05:00" level=warning msg="Print off screen. y=110 height=75"
time="2026-10-02T12:30:57-05:00" level=warning msg="Print off screen. y=111 height=75"
time="2026-10-02T12:30:57-05:00" level=warning msg="Print off screen. y=112 height=75"
time="2026-10-02T12:30:57-05:00" level=warning msg="Print off screen. y=113 height=75"
time="2026-10-02T12:30:57-05:00" level=warning msg="Print off screen. y=114 height=75"
time="2026-10-02T12:30:57-05:00" level=warning msg="Print off screen. y=115 height=75"
time="2026-10-02T12:30:57-05:00" level=warning msg="Print off screen. y=116 height=75"
time="2026-10-02T12:30:57-05:00" level=warning msg="Print off screen. y=117 height=75"
time="2026-10-02T12:30:57-05:00" level=warning msg="Print off screen. y=118 height=75"
time="2026-10-02T12:30:57-05:00" level=warning msg="Print off screen. y=119 height=75"
time="2026-10-02T12:30:57-05:00" level=warning msg="Print off screen. y=120 height=75"
time="2026-10-02T12:30:57-05:00" level=warning msg="Print off screen. y=121 height=75"
time="2026-10-02T12:30:57-05:00" level=warning msg="Print off screen. y=122 height=75"
time="2026-10-02T12:30:57-05:00" level=warning msg="Print off screen. y=123 height=75"
time="2026-10-02T12:30:57-05:00" level=warning msg="Print off screen. y=124 height=75"
time="2026-10-02T12:30:57-05:00" level=warning msg="Print off screen. y=125 height=75"
time="2026-10-02T12:30:57-05:00" level=warning msg="Print off screen. y=126 height=75"
time="2026-10-02T12:30:57-05:00" level=warning msg="Print off screen. y=127 height=75"
time="2026-10-02T12:30:57-05:00" level=warning msg="Print off screen. y=128 height=75"
time="2026-10-02T12:30:57-05:00" level=warning msg="Print off screen. y=129 height=75"
time="2026-10-02T12:30:57-05:00" level=warning msg="Print off screen. y=130 height=75"
time="2026-10-02T12:30:57-05:00" level=warning msg="Print off screen. y=131 height=75"
time="2026-10-02T12:30:57-05:00" level=warning msg="Print off screen. y=132 height=75"
time="2026-10-02T12:30:57-05:00" level=warning msg="Print off screen. y=133 height=75"
time="2026-10-02T12:30:57-05:00" level=warning msg="Print off screen. y=134 height=75"
time="2026-10-02T12:30:57-05:00" level=warning msg="Print off screen. y=135 height=75"
time="2026-10-02T12:30:57-05:00" level=warning msg="Print off screen. y=136 height=75"
time="2026-10-02T12:30:57-05:00" level=warning msg="Print off screen. y=137 height=75"
time="2026-10-02T12:30:57-05:00" level=warning msg="Print off screen. y=138 height=75"
time="2026-10-02T12:30:57-05:00" level=warning msg="Print off screen. y=139 height=75"
time="2026-10-02T12:30:57-05:00" level=warning msg="Print off screen. y=140 height=75"
time="2026-10-02T12:30:57-05:00" level=warning msg="Print off screen. y=141 height=75"
time="2026-10-02T12:30:57-05:00" level=warning msg="Print off screen. y=142 height=75"
time="2026-10-02T12:30:57-05:00" level=warning msg="Print off screen. y=143 height=75"
time="2026-10-02T12:30:57-05:00" level=warning msg="Print off screen. y=144 height=75"
time="2026-10-02T12:30:57-05:00" level=warning msg="Print off screen. y=145 height=75"
time="2026-10-02T12:30:57-05:00" level=warning msg="Print off screen. y=146 height=75"
time="2026-10-02T12:30:57-05:00" level=warning msg="Print off screen. y=147 height=75"
time="2026-10-02T12:30:57-05:00" level=warning msg="Print off screen. y=148 height=75"
time="2026-10-02T12:30:57-05:00" level=warning msg="Print off screen. y=149 height=75"
time="2026-10-02T12:30:57-05:00" level=warning msg="Print off screen. y=150 height=75"
time="2026-10-02T12:30:57-05:00" level=warning msg="Print off screen. y=151 height=75"
time="2026-10-02T12:30:57-05:00" level=warning msg="Print off screen. y=152 height=75"
time="2026-10-02T12:30:57-05:00" level=warning msg="Print off screen. y=153 height=75"
time="2026-10-02T12:30:57-05:00" level=warning msg="Print off screen. y=154 height=75"
time="2026-10-02T12:30:57-05:00" level=warning msg="Print off screen. y=155 height=75"
time="2026-10-02T12:30:57-05:00" level=warning msg="Print off screen. y=156 height=75"
time="2026-10-02T12:30:57-05:00" level=warning msg="Print off screen. y=157 height=75"
time="2026-10-02T12:30:57-05:00" level=warning msg="Print off screen. y=158 height=75"
time="2026-10-02T12:30:57-05:00" level=warning msg="Print off screen. y=159 height=75"
time="2026-10-02T12:30:57-05:00" level=warning msg="Print off screen. y=160 height=75"
time="2026-10-02T12:30:57-05:00" level=warning msg="Print off screen. y=161 height=75"
time="2026-10-02T12:30:57-05:00" level=warning msg="Print off screen. y=162 height=75"
time="2026-10-02T12:30:57-05:00" level=warning msg="Print off screen. y=163 height=75"
time="2026-10-02T12:30:57-05:00" level=warning msg="Print off screen. y=164 height=75"
time="2026-10-02T12:30:57-05:00" level=warning msg="Print off screen. y=165 height=75"
time="2026-10-02T12:30:57-05:00" level=warning msg="Print off screen. y=166 height=75"
time="2026-10-02T12:30:57-05:00" level=warning msg="Print off screen. y=167 height=75"
time="2026-10-02T12:30:57-05:00" level=warning msg="Print off screen. y=168 height=75"
time="2026-10-02T12:30:57-05:00" level=warning msg="Print off screen. y=169 height=75"
time="2026-10-02T12:30:57-05:00" level=warning msg="Print off screen. y=170 height=75"
time="2026-10-02T12:30:57-05:00" level=warning msg="Print off screen. y=171 height=75"
time="2026-10-02T12:30:57-05:00" level=warning msg="Print off screen. y=172 height=75"
time="2026-10-02T12:30:57-05:00" level=warning msg="Print off screen. y=173 height=75"
time="2026-10-02T12:30:57-05:00" level=warning msg="Print off screen. y=174 height=75"
time="2026-10-02T12:30:57-05:00" level=warning msg="Print off screen. y=175 height=75"
time="2026-10-02T12:30:57-05:00" level=warning msg="Print off screen. y=176 height=75"
time="2026-10-02T12:30:57-05:00" level=warning msg="Print off screen. y=177 height=75"
time="2026-10-02T12:30:57-05:00" level=warning msg="Print off screen. y=178 height=75"
time="2026-10-02T12:30:57-05:00" level=warning msg="Print off screen. y=179 height=75"
time="2026-10-02T12:30:57-05:00" level=warning msg="Print off screen. y=180 height=75"
time="2026-10-02T12:30:57-05:00" level=warning msg="Print off screen. y=181 height=75"
time="2026-10-02T12:30:57-05:00" level=warning msg="Print off screen. y=182 height=75"
time="2026-10-02T12:30:57-05:00" level=warning msg="Print off screen. y=183 height=75"
time="2026-10-02T12:30:57-05:00" level=warning msg="Print off screen. y=184 height=75"
time="2026-10-02T12:30:57-05:00" level=warning msg="Print off screen. y=185 height=75"
time="2026-10-02T12:30:57-05:00" level=warning msg="Print off screen. y=186 height=75"
time="2026-10-02T12:30:57-05:00" level=warning msg="Print off screen. y=187 height=75"
time="2026-10-02T12:30:57-05:00" level=warning msg="Print off screen. y=188 height=75"
time="2026-10-02T12:30:57-05:00" level=warning msg="Print off screen. y=189 height=75"
time="2026-10-02T12:30:57-05:00" level=warning msg="Print off screen. y=190 height=75"
time="2026-10-02T12:30:57-05:00" level=warning msg="Print off screen. y=191 height=75"
time="2026-10-02T12:30:57-05:00" level=warning msg="Print off screen. y=192 height=75"
time="2026-10-02T12:30:57-05:00" level=warning msg="Print off screen. y=193 height=75"
time="2026-10-02T12:30:57-05:00" level=warning msg="Print off screen. y=194 height=75"
time="2026-10-02T12:30:57-05:00" level=warning msg="Print off screen. y=195 height=75"
time="2026-10-02T12:30:57-05:00" level=warning msg="Print off screen. y=196 height=75"
time="2026-10-02T12:30:57-05:00" level=warning msg="Print off screen. y=197 height=75"
time="2026-10-02T12:30:57-05:00" level=warning msg="Print off screen. y=198 height=75"
time="2026-10-02T12:30:57-05:00" level=warning msg="Print off screen. y=199 height=75"
time="2026-10-02T12:30:57-05:00" level=warning msg="Print off screen. y=200 height=75"
time="2026-10-02T12:30:57-05:00" level=warning msg="Print off screen. y=201 height=75"
time="2026-10-02T12:30:57-05:00" level=warning msg="Print off screen. y=202 height=75"
time="2026-10-02T12:30:57-05:00" level=warning msg="Print off screen. y=203 height=75"
time="2026-10-02T12:30:57-05:00" level=warning msg="Print off screen. y=204 height=75"
time="2026-10-02T12:30:57-05:00" level=warning msg="Print off screen. y=205 height=75"
time="2026-10-02T12:30:57-05:00" level=warning msg="Print off screen. y=206 height=75"
time="2026-10-02T12:30:57-05:00" level=warning msg="Print off screen. y=207 height=75"
time="2026-10-02T12:30:57-05:00" level=warning msg="Print off screen. y=208 height=75"
time="2026-10-02T12:30:57-05:00" level=warning msg="Print off screen. y=209 height=75"
time="2026-10-02T12:30:57-05:00" level=warning msg="Print off screen. y=210 height=75"
time="2026-10-02T12:30:57-05:00" level=warning msg="Print off screen. y=211 height=75"
time="2026-10-02T12:30:57-05:00" level=warning msg="Print off screen. y=212 height=75"
time="2026-10-02T12:30:57-05:00" level=warning msg="Print off screen. y=213 height=75"
time="2026-10-02T12:30:57-05:00" level=warning msg="Print off screen. y=214 height=75"
time="2026-10-02T12:30:57-05:00" level=warning msg="Print off screen. y=215 height=75"
time="2026-10-02T12:30:57-05:00" level=warning msg="Print off screen. y=216 height=75"
time="2026-10-02T12:30:57-05:00" level=warning msg="Print off screen. y=217 height=75"
time="2026-10-02T12:30:57-05:00" level=warning msg="Print off screen. y=218 height=75"
time="2026-10-02T12:30:57-05:00" level=warning msg="Print off screen. y=219 height=75"
time="2026-10-02T12:30:57-05:00" level=warning msg="Print off screen. y=220 height=75"
time="2026-10-02T12:30:57-05:00" level=warning msg="Print off screen. y=221 height=75"
time="2026-10-02T12:30:57-05:00" level=warning msg="Print off screen. y=222 height=75"
time="2026-10-02T12:30:57-05:00" level=warning msg="Print off screen. y=223 height=75"
time="2026-10-02T12:30:57-05:00" level=warning msg="Print off screen. y=224 height=75"
time="2026-10-02T12:30:57-05:00" level=warning msg="Print off screen. y=225 height=75"
time="2026-10-02T12:30:57-05:00" level=warning msg="Print off screen. y=226 height=75"
time="2026-10-02T12:30:57-05:00" level=warning msg="Print off screen. y=227 height=75"
time="2026-10-02T12:30:57-05:00" level=warning msg="Print off screen. y=228 height=75"
time="2026-10-02T12:30:57-05:00" level=warning msg="Print off screen. y=229 height=75"
time="2026-10-02T12:30:57-05:00" level=warning msg="Print off screen. y=230 height=75"
time="2026-10-02T12:30:57-05:00" level=warning msg="Print off screen. y=231 height=75"
time="2026-10-02T12:30:57-05:00" level=warning msg="Print off screen. y=232 height=75"
time="2026-10-02T12:30:57-05:00" level=warning msg="Print off screen. y=233 height=75"
time="2026-10-02T12:30:57-05:00" level=warning msg="Print off screen. y=234 height=75"
time="2026-10-02T12:30:57-05:00" level=warning msg="Print off screen. y=235 height=75"
time="2026-10-02T12:30:57-05:00" level=warning msg="Print off screen. y=236 height=75"
time="2026-10-02T12:30:57-05:00" level=warning msg="Print off screen. y=237 height=75"
time="2026-10-02T12:30:57-05:00" level=warning msg="Print off screen. y=238 height=75"
time="2026-10-02T12:30:57-05:00" level=warning msg="Print off screen. y=239 height=75"
time="2026-10-02T12:30:57-05:00" level=warning msg="Print off screen. y=240 height=75"
time="2026-10-02T12:30:57-05:00" level=warning msg="Print off screen. y=241 height=75"
time="2026-10-02T12:30:57-05:00" level=warning msg="Print off screen. y=242 height=75"
time="2026-10-02T12:30:57-05:00" level=warning msg="Print off screen. y=243 height=75"
time="2026-10-02T12:30:57-05:00" level=warning msg="Print off screen. y=244 height=75"
time="2026-10-02T12:30:57-05:00" level=warning msg="Print off screen. y=245 height=75"
time="2026-10-02T12:30:57-05:00" level=warning msg="Print off screen. y=246 height=75"
time="2026-10-02T12:30:57-05:00" level=warning msg="Print off screen. y=247 height=75"
time="2026-10-02T12:30:57-05:00" level=warning msg="Print off screen. y=248 height=75"
time="2026-10-02T12:30:57-05:00" level=warning msg="Print off screen. y=249 height=75"
time="2026-10-02T12:30:57-05:00" level=warning msg="Print off screen. y=250 height=75"
time="2026-10-02T12:30:57-05:00" level=warning msg="Print off screen. y=251 height=75"
time="2026-10-02T12:30:57-05:00" level=warning msg="Print off screen. y=252 height=75"
time="2026-10-02T12:30:57-05:00" level=warning msg="Print off screen. y=253 height=75"
time="2026-10-02T12:30:57-05:00" level=warning msg="Print off screen. y=254 height=75"
time="2026-10-02T12:30:57-05:00" level=warning msg="Print off screen. y=255 height=75"
time="2026-10-02T12:30:57-05:00" level=warning msg="Print off screen. y=256 height=75"
time="2026-10-02T12:30:57-05:00" level=warning msg="Print off screen. y=257 height=75"
time="2026-10-02T12:30:57-05:00" level=warning msg="Print off screen. y=258 height=75"
time="2026-10-02T12:30:57-05:00" level=warning msg="Print off screen. y=259 height=75"
time="2026-10-02T12:30:57-05:00" level=warning msg="Print off screen. y=260 height=75"
time="2026-10-02T12:30:57-05:00" level=warning msg="Print off screen. y=261 height=75"
time="2026-10-02T12:30:57-05:00" level=warning msg="Print off screen. y=262 height=75"
time="2026-10-02T12:30:57-05:00" level=warning msg="Print off screen. y=263 height=75"
time="2026-10-02T12:30:57-05:00" level=warning msg="Print off screen. y=264 height=75"
time="2026-10-02T12:30:57-05:00" level=warning msg="Print off screen. y=265 height=75"
time="2026-10-02T12:30:57-05:00" level=warning msg="Print off screen. y=266 height=75"
time="2026-10-02T12:30:57-05:00" level=warning msg="Print off screen. y=267 height=75"
time="2026-10-02T12:30:57-05:00" level=warning msg="Print off screen. y=268 height=75"
time="2026-10-02T12:30:57-05:00" level=warning msg="Print off screen. y=269 height=75"
time="2026-10-02T12:30:57-05:00" level=warning msg="Print off screen. y=270 height=75"
time="2026-10-02T12:30:57-05:00" level=warning msg="Print off screen. y=271 height=75"
time="2026-10-02T12:30:58-05:00" level=warning msg="Print off screen. y=75 height=75"
time="2026-10-02T12:30:58-05:00" level=warning msg="Print off screen. y=76 height=75"
time="2026-10-02T12:30:58-05:00" level=warning msg="Print off screen. y=77 height=75"
time="2026-10-02T12:30:58-05:00" level=warning msg="Print off screen. y=78 height=75"
time="2026-10-02T12:30:58-05:00" level=warning msg="Print off screen. y=79 height=75"
time="2026-10-02T12:30:58-05:00" level=warning msg="Print off screen. y=80 height=75"
time="2026-10-02T12:30:58-05:00" level=warning msg="Print off screen. y=81 height=75"
time="2026-10-02T12:30:58-05:00" level=warning msg="Print off screen. y=82 height=75"
time="2026-10-02T12:30:58-05:00" level=warning msg="Print off screen. y=83 height=75"
time="2026-10-02T12:30:58-05:00" level=warning msg="Print off screen. y=84 height=75"
time="2026-10-02T12:30:58-05:00" level=warning msg="Print off screen. y=85 height=75"
time="2026-10-02T12:30:58-05:00" level=warning msg="Print off screen. y=86 height=75"
time="2026-10-02T12:30:58-05:00" level=warning msg="Print off screen. y=87 height=75"
time="2026-10-02T12:30:58-05:00" level=warning msg="Print off screen. y=88 height=75"
time="2026-10-02T12:30:58-05:00" level=warning msg="Print off screen. y=89 height=75"
time="2026-10-02T12:30:58-05:00" level=warning msg="Print off screen. y=90 height=75"
time="2026-10-02T12:30:58-05:00" level=warning msg="Print off screen. y=91 height=75"
time="2026-10-02T12:30:58-05:00" level=warning msg="Print off screen. y=92 height=75"
time="2026-10-02T12:30:58-05:00" level=warning msg="Print off screen. y=93 height=75"
time="2026-10-02T12:30:58-05:00" level=warning msg="Print off screen. y=94 height=75"
time="2026-10-02T12:30:58-05:00" level=warning msg="Print off screen. y=95 height=75"
time="2026-10-02T12:30:58-05:00" level=warning msg="Print off screen. y=96 height=75"
time="2026-10-02T12:30:58-05:00" level=warning msg="Print off screen. y=97 height=75"
time="2026-10-02T12:30:58-05:00" level=warning msg="Print off screen. y=98 height=75"
time="2026-10-02T12:30:58-05:00" level=warning msg="Print off screen. y=99 height=75"
time="2026-10-02T12:30:58-05:00" level=warning msg="Print off screen. y=100 height=75"
time="2026-10-02T12:30:58-05:00" level=warning msg="Print off screen. y=101 height=75"
time="2026-10-02T12:30:58-05:00" level=warning msg="Print off screen. y=102 height=75"
time="2026-10-02T12:30:58-05:00" level=warning msg="Print off screen. y=103 height=75"
time="2026-10-02T12:30:58-05:00" level=warning msg="Print off screen. y=104 height=75"
time="2026-10-02T12:30:58-05:00" level=warning msg="Print off screen. y=105 height=75"
time="2026-10-02T12:30:58-05:00" level=warning msg="Print off screen. y=106 height=75"
time="2026-10-02T12:30:58-05:00" level=warning msg="Print off screen. y=107 height=75"
time="2026-10-02T12:30:58-05:00" level=warning msg="Print off screen. y=108 height=75"
time="2026-10-02T12:30:58-05:00" level=warning msg="Print off screen. y=109 height=75"
time="2026-10-02T12:30:58-05:00" level=warning msg="Print off screen. y=110 height=75"
time="2026-10-02T12:30:58-05:00" level=warning msg="Print off screen. y=111 height=75"
time="2026-10-02T12:30:58-05:00" level=warning msg="Print off screen. y=112 height=75"
time="2026-10-02T12:30:58-05:00" level=warning msg="Print off screen. y=113 height=75"
time="2026-10-02T12:30:58-05:00" level=warning msg="Print off screen. y=114 height=75"
time="2026-10-02T12:30:58-05:00" level=warning msg="Print off screen. y=115 height=75"
time="2026-10-02T12:30:58-05:00" level=warning msg="Print off screen. y=116 height=75"
time="2026-10-02T12:30:58-05:00" level=warning msg="Print off screen. y=117 height=75"
time="2026-10-02T12:30:58-05:00" level=warning msg="Print off screen. y=118 height=75"
time="2026-10-02T12:30:58-05:00" level=warning msg="Print off screen. y=119 height=75"
time="2026-10-02T12:30:58-05:00" level=warning msg="Print off screen. y=120 height=75"
time="2026-10-02T12:30:58-05:00" level=warning msg="Print off screen. y=121 height=75"
time="2026-10-02T12:30:58-05:00" level=warning msg="Print off screen. y=122 height=75"
time="2026-10-02T12:30:58-05:00" level=warning msg="Print off screen. y=123 height=75"
time="2026-10-02T12:30:58-05:00" level=warning msg="Print off screen. y=124 height=75"
time="2026-10-02T12:30:58-05:00" level=warning msg="Print off screen. y=125 height=75"
time="2026-10-02T12:30:58-05:00" level=warning msg="Print off screen. y=126 height=75"
time="2026-10-02T12:30:58-05:00" level=warning msg="Print off screen. y=127 height=75"
time="2026-10-02T12:30:58-05:00" level=warning msg="Print off screen. y=128 height=75"
time="2026-10-02T12:30:58-05:00" level=warning msg="Print off screen. y=129 height=75"
time="2026-10-02T12:30:58-05:00" level=warning msg="Print off screen. y=130 height=75"
time="2026-10-02T12:30:58-05:00" level=warning msg="Print off screen. y=131 height=75"
time="2026-10-02T12:30:58-05:00" level=warning msg="Print off screen. y=132 height=75"
time="2026-10-02T12:30:58-05:00" level=warning msg="Print off screen. y=133 height=75"
time="2026-10-02T12:30:58-05:00" level=warning msg="Print off screen. y=134 height=75"
time="2026-10-02T12:30:58-05:00" level=warning msg="Print off screen. y=135 height=75"
time="2026-10-02T12:30:58-05:00" level=warning msg="Print off screen. y=136 height=75"
time="2026-10-02T12:30:58-05:00" level=warning msg="Print off screen. y=137 height=75"
time="2026-10-02T12:30:58-05:00" level=warning msg="Print off screen. y=138 height=75"
time="2026-10-02T12:30:58-05:00" level=warning msg="Print off screen. y=139 height=75"
time="2026-10-02T12:30:58-05:00" level=warning msg="Print off screen. y=140 height=75"
time="2026-10-02T12:30:58-05:00" level=warning msg="Print off screen. y=141 height=75"
time="2026-10-02T12:30:58-05:00" level=warning msg="Print off screen. y=142 height=75"
time="2026-10-02T12:30:58-05:00" level=warning msg="Print off screen. y=143 height=75"
time="2026-10-02T12:30:58-05:00" level=warning msg="Print off screen. y=144 height=75"
time="2026-10-02T12:30:58-05:00" level=warning msg="Print off screen. y=145 height=75"
time="2026-10-02T12:30:58-05:00" level=warning msg="Print off screen. y=146 height=75"
time="2026-10-02T12:30:58-05:00" level=warning msg="Print off screen. y=147 height=75"
time="2026-10-02T12:30:58-05:00" level=warning msg="Print off screen. y=148 height=75"
time="2026-10-02T12:30:58-05:00" level=warning msg="Print off screen. y=149 height=75"
time="2026-10-02T12:30:58-05:00" level=warning msg="Print off screen. y=150 height=75"
time="2026-10-02T12:30:58-05:00" level=warning msg="Print off screen. y=151 height=75"
time="2026-10-02T12:30:58-05:00" level=warning msg="Print off screen. y=152 height=75"
time="2026-10-02T12:30:58-05:00" level=warning msg="Print off screen. y=153 height=75"
time="2026-10-02T12:30:58-05:00" level=warning msg="Print off screen. y=154 height=75"
time="2026-10-02T12:30:58-05:00" level=warning msg="Print off screen. y=155 height=75"
time="2026-10-02T12:30:58-05:00" level=warning msg="Print off screen. y=156 height=75"
time="2026-10-02T12:30:58-05:00" level=warning msg="Print off screen. y=157 height=75"
time="2026-10-02T12:30:58-05:00" level=warning msg="Print off screen. y=158 height=75"
time="2026-10-02T12:30:58-05:00" level=warning msg="Print off screen. y=159 height=75"
time="2026-10-02T12:30:58-05:00" level=warning msg="Print off screen. y=160 height=75"
time="2026-10-02T12:30:58-05:00" level=warning msg="Print off screen. y=161 height=75"
time="2026-10-02T12:30:58-05:00" level=warning msg="Print off screen. y=162 height=75"
time="2026-10-02T12:30:58-05:00" level=warning msg="Print off screen. y=163 height=75"
time="2026-10-02T12:30:58-05:00" level=warning msg="Print off screen. y=164 height=75"
time="2026-10-02T12:30:58-05:00" level=warning msg="Print off screen. y=165 height=75"
time="2026-10-02T12:30:58-05:00" level=warning msg="Print off screen. y=166 height=75"
time="2026-10-02T12:30:58-05:00" level=warning msg="Print off screen. y=167 height=75"
time="2026-10-02T12:30:58-05:00" level=warning msg="Print off screen. y=168 height=75"
time="2026-10-02T12:30:58-05:00" level=warning msg="Print off screen. y=169 height=75"
time="2026-10-02T12:30:58-05:00" level=warning msg="Print off screen. y=170 height=75"
time="2026-10-02T12:30:58-05:00" level=warning msg="Print off screen. y=171 height=75"
time="2026-10-02T12:30:58-05:00" level=warning msg="Print off screen. y=172 height=75"
time="2026-10-02T12:30:58-05:00" level=warning msg="Print off screen. y=173 height=75"
time="2026-10-02T12:30:58-05:00" level=warning msg="Print off screen. y=174 height=75"
time="2026-10-02T12:30:58-05:00" level=warning msg="Print off screen. y=175 height=75"
time="2026-10-02T12:30:58-05:00" level=warning msg="Print off screen. y=176 height=75"
time="2026-10-02T12:30:58-05:00" level=warning msg="Print off screen. y=177 height=75"
time="2026-10-02T12:30:58-05:00" level=warning msg="Print off screen. y=178 height=75"
time="2026-10-02T12:30:58-05:00" level=warning msg="Print off screen. y=179 height=75"
time="2026-10-02T12:30:58-05:00" level=warning msg="Print off screen. y=180 height=75"
time="2026-10-02T12:30:58-05:00" level=warning msg="Print off screen. y=181 height=75"
time="2026-10-02T12:30:58-05:00" level=warning msg="Print off screen. y=182 height=75"
time="2026-10-02T12:30:58-05:00" level=warning msg="Print off screen. y=183 height=75"
time="2026-10-02T12:30:58-05:00" level=warning msg="Print off screen. y=184 height=75"
time="2026-10-02T12:30:58-05:00" level=warning msg="Print off screen. y=185 height=75"
time="2026-10-02T12:30:58-05:00" level=warning msg="Print off screen. y=186 height=75"
time="2026-10-02T12:30:58-05:00" level=warning msg="Print off screen. y=187 height=75"
time="2026-10-02T12:30:58-05:00" level=warning msg="Print off screen. y=188 height=75"
time="2026-10-02T12:30:58-05:00" level=warning msg="Print off screen. y=189 height=75"
time="2026-10-02T12:30:58-05:00" level=warning msg="Print off screen. y=190 height=75"
time="2026-10-02T12:30:58-05:00" level=warning msg="Print off screen. y=191 height=75"
time="2026-10-02T12:30:58-05:00" level=warning msg="Print off screen. y=192 height=75"
time="2026-10-02T12:30:58-05:00" level=warning msg="Print off screen. y=193 height=75"
time="2026-10-02T12:30:58-05:00" level=warning msg="Print off screen. y=194 height=75"
time="2026-10-02T12:30:58-05:00" level=warning msg="Print off screen. y=195 height=75"
time="2026-10-02T12:30:58-05:00" level=warning msg="Print off screen. y=196 height=75"
time="2026-10-02T12:30:58-05:00" level=warning msg="Print off screen. y=197 height=75"
time="2026-10-02T12:30:58-05:00" level=warning msg="Print off screen. y=198 height=75"
time="2026-10-02T12:30:58-05:00" level=warning msg="Print off screen. y=199 height=75"
time="2026-10-02T12:30:58-05:00" level=warning msg="Print off screen. y=200 height=75"
time="2026-10-02T12:30:58-05:00" level=warning msg="Print off screen. y=201 height=75"
time="2026-10-02T12:30:58-05:00" level=warning msg="Print off screen. y=202 height=75"
time="2026-10-02T12:30:58-05:00" level=warning msg="Print off screen. y=203 height=75"
time="2026-10-02T12:30:58-05:00" level=warning msg="Print off screen. y=204 height=75"
time="2026-10-02T12:30:58-05:00" level=warning msg="Print off screen. y=205 height=75"
time="2026-10-02T12:30:58-05:00" level=warning msg="Print off screen. y=206 height=75"
time="2026-10-02T12:30:58-05:00" level=warning msg="Print off screen. y=207 height=75"
time="2026-10-02T12:30:58-05:00" level=warning msg="Print off screen. y=208 height=75"
time="2026-10-02T12:30:58-05:00" level=warning msg="Print off screen. y=209 height=75"
time="2026-10-02T12:30:58-05:00" level=warning msg="Print off screen. y=210 height=75"
time="2026-10-02T12:30:58-05:00" level=warning msg="Print off screen. y=211 height=75"
time="2026-10-02T12:30:58-05:00" level=warning msg="Print off screen. y=212 height=75"
time="2026-10-02T12:30:58-05:00" level=warning msg="Print off screen. y=213 height=75"
time="2026-10-02T12:30:58-05:00" level=warning msg="Print off screen. y=214 height=75"
time="2026-10-02T12:30:58-05:00" level=warning msg="Print off screen. y=215 height=75"
time="2026-10-02T12:30:58-05:00" level=warning msg="Print off screen. y=216 height=75"
time="2026-10-02T12:30:58-05:00" level=warning msg="Print off screen. y=217 height=75"
time="2026-10-02T12:30:58-05:00" level=warning msg="Print off screen. y=218 height=75"
time="2026-10-02T12:30:58-05:00" level=warning msg="Print off screen. y=219 height=75"
time="2026-10-02T12:30:58-05:00" level=warning msg="Print off screen. y=220 height=75"
time="2026-10-02T12:30:58-05:00" level=warning msg="Print off screen. y=221 height=75"
time="2026-10-02T12:30:58-05:00" level=warning msg="Print off screen. y=222 height=75"
time="2026-10-02T12:30:58-05:00" level=warning msg="Print off screen. y=223 height=75"
time="2026-10-02T12:30:58-05:00" level=warning msg="Print off screen. y=224 height=75"
time="2026-10-02T12:30:58-05:00" level=warning msg="Print off screen. y=225 height=75"
time="2026-10-02T12:30:58-05:00" level=warning msg="Print off screen. y=226 height=75"
time="2026-10-02T12:30:58-05:00" level=warning msg="Print off screen. y=227 height=75"
time="2026-10-02T12:30:58-05:00" level=warning msg="Print off screen. y=228 height=75"
time="2026-10-02T12:30:58-05:00" level=warning msg="Print off screen. y=229 height=75"
time="2026-10-02T12:30:58-05:00" level=warning msg="Print off screen. y=230 height=75"
time="2026-10-02T12:30:58-05:00" level=warning msg="Print off screen. y=231 height=75"
time="2026-10-02T12:30:58-05:00" level=warning msg="Print off screen. y=232 height=75"
time="2026-10-02T12:30:58-05:00" level=warning msg="Print off screen. y=233 height=75"
time="2026-10-02T12:30:58-05:00" level=warning msg="Print off screen. y=234 height=75"
time="2026-10-02T12:30:58-05:00" level=warning msg="Print off screen. y=235 height=75"
time="2026-10-02T12:30:58-05:00" level=warning msg="Print off screen. y=236 height=75"
time="2026-10-02T12:30:58-05:00" level=warning msg="Print off screen. y=237 height=75"
time="2026-10-02T12:30:58-05:00" level=warning msg="Print off screen. y=238 height=75"
time="2026-10-02T12:30:58-05:00" level=warning msg="Print off screen. y=239 height=75"
time="2026-10-02T12:30:58-05:00" level=warning msg="Print off screen. y=240 height=75"
time="2026-10-02T12:30:58-05:00" level=warning msg="Print off screen. y=241 height=75"
time="2026-10-02T12:30:58-05:00" level=warning msg="Print off screen. y=242 height=75"
time="2026-10-02T12:30:58-05:00" level=warning msg="Print off screen. y=243 height=75"
time="2026-10-02T12:30:58-05:00" level=warning msg="Print off screen. y=244 height=75"
time="2026-10-02T12:30:58-05:00" level=warning msg="Print off screen. y=245 height=75"
time="2026-10-02T12:30:58-05:00" level=warning msg="Print off screen. y=246 height=75"
time="2026-10-02T12:30:58-05:00" level=warning msg="Print off screen. y=247 height=75"
time="2026-10-02T12:30:58-05:00" level=warning msg="Print off screen. y=248 height=75"
time="2026-10-02T12:30:58-05:00" level=warning msg="Print off screen. y=249 height=75"
time="2026-10-02T12:30:58-05:00" level=warning msg="Print off screen. y=250 height=75"
time="2026-10-02T12:30:58-05:00" level=warning msg="Print off screen. y=251 height=75"
time="2026-10-02T12:30:58-05:00" level=warning msg="Print off screen. y=252 height=75"
time="2026-10-02T12:30:58-05:00" level=warning msg="Print off screen. y=253 height=75"
time="2026-10-02T12:30:58-05:00" level=warning msg="Print off screen. y=254 height=75"
time="2026-10-02T12:30:58-05:00" level=warning msg="Print off screen. y=255 height=75"
time="2026-10-02T12:30:58-05:00" level=warning msg="Print off screen. y=256 height=75"
time="2026-10-02T12:30:58-05:00" level=warning msg="Print off screen. y=257 height=75"
time="2026-10-02T12:30:58-05:00" level=warning msg="Print off screen. y=258 height=75"
time="2026-10-02T12:30:58-05:00" level=warning msg="Print off screen. y=259 height=75"
time="2026-10-02T12:30:58-05:00" level=warning msg="Print off screen. y=260 height=75"
time="2026-10-02T12:30:58-05:00" level=warning msg="Print off screen. y=261 height=75"
time="2026-10-02T12:30:58-05:00" level=warning msg="Print off screen. y=262 height=75"
time="2026-10-02T12:30:58-05:00" level=warning msg="Print off screen. y=263 height=75"
time="2026-10-02T12:30:58-05:00" level=warning msg="Print off screen. y=264 height=75"
time="2026-10-02T12:30:58-05:00" level=warning msg="Print off screen. y=265 height=75"
time="2026-10-02T12:30:58-05:00" level=warning msg="Print off screen. y=266 height=75"
time="2026-10-02T12:30:58-05:00" level=warning msg="Print off screen. y=267 height=75"
time="2026-10-02T12:30:58-05:00" level=warning msg="Print off screen. y=268 height=75"
time="2026-10-02T12:30:58-05:00" level=warning msg="Print off screen. y=269 height=75"
time="2026-10-02T12:30:58-05:00" level=warning msg="Print off screen. y=270 height=75"
time="2026-10-02T12:30:58-05:00" level=warning msg="Print off screen. y=271 height=75"
time="2026-10-02T12:30:59-05:00" level=warning msg="Print off screen. y=75 height=75"
time="2026-10-02T12:30:59-05:00" level=warning msg="Print off screen. y=76 height=75"
time="2026-10-02T12:30:59-05:00" level=warning msg="Print off screen. y=77 height=75"
time="2026-10-02T12:30:59-05:00" level=warning msg="Print off screen. y=78 height=75"
time="2026-10-02T12:30:59-05:00" level=warning msg="Print off screen. y=79 height=75"
time="2026-10-02T12:30:59-05:00" level=warning msg="Print off screen. y=80 height=75"
time="2026-10-02T12:30:59-05:00" level=warning msg="Print off screen. y=81 height=75"
time="2026-10-02T12:30:59-05:00" level=warning msg="Print off screen. y=82 height=75"
time="2026-10-02T12:30:59-05:00" level=warning msg="Print off screen. y=83 height=75"
time="2026-10-02T12:30:59-05:00" level=warning msg="Print off screen. y=84 height=75"
time="2026-10-02T12:30:59-05:00" level=warning msg="Print off screen. y=85 height=75"
time="2026-10-02T12:30:59-05:00" level=warning msg="Print off screen. y=86 height=75"
time="2026-10-02T12:30:59-05:00" level=warning msg="Print off screen. y=87 height=75"
time="2026-10-02T12:30:59-05:00" level=warning msg="Print off screen. y=88 height=75"
time="2026-10-02T12:30:59-05:00" level=warning msg="Print off screen. y=89 height=75"
time="2026-10-02T12:30:59-05:00" level=warning msg="Print off screen. y=90 height=75"
time="2026-10-02T12:30:59-05:00" level=warning msg="Print off screen. y=91 height=75"
time="2026-10-02T12:30:59-05:00" level=warning msg="Print off screen. y=92 height=75"
time="2026-10-02T12:30:59-05:00" level=warning msg="Print off screen. y=93 height=75"
time="2026-10-02T12:30:59-05:00" level=warning msg="Print off screen. y=94 height=75"
time="2026-10-02T12:30:59-05:00" level=warning msg="Print off screen. y=95 height=75"
time="2026-10-02T12:30:59-05:00" level=warning msg="Print off screen. y=96 height=75"
time="2026-10-02T12:30:59-05:00" level=warning msg="Print off screen. y=97 height=75"
time="2026-10-02T12:30:59-05:00" level=warning msg="Print off screen. y=98 height=75"
time="2026-10-02T12:30:59-05:00" level=warning msg="Print off screen. y=99 height=75"
time="2026-10-02T12:30:59-05:00" level=warning msg="Print off screen. y=100 height=75"
time="2026-10-02T12:30:59-05:00" level=warning msg="Print off screen. y=101 height=75"
time="2026-10-02T12:30:59-05:00" level=warning msg="Print off screen. y=102 height=75"
time="2026-10-02T12:30:59-05:00" level=warning msg="Print off screen. y=103 height=75"
time="2026-10-02T12:30:59-05:00" level=warning msg="Print off screen. y=104 height=75"
time="2026-10-02T12:30:59-05:00" level=warning msg="Print off screen. y=105 height=75"
time="2026-10-02T12:30:59-05:00" level=warning msg="Print off screen. y=106 height=75"
time="2026-10-02T12:30:59-05:00" level=warning msg="Print off screen. y=107 height=75"
time="2026-10-02T12:30:59-05:00" level=warning msg="Print off screen. y=108 height=75"
time="2026-10-02T12:30:59-05:00" level=warning msg="Print off screen. y=109 height=75"
time="2026-10-02T12:30:59-05:00" level=warning msg="Print off screen. y=110 height=75"
time="2026-10-02T12:30:59-05:00" level=warning msg="Print off screen. y=111 height=75"
time="2026-10-02T12:30:59-05:00" level=warning msg="Print off screen. y=112 height=75"
time="2026-10-02T12:30:59-05:00" level=warning msg="Print off screen. y=113 height=75"
time="2026-10-02T12:30:59-05:00" level=warning msg="Print off screen. y=114 height=75"
time="2026-10-02T12:30:59-05:00" level=warning msg="Print off screen. y=115 height=75"
time="2026-10-02T12:30:59-05:00" level=warning msg="Print off screen. y=116 height=75"
time="2026-10-02T12:30:59-05:00" level=warning msg="Print off screen. y=117 height=75"
time="2026-10-02T12:30:59-05:00" level=warning msg="Print off screen. y=118 height=75"
time="2026-10-02T12:30:59-05:00" level=warning msg="Print off screen. y=119 height=75"
time="2026-10-02T12:30:59-05:00" level=warning msg="Print off screen. y=120 height=75"
time="2026-10-02T12:30:59-05:00" level=warning msg="Print off screen. y=121 height=75"
time="2026-10-02T12:30:59-05:00" level=warning msg="Print off screen. y=122 height=75"
time="2026-10-02T12:30:59-05:00" level=warning msg="Print off screen. y=123 height=75"
time="2026-10-02T12:30:59-05:00" level=warning msg="Print off screen. y=124 height=75"
time="2026-10-02T12:30:59-05:00" level=warning msg="Print off screen. y=125 height=75"
time="2026-10-02T12:30:59-05:00" level=warning msg="Print off screen. y=126 height=75"
time="2026-10-02T12:30:59-05:00" level=warning msg="Print off screen. y=127 height=75"
time="2026-10-02T12:30:59-05:00" level=warning msg="Print off screen. y=128 height=75"
time="2026-10-02T12:30:59-05:00" level=warning msg="Print off screen. y=129 height=75"
time="2026-10-02T12:30:59-05:00" level=warning msg="Print off screen. y=130 height=75"
time="2026-10-02T12:30:59-05:00" level=warning msg="Print off screen. y=131 height=75"
time="2026-10-02T12:30:59-05:00" level=warning msg="Print off screen. y=132 height=75"
time="2026-10-02T12:30:59-05:00" level=warning msg="Print off screen. y=133 height=75"
time="2026-10-02T12:30:59-05:00" level=warning msg="Print off screen. y=134 height=75"
time="2026-10-02T12:30:59-05:00" level=warning msg="Print off screen. y=135 height=75"
time="2026-10-02T12:30:59-05:00" level=warning msg="Print off screen. y=136 height=75"
time="2026-10-02T12:30:59-05:00" level=warning msg="Print off screen. y=137 height=75"
time="2026-10-02T12:30:59-05:00" level=warning msg="Print off screen. y=138 height=75"
time="2026-10-02T12:30:59-05:00" level=warning msg="Print off screen. y=139 height=75"
time="2026-10-02T12:30:59-05:00" level=warning msg="Print off screen. y=140 height=75"
time="2026-10-02T12:30:59-05:00" level=warning msg="Print off screen. y=141 height=75"
time="2026-10-02T12:30:59-05:00" level=warning msg="Print off screen. y=142 height=75"
time="2026-10-02T12:30:59-05:00" level=warning msg="Print off screen. y=143 height=75"
time="2026-10-02T12:30:59-05:00" level=warning msg="Print off screen. y=144 height=75"
time="2026-10-02T12:30:59-05:00" level=warning msg="Print off screen. y=145 height=75"
time="2026-10-02T12:30:59-05:00" level=warning msg="Print off screen. y=146 height=75"
time="2026-10-02T12:30:59-05:00" level=warning msg="Print off screen. y=147 height=75"
time="2026-10-02T12:30:59-05:00" level=warning msg="Print off screen. y=148 height=75"
time="2026-10-02T12:30:59-05:00" level=warning msg="Print off screen. y=149 height=75"
time="2026-10-02T12:30:59-05:00" level=warning msg="Print off screen. y=150 height=75"
time="2026-10-02T12:30:59-05:00" level=warning msg="Print off screen. y=151 height=75"
time="2026-10-02T12:30:59-05:00" level=warning msg="Print off screen. y=152 height=75"
time="2026-10-02T12:30:59-05:00" level=warning msg="Print off screen. y=153 height=75"
time="2026-10-02T12:30:59-05:00" level=warning msg="Print off screen. y=154 height=75"
time="2026-10-02T12:30:59-05:00" level=warning msg="Print off screen. y=155 height=75"
time="2026-10-02T12:30:59-05:00" level=warning msg="Print off screen. y=156 height=75"
time="2026-10-02T12:30:59-05:00" level=warning msg="Print off screen. y=157 height=75"
time="2026-10-02T12:30:59-05:00" level=warning msg="Print off screen. y=158 height=75"
time="2026-10-02T12:30:59-05:00" level=warning msg="Print off screen. y=159 height=75"
time="2026-10-02T12:30:59-05:00" level=warning msg="Print off screen. y=160 height=75"
time="2026-10-02T12:30:59-05:00" level=warning msg="Print off screen. y=161 height=75"
time="2026-10-02T12:30:59-05:00" level=warning msg="Print off screen. y=162 height=75"
time="2026-10-02T12:30:59-05:00" level=warning msg="Print off screen. y=163 height=75"
time="2026-10-02T12:30:59-05:00" level=warning msg="Print off screen. y=164 height=75"
time="2026-10-02T12:30:59-05:00" level=warning msg="Print off screen. y=165 height=75"
time="2026-10-02T12:30:59-05:00" level=warning msg="Print off screen. y=166 height=75"
time="2026-10-02T12:30:59-05:00" level=warning msg="Print off screen. y=167 height=75"
time="2026-10-02T12:30:59-05:00" level=warning msg="Print off screen. y=168 height=75"
time="2026-10-02T12:30:59-05:00" level=warning msg="Print off screen. y=169 height=75"
time="2026-10-02T12:30:59-05:00" level=warning msg="Print off screen. y=170 height=75"
time="2026-10-02T12:30:59-05:00" level=warning msg="Print off screen. y=171 height=75"
time="2026-10-02T12:30:59-05:00" level=warning msg="Print off screen. y=172 height=75"
time="2026-10-02T12:30:59-05:00" level=warning msg="Print off screen. y=173 height=75"
time="2026-10-02T12:30:59-05:00" level=warning msg="Print off screen. y=174 height=75"
time="2026-10-02T12:30:59-05:00" level=warning msg="Print off screen. y=175 height=75"
time="2026-10-02T12:30:59-05:00" level=warning msg="Print off screen. y=176 height=75"
time="2026-10-02T12:30:59-05:00" level=warning msg="Print off screen. y=177 height=75"
time="2026-10-02T12:30:59-05:00" level=warning msg="Print off screen. y=178 height=75"
time="2026-10-02T12:30:59-05:00" level=warning msg="Print off screen. y=179 height=75"
time="2026-10-02T12:30:59-05:00" level=warning msg="Print off screen. y=180 height=75"
time="2026-10-02T12:30:59-05:00" level=warning msg="Print off screen. y=181 height=75"
time="2026-10-02T12:30:59-05:00" level=warning msg="Print off screen. y=182 height=75"
time="2026-10-02T12:30:59-05:00" level=warning msg="Print off screen. y=183 height=75"
time="2026-10-02T12:30:59-05:00" level=warning msg="Print off screen. y=184 height=75"
time="2026-10-02T12:30:59-05:00" level=warning msg="Print off screen. y=185 height=75"
time="2026-10-02T12:30:59-05:00" level=warning msg="Print off screen. y=186 height=75"
time="2026-10-02T12:30:59-05:00" level=warning msg="Print off screen. y=187 height=75"
time="2026-10-02T12:30:59-05:00" level=warning msg="Print off screen. y=188 height=75"
time="2026-10-02T12:30:59-05:00" level=warning msg="Print off screen. y=189 height=75"
time="2026-10-02T12:30:59-05:00" level=warning msg="Print off screen. y=190 height=75"
time="2026-10-02T12:30:59-05:00" level=warning msg="Print off screen. y=191 height=75"
time="2026-10-02T12:30:59-05:00" level=warning msg="Print off screen. y=192 height=75"
time="2026-10-02T12:30:59-05:00" level=warning msg="Print off screen. y=193 height=75"
time="2026-10-02T12:30:59-05:00" level=warning msg="Print off screen. y=194 height=75"
time="2026-10-02T12:30:59-05:00" level=warning msg="Print off screen. y=195 height=75"
time="2026-10-02T12:30:59-05:00" level=warning msg="Print off screen. y=196 height=75"
time="2026-10-02T12:30:59-05:00" level=warning msg="Print off screen. y=197 height=75"
time="2026-10-02T12:30:59-05:00" level=warning msg="Print off screen. y=198 height=75"
time="2026-10-02T12:30:59-05:00" level=warning msg="Print off screen. y=199 height=75"
time="2026-10-02T12:30:59-05:00" level=warning msg="Print off screen. y=200 height=75"
time="2026-10-02T12:30:59-05:00" level=warning msg="Print off screen. y=201 height=75"
time="2026-10-02T12:30:59-05:00" level=warning msg="Print off screen. y=202 height=75"
time="2026-10-02T12:30:59-05:00" level=warning msg="Print off screen. y=203 height=75"
time="2026-10-02T12:30:59-05:00" level=warning msg="Print off screen. y=204 height=75"
time="2026-10-02T12:30:59-05:00" level=warning msg="Print off screen. y=205 height=75"
time="2026-10-02T12:30:59-05:00" level=warning msg="Print off screen. y=206 height=75"
time="2026-10-02T12:30:59-05:00" level=warning msg="Print off screen. y=207 height=75"
time="2026-10-02T12:30:59-05:00" level=warning msg="Print off screen. y=208 height=75"
time="2026-10-02T12:30:59-05:00" level=warning msg="Print off screen. y=209 height=75"
time="2026-10-02T12:30:59-05:00" level=warning msg="Print off screen. y=210 height=75"
time="2026-10-02T12:30:59-05:00" level=warning msg="Print off screen. y=211 height=75"
time="2026-10-02T12:30:59-05:00" level=warning msg="Print off screen. y=212 height=75"
time="2026-10-02T12:30:59-05:00" level=warning msg="Print off screen. y=213 height=75"
time="2026-10-02T12:30:59-05:00" level=warning msg="Print off screen. y=214 height=75"
time="2026-10-02T12:30:59-05:00" level=warning msg="Print off screen. y=215 height=75"
time="2026-10-02T12:30:59-05:00" level=warning msg="Print off screen. y=216 height=75"
time="2026-10-02T12:30:59-05:00" level=warning msg="Print off screen. y=217 height=75"
time="2026-10-02T12:30:59-05:00" level=warning msg="Print off screen. y=218 height=75"
time="2026-10-02T12:30:59-05:00" level=warning msg="Print off screen. y=219 height=75"
time="2026-10-02T12:30:59-05:00" level=warning msg="Print off screen. y=220 height=75"
time="2026-10-02T12:30:59-05:00" level=warning msg="Print off screen. y=221 height=75"
time="2026-10-02T12:30:59-05:00" level=warning msg="Print off screen. y=222 height=75"
time="2026-10-02T12:30:59-05:00" level=warning msg="Print off screen. y=223 height=75"
time="2026-10-02T12:30:59-05:00" level=warning msg="Print off screen. y=224 height=75"
time="2026-10-02T12:30:59-05:00" level=warning msg="Print off screen. y=225 height=75"
time="2026-10-02T12:30:59-05:00" level=warning msg="Print off screen. y=226 height=75"
time="2026-10-02T12:30:59-05:00" level=warning msg="Print off screen. y=227 height=75"
time="2026-10-02T12:30:59-05:00" level=warning msg="Print off screen. y=228 height=75"
time="2026-10-02T12:30:59-05:00" level=warning msg="Print off screen. y=229 height=75"
time="2026-10-02T12:30:59-05:00" level=warning msg="Print off screen. y=230 height=75"
time="2026-10-02T12:30:59-05:00" level=warning msg="Print off screen. y=231 height=75"
time="2026-10-02T12:30:59-05:00" level=warning msg="Print off screen. y=232 height=75"
time="2026-10-02T12:30:59-05:00" level=warning msg="Print off screen. y=233 height=75"
time="2026-10-02T12:30:59-05:00" level=warning msg="Print off screen. y=234 height=75"
time="2026-10-02T12:30:59-05:00" level=warning msg="Print off screen. y=235 height=75"
time="2026-10-02T12:30:59-05:00" level=warning msg="Print off screen. y=236 height=75"
time="2026-10-02T12:30:59-05:00" level=warning msg="Print off screen. y=237 height=75"
time="2026-10-02T12:30:59-05:00" level=warning msg="Print off screen. y=238 height=75"
time="2026-10-02T12:30:59-05:00" level=warning msg="Print off screen. y=239 height=75"
time="2026-10-02T12:30:59-05:00" level=warning msg="Print off screen. y=240 height=75"
time="2026-10-02T12:30:59-05:00" level=warning msg="Print off screen. y=241 height=75"
time="2026-10-02T12:30:59-05:00" level=warning msg="Print off screen. y=242 height=75"
time="2026-10-02T12:30:59-05:00" level=warning msg="Print off screen. y=243 height=75"
time="2026-10-02T12:30:59-05:00" level=warning msg="Print off screen. y=244 height=75"
time="2026-10-02T12:30:59-05:00" level=warning msg="Print off screen. y=245 height=75"
time="2026-10-02T12:30:59-05:00" level=warning msg="Print off screen. y=246 height=75"
time="2026-10-02T12:30:59-05:00" level=warning msg="Print off screen. y=247 height=75"
time="2026-10-02T12:30:59-05:00" level=warning msg="Print off screen. y=248 height=75"
time="2026-10-02T12:30:59-05:00" level=warning msg="Print off screen. y=249 height=75"
time="2026-10-02T12:30:59-05:00" level=warning msg="Print off screen. y=250 height=75"
time="2026-10-02T12:30:59-05:00" level=warning msg="Print off screen. y=251 height=75"
time="2026-10-02T12:30:59-05:00" level=warning msg="Print off screen. y=252 height=75"
time="2026-10-02T12:30:59-05:00" level=warning msg="Print off screen. y=253 height=75"
time="2026-10-02T12:30:59-05:00" level=warning msg="Print off screen. y=254 height=75"
time="2026-10-02T12:30:59-05:00" level=warning msg="Print off screen. y=255 height=75"
time="2026-10-02T12:30:59-05:00" level=warning msg="Print off screen. y=256 height=75"
time="2026-10-02T12:30:59-05:00" level=warning msg="Print off screen. y=257 height=75"
time="2026-10-02T12:30:59-05:00" level=warning msg="Print off screen. y=258 height=75"
time="2026-10-02T12:30:59-05:00" level=warning msg="Print off screen. y=259 height=75"
time="2026-10-02T12:30:59-05:00" level=warning msg="Print off screen. y=260 height=75"
time="2026-10-02T12:30:59-05:00" level=warning msg="Print off screen. y=261 height=75"
time="2026-10-02T12:30:59-05:00" level=warning msg="Print off screen. y=262 height=75"
time="2026-10-02T12:30:59-05:00" level=warning msg="Print off screen. y=263 height=75"
time="2026-10-02T12:30:59-05:00" level=warning msg="Print off screen. y=264 height=75"
time="2026-10-02T12:30:59-05:00" level=warning msg="Print off screen. y=265 height=75"
time="2026-10-02T12:30:59-05:00" level=warning msg="Print off screen. y=266 height=75"
time="2026-10-02T12:30:59-05:00" level=warning msg="Print off screen. y=267 height=75"
time="2026-10-02T12:30:59-05:00" level=warning msg="Print off screen. y=268 height=75"
time="2026-10-02T12:30:59-05:00" level=warning msg="Print off screen. y=269 height=75"
time="2026-10-02T12:30:59-05:00" level=warning msg="Print off screen. y=270 height=75"
time="2026-10-02T12:30:59-05:00" level=warning msg="Print off screen. y=271 height=75"
time="2026-10-02T12:30:59-05:00" level=warning msg="Print off screen. y=75 height=75"
time="2026-10-02T12:30:59-05:00" level=warning msg="Print off screen. y=76 height=75"
time="2026-10-02T12:30:59-05:00" level=warning msg="Print off screen. y=77 height=75"
time="2026-10-02T12:30:59-05:00" level=warning msg="Print off screen. y=78 height=75"
time="2026-10-02T12:30:59-05:00" level=warning msg="Print off screen. y=79 height=75"
time="2026-10-02T12:30:59-05:00" level=warning msg="Print off screen. y=80 height=75"
time="2026-10-02T12:30:59-05:00" level=warning msg="Print off screen. y=81 height=75"
time="2026-10-02T12:30:59-05:00" level=warning msg="Print off screen. y=82 height=75"
time="2026-10-02T12:30:59-05:00" level=warning msg="Print off screen. y=83 height=75"
time="2026-10-02T12:30:59-05:00" level=warning msg="Print off screen. y=84 height=75"
time="2026-10-02T12:30:59-05:00" level=warning msg="Print off screen. y=85 height=75"
time="2026-10-02T12:30:59-05:00" level=warning msg="Print off screen. y=86 height=75"
time="2026-10-02T12:30:59-05:00" level=warning msg="Print off screen. y=87 height=75"
time="2026-10-02T12:30:59-05:00" level=warning msg="Print off screen. y=88 height=75"
time="2026-10-02T12:30:59-05:00" level=warning msg="Print off screen. y=89 height=75"
time="2026-10-02T12:30:59-05:00" level=warning msg="Print off screen. y=90 height=75"
time="2026-10-02T12:30:59-05:00" level=warning msg="Print off screen. y=91 height=75"
time="2026-10-02T12:30:59-05:00" level=warning msg="Print off screen. y=92 height=75"
time="2026-10-02T12:30:59-05:00" level=warning msg="Print off screen. y=93 height=75"
time="2026-10-02T12:30:59-05:00" level=warning msg="Print off screen. y=94 height=75"
time="2026-10-02T12:30:59-05:00" level=warning msg="Print off screen. y=95 height=75"
time="2026-10-02T12:30:59-05:00" level=warning msg="Print off screen. y=96 height=75"
time="2026-10-02T12:30:59-05:00" level=warning msg="Print off screen. y=97 height=75"
time="2026-10-02T12:30:59-05:00" level=warning msg="Print off screen. y=98 height=75"
time="2026-10-02T12:30:59-05:00" level=warning msg="Print off screen. y=99 height=75"
time="2026-10-02T12:30:59-05:00" level=warning msg="Print off screen. y=100 height=75"
time="2026-10-02T12:30:59-05:00" level=warning msg="Print off screen. y=101 height=75"
time="2026-10-02T12:30:59-05:00" level=warning msg="Print off screen. y=102 height=75"
time="2026-10-02T12:30:59-05:00" level=warning msg="Print off screen. y=103 height=75"
time="2026-10-02T12:30:59-05:00" level=warning msg="Print off screen. y=104 height=75"
time="2026-10-02T12:30:59-05:00" level=warning msg="Print off screen. y=105 height=75"
time="2026-10-02T12:30:59-05:00" level=warning msg="Print off screen. y=106 height=75"
time="2026-10-02T12:30:59-05:00" level=warning msg="Print off screen. y=107 height=75"
time="2026-10-02T12:30:59-05:00" level=warning msg="Print off screen. y=108 height=75"
time="2026-10-02T12:30:59-05:00" level=warning msg="Print off screen. y=109 height=75"
time="2026-10-02T12:30:59-05:00" level=warning msg="Print off screen. y=110 height=75"
time="2026-10-02T12:30:59-05:00" level=warning msg="Print off screen. y=111 height=75"
time="2026-10-02T12:30:59-05:00" level=warning msg="Print off screen. y=112 height=75"
time="2026-10-02T12:30:59-05:00" level=warning msg="Print off screen. y=113 height=75"
time="2026-10-02T12:30:59-05:00" level=warning msg="Print off screen. y=114 height=75"
time="2026-10-02T12:30:59-05:00" level=warning msg="Print off screen. y=115 height=75"
time="2026-10-02T12:30:59-05:00" level=warning msg="Print off screen. y=116 height=75"
time="2026-10-02T12:30:59-05:00" level=warning msg="Print off screen. y=117 height=75"
time="2026-10-02T12:30:59-05:00" level=warning msg="Print off screen. y=118 height=75"
time="2026-10-02T12:30:59-05:00" level=warning msg="Print off screen. y=119 height=75"
time="2026-10-02T12:30:59-05:00" level=warning msg="Print off screen. y=120 height=75"
time="2026-10-02T12:30:59-05:00" level=warning msg="Print off screen. y=121 height=75"
time="2026-10-02T12:30:59-05:00" level=warning msg="Print off screen. y=122 height=75"
time="2026-10-02T12:30:59-05:00" level=warning msg="Print off screen. y=123 height=75"
time="2026-10-02T12:30:59-05:00" level=warning msg="Print off screen. y=124 height=75"
time="2026-10-02T12:30:59-05:00" level=warning msg="Print off screen. y=125 height=75"
time="2026-10-02T12:30:59-05:00" level=warning msg="Print off screen. y=126 height=75"
time="2026-10-02T12:30:59-05:00" level=warning msg="Print off screen. y=127 height=75"
time="2026-10-02T12:30:59-05:00" level=warning msg="Print off screen. y=128 height=75"
time="2026-10-02T12:30:59-05:00" level=warning msg="Print off screen. y=129 height=75"
time="2026-10-02T12:30:59-05:00" level=warning msg="Print off screen. y=130 height=75"
time="2026-10-02T12:30:59-05:00" level=warning msg="Print off screen. y=131 height=75"
time="2026-10-02T12:30:59-05:00" level=warning msg="Print off screen. y=132 height=75"
time="2026-10-02T12:30:59-05:00" level=warning msg="Print off screen. y=133 height=75"
time="2026-10-02T12:30:59-05:00" level=warning msg="Print off screen. y=134 height=75"
time="2026-10-02T12:30:59-05:00" level=warning msg="Print off screen. y=135 height=75"
time="2026-10-02T12:30:59-05:00" level=warning msg="Print off screen. y=136 height=75"
time="2026-10-02T12:30:59-05:00" level=warning msg="Print off screen. y=137 height=75"
time="2026-10-02T12:30:59-05:00" level=warning msg="Print off screen. y=138 height=75"
time="2026-10-02T12:30:59-05:00" level=warning msg="Print off screen. y=139 height=75"
time="2026-10-02T12:30:59-05:00" level=warning msg="Print off screen. y=140 height=75"
time="2026-10-02T12:30:59-05:00" level=warning msg="Print off screen. y=141 height=75"
time="2026-10-02T12:30:59-05:00" level=warning msg="Print off screen. y=142 height=75"
time="2026-10-02T12:30:59-05:00" level=warning msg="Print off screen. y=143 height=75"
time="2026-10-02T12:30:59-05:00" level=warning msg="Print off screen. y=144 height=75"
time="2026-10-02T12:30:59-05:00" level=warning msg="Print off screen. y=145 height=75"
time="2026-10-02T12:30:59-05:00" level=warning msg="Print off screen. y=146 height=75"
time="2026-10-02T12:30:59-05:00" level=warning msg="Print off screen. y=147 height=75"
time="2026-10-02T12:30:59-05:00" level=warning msg="Print off screen. y=148 height=75"
time="2026-10-02T12:30:59-05:00" level=warning msg="Print off screen. y=149 height=75"
time="2026-10-02T12:30:59-05:00" level=warning msg="Print off screen. y=150 height=75"
time="2026-10-02T12:30:59-05:00" level=warning msg="Print off screen. y=151 height=75"
time="2026-10-02T12:30:59-05:00" level=warning msg="Print off screen. y=152 height=75"
time="2026-10-02T12:30:59-05:00" level=warning msg="Print off screen. y=153 height=75"
time="2026-10-02T12:30:59-05:00" level=warning msg="Print off screen. y=154 height=75"
time="2026-10-02T12:30:59-05:00" level=warning msg="Print off screen. y=155 height=75"
time="2026-10-02T12:30:59-05:00" level=warning msg="Print off screen. y=156 height=75"
time="2026-10-02T12:30:59-05:00" level=warning msg="Print off screen. y=157 height=75"
time="2026-10-02T12:30:59-05:00" level=warning msg="Print off screen. y=158 height=75"
time="2026-10-02T12:30:59-05:00" level=warning msg="Print off screen. y=159 height=75"
time="2026-10-02T12:30:59-05:00" level=warning msg="Print off screen. y=160 height=75"
time="2026-10-02T12:30:59-05:00" level=warning msg="Print off screen. y=161 height=75"
time="2026-10-02T12:30:59-05:00" level=warning msg="Print off screen. y=162 height=75"
time="2026-10-02T12:30:59-05:00" level=warning msg="Print off screen. y=163 height=75"
time="2026-10-02T12:30:59-05:00" level=warning msg="Print off screen. y=164 height=75"
time="2026-10-02T12:30:59-05:00" level=warning msg="Print off screen. y=165 height=75"
time="2026-10-02T12:30:59-05:00" level=warning msg="Print off screen. y=166 height=75"
time="2026-10-02T12:30:59-05:00" level=warning msg="Print off screen. y=167 height=75"
time="2026-10-02T12:30:59-05:00" level=warning msg="Print off screen. y=168 height=75"
time="2026-10-02T12:30:59-05:00" level=warning msg="Print off screen. y=169 height=75"
time="2026-10-02T12:30:59-05:00" level=warning msg="Print off screen. y=170 height=75"
time="2026-10-02T12:30:59-05:00" level=warning msg="Print off screen. y=171 height=75"
time="2026-10-02T12:30:59-05:00" level=warning msg="Print off screen. y=172 height=75"
time="2026-10-02T12:30:59-05:00" level=warning msg="Print off screen. y=173 height=75"
time="2026-10-02T12:30:59-05:00" level=warning msg="Print off screen. y=174 height=75"
time="2026-10-02T12:30:59-05:00" level=warning msg="Print off screen. y=175 height=75"
time="2026-10-02T12:30:59-05:00" level=warning msg="Print off screen. y=176 height=75"
time="2026-10-02T12:30:59-05:00" level=warning msg="Print off screen. y=177 height=75"
time="2026-10-02T12:30:59-05:00" level=warning msg="Print off screen. y=178 height=75"
time="2026-10-02T12:30:59-05:00" level=warning msg="Print off screen. y=179 height=75"
time="2026-10-02T12:30:59-05:00" level=warning msg="Print off screen. y=180 height=75"
time="2026-10-02T12:30:59-05:00" level=warning msg="Print off screen. y=181 height=75"
time="2026-10-02T12:30:59-05:00" level=warning msg="Print off screen. y=182 height=75"
time="2026-10-02T12:30:59-05:00" level=warning msg="Print off screen. y=183 height=75"
time="2026-10-02T12:30:59-05:00" level=warning msg="Print off screen. y=184 height=75"
time="2026-10-02T12:30:59-05:00" level=warning msg="Print off screen. y=185 height=75"
time="2026-10-02T12:30:59-05:00" level=warning msg="Print off screen. y=186 height=75"
time="2026-10-02T12:30:59-05:00" level=warning msg="Print off screen. y=187 height=75"
time="2026-10-02T12:30:59-05:00" level=warning msg="Print off screen. y=188 height=75"
time="2026-10-02T12:30:59-05:00" level=warning msg="Print off screen. y=189 height=75"
time="2026-10-02T12:30:59-05:00" level=warning msg="Print off screen. y=190 height=75"
time="2026-10-02T12:30:59-05:00" level=warning msg="Print off screen. y=191 height=75"
time="2026-10-02T12:30:59-05:00" level=warning msg="Print off screen. y=192 height=75"
time="2026-10-02T12:30:59-05:00" level=warning msg="Print off screen. y=193 height=75"
time="2026-10-02T12:30:59-05:00" level=warning msg="Print off screen. y=194 height=75"
time="2026-10-02T12:30:59-05:00" level=warning msg="Print off screen. y=195 height=75"
time="2026-10-02T12:30:59-05:00" level=warning msg="Print off screen. y=196 height=75"
time="2026-10-02T12:30:59-05:00" level=warning msg="Print off screen. y=197 height=75"
time="2026-10-02T12:30:59-05:00" level=warning msg="Print off screen. y=198 height=75"
time="2026-10-02T12:30:59-05:00" level=warning msg="Print off screen. y=199 height=75"
time="2026-10-02T12:30:59-05:00" level=warning msg="Print off screen. y=200 height=75"
time="2026-10-02T12:30:59-05:00" level=warning msg="Print off screen. y=201 height=75"
time="2026-10-02T12:30:59-05:00" level=warning msg="Print off screen. y=202 height=75"
time="2026-10-02T12:30:59-05:00" level=warning msg="Print off screen. y=203 height=75"
time="2026-10-02T12:30:59-05:00" level=warning msg="Print off screen. y=204 height=75"
time="2026-10-02T12:30:59-05:00" level=warning msg="Print off screen. y=205 height=75"
time="2026-10-02T12:30:59-05:00" level=warning msg="Print off screen. y=206 height=75"
time="2026-10-02T12:30:59-05:00" level=warning msg="Print off screen. y=207 height=75"
time="2026-10-02T12:30:59-05:00" level=warning msg="Print off screen. y=208 height=75"
time="2026-10-02T12:30:59-05:00" level=warning msg="Print off screen. y=209 height=75"
time="2026-10-02T12:30:59-05:00" level=warning msg="Print off screen. y=210 height=75"
time="2026-10-02T12:30:59-05:00" level=warning msg="Print off screen. y=211 height=75"
time="2026-10-02T12:30:59-05:00" level=warning msg="Print off screen. y=212 height=75"
time="2026-10-02T12:30:59-05:00" level=warning msg="Print off screen. y=213 height=75"
time="2026-10-02T12:30:59-05:00" level=warning msg="Print off screen. y=214 height=75"
time="2026-10-02T12:30:59-05:00" level=warning msg="Print off screen. y=215 height=75"
time="2026-10-02T12:30:59-05:00" level=warning msg="Print off screen. y=216 height=75"
time="2026-10-02T12:30:59-05:00" level=warning msg="Print off screen. y=217 height=75"
time="2026-10-02T12:30:59-05:00" level=warning msg="Print off screen. y=218 height=75"
time="2026-10-02T12:30:59-05:00" level=warning msg="Print off screen. y=219 height=75"
time="2026-10-02T12:30:59-05:00" level=warning msg="Print off screen. y=220 height=75"
time="2026-10-02T12:30:59-05:00" level=warning msg="Print off screen. y=221 height=75"
time="2026-10-02T12:30:59-05:00" level=warning msg="Print off screen. y=222 height=75"
time="2026-10-02T12:30:59-05:00" level=warning msg="Print off screen. y=223 height=75"
time="2026-10-02T12:30:59-05:00" level=warning msg="Print off screen. y=224 height=75"
time="2026-10-02T12:30:59-05:00" level=warning msg="Print off screen. y=225 height=75"
time="2026-10-02T12:30:59-05:00" level=warning msg="Print off screen. y=226 height=75"
time="2026-10-02T12:30:59-05:00" level=warning msg="Print off screen. y=227 height=75"
time="2026-10-02T12:30:59-05:00" level=warning msg="Print off screen. y=228 height=75"
time="2026-10-02T12:30:59-05:00" level=warning msg="Print off screen. y=229 height=75"
time="2026-10-02T12:30:59-05:00" level=warning msg="Print off screen. y=230 height=75"
time="2026-10-02T12:30:59-05:00" level=warning msg="Print off screen. y=231 height=75"
time="2026-10-02T12:30:59-05:00" level=warning msg="Print off screen. y=232 height=75"
time="2026-10-02T12:30:59-05:00" level=warning msg="Print off screen. y=233 height=75"
time="2026-10-02T12:30:59-05:00" level=warning msg="Print off screen. y=234 height=75"
time="2026-10-02T12:30:59-05:00" level=warning msg="Print off screen. y=235 height=75"
time="2026-10-02T12:30:59-05:00" level=warning msg="Print off screen. y=236 height=75"
time="2026-10-02T12:30:59-05:00" level=warning msg="Print off screen. y=237 height=75"
time="2026-10-02T12:30:59-05:00" level=warning msg="Print off screen. y=238 height=75"
time="2026-10-02T12:30:59-05:00" level=warning msg="Print off screen. y=239 height=75"
time="2026-10-02T12:30:59-05:00" level=warning msg="Print off screen. y=240 height=75"
time="2026-10-02T12:30:59-05:00" level=warning msg="Print off screen. y=241 height=75"
time="2026-10-02T12:30:59-05:00" level=warning msg="Print off screen. y=242 height=75"
time="2026-10-02T12:30:59-05:00" level=warning msg="Print off screen. y=243 height=75"
time="2026-10-02T12:30:59-05:00" level=warning msg="Print off screen. y=244 height=75"
time="2026-10-02T12:30:59-05:00" level=warning msg="Print off screen. y=245 height=75"
time="2026-10-02T12:30:59-05:00" level=warning msg="Print off screen. y=246 height=75"
time="2026-10-02T12:30:59-05:00" level=warning msg="Print off screen. y=247 height=75"
time="2026-10-02T12:30:59-05:00" level=warning msg="Print off screen. y=248 height=75"
time="2026-10-02T12:30:59-05:00" level=warning msg="Print off screen. y=249 height=75"
time="2026-10-02T12:30:59-05:00" level=warning msg="Print off screen. y=250 height=75"
time="2026-10-02T12:30:59-05:00" level=warning msg="Print off screen. y=251 height=75"
time="2026-10-02T12:30:59-05:00" level=warning msg="Print off screen. y=252 height=75"
time="2026-10-02T12:30:59-05:00" level=warning msg="Print off screen. y=253 height=75"
time="2026-10-02T12:30:59-05:00" level=warning msg="Print off screen. y=254 height=75"
time="2026-10-02T12:30:59-05:00" level=warning msg="Print off screen. y=255 height=75"
time="2026-10-02T12:30:59-05:00" level=warning msg="Print off screen. y=256 height=75"
time="2026-10-02T12:30:59-05:00" level=warning msg="Print off screen. y=257 height=75"
time="2026-10-02T12:30:59-05:00" level=warning msg="Print off screen. y=258 height=75"
time="2026-10-02T12:30:59-05:00" level=warning msg="Print off screen. y=259 height=75"
time="2026-10-02T12:30:59-05:00" level=warning msg="Print off screen. y=260 height=75"
time="2026-10-02T12:30:59-05:00" level=warning msg="Print off screen. y=261 height=75"
time="2026-10-02T12:30:59-05:00" level=warning msg="Print off screen. y=262 height=75"
time="2026-10-02T12:30:59-05:00" level=warning msg="Print off screen. y=263 height=75"
time="2026-10-02T12:30:59-05:00" level=warning msg="Print off screen. y=264 height=75"
time="2026-10-02T12:30:59-05:00" level=warning msg="Print off screen. y=265 height=75"
time="2026-10-02T12:30:59-05:00" level=warning msg="Print off screen. y=266 height=75"
time="2026-10-02T12:30:59-05:00" level=warning msg="Print off screen. y=267 height=75"
time="2026-10-02T12:30:59-05:00" level=warning msg="Print off screen. y=268 height=75"
time="2026-10-02T12:30:59-05:00" level=warning msg="Print off screen. y=269 height=75"
time="2026-10-02T12:30:59-05:00" level=warning msg="Print off screen. y=270 height=75"
time="2026-10-02T12:30:59-05:00" level=warning msg="Print off screen. y=271 height=75"
time="2026-10-02T12:31:00-05:00" level=warning msg="Print off screen. y=75 height=75"
time="2026-10-02T12:31:00-05:00" level=warning msg="Print off screen. y=76 height=75"
time="2026-10-02T12:31:00-05:00" level=warning msg="Print off screen. y=77 height=75"
time="2026-10-02T12:31:00-05:00" level=warning msg="Print off screen. y=78 height=75"
time="2026-10-02T12:31:00-05:00" level=warning msg="Print off screen. y=79 height=75"
time="2026-10-02T12:31:00-05:00" level=warning msg="Print off screen. y=80 height=75"
time="2026-10-02T12:31:00-05:00" level=warning msg="Print off screen. y=81 height=75"
time="2026-10-02T12:31:00-05:00" level=warning msg="Print off screen. y=82 height=75"
time="2026-10-02T12:31:00-05:00" level=warning msg="Print off screen. y=83 height=75"
time="2026-10-02T12:31:00-05:00" level=warning msg="Print off screen. y=84 height=75"
time="2026-10-02T12:31:00-05:00" level=warning msg="Print off screen. y=85 height=75"
time="2026-10-02T12:31:00-05:00" level=warning msg="Print off screen. y=86 height=75"
time="2026-10-02T12:31:00-05:00" level=warning msg="Print off screen. y=87 height=75"
time="2026-10-02T12:31:00-05:00" level=warning msg="Print off screen. y=88 height=75"
time="2026-10-02T12:31:00-05:00" level=warning msg="Print off screen. y=89 height=75"
time="2026-10-02T12:31:00-05:00" level=warning msg="Print off screen. y=90 height=75"
time="2026-10-02T12:31:00-05:00" level=warning msg="Print off screen. y=91 height=75"
time="2026-10-02T12:31:00-05:00" level=warning msg="Print off screen. y=92 height=75"
time="2026-10-02T12:31:00-05:00" level=warning msg="Print off screen. y=93 height=75"
time="2026-10-02T12:31:00-05:00" level=warning msg="Print off screen. y=94 height=75"
time="2026-10-02T12:31:00-05:00" level=warning msg="Print off screen. y=95 height=75"
time="2026-10-02T12:31:00-05:00" level=warning msg="Print off screen. y=96 height=75"
time="2026-10-02T12:31:00-05:00" level=warning msg="Print off screen. y=97 height=75"
time="2026-10-02T12:31:00-05:00" level=warning msg="Print off screen. y=98 height=75"
time="2026-10-02T12:31:00-05:00" level=warning msg="Print off screen. y=99 height=75"
time="2026-10-02T12:31:00-05:00" level=warning msg="Print off screen. y=100 height=75"
time="2026-10-02T12:31:00-05:00" level=warning msg="Print off screen. y=101 height=75"
time="2026-10-02T12:31:00-05:00" level=warning msg="Print off screen. y=102 height=75"
time="2026-10-02T12:31:00-05:00" level=warning msg="Print off screen. y=103 height=75"
time="2026-10-02T12:31:00-05:00" level=warning msg="Print off screen. y=104 height=75"
time="2026-10-02T12:31:00-05:00" level=warning msg="Print off screen. y=105 height=75"
time="2026-10-02T12:31:00-05:00" level=warning msg="Print off screen. y=106 height=75"
time="2026-10-02T12:31:00-05:00" level=warning msg="Print off screen. y=107 height=75"
time="2026-10-02T12:31:00-05:00" level=warning msg="Print off screen. y=108 height=75"
time="2026-10-02T12:31:00-05:00" level=warning msg="Print off screen. y=109 height=75"
time="2026-10-02T12:31:00-05:00" level=warning msg="Print off screen. y=110 height=75"
time="2026-10-02T12:31:00-05:00" level=warning msg="Print off screen. y=111 height=75"
time="2026-10-02T12:31:00-05:00" level=warning msg="Print off screen. y=112 height=75"
time="2026-10-02T12:31:00-05:00" level=warning msg="Print off screen. y=113 height=75"
time="2026-10-02T12:31:00-05:00" level=warning msg="Print off screen. y=114 height=75"
time="2026-10-02T12:31:00-05:00" level=warning msg="Print off screen. y=115 height=75"
time="2026-10-02T12:31:00-05:00" level=warning msg="Print off screen. y=116 height=75"
time="2026-10-02T12:31:00-05:00" level=warning msg="Print off screen. y=117 height=75"
time="2026-10-02T12:31:00-05:00" level=warning msg="Print off screen. y=118 height=75"
time="2026-10-02T12:31:00-05:00" level=warning msg="Print off screen. y=119 height=75"
time="2026-10-02T12:31:00-05:00" level=warning msg="Print off screen. y=120 height=75"
time="2026-10-02T12:31:00-05:00" level=warning msg="Print off screen. y=121 height=75"
time="2026-10-02T12:31:00-05:00" level=warning msg="Print off screen. y=122 height=75"
time="2026-10-02T12:31:00-05:00" level=warning msg="Print off screen. y=123 height=75"
time="2026-10-02T12:31:00-05:00" level=warning msg="Print off screen. y=124 height=75"
time="2026-10-02T12:31:00-05:00" level=warning msg="Print off screen. y=125 height=75"
time="2026-10-02T12:31:00-05:00" level=warning msg="Print off screen. y=126 height=75"
time="2026-10-02T12:31:00-05:00" level=warning msg="Print off screen. y=127 height=75"
time="2026-10-02T12:31:00-05:00" level=warning msg="Print off screen. y=128 height=75"
time="2026-10-02T12:31:00-05:00" level=warning msg="Print off screen. y=129 height=75"
time="2026-10-02T12:31:00-05:00" level=warning msg="Print off screen. y=130 height=75"
time="2026-10-02T12:31:00-05:00" level=warning msg="Print off screen. y=131 height=75"
time="2026-10-02T12:31:00-05:00" level=warning msg="Print off screen. y=132 height=75"
time="2026-10-02T12:31:00-05:00" level=warning msg="Print off screen. y=133 height=75"
time="2026-10-02T12:31:00-05:00" level=warning msg="Print off screen. y=134 height=75"
time="2026-10-02T12:31:00-05:00" level=warning msg="Print off screen. y=135 height=75"
time="2026-10-02T12:31:00-05:00" level=warning msg="Print off screen. y=136 height=75"
time="2026-10-02T12:31:00-05:00" level=warning msg="Print off screen. y=137 height=75"
time="2026-10-02T12:31:00-05:00" level=warning msg="Print off screen. y=138 height=75"
time="2026-10-02T12:31:00-05:00" level=warning msg="Print off screen. y=139 height=75"
time="2026-10-02T12:31:00-05:00" level=warning msg="Print off screen. y=140 height=75"
time="2026-10-02T12:31:00-05:00" level=warning msg="Print off screen. y=141 height=75"
time="2026-10-02T12:31:00-05:00" level=warning msg="Print off screen. y=142 height=75"
time="2026-10-02T12:31:00-05:00" level=warning msg="Print off screen. y=143 height=75"
time="2026-10-02T12:31:00-05:00" level=warning msg="Print off screen. y=144 height=75"
time="2026-10-02T12:31:00-05:00" level=warning msg="Print off screen. y=145 height=75"
time="2026-10-02T12:31:00-05:00" level=warning msg="Print off screen. y=146 height=75"
time="2026-10-02T12:31:00-05:00" level=warning msg="Print off screen. y=147 height=75"
time="2026-10-02T12:31:00-05:00" level=warning msg="Print off screen. y=148 height=75"
time="2026-10-02T12:31:00-05:00" level=warning msg="Print off screen. y=149 height=75"
time="2026-10-02T12:31:00-05:00" level=warning msg="Print off screen. y=150 height=75"
time="2026-10-02T12:31:00-05:00" level=warning msg="Print off screen. y=151 height=75"
time="2026-10-02T12:31:00-05:00" level=warning msg="Print off screen. y=152 height=75"
time="2026-10-02T12:31:00-05:00" level=warning msg="Print off screen. y=153 height=75"
time="2026-10-02T12:31:00-05:00" level=warning msg="Print off screen. y=154 height=75"
time="2026-10-02T12:31:00-05:00" level=warning msg="Print off screen. y=155 height=75"
time="2026-10-02T12:31:00-05:00" level=warning msg="Print off screen. y=156 height=75"
time="2026-10-02T12:31:00-05:00" level=warning msg="Print off screen. y=157 height=75"
time="2026-10-02T12:31:00-05:00" level=warning msg="Print off screen. y=158 height=75"
time="2026-10-02T12:31:00-05:00" level=warning msg="Print off screen. y=159 height=75"
time="2026-10-02T12:31:00-05:00" level=warning msg="Print off screen. y=160 height=75"
time="2026-10-02T12:31:00-05:00" level=warning msg="Print off screen. y=161 height=75"
time="2026-10-02T12:31:00-05:00" level=warning msg="Print off screen. y=162 height=75"
time="2026-10-02T12:31:00-05:00" level=warning msg="Print off screen. y=163 height=75"
time="2026-10-02T12:31:00-05:00" level=warning msg="Print off screen. y=164 height=75"
time="2026-10-02T12:31:00-05:00" level=warning msg="Print off screen. y=165 height=75"
time="2026-10-02T12:31:00-05:00" level=warning msg="Print off screen. y=166 height=75"
time="2026-10-02T12:31:00-05:00" level=warning msg="Print off screen. y=167 height=75"
time="2026-10-02T12:31:00-05:00" level=warning msg="Print off screen. y=168 height=75"
time="2026-10-02T12:31:00-05:00" level=warning msg="Print off screen. y=169 height=75"
time="2026-10-02T12:31:00-05:00" level=warning msg="Print off screen. y=170 height=75"
time="2026-10-02T12:31:00-05:00" level=warning msg="Print off screen. y=171 height=75"
time="2026-10-02T12:31:00-05:00" level=warning msg="Print off screen. y=172 height=75"
time="2026-10-02T12:31:00-05:00" level=warning msg="Print off screen. y=173 height=75"
time="2026-10-02T12:31:00-05:00" level=warning msg="Print off screen. y=174 height=75"
time="2026-10-02T12:31:00-05:00" level=warning msg="Print off screen. y=175 height=75"
time="2026-10-02T12:31:00-05:00" level=warning msg="Print off screen. y=176 height=75"
time="2026-10-02T12:31:00-05:00" level=warning msg="Print off screen. y=177 height=75"
time="2026-10-02T12:31:00-05:00" level=warning msg="Print off screen. y=178 height=75"
time="2026-10-02T12:31:00-05:00" level=warning msg="Print off screen. y=179 height=75"
time="2026-10-02T12:31:00-05:00" level=warning msg="Print off screen. y=180 height=75"
time="2026-10-02T12:31:00-05:00" level=warning msg="Print off screen. y=181 height=75"
time="2026-10-02T12:31:00-05:00" level=warning msg="Print off screen. y=182 height=75"
time="2026-10-02T12:31:00-05:00" level=warning msg="Print off screen. y=183 height=75"
time="2026-10-02T12:31:00-05:00" level=warning msg="Print off screen. y=184 height=75"
time="2026-10-02T12:31:00-05:00" level=warning msg="Print off screen. y=185 height=75"
time="2026-10-02T12:31:00-05:00" level=warning msg="Print off screen. y=186 height=75"
time="2026-10-02T12:31:00-05:00" level=warning msg="Print off screen. y=187 height=75"
time="2026-10-02T12:31:00-05:00" level=warning msg="Print off screen. y=188 height=75"
time="2026-10-02T12:31:00-05:00" level=warning msg="Print off screen. y=189 height=75"
time="2026-10-02T12:31:00-05:00" level=warning msg="Print off screen. y=190 height=75"
time="2026-10-02T12:31:00-05:00" level=warning msg="Print off screen. y=191 height=75"
time="2026-10-02T12:31:00-05:00" level=warning msg="Print off screen. y=192 height=75"
time="2026-10-02T12:31:00-05:00" level=warning msg="Print off screen. y=193 height=75"
time="2026-10-02T12:31:00-05:00" level=warning msg="Print off screen. y=194 height=75"
time="2026-10-02T12:31:00-05:00" level=warning msg="Print off screen. y=195 height=75"
time="2026-10-02T12:31:00-05:00" level=warning msg="Print off screen. y=196 height=75"
time="2026-10-02T12:31:00-05:00" level=warning msg="Print off screen. y=197 height=75"
time="2026-10-02T12:31:00-05:00" level=warning msg="Print off screen. y=198 height=75"
time="2026-10-02T12:31:00-05:00" level=warning msg="Print off screen. y=199 height=75"
time="2026-10-02T12:31:00-05:00" level=warning msg="Print off screen. y=200 height=75"
time="2026-10-02T12:31:00-05:00" level=warning msg="Print off screen. y=201 height=75"
time="2026-10-02T12:31:00-05:00" level=warning msg="Print off screen. y=202 height=75"
time="2026-10-02T12:31:00-05:00" level=warning msg="Print off screen. y=203 height=75"
time="2026-10-02T12:31:00-05:00" level=warning msg="Print off screen. y=204 height=75"
time="2026-10-02T12:31:00-05:00" level=warning msg="Print off screen. y=205 height=75"
time="2026-10-02T12:31:00-05:00" level=warning msg="Print off screen. y=206 height=75"
time="2026-10-02T12:31:00-05:00" level=warning msg="Print off screen. y=207 height=75"
time="2026-10-02T12:31:00-05:00" level=warning msg="Print off screen. y=208 height=75"
time="2026-10-02T12:31:00-05:00" level=warning msg="Print off screen. y=209 height=75"
time="2026-10-02T12:31:00-05:00" level=warning msg="Print off screen. y=210 height=75"
time="2026-10-02T12:31:00-05:00" level=warning msg="Print off screen. y=211 height=75"
time="2026-10-02T12:31:00-05:00" level=warning msg="Print off screen. y=212 height=75"
time="2026-10-02T12:31:00-05:00" level=warning msg="Print off screen. y=213 height=75"
time="2026-10-02T12:31:00-05:00" level=warning msg="Print off screen. y=214 height=75"
time="2026-10-02T12:31:00-05:00" level=warning msg="Print off screen. y=215 height=75"
time="2026-10-02T12:31:00-05:00" level=warning msg="Print off screen. y=216 height=75"
time="2026-10-02T12:31:00-05:00" level=warning msg="Print off screen. y=217 height=75"
time="2026-10-02T12:31:00-05:00" level=warning msg="Print off screen. y=218 height=75"
time="2026-10-02T12:31:00-05:00" level=warning msg="Print off screen. y=219 height=75"
time="2026-10-02T12:31:00-05:00" level=warning msg="Print off screen. y=220 height=75"
time="2026-10-02T12:31:00-05:00" level=warning msg="Print off screen. y=221 height=75"
time="2026-10-02T12:31:00-05:00" level=warning msg="Print off screen. y=222 height=75"
time="2026-10-02T12:31:00-05:00" level=warning msg="Print off screen. y=223 height=75"
time="2026-10-02T12:31:00-05:00" level=warning msg="Print off screen. y=224 height=75"
time="2026-10-02T12:31:00-05:00" level=warning msg="Print off screen. y=225 height=75"
time="2026-10-02T12:31:00-05:00" level=warning msg="Print off screen. y=226 height=75"
time="2026-10-02T12:31:00-05:00" level=warning msg="Print off screen. y=227 height=75"
time="2026-10-02T12:31:00-05:00" level=warning msg="Print off screen. y=228 height=75"
time="2026-10-02T12:31:00-05:00" level=warning msg="Print off screen. y=229 height=75"
time="2026-10-02T12:31:00-05:00" level=warning msg="Print off screen. y=230 height=75"
time="2026-10-02T12:31:00-05:00" level=warning msg="Print off screen. y=231 height=75"
time="2026-10-02T12:31:00-05:00" level=warning msg="Print off screen. y=232 height=75"
time="2026-10-02T12:31:00-05:00" level=warning msg="Print off screen. y=233 height=75"
time="2026-10-02T12:31:00-05:00" level=warning msg="Print off screen. y=234 height=75"
time="2026-10-02T12:31:00-05:00" level=warning msg="Print off screen. y=235 height=75"
time="2026-10-02T12:31:00-05:00" level=warning msg="Print off screen. y=236 height=75"
time="2026-10-02T12:31:00-05:00" level=warning msg="Print off screen. y=237 height=75"
time="2026-10-02T12:31:00-05:00" level=warning msg="Print off screen. y=238 height=75"
time="2026-10-02T12:31:00-05:00" level=warning msg="Print off screen. y=239 height=75"
time="2026-10-02T12:31:00-05:00" level=warning msg="Print off screen. y=240 height=75"
time="2026-10-02T12:31:00-05:00" level=warning msg="Print off screen. y=241 height=75"
time="2026-10-02T12:31:00-05:00" level=warning msg="Print off screen. y=242 height=75"
time="2026-10-02T12:31:00-05:00" level=warning msg="Print off screen. y=243 height=75"
time="2026-10-02T12:31:00-05:00" level=warning msg="Print off screen. y=244 height=75"
time="2026-10-02T12:31:00-05:00" level=warning msg="Print off screen. y=245 height=75"
time="2026-10-02T12:31:00-05:00" level=warning msg="Print off screen. y=246 height=75"
time="2026-10-02T12:31:00-05:00" level=warning msg="Print off screen. y=247 height=75"
time="2026-10-02T12:31:00-05:00" level=warning msg="Print off screen. y=248 height=75"
time="2026-10-02T12:31:00-05:00" level=warning msg="Print off screen. y=249 height=75"
time="2026-10-02T12:31:00-05:00" level=warning msg="Print off screen. y=250 height=75"
time="2026-10-02T12:31:00-05:00" level=warning msg="Print off screen. y=251 height=75"
time="2026-10-02T12:31:00-05:00" level=warning msg="Print off screen. y=252 height=75"
time="2026-10-02T12:31:00-05:00" level=warning msg="Print off screen. y=253 height=75"
time="2026-10-02T12:31:00-05:00" level=warning msg="Print off screen. y=254 height=75"
time="2026-10-02T12:31:00-05:00" level=warning msg="Print off screen. y=255 height=75"
time="2026-10-02T12:31:00-05:00" level=warning msg="Print off screen. y=256 height=75"
time="2026-10-02T12:31:00-05:00" level=warning msg="Print off screen. y=257 height=75"
time="2026-10-02T12:31:00-05:00" level=warning msg="Print off screen. y=258 height=75"
time="2026-10-02T12:31:00-05:00" level=warning msg="Print off screen. y=259 height=75"
time="2026-10-02T12:31:00-05:00" level=warning msg="Print off screen. y=260 height=75"
time="2026-10-02T12:31:00-05:00" level=warning msg="Print off screen. y=261 height=75"
time="2026-10-02T12:31:00-05:00" level=warning msg="Print off screen. y=262 height=75"
time="2026-10-02T12:31:00-05:00" level=warning msg="Print off screen. y=263 height=75"
time="2026-10-02T12:31:00-05:00" level=warning msg="Print off screen. y=264 height=75"
time="2026-10-02T12:31:00-05:00" level=warning msg="Print off screen. y=265 height=75"
time="2026-10-02T12:31:00-05:00" level=warning msg="Print off screen. y=266 height=75"
time="2026-10-02T12:31:00-05:00" level=warning msg="Print off screen. y=267 height=75"
time="2026-10-02T12:31:00-05:00" level=warning msg="Print off screen. y=268 height=75"
time="2026-10-02T12:31:00-05:00" level=warning msg="Print off screen. y=269 height=75"
time="2026-10-02T12:31:00-05:00" level=warning msg="Print off screen. y=270 height=75"
time="2026-10-02T12:31:00-05:00" level=warning msg="Print off screen. y=271 height=75"
time="2026-10-02T12:31:04-05:00" level=info msg="Loaded labels in 978.287404ms"
time="2026-10-02T12:31:04-05:00" level=info msg="Reloaded labels"
time="2026-10-02T12:31:05-05:00" level=info msg="Got batch of 0 contacts, total 0"
time="2026-10-02T12:31:05-05:00" level=info msg="Reloaded contacts"
time="2026-10-02T12:31:08-05:00" level=warning msg="Print off screen. y=75 height=75"
time="2026-10-02T12:31:08-05:00" level=warning msg="Print off screen. y=76 height=75"
time="2026-10-02T12:31:08-05:00" level=warning msg="Print off screen. y=77 height=75"
time="2026-10-02T12:31:08-05:00" level=warning msg="Print off screen. y=78 height=75"
time="2026-10-02T12:31:08-05:00" level=warning msg="Print off screen. y=79 height=75"
time="2026-10-02T12:31:08-05:00" level=warning msg="Print off screen. y=80 height=75"
time="2026-10-02T12:31:08-05:00" level=warning msg="Print off screen. y=81 height=75"
time="2026-10-02T12:31:08-05:00" level=warning msg="Print off screen. y=82 height=75"
time="2026-10-02T12:31:08-05:00" level=warning msg="Print off screen. y=83 height=75"
time="2026-10-02T12:31:08-05:00" level=warning msg="Print off screen. y=84 height=75"
time="2026-10-02T12:31:08-05:00" level=warning msg="Print off screen. y=85 height=75"
time="2026-10-02T12:31:08-05:00" level=warning msg="Print off screen. y=86 height=75"
time="2026-10-02T12:31:08-05:00" level=warning msg="Print off screen. y=87 height=75"
time="2026-10-02T12:31:08-05:00" level=warning msg="Print off screen. y=88 height=75"
time="2026-10-02T12:31:08-05:00" level=warning msg="Print off screen. y=89 height=75"
time="2026-10-02T12:31:08-05:00" level=warning msg="Print off screen. y=90 height=75"
time="2026-10-02T12:31:08-05:00" level=warning msg="Print off screen. y=91 height=75"
time="2026-10-02T12:31:08-05:00" level=warning msg="Print off screen. y=92 height=75"
time="2026-10-02T12:31:08-05:00" level=warning msg="Print off screen. y=93 height=75"
time="2026-10-02T12:31:08-05:00" level=warning msg="Print off screen. y=94 height=75"
time="2026-10-02T12:31:08-05:00" level=warning msg="Print off screen. y=95 height=75"
time="2026-10-02T12:31:08-05:00" level=warning msg="Print off screen. y=96 height=75"
time="2026-10-02T12:31:08-05:00" level=warning msg="Print off screen. y=97 height=75"
time="2026-10-02T12:31:08-05:00" level=warning msg="Print off screen. y=98 height=75"
time="2026-10-02T12:31:08-05:00" level=warning msg="Print off screen. y=99 height=75"
time="2026-10-02T12:31:08-05:00" level=warning msg="Print off screen. y=100 height=75"
time="2026-10-02T12:31:08-05:00" level=warning msg="Print off screen. y=101 height=75"
time="2026-10-02T12:31:08-05:00" level=warning msg="Print off screen. y=102 height=75"
time="2026-10-02T12:31:08-05:00" level=warning msg="Print off screen. y=103 height=75"
time="2026-10-02T12:31:08-05:00" level=warning msg="Print off screen. y=104 height=75"
time="2026-10-02T12:31:08-05:00" level=warning msg="Print off screen. y=105 height=75"
time="2026-10-02T12:31:08-05:00" level=warning msg="Print off screen. y=106 height=75"
time="2026-10-02T12:31:08-05:00" level=warning msg="Print off screen. y=107 height=75"
time="2026-10-02T12:31:08-05:00" level=warning msg="Print off screen. y=108 height=75"
time="2026-10-02T12:31:08-05:00" level=warning msg="Print off screen. y=109 height=75"
time="2026-10-02T12:31:08-05:00" level=warning msg="Print off screen. y=110 height=75"
time="2026-10-02T12:31:08-05:00" level=warning msg="Print off screen. y=111 height=75"
time="2026-10-02T12:31:08-05:00" level=warning msg="Print off screen. y=112 height=75"
time="2026-10-02T12:31:08-05:00" level=warning msg="Print off screen. y=113 height=75"
time="2026-10-02T12:31:08-05:00" level=warning msg="Print off screen. y=114 height=75"
time="2026-10-02T12:31:08-05:00" level=warning msg="Print off screen. y=115 height=75"
time="2026-10-02T12:31:08-05:00" level=warning msg="Print off screen. y=116 height=75"
time="2026-10-02T12:31:08-05:00" level=warning msg="Print off screen. y=117 height=75"
time="2026-10-02T12:31:08-05:00" level=warning msg="Print off screen. y=118 height=75"
time="2026-10-02T12:31:08-05:00" level=warning msg="Print off screen. y=119 height=75"
time="2026-10-02T12:31:08-05:00" level=warning msg="Print off screen. y=120 height=75"
time="2026-10-02T12:31:08-05:00" level=warning msg="Print off screen. y=121 height=75"
time="2026-10-02T12:31:08-05:00" level=warning msg="Print off screen. y=122 height=75"
time="2026-10-02T12:31:08-05:00" level=warning msg="Print off screen. y=123 height=75"
time="2026-10-02T12:31:08-05:00" level=warning msg="Print off screen. y=124 height=75"
time="2026-10-02T12:31:08-05:00" level=warning msg="Print off screen. y=125 height=75"
time="2026-10-02T12:31:08-05:00" level=warning msg="Print off screen. y=126 height=75"
time="2026-10-02T12:31:08-05:00" level=warning msg="Print off screen. y=127 height=75"
time="2026-10-02T12:31:08-05:00" level=warning msg="Print off screen. y=128 height=75"
time="2026-10-02T12:31:08-05:00" level=warning msg="Print off screen. y=129 height=75"
time="2026-10-02T12:31:08-05:00" level=warning msg="Print off screen. y=130 height=75"
time="2026-10-02T12:31:08-05:00" level=warning msg="Print off screen. y=131 height=75"
time="2026-10-02T12:31:08-05:00" level=warning msg="Print off screen. y=132 height=75"
time="2026-10-02T12:31:08-05:00" level=warning msg="Print off screen. y=133 height=75"
time="2026-10-02T12:31:08-05:00" level=warning msg="Print off screen. y=134 height=75"
time="2026-10-02T12:31:08-05:00" level=warning msg="Print off screen. y=135 height=75"
time="2026-10-02T12:31:08-05:00" level=warning msg="Print off screen. y=136 height=75"
time="2026-10-02T12:31:08-05:00" level=warning msg="Print off screen. y=137 height=75"
time="2026-10-02T12:31:08-05:00" level=warning msg="Print off screen. y=138 height=75"
time="2026-10-02T12:31:08-05:00" level=warning msg="Print off screen. y=139 height=75"
time="2026-10-02T12:31:08-05:00" level=warning msg="Print off screen. y=140 height=75"
time="2026-10-02T12:31:08-05:00" level=warning msg="Print off screen. y=141 height=75"
time="2026-10-02T12:31:08-05:00" level=warning msg="Print off screen. y=142 height=75"
time="2026-10-02T12:31:08-05:00" level=warning msg="Print off screen. y=143 height=75"
time="2026-10-02T12:31:08-05:00" level=warning msg="Print off screen. y=144 height=75"
time="2026-10-02T12:31:08-05:00" level=warning msg="Print off screen. y=145 height=75"
time="2026-10-02T12:31:08-05:00" level=warning msg="Print off screen. y=146 height=75"
time="2026-10-02T12:31:08-05:00" level=warning msg="Print off screen. y=147 height=75"
time="2026-10-02T12:31:08-05:00" level=warning msg="Print off screen. y=148 height=75"
time="2026-10-02T12:31:08-05:00" level=warning msg="Print off screen. y=149 height=75"
time="2026-10-02T12:31:08-05:00" level=warning msg="Print off screen. y=150 height=75"
time="2026-10-02T12:31:08-05:00" level=warning msg="Print off screen. y=151 height=75"
time="2026-10-02T12:31:08-05:00" level=warning msg="Print off screen. y=152 height=75"
time="2026-10-02T12:31:08-05:00" level=warning msg="Print off screen. y=153 height=75"
time="2026-10-02T12:31:08-05:00" level=warning msg="Print off screen. y=154 height=75"
time="2026-10-02T12:31:08-05:00" level=warning msg="Print off screen. y=155 height=75"
time="2026-10-02T12:31:08-05:00" level=warning msg="Print off screen. y=156 height=75"
time="2026-10-02T12:31:08-05:00" level=warning msg="Print off screen. y=157 height=75"
time="2026-10-02T12:31:08-05:00" level=warning msg="Print off screen. y=158 height=75"
time="2026-10-02T12:31:08-05:00" level=warning msg="Print off screen. y=159 height=75"
time="2026-10-02T12:31:08-05:00" level=warning msg="Print off screen. y=160 height=75"
time="2026-10-02T12:31:08-05:00" level=warning msg="Print off screen. y=161 height=75"
time="2026-10-02T12:31:08-05:00" level=warning msg="Print off screen. y=162 height=75"
time="2026-10-02T12:31:08-05:00" level=warning msg="Print off screen. y=163 height=75"
time="2026-10-02T12:31:08-05:00" level=warning msg="Print off screen. y=164 height=75"
time="2026-10-02T12:31:08-05:00" level=warning msg="Print off screen. y=165 height=75"
time="2026-10-02T12:31:08-05:00" level=warning msg="Print off screen. y=166 height=75"
time="2026-10-02T12:31:08-05:00" level=warning msg="Print off screen. y=167 height=75"
time="2026-10-02T12:31:08-05:00" level=warning msg="Print off screen. y=168 height=75"
time="2026-10-02T12:31:08-05:00" level=warning msg="Print off screen. y=169 height=75"
time="2026-10-02T12:31:08-05:00" level=warning msg="Print off screen. y=170 height=75"
time="2026-10-02T12:31:08-05:00" level=warning msg="Print off screen. y=171 height=75"
time="2026-10-02T12:31:08-05:00" level=warning msg="Print off screen. y=172 height=75"
time="2026-10-02T12:31:08-05:00" level=warning msg="Print off screen. y=173 height=75"
time="2026-10-02T12:31:08-05:00" level=warning msg="Print off screen. y=174 height=75"
time="2026-10-02T12:31:08-05:00" level=warning msg="Print off screen. y=175 height=75"
time="2026-10-02T12:31:08-05:00" level=warning msg="Print off screen. y=176 height=75"
time="2026-10-02T12:31:08-05:00" level=warning msg="Print off screen. y=177 height=75"
time="2026-10-02T12:31:08-05:00" level=warning msg="Print off screen. y=178 height=75"
time="2026-10-02T12:31:08-05:00" level=warning msg="Print off screen. y=179 height=75"
time="2026-10-02T12:31:08-05:00" level=warning msg="Print off screen. y=180 height=75"
time="2026-10-02T12:31:08-05:00" level=warning msg="Print off screen. y=181 height=75"
time="2026-10-02T12:31:08-05:00" level=warning msg="Print off screen. y=182 height=75"
time="2026-10-02T12:31:08-05:00" level=warning msg="Print off screen. y=183 height=75"
time="2026-10-02T12:31:08-05:00" level=warning msg="Print off screen. y=184 height=75"
time="2026-10-02T12:31:08-05:00" level=warning msg="Print off screen. y=185 height=75"
time="2026-10-02T12:31:08-05:00" level=warning msg="Print off screen. y=186 height=75"
time="2026-10-02T12:31:08-05:00" level=warning msg="Print off screen. y=187 height=75"
time="2026-10-02T12:31:08-05:00" level=warning msg="Print off screen. y=188 height=75"
time="2026-10-02T12:31:08-05:00" level=warning msg="Print off screen. y=189 height=75"
time="2026-10-02T12:31:08-05:00" level=warning msg="Print off screen. y=190 height=75"
time="2026-10-02T12:31:08-05:00" level=warning msg="Print off screen. y=191 height=75"
time="2026-10-02T12:31:08-05:00" level=warning msg="Print off screen. y=192 height=75"
time="2026-10-02T12:31:08-05:00" level=warning msg="Print off screen. y=193 height=75"
time="2026-10-02T12:31:08-05:00" level=warning msg="Print off screen. y=194 height=75"
time="2026-10-02T12:31:08-05:00" level=warning msg="Print off screen. y=195 height=75"
time="2026-10-02T12:31:08-05:00" level=warning msg="Print off screen. y=196 height=75"
time="2026-10-02T12:31:08-05:00" level=warning msg="Print off screen. y=197 height=75"
time="2026-10-02T12:31:08-05:00" level=warning msg="Print off screen. y=198 height=75"
time="2026-10-02T12:31:08-05:00" level=warning msg="Print off screen. y=199 height=75"
time="2026-10-02T12:31:08-05:00" level=warning msg="Print off screen. y=200 height=75"
time="2026-10-02T12:31:08-05:00" level=warning msg="Print off screen. y=201 height=75"
time="2026-10-02T12:31:08-05:00" level=warning msg="Print off screen. y=202 height=75"
time="2026-10-02T12:31:08-05:00" level=warning msg="Print off screen. y=203 height=75"
time="2026-10-02T12:31:08-05:00" level=warning msg="Print off screen. y=204 height=75"
time="2026-10-02T12:31:08-05:00" level=warning msg="Print off screen. y=205 height=75"
time="2026-10-02T12:31:08-05:00" level=warning msg="Print off screen. y=206 height=75"
time="2026-10-02T12:31:08-05:00" level=warning msg="Print off screen. y=207 height=75"
time="2026-10-02T12:31:08-05:00" level=warning msg="Print off screen. y=208 height=75"
time="2026-10-02T12:31:08-05:00" level=warning msg="Print off screen. y=209 height=75"
time="2026-10-02T12:31:08-05:00" level=warning msg="Print off screen. y=210 height=75"
time="2026-10-02T12:31:08-05:00" level=warning msg="Print off screen. y=211 height=75"
time="2026-10-02T12:31:08-05:00" level=warning msg="Print off screen. y=212 height=75"
time="2026-10-02T12:31:08-05:00" level=warning msg="Print off screen. y=213 height=75"
time="2026-10-02T12:31:08-05:00" level=warning msg="Print off screen. y=214 height=75"
time="2026-10-02T12:31:08-05:00" level=warning msg="Print off screen. y=215 height=75"
time="2026-10-02T12:31:08-05:00" level=warning msg="Print off screen. y=216 height=75"
time="2026-10-02T12:31:08-05:00" level=warning msg="Print off screen. y=217 height=75"
time="2026-10-02T12:31:08-05:00" level=warning msg="Print off screen. y=218 height=75"
time="2026-10-02T12:31:08-05:00" level=warning msg="Print off screen. y=219 height=75"
time="2026-10-02T12:31:08-05:00" level=warning msg="Print off screen. y=220 height=75"
time="2026-10-02T12:31:08-05:00" level=warning msg="Print off screen. y=221 height=75"
time="2026-10-02T12:31:08-05:00" level=warning msg="Print off screen. y=222 height=75"
time="2026-10-02T12:31:08-05:00" level=warning msg="Print off screen. y=223 height=75"
time="2026-10-02T12:31:08-05:00" level=warning msg="Print off screen. y=224 height=75"
time="2026-10-02T12:31:08-05:00" level=warning msg="Print off screen. y=225 height=75"
time="2026-10-02T12:31:08-05:00" level=warning msg="Print off screen. y=226 height=75"
time="2026-10-02T12:31:08-05:00" level=warning msg="Print off screen. y=227 height=75"
time="2026-10-02T12:31:08-05:00" level=warning msg="Print off screen. y=228 height=75"
time="2026-10-02T12:31:08-05:00" level=warning msg="Print off screen. y=229 height=75"
time="2026-10-02T12:31:08-05:00" level=warning msg="Print off screen. y=230 height=75"
time="2026-10-02T12:31:08-05:00" level=warning msg="Print off screen. y=231 height=75"
time="2026-10-02T12:31:08-05:00" level=warning msg="Print off screen. y=232 height=75"
time="2026-10-02T12:31:08-05:00" level=warning msg="Print off screen. y=233 height=75"
time="2026-10-02T12:31:08-05:00" level=warning msg="Print off screen. y=234 height=75"
time="2026-10-02T12:31:08-05:00" level=warning msg="Print off screen. y=235 height=75"
time="2026-10-02T12:31:08-05:00" level=warning msg="Print off screen. y=236 height=75"
time="2026-10-02T12:31:08-05:00" level=warning msg="Print off screen. y=237 height=75"
time="2026-10-02T12:31:08-05:00" level=warning msg="Print off screen. y=238 height=75"
time="2026-10-02T12:31:08-05:00" level=warning msg="Print off screen. y=239 height=75"
time="2026-10-02T12:31:08-05:00" level=warning msg="Print off screen. y=240 height=75"
time="2026-10-02T12:31:08-05:00" level=warning msg="Print off screen. y=241 height=75"
time="2026-10-02T12:31:08-05:00" level=warning msg="Print off screen. y=242 height=75"
time="2026-10-02T12:31:08-05:00" level=warning msg="Print off screen. y=243 height=75"
time="2026-10-02T12:31:08-05:00" level=warning msg="Print off screen. y=244 height=75"
time="2026-10-02T12:31:08-05:00" level=warning msg="Print off screen. y=245 height=75"
time="2026-10-02T12:31:08-05:00" level=warning msg="Print off screen. y=246 height=75"
time="2026-10-02T12:31:08-05:00" level=warning msg="Print off screen. y=247 height=75"
time="2026-10-02T12:31:08-05:00" level=warning msg="Print off screen. y=248 height=75"
time="2026-10-02T12:31:08-05:00" level=warning msg="Print off screen. y=249 height=75"
time="2026-10-02T12:31:08-05:00" level=warning msg="Print off screen. y=250 height=75"
time="2026-10-02T12:31:08-05:00" level=warning msg="Print off screen. y=251 height=75"
time="2026-10-02T12:31:08-05:00" level=warning msg="Print off screen. y=252 height=75"
time="2026-10-02T12:31:08-05:00" level=warning msg="Print off screen. y=253 height=75"
time="2026-10-02T12:31:08-05:00" level=warning msg="Print off screen. y=254 height=75"
time="2026-10-02T12:31:08-05:00" level=warning msg="Print off screen. y=255 height=75"
time="2026-10-02T12:31:08-05:00" level=warning msg="Print off screen. y=256 height=75"
time="2026-10-02T12:31:08-05:00" level=warning msg="Print off screen. y=257 height=75"
time="2026-10-02T12:31:08-05:00" level=warning msg="Print off screen. y=258 height=75"
time="2026-10-02T12:31:08-05:00" level=warning msg="Print off screen. y=259 height=75"
time="2026-10-02T12:31:08-05:00" level=warning msg="Print off screen. y=260 height=75"
time="2026-10-02T12:31:08-05:00" level=warning msg="Print off screen. y=261 height=75"
time="2026-10-02T12:31:08-05:00" level=warning msg="Print off screen. y=262 height=75"
time="2026-10-02T12:31:08-05:00" level=warning msg="Print off screen. y=263 height=75"
time="2026-10-02T12:31:08-05:00" level=warning msg="Print off screen. y=264 height=75"
time="2026-10-02T12:31:08-05:00" level=warning msg="Print off screen. y=265 height=75"
time="2026-10-02T12:31:08-05:00" level=warning msg="Print off screen. y=266 height=75"
time="2026-10-02T12:31:08-05:00" level=warning msg="Print off screen. y=267 height=75"
time="2026-10-02T12:31:08-05:00" level=warning msg="Print off screen. y=268 height=75"
time="2026-10-02T12:31:08-05:00" level=warning msg="Print off screen. y=269 height=75"
time="2026-10-02T12:31:08-05:00" level=warning msg="Print off screen. y=270 height=75"
time="2026-10-02T12:31:08-05:00" level=warning msg="Print off screen. y=271 height=75"
time="2026-10-02T12:31:08-05:00" level=warning msg="Print off screen. y=75 height=75"
time="2026-10-02T12:31:08-05:00" level=warning msg="Print off screen. y=76 height=75"
time="2026-10-02T12:31:08-05:00" level=warning msg="Print off screen. y=77 height=75"
time="2026-10-02T12:31:08-05:00" level=warning msg="Print off screen. y=78 height=75"
time="2026-10-02T12:31:08-05:00" level=warning msg="Print off screen. y=79 height=75"
time="2026-10-02T12:31:08-05:00" level=warning msg="Print off screen. y=80 height=75"
time="2026-10-02T12:31:08-05:00" level=warning msg="Print off screen. y=81 height=75"
time="2026-10-02T12:31:08-05:00" level=warning msg="Print off screen. y=82 height=75"
time="2026-10-02T12:31:08-05:00" level=warning msg="Print off screen. y=83 height=75"
time="2026-10-02T12:31:08-05:00" level=warning msg="Print off screen. y=84 height=75"
time="2026-10-02T12:31:08-05:00" level=warning msg="Print off screen. y=85 height=75"
time="2026-10-02T12:31:08-05:00" level=warning msg="Print off screen. y=86 height=75"
time="2026-10-02T12:31:08-05:00" level=warning msg="Print off screen. y=87 height=75"
time="2026-10-02T12:31:08-05:00" level=warning msg="Print off screen. y=88 height=75"
time="2026-10-02T12:31:08-05:00" level=warning msg="Print off screen. y=89 height=75"
time="2026-10-02T12:31:08-05:00" level=warning msg="Print off screen. y=90 height=75"
time="2026-10-02T12:31:08-05:00" level=warning msg="Print off screen. y=91 height=75"
time="2026-10-02T12:31:08-05:00" level=warning msg="Print off screen. y=92 height=75"
time="2026-10-02T12:31:08-05:00" level=warning msg="Print off screen. y=93 height=75"
time="2026-10-02T12:31:08-05:00" level=warning msg="Print off screen. y=94 height=75"
time="2026-10-02T12:31:08-05:00" level=warning msg="Print off screen. y=95 height=75"
time="2026-10-02T12:31:08-05:00" level=warning msg="Print off screen. y=96 height=75"
time="2026-10-02T12:31:08-05:00" level=warning msg="Print off screen. y=97 height=75"
time="2026-10-02T12:31:08-05:00" level=warning msg="Print off screen. y=98 height=75"
time="2026-10-02T12:31:08-05:00" level=warning msg="Print off screen. y=99 height=75"
time="2026-10-02T12:31:08-05:00" level=warning msg="Print off screen. y=100 height=75"
time="2026-10-02T12:31:08-05:00" level=warning msg="Print off screen. y=101 height=75"
time="2026-10-02T12:31:08-05:00" level=warning msg="Print off screen. y=102 height=75"
time="2026-10-02T12:31:08-05:00" level=warning msg="Print off screen. y=103 height=75"
time="2026-10-02T12:31:08-05:00" level=warning msg="Print off screen. y=104 height=75"
time="2026-10-02T12:31:08-05:00" level=warning msg="Print off screen. y=105 height=75"
time="2026-10-02T12:31:08-05:00" level=warning msg="Print off screen. y=106 height=75"
time="2026-10-02T12:31:08-05:00" level=warning msg="Print off screen. y=107 height=75"
time="2026-10-02T12:31:08-05:00" level=warning msg="Print off screen. y=108 height=75"
time="2026-10-02T12:31:08-05:00" level=warning msg="Print off screen. y=109 height=75"
time="2026-10-02T12:31:08-05:00" level=warning msg="Print off screen. y=110 height=75"
time="2026-10-02T12:31:08-05:00" level=warning msg="Print off screen. y=111 height=75"
time="2026-10-02T12:31:08-05:00" level=warning msg="Print off screen. y=112 height=75"
time="2026-10-02T12:31:08-05:00" level=warning msg="Print off screen. y=113 height=75"
time="2026-10-02T12:31:08-05:00" level=warning msg="Print off screen. y=114 height=75"
time="2026-10-02T12:31:08-05:00" level=warning msg="Print off screen. y=115 height=75"
time="2026-10-02T12:31:08-05:00" level=warning msg="Print off screen. y=116 height=75"
time="2026-10-02T12:31:08-05:00" level=warning msg="Print off screen. y=117 height=75"
time="2026-10-02T12:31:08-05:00" level=warning msg="Print off screen. y=118 height=75"
time="2026-10-02T12:31:08-05:00" level=warning msg="Print off screen. y=119 height=75"
time="2026-10-02T12:31:08-05:00" level=warning msg="Print off screen. y=120 height=75"
time="2026-10-02T12:31:08-05:00" level=warning msg="Print off screen. y=121 height=75"
time="2026-10-02T12:31:08-05:00" level=warning msg="Print off screen. y=122 height=75"
time="2026-10-02T12:31:08-05:00" level=warning msg="Print off screen. y=123 height=75"
time="2026-10-02T12:31:08-05:00" level=warning msg="Print off screen. y=124 height=75"
time="2026-10-02T12:31:08-05:00" level=warning msg="Print off screen. y=125 height=75"
time="2026-10-02T12:31:08-05:00" level=warning msg="Print off screen. y=126 height=75"
time="2026-10-02T12:31:08-05:00" level=warning msg="Print off screen. y=127 height=75"
time="2026-10-02T12:31:08-05:00" level=warning msg="Print off screen. y=128 height=75"
time="2026-10-02T12:31:08-05:00" level=warning msg="Print off screen. y=129 height=75"
time="2026-10-02T12:31:08-05:00" level=warning msg="Print off screen. y=130 height=75"
time="2026-10-02T12:31:08-05:00" level=warning msg="Print off screen. y=131 height=75"
time="2026-10-02T12:31:08-05:00" level=warning msg="Print off screen. y=132 height=75"
time="2026-10-02T12:31:08-05:00" level=warning msg="Print off screen. y=133 height=75"
time="2026-10-02T12:31:08-05:00" level=warning msg="Print off screen. y=134 height=75"
time="2026-10-02T12:31:08-05:00" level=warning msg="Print off screen. y=135 height=75"
time="2026-10-02T12:31:08-05:00" level=warning msg="Print off screen. y=136 height=75"
time="2026-10-02T12:31:08-05:00" level=warning msg="Print off screen. y=137 height=75"
time="2026-10-02T12:31:08-05:00" level=warning msg="Print off screen. y=138 height=75"
time="2026-10-02T12:31:08-05:00" level=warning msg="Print off screen. y=139 height=75"
time="2026-10-02T12:31:08-05:00" level=warning msg="Print off screen. y=140 height=75"
time="2026-10-02T12:31:08-05:00" level=warning msg="Print off screen. y=141 height=75"
time="2026-10-02T12:31:08-05:00" level=warning msg="Print off screen. y=142 height=75"
time="2026-10-02T12:31:08-05:00" level=warning msg="Print off screen. y=143 height=75"
time="2026-10-02T12:31:08-05:00" level=warning msg="Print off screen. y=144 height=75"
time="2026-10-02T12:31:08-05:00" level=warning msg="Print off screen. y=145 height=75"
time="2026-10-02T12:31:08-05:00" level=warning msg="Print off screen. y=146 height=75"
time="2026-10-02T12:31:08-05:00" level=warning msg="Print off screen. y=147 height=75"
time="2026-10-02T12:31:08-05:00" level=warning msg="Print off screen. y=148 height=75"
time="2026-10-02T12:31:08-05:00" level=warning msg="Print off screen. y=149 height=75"
time="2026-10-02T12:31:08-05:00" level=warning msg="Print off screen. y=150 height=75"
time="2026-10-02T12:31:08-05:00" level=warning msg="Print off screen. y=151 height=75"
time="2026-10-02T12:31:08-05:00" level=warning msg="Print off screen. y=152 height=75"
time="2026-10-02T12:31:08-05:00" level=warning msg="Print off screen. y=153 height=75"
time="2026-10-02T12:31:08-05:00" level=warning msg="Print off screen. y=154 height=75"
time="2026-10-02T12:31:08-05:00" level=warning msg="Print off screen. y=155 height=75"
time="2026-10-02T12:31:08-05:00" level=warning msg="Print off screen. y=156 height=75"
time="2026-10-02T12:31:08-05:00" level=warning msg="Print off screen. y=157 height=75"
time="2026-10-02T12:31:08-05:00" level=warning msg="Print off screen. y=158 height=75"
time="2026-10-02T12:31:08-05:00" level=warning msg="Print off screen. y=159 height=75"
time="2026-10-02T12:31:08-05:00" level=warning msg="Print off screen. y=160 height=75"
time="2026-10-02T12:31:08-05:00" level=warning msg="Print off screen. y=161 height=75"
time="2026-10-02T12:31:08-05:00" level=warning msg="Print off screen. y=162 height=75"
time="2026-10-02T12:31:08-05:00" level=warning msg="Print off screen. y=163 height=75"
time="2026-10-02T12:31:08-05:00" level=warning msg="Print off screen. y=164 height=75"
time="2026-10-02T12:31:08-05:00" level=warning msg="Print off screen. y=165 height=75"
time="2026-10-02T12:31:08-05:00" level=warning msg="Print off screen. y=166 height=75"
time="2026-10-02T12:31:08-05:00" level=warning msg="Print off screen. y=167 height=75"
time="2026-10-02T12:31:08-05:00" level=warning msg="Print off screen. y=168 height=75"
time="2026-10-02T12:31:08-05:00" level=warning msg="Print off screen. y=169 height=75"
time="2026-10-02T12:31:08-05:00" level=warning msg="Print off screen. y=170 height=75"
time="2026-10-02T12:31:08-05:00" level=warning msg="Print off screen. y=171 height=75"
time="2026-10-02T12:31:08-05:00" level=warning msg="Print off screen. y=172 height=75"
time="2026-10-02T12:31:08-05:00" level=warning msg="Print off screen. y=173 height=75"
time="2026-10-02T12:31:08-05:00" level=warning msg="Print off screen. y=174 height=75"
time="2026-10-02T12:31:08-05:00" level=warning msg="Print off screen. y=175 height=75"
time="2026-10-02T12:31:08-05:00" level=warning msg="Print off screen. y=176 height=75"
time="2026-10-02T12:31:08-05:00" level=warning msg="Print off screen. y=177 height=75"
time="2026-10-02T12:31:08-05:00" level=warning msg="Print off screen. y=178 height=75"
time="2026-10-02T12:31:08-05:00" level=warning msg="Print off screen. y=179 height=75"
time="2026-10-02T12:31:08-05:00" level=warning msg="Print off screen. y=180 height=75"
time="2026-10-02T12:31:08-05:00" level=warning msg="Print off screen. y=181 height=75"
time="2026-10-02T12:31:08-05:00" level=warning msg="Print off screen. y=182 height=75"
time="2026-10-02T12:31:08-05:00" level=warning msg="Print off screen. y=183 height=75"
time="2026-10-02T12:31:08-05:00" level=warning msg="Print off screen. y=184 height=75"
time="2026-10-02T12:31:08-05:00" level=warning msg="Print off screen. y=185 height=75"
time="2026-10-02T12:31:08-05:00" level=warning msg="Print off screen. y=186 height=75"
time="2026-10-02T12:31:08-05:00" level=warning msg="Print off screen. y=187 height=75"
time="2026-10-02T12:31:08-05:00" level=warning msg="Print off screen. y=188 height=75"
time="2026-10-02T12:31:08-05:00" level=warning msg="Print off screen. y=189 height=75"
time="2026-10-02T12:31:08-05:00" level=warning msg="Print off screen. y=190 height=75"
time="2026-10-02T12:31:08-05:00" level=warning msg="Print off screen. y=191 height=75"
time="2026-10-02T12:31:08-05:00" level=warning msg="Print off screen. y=192 height=75"
time="2026-10-02T12:31:08-05:00" level=warning msg="Print off screen. y=193 height=75"
time="2026-10-02T12:31:08-05:00" level=warning msg="Print off screen. y=194 height=75"
time="2026-10-02T12:31:08-05:00" level=warning msg="Print off screen. y=195 height=75"
time="2026-10-02T12:31:08-05:00" level=warning msg="Print off screen. y=196 height=75"
time="2026-10-02T12:31:08-05:00" level=warning msg="Print off screen. y=197 height=75"
time="2026-10-02T12:31:08-05:00" level=warning msg="Print off screen. y=198 height=75"
time="2026-10-02T12:31:08-05:00" level=warning msg="Print off screen. y=199 height=75"
time="2026-10-02T12:31:08-05:00" level=warning msg="Print off screen. y=200 height=75"
time="2026-10-02T12:31:08-05:00" level=warning msg="Print off screen. y=201 height=75"
time="2026-10-02T12:31:08-05:00" level=warning msg="Print off screen. y=202 height=75"
time="2026-10-02T12:31:08-05:00" level=warning msg="Print off screen. y=203 height=75"
time="2026-10-02T12:31:08-05:00" level=warning msg="Print off screen. y=204 height=75"
time="2026-10-02T12:31:08-05:00" level=warning msg="Print off screen. y=205 height=75"
time="2026-10-02T12:31:08-05:00" level=warning msg="Print off screen. y=206 height=75"
time="2026-10-02T12:31:08-05:00" level=warning msg="Print off screen. y=207 height=75"
time="2026-10-02T12:31:08-05:00" level=warning msg="Print off screen. y=208 height=75"
time="2026-10-02T12:31:08-05:00" level=warning msg="Print off screen. y=209 height=75"
time="2026-10-02T12:31:08-05:00" level=warning msg="Print off screen. y=210 height=75"
time="2026-10-02T12:31:08-05:00" level=warning msg="Print off screen. y=211 height=75"
time="2026-10-02T12:31:08-05:00" level=warning msg="Print off screen. y=212 height=75"
time="2026-10-02T12:31:08-05:00" level=warning msg="Print off screen. y=213 height=75"
time="2026-10-02T12:31:08-05:00" level=warning msg="Print off screen. y=214 height=75"
time="2026-10-02T12:31:08-05:00" level=warning msg="Print off screen. y=215 height=75"
time="2026-10-02T12:31:08-05:00" level=warning msg="Print off screen. y=216 height=75"
time="2026-10-02T12:31:08-05:00" level=warning msg="Print off screen. y=217 height=75"
time="2026-10-02T12:31:08-05:00" level=warning msg="Print off screen. y=218 height=75"
time="2026-10-02T12:31:08-05:00" level=warning msg="Print off screen. y=219 height=75"
time="2026-10-02T12:31:08-05:00" level=warning msg="Print off screen. y=220 height=75"
time="2026-10-02T12:31:08-05:00" level=warning msg="Print off screen. y=221 height=75"
time="2026-10-02T12:31:08-05:00" level=warning msg="Print off screen. y=222 height=75"
time="2026-10-02T12:31:08-05:00" level=warning msg="Print off screen. y=223 height=75"
time="2026-10-02T12:31:08-05:00" level=warning msg="Print off screen. y=224 height=75"
time="2026-10-02T12:31:08-05:00" level=warning msg="Print off screen. y=225 height=75"
time="2026-10-02T12:31:08-05:00" level=warning msg="Print off screen. y=226 height=75"
time="2026-10-02T12:31:08-05:00" level=warning msg="Print off screen. y=227 height=75"
time="2026-10-02T12:31:08-05:00" level=warning msg="Print off screen. y=228 height=75"
time="2026-10-02T12:31:08-05:00" level=warning msg="Print off screen. y=229 height=75"
time="2026-10-02T12:31:08-05:00" level=warning msg="Print off screen. y=230 height=75"
time="2026-10-02T12:31:08-05:00" level=warning msg="Print off screen. y=231 height=75"
time="2026-10-02T12:31:08-05:00" level=warning msg="Print off screen. y=232 height=75"
time="2026-10-02T12:31:08-05:00" level=warning msg="Print off screen. y=233 height=75"
time="2026-10-02T12:31:08-05:00" level=warning msg="Print off screen. y=234 height=75"
time="2026-10-02T12:31:08-05:00" level=warning msg="Print off screen. y=235 height=75"
time="2026-10-02T12:31:08-05:00" level=warning msg="Print off screen. y=236 height=75"
time="2026-10-02T12:31:08-05:00" level=warning msg="Print off screen. y=237 height=75"
time="2026-10-02T12:31:08-05:00" level=warning msg="Print off screen. y=238 height=75"
time="2026-10-02T12:31:08-05:00" level=warning msg="Print off screen. y=239 height=75"
time="2026-10-02T12:31:08-05:00" level=warning msg="Print off screen. y=240 height=75"
time="2026-10-02T12:31:08-05:00" level=warning msg="Print off screen. y=241 height=75"
time="2026-10-02T12:31:08-05:00" level=warning msg="Print off screen. y=242 height=75"
time="2026-10-02T12:31:08-05:00" level=warning msg="Print off screen. y=243 height=75"
time="2026-10-02T12:31:08-05:00" level=warning msg="Print off screen. y=244 height=75"
time="2026-10-02T12:31:08-05:00" level=warning msg="Print off screen. y=245 height=75"
time="2026-10-02T12:31:08-05:00" level=warning msg="Print off screen. y=246 height=75"
time="2026-10-02T12:31:08-05:00" level=warning msg="Print off screen. y=247 height=75"
time="2026-10-02T12:31:08-05:00" level=warning msg="Print off screen. y=248 height=75"
time="2026-10-02T12:31:08-05:00" level=warning msg="Print off screen. y=249 height=75"
time="2026-10-02T12:31:08-05:00" level=warning msg="Print off screen. y=250 height=75"
time="2026-10-02T12:31:08-05:00" level=warning msg="Print off screen. y=251 height=75"
time="2026-10-02T12:31:08-05:00" level=warning msg="Print off screen. y=252 height=75"
time="2026-10-02T12:31:08-05:00" level=warning msg="Print off screen. y=253 height=75"
time="2026-10-02T12:31:08-05:00" level=warning msg="Print off screen. y=254 height=75"
time="2026-10-02T12:31:08-05:00" level=warning msg="Print off screen. y=255 height=75"
time="2026-10-02T12:31:08-05:00" level=warning msg="Print off screen. y=256 height=75"
time="2026-10-02T12:31:08-05:00" level=warning msg="Print off screen. y=257 height=75"
time="2026-10-02T12:31:08-05:00" level=warning msg="Print off screen. y=258 height=75"
time="2026-10-02T12:31:08-05:00" level=warning msg="Print off screen. y=259 height=75"
time="2026-10-02T12:31:08-05:00" level=warning msg="Print off screen. y=260 height=75"
time="2026-10-02T12:31:08-05:00" level=warning msg="Print off screen. y=261 height=75"
time="2026-10-02T12:31:08-05:00" level=warning msg="Print off screen. y=262 height=75"
time="2026-10-02T12:31:08-05:00" level=warning msg="Print off screen. y=263 height=75"
time="2026-10-02T12:31:08-05:00" level=warning msg="Print off screen. y=264 height=75"
time="2026-10-02T12:31:08-05:00" level=warning msg="Print off screen. y=265 height=75"
time="2026-10-02T12:31:08-05:00" level=warning msg="Print off screen. y=266 height=75"
time="2026-10-02T12:31:08-05:00" level=warning msg="Print off screen. y=267 height=75"
time="2026-10-02T12:31:08-05:00" level=warning msg="Print off screen. y=268 height=75"
time="2026-10-02T12:31:08-05:00" level=warning msg="Print off screen. y=269 height=75"
time="2026-10-02T12:31:08-05:00" level=warning msg="Print off screen. y=270 height=75"
time="2026-10-02T12:31:08-05:00" level=warning msg="Print off screen. y=271 height=75"
time="2026-10-02T12:31:08-05:00" level=info msg="Loaded correspondents"
time="2026-10-02T12:31:09-05:00" level=warning msg="Print off screen. y=75 height=75"
time="2026-10-02T12:31:09-05:00" level=warning msg="Print off screen. y=76 height=75"
time="2026-10-02T12:31:09-05:00" level=warning msg="Print off screen. y=77 height=75"
time="2026-10-02T12:31:09-05:00" level=warning msg="Print off screen. y=78 height=75"
time="2026-10-02T12:31:09-05:00" level=warning msg="Print off screen. y=79 height=75"
time="2026-10-02T12:31:09-05:00" level=warning msg="Print off screen. y=80 height=75"
time="2026-10-02T12:31:09-05:00" level=warning msg="Print off screen. y=81 height=75"
time="2026-10-02T12:31:09-05:00" level=warning msg="Print off screen. y=82 height=75"
time="2026-10-02T12:31:09-05:00" level=warning msg="Print off screen. y=83 height=75"
time="2026-10-02T12:31:09-05:00" level=warning msg="Print off screen. y=84 height=75"
time="2026-10-02T12:31:09-05:00" level=warning msg="Print off screen. y=85 height=75"
time="2026-10-02T12:31:09-05:00" level=warning msg="Print off screen. y=86 height=75"
time="2026-10-02T12:31:09-05:00" level=warning msg="Print off screen. y=87 height=75"
time="2026-10-02T12:31:09-05:00" level=warning msg="Print off screen. y=88 height=75"
time="2026-10-02T12:31:09-05:00" level=warning msg="Print off screen. y=89 height=75"
time="2026-10-02T12:31:09-05:00" level=warning msg="Print off screen. y=90 height=75"
time="2026-10-02T12:31:09-05:00" level=warning msg="Print off screen. y=91 height=75"
time="2026-10-02T12:31:09-05:00" level=warning msg="Print off screen. y=92 height=75"
time="2026-10-02T12:31:09-05:00" level=warning msg="Print off screen. y=93 height=75"
time="2026-10-02T12:31:09-05:00" level=warning msg="Print off screen. y=94 height=75"
time="2026-10-02T12:31:09-05:00" level=warning msg="Print off screen. y=95 height=75"
time="2026-10-02T12:31:09-05:00" level=warning msg="Print off screen. y=96 height=75"
time="2026-10-02T12:31:09-05:00" level=warning msg="Print off screen. y=97 height=75"
time="2026-10-02T12:31:09-05:00" level=warning msg="Print off screen. y=98 height=75"
time="2026-10-02T12:31:09-05:00" level=warning msg="Print off screen. y=99 height=75"
time="2026-10-02T12:31:09-05:00" level=warning msg="Print off screen. y=100 height=75"
time="2026-10-02T12:31:09-05:00" level=warning msg="Print off screen. y=101 height=75"
time="2026-10-02T12:31:09-05:00" level=warning msg="Print off screen. y=102 height=75"
time="2026-10-02T12:31:09-05:00" level=warning msg="Print off screen. y=103 height=75"
time="2026-10-02T12:31:09-05:00" level=warning msg="Print off screen. y=104 height=75"
time="2026-10-02T12:31:09-05:00" level=warning msg="Print off screen. y=105 height=75"
time="2026-10-02T12:31:09-05:00" level=warning msg="Print off screen. y=106 height=75"
time="2026-10-02T12:31:09-05:00" level=warning msg="Print off screen. y=107 height=75"
time="2026-10-02T12:31:09-05:00" level=warning msg="Print off screen. y=108 height=75"
time="2026-10-02T12:31:09-05:00" level=warning msg="Print off screen. y=109 height=75"
time="2026-10-02T12:31:09-05:00" level=warning msg="Print off screen. y=110 height=75"
time="2026-10-02T12:31:09-05:00" level=warning msg="Print off screen. y=111 height=75"
time="2026-10-02T12:31:09-05:00" level=warning msg="Print off screen. y=112 height=75"
time="2026-10-02T12:31:09-05:00" level=warning msg="Print off screen. y=113 height=75"
time="2026-10-02T12:31:09-05:00" level=warning msg="Print off screen. y=114 height=75"
time="2026-10-02T12:31:09-05:00" level=warning msg="Print off screen. y=115 height=75"
time="2026-10-02T12:31:09-05:00" level=warning msg="Print off screen. y=116 height=75"
time="2026-10-02T12:31:09-05:00" level=warning msg="Print off screen. y=117 height=75"
time="2026-10-02T12:31:09-05:00" level=warning msg="Print off screen. y=118 height=75"
time="2026-10-02T12:31:09-05:00" level=warning msg="Print off screen. y=119 height=75"
time="2026-10-02T12:31:09-05:00" level=warning msg="Print off screen. y=120 height=75"
time="2026-10-02T12:31:09-05:00" level=warning msg="Print off screen. y=121 height=75"
time="2026-10-02T12:31:09-05:00" level=warning msg="Print off screen. y=122 height=75"
time="2026-10-02T12:31:09-05:00" level=warning msg="Print off screen. y=123 height=75"
time="2026-10-02T12:31:09-05:00" level=warning msg="Print off screen. y=124 height=75"
time="2026-10-02T12:31:09-05:00" level=warning msg="Print off screen. y=125 height=75"
time="2026-10-02T12:31:09-05:00" level=warning msg="Print off screen. y=126 height=75"
time="2026-10-02T12:31:09-05:00" level=warning msg="Print off screen. y=127 height=75"
time="2026-10-02T12:31:09-05:00" level=warning msg="Print off screen. y=128 height=75"
time="2026-10-02T12:31:09-05:00" level=warning msg="Print off screen. y=129 height=75"
time="2026-10-02T12:31:09-05:00" level=warning msg="Print off screen. y=130 height=75"
time="2026-10-02T12:31:09-05:00" level=warning msg="Print off screen. y=131 height=75"
time="2026-10-02T12:31:09-05:00" level=warning msg="Print off screen. y=132 height=75"
time="2026-10-02T12:31:09-05:00" level=warning msg="Print off screen. y=133 height=75"
time="2026-10-02T12:31:09-05:00" level=warning msg="Print off screen. y=134 height=75"
time="2026-10-02T12:31:09-05:00" level=warning msg="Print off screen. y=135 height=75"
time="2026-10-02T12:31:09-05:00" level=warning msg="Print off screen. y=136 height=75"
time="2026-10-02T12:31:09-05:00" level=warning msg="Print off screen. y=137 height=75"
time="2026-10-02T12:31:09-05:00" level=warning msg="Print off screen. y=138 height=75"
time="2026-10-02T12:31:09-05:00" level=warning msg="Print off screen. y=139 height=75"
time="2026-10-02T12:31:09-05:00" level=warning msg="Print off screen. y=140 height=75"
time="2026-10-02T12:31:09-05:00" level=warning msg="Print off screen. y=141 height=75"
time="2026-10-02T12:31:09-05:00" level=warning msg="Print off screen. y=142 height=75"
time="2026-10-02T12:31:09-05:00" level=warning msg="Print off screen. y=143 height=75"
time="2026-10-02T12:31:09-05:00" level=warning msg="Print off screen. y=144 height=75"
time="2026-10-02T12:31:09-05:00" level=warning msg="Print off screen. y=145 height=75"
time="2026-10-02T12:31:09-05:00" level=warning msg="Print off screen. y=146 height=75"
time="2026-10-02T12:31:09-05:00" level=warning msg="Print off screen. y=147 height=75"
time="2026-10-02T12:31:09-05:00" level=warning msg="Print off screen. y=148 height=75"
time="2026-10-02T12:31:09-05:00" level=warning msg="Print off screen. y=149 height=75"
time="2026-10-02T12:31:09-05:00" level=warning msg="Print off screen. y=150 height=75"
time="2026-10-02T12:31:09-05:00" level=warning msg="Print off screen. y=151 height=75"
time="2026-10-02T12:31:09-05:00" level=warning msg="Print off screen. y=152 height=75"
time="2026-10-02T12:31:09-05:00" level=warning msg="Print off screen. y=153 height=75"
time="2026-10-02T12:31:09-05:00" level=warning msg="Print off screen. y=154 height=75"
time="2026-10-02T12:31:09-05:00" level=warning msg="Print off screen. y=155 height=75"
time="2026-10-02T12:31:09-05:00" level=warning msg="Print off screen. y=156 height=75"
time="2026-10-02T12:31:09-05:00" level=warning msg="Print off screen. y=157 height=75"
time="2026-10-02T12:31:09-05:00" level=warning msg="Print off screen. y=158 height=75"
time="2026-10-02T12:31:09-05:00" level=warning msg="Print off screen. y=159 height=75"
time="2026-10-02T12:31:09-05:00" level=warning msg="Print off screen. y=160 height=75"
time="2026-10-02T12:31:09-05:00" level=warning msg="Print off screen. y=161 height=75"
time="2026-10-02T12:31:09-05:00" level=warning msg="Print off screen. y=162 height=75"
time="2026-10-02T12:31:09-05:00" level=warning msg="Print off screen. y=163 height=75"
time="2026-10-02T12:31:09-05:00" level=warning msg="Print off screen. y=164 height=75"
time="2026-10-02T12:31:09-05:00" level=warning msg="Print off screen. y=165 height=75"
time="2026-10-02T12:31:09-05:00" level=warning msg="Print off screen. y=166 height=75"
time="2026-10-02T12:31:09-05:00" level=warning msg="Print off screen. y=167 height=75"
time="2026-10-02T12:31:09-05:00" level=warning msg="Print off screen. y=168 height=75"
time="2026-10-02T12:31:09-05:00" level=warning msg="Print off screen. y=169 height=75"
time="2026-10-02T12:31:09-05:00" level=warning msg="Print off screen. y=170 height=75"
time="2026-10-02T12:31:09-05:00" level=warning msg="Print off screen. y=171 height=75"
time="2026-10-02T12:31:09-05:00" level=warning msg="Print off screen. y=172 height=75"
time="2026-10-02T12:31:09-05:00" level=warning msg="Print off screen. y=173 height=75"
time="2026-10-02T12:31:09-05:00" level=warning msg="Print off screen. y=174 height=75"
time="2026-10-02T12:31:09-05:00" level=warning msg="Print off screen. y=175 height=75"
time="2026-10-02T12:31:09-05:00" level=warning msg="Print off screen. y=176 height=75"
time="2026-10-02T12:31:09-05:00" level=warning msg="Print off screen. y=177 height=75"
time="2026-10-02T12:31:09-05:00" level=warning msg="Print off screen. y=178 height=75"
time="2026-10-02T12:31:09-05:00" level=warning msg="Print off screen. y=179 height=75"
time="2026-10-02T12:31:09-05:00" level=warning msg="Print off screen. y=180 height=75"
time="2026-10-02T12:31:09-05:00" level=warning msg="Print off screen. y=181 height=75"
time="2026-10-02T12:31:09-05:00" level=warning msg="Print off screen. y=182 height=75"
time="2026-10-02T12:31:09-05:00" level=warning msg="Print off screen. y=183 height=75"
time="2026-10-02T12:31:09-05:00" level=warning msg="Print off screen. y=184 height=75"
time="2026-10-02T12:31:09-05:00" level=warning msg="Print off screen. y=185 height=75"
time="2026-10-02T12:31:09-05:00" level=warning msg="Print off screen. y=186 height=75"
time="2026-10-02T12:31:09-05:00" level=warning msg="Print off screen. y=187 height=75"
time="2026-10-02T12:31:09-05:00" level=warning msg="Print off screen. y=188 height=75"
time="2026-10-02T12:31:09-05:00" level=warning msg="Print off screen. y=189 height=75"
time="2026-10-02T12:31:09-05:00" level=warning msg="Print off screen. y=190 height=75"
time="2026-10-02T12:31:09-05:00" level=warning msg="Print off screen. y=191 height=75"
time="2026-10-02T12:31:09-05:00" level=warning msg="Print off screen. y=192 height=75"
time="2026-10-02T12:31:09-05:00" level=warning msg="Print off screen. y=193 height=75"
time="2026-10-02T12:31:09-05:00" level=warning msg="Print off screen. y=194 height=75"
time="2026-10-02T12:31:09-05:00" level=warning msg="Print off screen. y=195 height=75"
time="2026-10-02T12:31:09-05:00" level=warning msg="Print off screen. y=196 height=75"
time="2026-10-02T12:31:09-05:00" level=warning msg="Print off screen. y=197 height=75"
time="2026-10-02T12:31:09-05:00" level=warning msg="Print off screen. y=198 height=75"
time="2026-10-02T12:31:09-05:00" level=warning msg="Print off screen. y=199 height=75"
time="2026-10-02T12:31:09-05:00" level=warning msg="Print off screen. y=200 height=75"
time="2026-10-02T12:31:09-05:00" level=warning msg="Print off screen. y=201 height=75"
time="2026-10-02T12:31:09-05:00" level=warning msg="Print off screen. y=202 height=75"
time="2026-10-02T12:31:09-05:00" level=warning msg="Print off screen. y=203 height=75"
time="2026-10-02T12:31:09-05:00" level=warning msg="Print off screen. y=204 height=75"
time="2026-10-02T12:31:09-05:00" level=warning msg="Print off screen. y=205 height=75"
time="2026-10-02T12:31:09-05:00" level=warning msg="Print off screen. y=206 height=75"
time="2026-10-02T12:31:09-05:00" level=warning msg="Print off screen. y=207 height=75"
time="2026-10-02T12:31:09-05:00" level=warning msg="Print off screen. y=208 height=75"
time="2026-10-02T12:31:09-05:00" level=warning msg="Print off screen. y=209 height=75"
time="2026-10-02T12:31:09-05:00" level=warning msg="Print off screen. y=210 height=75"
time="2026-10-02T12:31:09-05:00" level=warning msg="Print off screen. y=211 height=75"
time="2026-10-02T12:31:09-05:00" level=warning msg="Print off screen. y=212 height=75"
time="2026-10-02T12:31:09-05:00" level=warning msg="Print off screen. y=213 height=75"
time="2026-10-02T12:31:09-05:00" level=warning msg="Print off screen. y=214 height=75"
time="2026-10-02T12:31:09-05:00" level=warning msg="Print off screen. y=215 height=75"
time="2026-10-02T12:31:09-05:00" level=warning msg="Print off screen. y=216 height=75"
time="2026-10-02T12:31:09-05:00" level=warning msg="Print off screen. y=217 height=75"
time="2026-10-02T12:31:09-05:00" level=warning msg="Print off screen. y=218 height=75"
time="2026-10-02T12:31:09-05:00" level=warning msg="Print off screen. y=219 height=75"
time="2026-10-02T12:31:09-05:00" level=warning msg="Print off screen. y=220 height=75"
time="2026-10-02T12:31:09-05:00" level=warning msg="Print off screen. y=221 height=75"
time="2026-10-02T12:31:09-05:00" level=warning msg="Print off screen. y=222 height=75"
time="2026-10-02T12:31:09-05:00" level=warning msg="Print off screen. y=223 height=75"
time="2026-10-02T12:31:09-05:00" level=warning msg="Print off screen. y=224 height=75"
time="2026-10-02T12:31:09-05:00" level=warning msg="Print off screen. y=225 height=75"
time="2026-10-02T12:31:09-05:00" level=warning msg="Print off screen. y=226 height=75"
time="2026-10-02T12:31:09-05:00" level=warning msg="Print off screen. y=227 height=75"
time="2026-10-02T12:31:09-05:00" level=warning msg="Print off screen. y=228 height=75"
time="2026-10-02T12:31:09-05:00" level=warning msg="Print off screen. y=229 height=75"
time="2026-10-02T12:31:09-05:00" level=warning msg="Print off screen. y=230 height=75"
time="2026-10-02T12:31:09-05:00" level=warning msg="Print off screen. y=231 height=75"
time="2026-10-02T12:31:09-05:00" level=warning msg="Print off screen. y=232 height=75"
time="2026-10-02T12:31:09-05:00" level=warning msg="Print off screen. y=233 height=75"
time="2026-10-02T12:31:09-05:00" level=warning msg="Print off screen. y=234 height=75"
time="2026-10-02T12:31:09-05:00" level=warning msg="Print off screen. y=235 height=75"
time="2026-10-02T12:31:09-05:00" level=warning msg="Print off screen. y=236 height=75"
time="2026-10-02T12:31:09-05:00" level=warning msg="Print off screen. y=237 height=75"
time="2026-10-02T12:31:09-05:00" level=warning msg="Print off screen. y=238 height=75"
time="2026-10-02T12:31:09-05:00" level=warning msg="Print off screen. y=239 height=75"
time="2026-10-02T12:31:09-05:00" level=warning msg="Print off screen. y=240 height=75"
time="2026-10-02T12:31:09-05:00" level=warning msg="Print off screen. y=241 height=75"
time="2026-10-02T12:31:09-05:00" level=warning msg="Print off screen. y=242 height=75"
time="2026-10-02T12:31:09-05:00" level=warning msg="Print off screen. y=243 height=75"
time="2026-10-02T12:31:09-05:00" level=warning msg="Print off screen. y=244 height=75"
time="2026-10-02T12:31:09-05:00" level=warning msg="Print off screen. y=245 height=75"
time="2026-10-02T12:31:09-05:00" level=warning msg="Print off screen. y=246 height=75"
time="2026-10-02T12:31:09-05:00" level=warning msg="Print off screen. y=247 height=75"
time="2026-10-02T12:31:09-05:00" level=warning msg="Print off screen. y=248 height=75"
time="2026-10-02T12:31:09-05:00" level=warning msg="Print off screen. y=249 height=75"
time="2026-10-02T12:31:09-05:00" level=warning msg="Print off screen. y=250 height=75"
time="2026-10-02T12:31:09-05:00" level=warning msg="Print off screen. y=251 height=75"
time="2026-10-02T12:31:09-05:00" level=warning msg="Print off screen. y=252 height=75"
time="2026-10-02T12:31:09-05:00" level=warning msg="Print off screen. y=253 height=75"
time="2026-10-02T12:31:09-05:00" level=warning msg="Print off screen. y=254 height=75"
time="2026-10-02T12:31:09-05:00" level=warning msg="Print off screen. y=255 height=75"
time="2026-10-02T12:31:09-05:00" level=warning msg="Print off screen. y=256 height=75"
time="2026-10-02T12:31:09-05:00" level=warning msg="Print off screen. y=257 height=75"
time="2026-10-02T12:31:09-05:00" level=warning msg="Print off screen. y=258 height=75"
time="2026-10-02T12:31:09-05:00" level=warning msg="Print off screen. y=259 height=75"
time="2026-10-02T12:31:09-05:00" level=warning msg="Print off screen. y=260 height=75"
time="2026-10-02T12:31:09-05:00" level=warning msg="Print off screen. y=261 height=75"
time="2026-10-02T12:31:09-05:00" level=warning msg="Print off screen. y=262 height=75"
time="2026-10-02T12:31:09-05:00" level=warning msg="Print off screen. y=263 height=75"
time="2026-10-02T12:31:09-05:00" level=warning msg="Print off screen. y=264 height=75"
time="2026-10-02T12:31:09-05:00" level=warning msg="Print off screen. y=265 height=75"
time="2026-10-02T12:31:09-05:00" level=warning msg="Print off screen. y=266 height=75"
time="2026-10-02T12:31:09-05:00" level=warning msg="Print off screen. y=267 height=75"
time="2026-10-02T12:31:09-05:00" level=warning msg="Print off screen. y=268 height=75"
time="2026-10-02T12:31:09-05:00" level=warning msg="Print off screen. y=269 height=75"
time="2026-10-02T12:31:09-05:00" level=warning msg="Print off screen. y=270 height=75"
time="2026-10-02T12:31:09-05:00" level=warning msg="Print off screen. y=271 height=75"
time="2026-10-02T12:31:10-05:00" level=warning msg="Print off screen. y=75 height=75"
time="2026-10-02T12:31:10-05:00" level=warning msg="Print off screen. y=76 height=75"
time="2026-10-02T12:31:10-05:00" level=warning msg="Print off screen. y=77 height=75"
time="2026-10-02T12:31:10-05:00" level=warning msg="Print off screen. y=78 height=75"
time="2026-10-02T12:31:10-05:00" level=warning msg="Print off screen. y=79 height=75"
time="2026-10-02T12:31:10-05:00" level=warning msg="Print off screen. y=80 height=75"
time="2026-10-02T12:31:10-05:00" level=warning msg="Print off screen. y=81 height=75"
time="2026-10-02T12:31:10-05:00" level=warning msg="Print off screen. y=82 height=75"
time="2026-10-02T12:31:10-05:00" level=warning msg="Print off screen. y=83 height=75"
time="2026-10-02T12:31:10-05:00" level=warning msg="Print off screen. y=84 height=75"
time="2026-10-02T12:31:10-05:00" level=warning msg="Print off screen. y=85 height=75"
time="2026-10-02T12:31:10-05:00" level=warning msg="Print off screen. y=86 height=75"
time="2026-10-02T12:31:10-05:00" level=warning msg="Print off screen. y=87 height=75"
time="2026-10-02T12:31:10-05:00" level=warning msg="Print off screen. y=88 height=75"
time="2026-10-02T12:31:10-05:00" level=warning msg="Print off screen. y=89 height=75"
time="2026-10-02T12:31:10-05:00" level=warning msg="Print off screen. y=90 height=75"
time="2026-10-02T12:31:10-05:00" level=warning msg="Print off screen. y=91 height=75"
time="2026-10-02T12:31:10-05:00" level=warning msg="Print off screen. y=92 height=75"
time="2026-10-02T12:31:10-05:00" level=warning msg="Print off screen. y=93 height=75"
time="2026-10-02T12:31:10-05:00" level=warning msg="Print off screen. y=94 height=75"
time="2026-10-02T12:31:10-05:00" level=warning msg="Print off screen. y=95 height=75"
time="2026-10-02T12:31:10-05:00" level=warning msg="Print off screen. y=96 height=75"
time="2026-10-02T12:31:10-05:00" level=warning msg="Print off screen. y=97 height=75"
time="2026-10-02T12:31:10-05:00" level=warning msg="Print off screen. y=98 height=75"
time="2026-10-02T12:31:10-05:00" level=warning msg="Print off screen. y=99 height=75"
time="2026-10-02T12:31:10-05:00" level=warning msg="Print off screen. y=100 height=75"
time="2026-10-02T12:31:10-05:00" level=warning msg="Print off screen. y=101 height=75"
time="2026-10-02T12:31:10-05:00" level=warning msg="Print off screen. y=102 height=75"
time="2026-10-02T12:31:10-05:00" level=warning msg="Print off screen. y=103 height=75"
time="2026-10-02T12:31:10-05:00" level=warning msg="Print off screen. y=104 height=75"
time="2026-10-02T12:31:10-05:00" level=warning msg="Print off screen. y=105 height=75"
time="2026-10-02T12:31:10-05:00" level=warning msg="Print off screen. y=106 height=75"
time="2026-10-02T12:31:10-05:00" level=warning msg="Print off screen. y=107 height=75"
time="2026-10-02T12:31:10-05:00" level=warning msg="Print off screen. y=108 height=75"
time="2026-10-02T12:31:10-05:00" level=warning msg="Print off screen. y=109 height=75"
time="2026-10-02T12:31:10-05:00" level=warning msg="Print off screen. y=110 height=75"
time="2026-10-02T12:31:10-05:00" level=warning msg="Print off screen. y=111 height=75"
time="2026-10-02T12:31:10-05:00" level=warning msg="Print off screen. y=112 height=75"
time="2026-10-02T12:31:10-05:00" level=warning msg="Print off screen. y=113 height=75"
time="2026-10-02T12:31:10-05:00" level=warning msg="Print off screen. y=114 height=75"
time="2026-10-02T12:31:10-05:00" level=warning msg="Print off screen. y=115 height=75"
time="2026-10-02T12:31:10-05:00" level=warning msg="Print off screen. y=116 height=75"
time="2026-10-02T12:31:10-05:00" level=warning msg="Print off screen. y=117 height=75"
time="2026-10-02T12:31:10-05:00" level=warning msg="Print off screen. y=118 height=75"
time="2026-10-02T12:31:10-05:00" level=warning msg="Print off screen. y=119 height=75"
time="2026-10-02T12:31:10-05:00" level=warning msg="Print off screen. y=120 height=75"
time="2026-10-02T12:31:10-05:00" level=warning msg="Print off screen. y=121 height=75"
time="2026-10-02T12:31:10-05:00" level=warning msg="Print off screen. y=122 height=75"
time="2026-10-02T12:31:10-05:00" level=warning msg="Print off screen. y=123 height=75"
time="2026-10-02T12:31:10-05:00" level=warning msg="Print off screen. y=124 height=75"
time="2026-10-02T12:31:10-05:00" level=warning msg="Print off screen. y=125 height=75"
time="2026-10-02T12:31:10-05:00" level=warning msg="Print off screen. y=126 height=75"
time="2026-10-02T12:31:10-05:00" level=warning msg="Print off screen. y=127 height=75"
time="2026-10-02T12:31:10-05:00" level=warning msg="Print off screen. y=128 height=75"
time="2026-10-02T12:31:10-05:00" level=warning msg="Print off screen. y=129 height=75"
time="2026-10-02T12:31:10-05:00" level=warning msg="Print off screen. y=130 height=75"
time="2026-10-02T12:31:10-05:00" level=warning msg="Print off screen. y=131 height=75"
time="2026-10-02T12:31:10-05:00" level=warning msg="Print off screen. y=132 height=75"
time="2026-10-02T12:31:10-05:00" level=warning msg="Print off screen. y=133 height=75"
time="2026-10-02T12:31:10-05:00" level=warning msg="Print off screen. y=134 height=75"
time="2026-10-02T12:31:10-05:00" level=warning msg="Print off screen. y=135 height=75"
time="2026-10-02T12:31:10-05:00" level=warning msg="Print off screen. y=136 height=75"
time="2026-10-02T12:31:10-05:00" level=warning msg="Print off screen. y=137 height=75"
time="2026-10-02T12:31:10-05:00" level=warning msg="Print off screen. y=138 height=75"
time="2026-10-02T12:31:10-05:00" level=warning msg="Print off screen. y=139 height=75"
time="2026-10-02T12:31:10-05:00" level=warning msg="Print off screen. y=140 height=75"
time="2026-10-02T12:31:10-05:00" level=warning msg="Print off screen. y=141 height=75"
time="2026-10-02T12:31:10-05:00" level=warning msg="Print off screen. y=142 height=75"
time="2026-10-02T12:31:10-05:00" level=warning msg="Print off screen. y=143 height=75"
time="2026-10-02T12:31:10-05:00" level=warning msg="Print off screen. y=144 height=75"
time="2026-10-02T12:31:10-05:00" level=warning msg="Print off screen. y=145 height=75"
time="2026-10-02T12:31:10-05:00" level=warning msg="Print off screen. y=146 height=75"
time="2026-10-02T12:31:10-05:00" level=warning msg="Print off screen. y=147 height=75"
time="2026-10-02T12:31:10-05:00" level=warning msg="Print off screen. y=148 height=75"
time="2026-10-02T12:31:10-05:00" level=warning msg="Print off screen. y=149 height=75"
time="2026-10-02T12:31:10-05:00" level=warning msg="Print off screen. y=150 height=75"
time="2026-10-02T12:31:10-05:00" level=warning msg="Print off screen. y=151 height=75"
time="2026-10-02T12:31:10-05:00" level=warning msg="Print off screen. y=152 height=75"
time="2026-10-02T12:31:10-05:00" level=warning msg="Print off screen. y=153 height=75"
time="2026-10-02T12:31:10-05:00" level=warning msg="Print off screen. y=154 height=75"
time="2026-10-02T12:31:10-05:00" level=warning msg="Print off screen. y=155 height=75"
time="2026-10-02T12:31:10-05:00" level=warning msg="Print off screen. y=156 height=75"
time="2026-10-02T12:31:10-05:00" level=warning msg="Print off screen. y=157 height=75"
time="2026-10-02T12:31:10-05:00" level=warning msg="Print off screen. y=158 height=75"
time="2026-10-02T12:31:10-05:00" level=warning msg="Print off screen. y=159 height=75"
time="2026-10-02T12:31:10-05:00" level=warning msg="Print off screen. y=160 height=75"
time="2026-10-02T12:31:10-05:00" level=warning msg="Print off screen. y=161 height=75"
time="2026-10-02T12:31:10-05:00" level=warning msg="Print off screen. y=162 height=75"
time="2026-10-02T12:31:10-05:00" level=warning msg="Print off screen. y=163 height=75"
time="2026-10-02T12:31:10-05:00" level=warning msg="Print off screen. y=164 height=75"
time="2026-10-02T12:31:10-05:00" level=warning msg="Print off screen. y=165 height=75"
time="2026-10-02T12:31:10-05:00" level=warning msg="Print off screen. y=166 height=75"
time="2026-10-02T12:31:10-05:00" level=warning msg="Print off screen. y=167 height=75"
time="2026-10-02T12:31:10-05:00" level=warning msg="Print off screen. y=168 height=75"
time="2026-10-02T12:31:10-05:00" level=warning msg="Print off screen. y=169 height=75"
time="2026-10-02T12:31:10-05:00" level=warning msg="Print off screen. y=170 height=75"
time="2026-10-02T12:31:10-05:00" level=warning msg="Print off screen. y=171 height=75"
time="2026-10-02T12:31:10-05:00" level=warning msg="Print off screen. y=172 height=75"
time="2026-10-02T12:31:10-05:00" level=warning msg="Print off screen. y=173 height=75"
time="2026-10-02T12:31:10-05:00" level=warning msg="Print off screen. y=174 height=75"
time="2026-10-02T12:31:10-05:00" level=warning msg="Print off screen. y=175 height=75"
time="2026-10-02T12:31:10-05:00" level=warning msg="Print off screen. y=176 height=75"
time="2026-10-02T12:31:10-05:00" level=warning msg="Print off screen. y=177 height=75"
time="2026-10-02T12:31:10-05:00" level=warning msg="Print off screen. y=178 height=75"
time="2026-10-02T12:31:10-05:00" level=warning msg="Print off screen. y=179 height=75"
time="2026-10-02T12:31:10-05:00" level=warning msg="Print off screen. y=180 height=75"
time="2026-10-02T12:31:10-05:00" level=warning msg="Print off screen. y=181 height=75"
time="2026-10-02T12:31:10-05:00" level=warning msg="Print off screen. y=182 height=75"
time="2026-10-02T12:31:10-05:00" level=warning msg="Print off screen. y=183 height=75"
time="2026-10-02T12:31:10-05:00" level=warning msg="Print off screen. y=184 height=75"
time="2026-10-02T12:31:10-05:00" level=warning msg="Print off screen. y=185 height=75"
time="2026-10-02T12:31:10-05:00" level=warning msg="Print off screen. y=186 height=75"
time="2026-10-02T12:31:10-05:00" level=warning msg="Print off screen. y=187 height=75"
time="2026-10-02T12:31:10-05:00" level=warning msg="Print off screen. y=188 height=75"
time="2026-10-02T12:31:10-05:00" level=warning msg="Print off screen. y=189 height=75"
time="2026-10-02T12:31:10-05:00" level=warning msg="Print off screen. y=190 height=75"
time="2026-10-02T12:31:10-05:00" level=warning msg="Print off screen. y=191 height=75"
time="2026-10-02T12:31:10-05:00" level=warning msg="Print off screen. y=192 height=75"
time="2026-10-02T12:31:10-05:00" level=warning msg="Print off screen. y=193 height=75"
time="2026-10-02T12:31:10-05:00" level=warning msg="Print off screen. y=194 height=75"
time="2026-10-02T12:31:10-05:00" level=warning msg="Print off screen. y=195 height=75"
time="2026-10-02T12:31:10-05:00" level=warning msg="Print off screen. y=196 height=75"
time="2026-10-02T12:31:10-05:00" level=warning msg="Print off screen. y=197 height=75"
time="2026-10-02T12:31:10-05:00" level=warning msg="Print off screen. y=198 height=75"
time="2026-10-02T12:31:10-05:00" level=warning msg="Print off screen. y=199 height=75"
time="2026-10-02T12:31:10-05:00" level=warning msg="Print off screen. y=200 height=75"
time="2026-10-02T12:31:10-05:00" level=warning msg="Print off screen. y=201 height=75"
time="2026-10-02T12:31:10-05:00" level=warning msg="Print off screen. y=202 height=75"
time="2026-10-02T12:31:10-05:00" level=warning msg="Print off screen. y=203 height=75"
time="2026-10-02T12:31:10-05:00" level=warning msg="Print off screen. y=204 height=75"
time="2026-10-02T12:31:10-05:00" level=warning msg="Print off screen. y=205 height=75"
time="2026-10-02T12:31:10-05:00" level=warning msg="Print off screen. y=206 height=75"
time="2026-10-02T12:31:10-05:00" level=warning msg="Print off screen. y=207 height=75"
time="2026-10-02T12:31:10-05:00" level=warning msg="Print off screen. y=208 height=75"
time="2026-10-02T12:31:10-05:00" level=warning msg="Print off screen. y=209 height=75"
time="2026-10-02T12:31:10-05:00" level=warning msg="Print off screen. y=210 height=75"
time="2026-10-02T12:31:10-05:00" level=warning msg="Print off screen. y=211 height=75"
time="2026-10-02T12:31:10-05:00" level=warning msg="Print off screen. y=212 height=75"
time="2026-10-02T12:31:10-05:00" level=warning msg="Print off screen. y=213 height=75"
time="2026-10-02T12:31:10-05:00" level=warning msg="Print off screen. y=214 height=75"
time="2026-10-02T12:31:10-05:00" level=warning msg="Print off screen. y=215 height=75"
time="2026-10-02T12:31:10-05:00" level=warning msg="Print off screen. y=216 height=75"
time="2026-10-02T12:31:10-05:00" level=warning msg="Print off screen. y=217 height=75"
time="2026-10-02T12:31:10-05:00" level=warning msg="Print off screen. y=218 height=75"
time="2026-10-02T12:31:10-05:00" level=warning msg="Print off screen. y=219 height=75"
time="2026-10-02T12:31:10-05:00" level=warning msg="Print off screen. y=220 height=75"
time="2026-10-02T12:31:10-05:00" level=warning msg="Print off screen. y=221 height=75"
time="2026-10-02T12:31:10-05:00" level=warning msg="Print off screen. y=222 height=75"
time="2026-10-02T12:31:10-05:00" level=warning msg="Print off screen. y=223 height=75"
time="2026-10-02T12:31:10-05:00" level=warning msg="Print off screen. y=224 height=75"
time="2026-10-02T12:31:10-05:00" level=warning msg="Print off screen. y=225 height=75"
time="2026-10-02T12:31:10-05:00" level=warning msg="Print off screen. y=226 height=75"
time="2026-10-02T12:31:10-05:00" level=warning msg="Print off screen. y=227 height=75"
time="2026-10-02T12:31:10-05:00" level=warning msg="Print off screen. y=228 height=75"
time="2026-10-02T12:31:10-05:00" level=warning msg="Print off screen. y=229 height=75"
time="2026-10-02T12:31:10-05:00" level=warning msg="Print off screen. y=230 height=75"
time="2026-10-02T12:31:10-05:00" level=warning msg="Print off screen. y=231 height=75"
time="2026-10-02T12:31:10-05:00" level=warning msg="Print off screen. y=232 height=75"
time="2026-10-02T12:31:10-05:00" level=warning msg="Print off screen. y=233 height=75"
time="2026-10-02T12:31:10-05:00" level=warning msg="Print off screen. y=234 height=75"
time="2026-10-02T12:31:10-05:00" level=warning msg="Print off screen. y=235 height=75"
time="2026-10-02T12:31:10-05:00" level=warning msg="Print off screen. y=236 height=75"
time="2026-10-02T12:31:10-05:00" level=warning msg="Print off screen. y=237 height=75"
time="2026-10-02T12:31:10-05:00" level=warning msg="Print off screen. y=238 height=75"
time="2026-10-02T12:31:10-05:00" level=warning msg="Print off screen. y=239 height=75"
time="2026-10-02T12:31:10-05:00" level=warning msg="Print off screen. y=240 height=75"
time="2026-10-02T12:31:10-05:00" level=warning msg="Print off screen. y=241 height=75"
time="2026-10-02T12:31:10-05:00" level=warning msg="Print off screen. y=242 height=75"
time="2026-10-02T12:31:10-05:00" level=warning msg="Print off screen. y=243 height=75"
time="2026-10-02T12:31:10-05:00" level=warning msg="Print off screen. y=244 height=75"
time="2026-10-02T12:31:10-05:00" level=warning msg="Print off screen. y=245 height=75"
time="2026-10-02T12:31:10-05:00" level=warning msg="Print off screen. y=246 height=75"
time="2026-10-02T12:31:10-05:00" level=warning msg="Print off screen. y=247 height=75"
time="2026-10-02T12:31:10-05:00" level=warning msg="Print off screen. y=248 height=75"
time="2026-10-02T12:31:10-05:00" level=warning msg="Print off screen. y=249 height=75"
time="2026-10-02T12:31:10-05:00" level=warning msg="Print off screen. y=250 height=75"
time="2026-10-02T12:31:10-05:00" level=warning msg="Print off screen. y=251 height=75"
time="2026-10-02T12:31:10-05:00" level=warning msg="Print off screen. y=252 height=75"
time="2026-10-02T12:31:10-05:00" level=warning msg="Print off screen. y=253 height=75"
time="2026-10-02T12:31:10-05:00" level=warning msg="Print off screen. y=254 height=75"
time="2026-10-02T12:31:10-05:00" level=warning msg="Print off screen. y=255 height=75"
time="2026-10-02T12:31:10-05:00" level=warning msg="Print off screen. y=256 height=75"
time="2026-10-02T12:31:10-05:00" level=warning msg="Print off screen. y=257 height=75"
time="2026-10-02T12:31:10-05:00" level=warning msg="Print off screen. y=258 height=75"
time="2026-10-02T12:31:10-05:00" level=warning msg="Print off screen. y=259 height=75"
time="2026-10-02T12:31:10-05:00" level=warning msg="Print off screen. y=260 height=75"
time="2026-10-02T12:31:10-05:00" level=warning msg="Print off screen. y=261 height=75"
time="2026-10-02T12:31:10-05:00" level=warning msg="Print off screen. y=262 height=75"
time="2026-10-02T12:31:10-05:00" level=warning msg="Print off screen. y=263 height=75"
time="2026-10-02T12:31:10-05:00" level=warning msg="Print off screen. y=264 height=75"
time="2026-10-02T12:31:10-05:00" level=warning msg="Print off screen. y=265 height=75"
time="2026-10-02T12:31:10-05:00" level=warning msg="Print off screen. y=266 height=75"
time="2026-10-02T12:31:10-05:00" level=warning msg="Print off screen. y=267 height=75"
time="2026-10-02T12:31:10-05:00" level=warning msg="Print off screen. y=268 height=75"
time="2026-10-02T12:31:10-05:00" level=warning msg="Print off screen. y=269 height=75"
time="2026-10-02T12:31:10-05:00" level=warning msg="Print off screen. y=270 height=75"
time="2026-10-02T12:31:10-05:00" level=warning msg="Print off screen. y=271 height=75"
time="2026-10-02T12:31:10-05:00" level=warning msg="Print off screen. y=75 height=75"
time="2026-10-02T12:31:10-05:00" level=warning msg="Print off screen. y=76 height=75"
time="2026-10-02T12:31:10-05:00" level=warning msg="Print off screen. y=77 height=75"
time="2026-10-02T12:31:10-05:00" level=warning msg="Print off screen. y=78 height=75"
time="2026-10-02T12:31:10-05:00" level=warning msg="Print off screen. y=79 height=75"
time="2026-10-02T12:31:10-05:00" level=warning msg="Print off screen. y=80 height=75"
time="2026-10-02T12:31:10-05:00" level=warning msg="Print off screen. y=81 height=75"
time="2026-10-02T12:31:10-05:00" level=warning msg="Print off screen. y=82 height=75"
time="2026-10-02T12:31:10-05:00" level=warning msg="Print off screen. y=83 height=75"
time="2026-10-02T12:31:10-05:00" level=warning msg="Print off screen. y=84 height=75"
time="2026-10-02T12:31:10-05:00" level=warning msg="Print off screen. y=85 height=75"
time="2026-10-02T12:31:10-05:00" level=warning msg="Print off screen. y=86 height=75"
time="2026-10-02T12:31:10-05:00" level=warning msg="Print off screen. y=87 height=75"
time="2026-10-02T12:31:10-05:00" level=warning msg="Print off screen. y=88 height=75"
time="2026-10-02T12:31:10-05:00" level=warning msg="Print off screen. y=89 height=75"
time="2026-10-02T12:31:10-05:00" level=warning msg="Print off screen. y=90 height=75"
time="2026-10-02T12:31:10-05:00" level=warning msg="Print off screen. y=91 height=75"
time="2026-10-02T12:31:10-05:00" level=warning msg="Print off screen. y=92 height=75"
time="2026-10-02T12:31:10-05:00" level=warning msg="Print off screen. y=93 height=75"
time="2026-10-02T12:31:10-05:00" level=warning msg="Print off screen. y=94 height=75"
time="2026-10-02T12:31:10-05:00" level=warning msg="Print off screen. y=95 height=75"
time="2026-10-02T12:31:10-05:00" level=warning msg="Print off screen. y=96 height=75"
time="2026-10-02T12:31:10-05:00" level=warning msg="Print off screen. y=97 height=75"
time="2026-10-02T12:31:10-05:00" level=warning msg="Print off screen. y=98 height=75"
time="2026-10-02T12:31:10-05:00" level=warning msg="Print off screen. y=99 height=75"
time="2026-10-02T12:31:10-05:00" level=warning msg="Print off screen. y=100 height=75"
time="2026-10-02T12:31:10-05:00" level=warning msg="Print off screen. y=101 height=75"
time="2026-10-02T12:31:10-05:00" level=warning msg="Print off screen. y=102 height=75"
time="2026-10-02T12:31:10-05:00" level=warning msg="Print off screen. y=103 height=75"
time="2026-10-02T12:31:10-05:00" level=warning msg="Print off screen. y=104 height=75"
time="2026-10-02T12:31:10-05:00" level=warning msg="Print off screen. y=105 height=75"
time="2026-10-02T12:31:10-05:00" level=warning msg="Print off screen. y=106 height=75"
time="2026-10-02T12:31:10-05:00" level=warning msg="Print off screen. y=107 height=75"
time="2026-10-02T12:31:10-05:00" level=warning msg="Print off screen. y=108 height=75"
time="2026-10-02T12:31:10-05:00" level=warning msg="Print off screen. y=109 height=75"
time="2026-10-02T12:31:10-05:00" level=warning msg="Print off screen. y=110 height=75"
time="2026-10-02T12:31:10-05:00" level=warning msg="Print off screen. y=111 height=75"
time="2026-10-02T12:31:10-05:00" level=warning msg="Print off screen. y=112 height=75"
time="2026-10-02T12:31:10-05:00" level=warning msg="Print off screen. y=113 height=75"
time="2026-10-02T12:31:10-05:00" level=warning msg="Print off screen. y=114 height=75"
time="2026-10-02T12:31:10-05:00" level=warning msg="Print off screen. y=115 height=75"
time="2026-10-02T12:31:10-05:00" level=warning msg="Print off screen. y=116 height=75"
time="2026-10-02T12:31:10-05:00" level=warning msg="Print off screen. y=117 height=75"
time="2026-10-02T12:31:10-05:00" level=warning msg="Print off screen. y=118 height=75"
time="2026-10-02T12:31:10-05:00" level=warning msg="Print off screen. y=119 height=75"
time="2026-10-02T12:31:10-05:00" level=warning msg="Print off screen. y=120 height=75"
time="2026-10-02T12:31:10-05:00" level=warning msg="Print off screen. y=121 height=75"
time="2026-10-02T12:31:10-05:00" level=warning msg="Print off screen. y=122 height=75"
time="2026-10-02T12:31:10-05:00" level=warning msg="Print off screen. y=123 height=75"
time="2026-10-02T12:31:10-05:00" level=warning msg="Print off screen. y=124 height=75"
time="2026-10-02T12:31:10-05:00" level=warning msg="Print off screen. y=125 height=75"
time="2026-10-02T12:31:10-05:00" level=warning msg="Print off screen. y=126 height=75"
time="2026-10-02T12:31:10-05:00" level=warning msg="Print off screen. y=127 height=75"
time="2026-10-02T12:31:10-05:00" level=warning msg="Print off screen. y=128 height=75"
time="2026-10-02T12:31:10-05:00" level=warning msg="Print off screen. y=129 height=75"
time="2026-10-02T12:31:10-05:00" level=warning msg="Print off screen. y=130 height=75"
time="2026-10-02T12:31:10-05:00" level=warning msg="Print off screen. y=131 height=75"
time="2026-10-02T12:31:10-05:00" level=warning msg="Print off screen. y=132 height=75"
time="2026-10-02T12:31:10-05:00" level=warning msg="Print off screen. y=133 height=75"
time="2026-10-02T12:31:10-05:00" level=warning msg="Print off screen. y=134 height=75"
time="2026-10-02T12:31:10-05:00" level=warning msg="Print off screen. y=135 height=75"
time="2026-10-02T12:31:10-05:00" level=warning msg="Print off screen. y=136 height=75"
time="2026-10-02T12:31:10-05:00" level=warning msg="Print off screen. y=137 height=75"
time="2026-10-02T12:31:10-05:00" level=warning msg="Print off screen. y=138 height=75"
time="2026-10-02T12:31:10-05:00" level=warning msg="Print off screen. y=139 height=75"
time="2026-10-02T12:31:10-05:00" level=warning msg="Print off screen. y=140 height=75"
time="2026-10-02T12:31:10-05:00" level=warning msg="Print off screen. y=141 height=75"
time="2026-10-02T12:31:10-05:00" level=warning msg="Print off screen. y=142 height=75"
time="2026-10-02T12:31:10-05:00" level=warning msg="Print off screen. y=143 height=75"
time="2026-10-02T12:31:10-05:00" level=warning msg="Print off screen. y=144 height=75"
time="2026-10-02T12:31:10-05:00" level=warning msg="Print off screen. y=145 height=75"
time="2026-10-02T12:31:10-05:00" level=warning msg="Print off screen. y=146 height=75"
time="2026-10-02T12:31:10-05:00" level=warning msg="Print off screen. y=147 height=75"
time="2026-10-02T12:31:10-05:00" level=warning msg="Print off screen. y=148 height=75"
time="2026-10-02T12:31:10-05:00" level=warning msg="Print off screen. y=149 height=75"
time="2026-10-02T12:31:10-05:00" level=warning msg="Print off screen. y=150 height=75"
time="2026-10-02T12:31:10-05:00" level=warning msg="Print off screen. y=151 height=75"
time="2026-10-02T12:31:10-05:00" level=warning msg="Print off screen. y=152 height=75"
time="2026-10-02T12:31:10-05:00" level=warning msg="Print off screen. y=153 height=75"
time="2026-10-02T12:31:10-05:00" level=warning msg="Print off screen. y=154 height=75"
time="2026-10-02T12:31:10-05:00" level=warning msg="Print off screen. y=155 height=75"
time="2026-10-02T12:31:10-05:00" level=warning msg="Print off screen. y=156 height=75"
time="2026-10-02T12:31:10-05:00" level=warning msg="Print off screen. y=157 height=75"
time="2026-10-02T12:31:10-05:00" level=warning msg="Print off screen. y=158 height=75"
time="2026-10-02T12:31:10-05:00" level=warning msg="Print off screen. y=159 height=75"
time="2026-10-02T12:31:10-05:00" level=warning msg="Print off screen. y=160 height=75"
time="2026-10-02T12:31:10-05:00" level=warning msg="Print off screen. y=161 height=75"
time="2026-10-02T12:31:10-05:00" level=warning msg="Print off screen. y=162 height=75"
time="2026-10-02T12:31:10-05:00" level=warning msg="Print off screen. y=163 height=75"
time="2026-10-02T12:31:10-05:00" level=warning msg="Print off screen. y=164 height=75"
time="2026-10-02T12:31:10-05:00" level=warning msg="Print off screen. y=165 height=75"
time="2026-10-02T12:31:10-05:00" level=warning msg="Print off screen. y=166 height=75"
time="2026-10-02T12:31:10-05:00" level=warning msg="Print off screen. y=167 height=75"
time="2026-10-02T12:31:10-05:00" level=warning msg="Print off screen. y=168 height=75"
time="2026-10-02T12:31:10-05:00" level=warning msg="Print off screen. y=169 height=75"
time="2026-10-02T12:31:10-05:00" level=warning msg="Print off screen. y=170 height=75"
time="2026-10-02T12:31:10-05:00" level=warning msg="Print off screen. y=171 height=75"
time="2026-10-02T12:31:10-05:00" level=warning msg="Print off screen. y=172 height=75"
time="2026-10-02T12:31:10-05:00" level=warning msg="Print off screen. y=173 height=75"
time="2026-10-02T12:31:10-05:00" level=warning msg="Print off screen. y=174 height=75"
time="2026-10-02T12:31:10-05:00" level=warning msg="Print off screen. y=175 height=75"
time="2026-10-02T12:31:10-05:00" level=warning msg="Print off screen. y=176 height=75"
time="2026-10-02T12:31:10-05:00" level=warning msg="Print off screen. y=177 height=75"
time="2026-10-02T12:31:10-05:00" level=warning msg="Print off screen. y=178 height=75"
time="2026-10-02T12:31:10-05:00" level=warning msg="Print off screen. y=179 height=75"
time="2026-10-02T12:31:10-05:00" level=warning msg="Print off screen. y=180 height=75"
time="2026-10-02T12:31:10-05:00" level=warning msg="Print off screen. y=181 height=75"
time="2026-10-02T12:31:10-05:00" level=warning msg="Print off screen. y=182 height=75"
time="2026-10-02T12:31:10-05:00" level=warning msg="Print off screen. y=183 height=75"
time="2026-10-02T12:31:10-05:00" level=warning msg="Print off screen. y=184 height=75"
time="2026-10-02T12:31:10-05:00" level=warning msg="Print off screen. y=185 height=75"
time="2026-10-02T12:31:10-05:00" level=warning msg="Print off screen. y=186 height=75"
time="2026-10-02T12:31:10-05:00" level=warning msg="Print off screen. y=187 height=75"
time="2026-10-02T12:31:10-05:00" level=warning msg="Print off screen. y=188 height=75"
time="2026-10-02T12:31:10-05:00" level=warning msg="Print off screen. y=189 height=75"
time="2026-10-02T12:31:10-05:00" level=warning msg="Print off screen. y=190 height=75"
time="2026-10-02T12:31:10-05:00" level=warning msg="Print off screen. y=191 height=75"
time="2026-10-02T12:31:10-05:00" level=warning msg="Print off screen. y=192 height=75"
time="2026-10-02T12:31:10-05:00" level=warning msg="Print off screen. y=193 height=75"
time="2026-10-02T12:31:10-05:00" level=warning msg="Print off screen. y=194 height=75"
time="2026-10-02T12:31:10-05:00" level=warning msg="Print off screen. y=195 height=75"
time="2026-10-02T12:31:10-05:00" level=warning msg="Print off screen. y=196 height=75"
time="2026-10-02T12:31:10-05:00" level=warning msg="Print off screen. y=197 height=75"
time="2026-10-02T12:31:10-05:00" level=warning msg="Print off screen. y=198 height=75"
time="2026-10-02T12:31:10-05:00" level=warning msg="Print off screen. y=199 height=75"
time="2026-10-02T12:31:10-05:00" level=warning msg="Print off screen. y=200 height=75"
time="2026-10-02T12:31:10-05:00" level=warning msg="Print off screen. y=201 height=75"
time="2026-10-02T12:31:10-05:00" level=warning msg="Print off screen. y=202 height=75"
time="2026-10-02T12:31:10-05:00" level=warning msg="Print off screen. y=203 height=75"
time="2026-10-02T12:31:10-05:00" level=warning msg="Print off screen. y=204 height=75"
time="2026-10-02T12:31:10-05:00" level=warning msg="Print off screen. y=205 height=75"
time="2026-10-02T12:31:10-05:00" level=warning msg="Print off screen. y=206 height=75"
time="2026-10-02T12:31:10-05:00" level=warning msg="Print off screen. y=207 height=75"
time="2026-10-02T12:31:10-05:00" level=warning msg="Print off screen. y=208 height=75"
time="2026-10-02T12:31:10-05:00" level=warning msg="Print off screen. y=209 height=75"
time="2026-10-02T12:31:10-05:00" level=warning msg="Print off screen. y=210 height=75"
time="2026-10-02T12:31:10-05:00" level=warning msg="Print off screen. y=211 height=75"
time="2026-10-02T12:31:10-05:00" level=warning msg="Print off screen. y=212 height=75"
time="2026-10-02T12:31:10-05:00" level=warning msg="Print off screen. y=213 height=75"
time="2026-10-02T12:31:10-05:00" level=warning msg="Print off screen. y=214 height=75"
time="2026-10-02T12:31:10-05:00" level=warning msg="Print off screen. y=215 height=75"
time="2026-10-02T12:31:10-05:00" level=warning msg="Print off screen. y=216 height=75"
time="2026-10-02T12:31:10-05:00" level=warning msg="Print off screen. y=217 height=75"
time="2026-10-02T12:31:10-05:00" level=warning msg="Print off screen. y=218 height=75"
time="2026-10-02T12:31:10-05:00" level=warning msg="Print off screen. y=219 height=75"
time="2026-10-02T12:31:10-05:00" level=warning msg="Print off screen. y=220 height=75"
time="2026-10-02T12:31:10-05:00" level=warning msg="Print off screen. y=221 height=75"
time="2026-10-02T12:31:10-05:00" level=warning msg="Print off screen. y=222 height=75"
time="2026-10-02T12:31:10-05:00" level=warning msg="Print off screen. y=223 height=75"
time="2026-10-02T12:31:10-05:00" level=warning msg="Print off screen. y=224 height=75"
time="2026-10-02T12:31:10-05:00" level=warning msg="Print off screen. y=225 height=75"
time="2026-10-02T12:31:10-05:00" level=warning msg="Print off screen. y=226 height=75"
time="2026-10-02T12:31:10-05:00" level=warning msg="Print off screen. y=227 height=75"
time="2026-10-02T12:31:10-05:00" level=warning msg="Print off screen. y=228 height=75"
time="2026-10-02T12:31:10-05:00" level=warning msg="Print off screen. y=229 height=75"
time="2026-10-02T12:31:10-05:00" level=warning msg="Print off screen. y=230 height=75"
time="2026-10-02T12:31:10-05:00" level=warning msg="Print off screen. y=231 height=75"
time="2026-10-02T12:31:10-05:00" level=warning msg="Print off screen. y=232 height=75"
time="2026-10-02T12:31:10-05:00" level=warning msg="Print off screen. y=233 height=75"
time="2026-10-02T12:31:10-05:00" level=warning msg="Print off screen. y=234 height=75"
time="2026-10-02T12:31:10-05:00" level=warning msg="Print off screen. y=235 height=75"
time="2026-10-02T12:31:10-05:00" level=warning msg="Print off screen. y=236 height=75"
time="2026-10-02T12:31:10-05:00" level=warning msg="Print off screen. y=237 height=75"
time="2026-10-02T12:31:10-05:00" level=warning msg="Print off screen. y=238 height=75"
time="2026-10-02T12:31:10-05:00" level=warning msg="Print off screen. y=239 height=75"
time="2026-10-02T12:31:10-05:00" level=warning msg="Print off screen. y=240 height=75"
time="2026-10-02T12:31:10-05:00" level=warning msg="Print off screen. y=241 height=75"
time="2026-10-02T12:31:10-05:00" level=warning msg="Print off screen. y=242 height=75"
time="2026-10-02T12:31:10-05:00" level=warning msg="Print off screen. y=243 height=75"
time="2026-10-02T12:31:10-05:00" level=warning msg="Print off screen. y=244 height=75"
time="2026-10-02T12:31:10-05:00" level=warning msg="Print off screen. y=245 height=75"
time="2026-10-02T12:31:10-05:00" level=warning msg="Print off screen. y=246 height=75"
time="2026-10-02T12:31:10-05:00" level=warning msg="Print off screen. y=247 height=75"
time="2026-10-02T12:31:10-05:00" level=warning msg="Print off screen. y=248 height=75"
time="2026-10-02T12:31:10-05:00" level=warning msg="Print off screen. y=249 height=75"
time="2026-10-02T12:31:10-05:00" level=warning msg="Print off screen. y=250 height=75"
time="2026-10-02T12:31:10-05:00" level=warning msg="Print off screen. y=251 height=75"
time="2026-10-02T12:31:10-05:00" level=warning msg="Print off screen. y=252 height=75"
time="2026-10-02T12:31:10-05:00" level=warning msg="Print off screen. y=253 height=75"
time="2026-10-02T12:31:10-05:00" level=warning msg="Print off screen. y=254 height=75"
time="2026-10-02T12:31:10-05:00" level=warning msg="Print off screen. y=255 height=75"
time="2026-10-02T12:31:10-05:00" level=warning msg="Print off screen. y=256 height=75"
time="2026-10-02T12:31:10-05:00" level=warning msg="Print off screen. y=257 height=75"
time="2026-10-02T12:31:10-05:00" level=warning msg="Print off screen. y=258 height=75"
time="2026-10-02T12:31:10-05:00" level=warning msg="Print off screen. y=259 height=75"
time="2026-10-02T12:31:10-05:00" level=warning msg="Print off screen. y=260 height=75"
time="2026-10-02T12:31:10-05:00" level=warning msg="Print off screen. y=261 height=75"
time="2026-10-02T12:31:10-05:00" level=warning msg="Print off screen. y=262 height=75"
time="2026-10-02T12:31:10-05:00" level=warning msg="Print off screen. y=263 height=75"
time="2026-10-02T12:31:10-05:00" level=warning msg="Print off screen. y=264 height=75"
time="2026-10-02T12:31:10-05:00" level=warning msg="Print off screen. y=265 height=75"
time="2026-10-02T12:31:10-05:00" level=warning msg="Print off screen. y=266 height=75"
time="2026-10-02T12:31:10-05:00" level=warning msg="Print off screen. y=267 height=75"
time="2026-10-02T12:31:10-05:00" level=warning msg="Print off screen. y=268 height=75"
time="2026-10-02T12:31:10-05:00" level=warning msg="Print off screen. y=269 height=75"
time="2026-10-02T12:31:10-05:00" level=warning msg="Print off screen. y=270 height=75"
time="2026-10-02T12:31:10-05:00" level=warning msg="Print off screen. y=271 height=75"
time="2026-10-02T12:31:10-05:00" level=warning msg="Print off screen. y=75 height=75"
time="2026-10-02T12:31:10-05:00" level=warning msg="Print off screen. y=76 height=75"
time="2026-10-02T12:31:10-05:00" level=warning msg="Print off screen. y=77 height=75"
time="2026-10-02T12:31:10-05:00" level=warning msg="Print off screen. y=78 height=75"
time="2026-10-02T12:31:10-05:00" level=warning msg="Print off screen. y=79 height=75"
time="2026-10-02T12:31:10-05:00" level=warning msg="Print off screen. y=80 height=75"
time="2026-10-02T12:31:10-05:00" level=warning msg="Print off screen. y=81 height=75"
time="2026-10-02T12:31:10-05:00" level=warning msg="Print off screen. y=82 height=75"
time="2026-10-02T12:31:10-05:00" level=warning msg="Print off screen. y=83 height=75"
time="2026-10-02T12:31:10-05:00" level=warning msg="Print off screen. y=84 height=75"
time="2026-10-02T12:31:10-05:00" level=warning msg="Print off screen. y=85 height=75"
time="2026-10-02T12:31:10-05:00" level=warning msg="Print off screen. y=86 height=75"
time="2026-10-02T12:31:10-05:00" level=warning msg="Print off screen. y=87 height=75"
time="2026-10-02T12:31:10-05:00" level=warning msg="Print off screen. y=88 height=75"
time="2026-10-02T12:31:10-05:00" level=warning msg="Print off screen. y=89 height=75"
time="2026-10-02T12:31:10-05:00" level=warning msg="Print off screen. y=90 height=75"
time="2026-10-02T12:31:10-05:00" level=warning msg="Print off screen. y=91 height=75"
time="2026-10-02T12:31:10-05:00" level=warning msg="Print off screen. y=92 height=75"
time="2026-10-02T12:31:10-05:00" level=warning msg="Print off screen. y=93 height=75"
time="2026-10-02T12:31:10-05:00" level=warning msg="Print off screen. y=94 height=75"
time="2026-10-02T12:31:10-05:00" level=warning msg="Print off screen. y=95 height=75"
time="2026-10-02T12:31:10-05:00" level=warning msg="Print off screen. y=96 height=75"
time="2026-10-02T12:31:10-05:00" level=warning msg="Print off screen. y=97 height=75"
time="2026-10-02T12:31:10-05:00" level=warning msg="Print off screen. y=98 height=75"
time="2026-10-02T12:31:10-05:00" level=warning msg="Print off screen. y=99 height=75"
time="2026-10-02T12:31:10-05:00" level=warning msg="Print off screen. y=100 height=75"
time="2026-10-02T12:31:10-05:00" level=warning msg="Print off screen. y=101 height=75"
time="2026-10-02T12:31:10-05:00" level=warning msg="Print off screen. y=102 height=75"
time="2026-10-02T12:31:10-05:00" level=warning msg="Print off screen. y=103 height=75"
time="2026-10-02T12:31:10-05:00" level=warning msg="Print off screen. y=104 height=75"
time="2026-10-02T12:31:10-05:00" level=warning msg="Print off screen. y=105 height=75"
time="2026-10-02T12:31:10-05:00" level=warning msg="Print off screen. y=106 height=75"
time="2026-10-02T12:31:10-05:00" level=warning msg="Print off screen. y=107 height=75"
time="2026-10-02T12:31:10-05:00" level=warning msg="Print off screen. y=108 height=75"
time="2026-10-02T12:31:10-05:00" level=warning msg="Print off screen. y=109 height=75"
time="2026-10-02T12:31:10-05:00" level=warning msg="Print off screen. y=110 height=75"
time="2026-10-02T12:31:10-05:00" level=warning msg="Print off screen. y=111 height=75"
time="2026-10-02T12:31:10-05:00" level=warning msg="Print off screen. y=112 height=75"
time="2026-10-02T12:31:10-05:00" level=warning msg="Print off screen. y=113 height=75"
time="2026-10-02T12:31:10-05:00" level=warning msg="Print off screen. y=114 height=75"
time="2026-10-02T12:31:10-05:00" level=warning msg="Print off screen. y=115 height=75"
time="2026-10-02T12:31:10-05:00" level=warning msg="Print off screen. y=116 height=75"
time="2026-10-02T12:31:10-05:00" level=warning msg="Print off screen. y=117 height=75"
time="2026-10-02T12:31:10-05:00" level=warning msg="Print off screen. y=118 height=75"
time="2026-10-02T12:31:10-05:00" level=warning msg="Print off screen. y=119 height=75"
time="2026-10-02T12:31:10-05:00" level=warning msg="Print off screen. y=120 height=75"
time="2026-10-02T12:31:10-05:00" level=warning msg="Print off screen. y=121 height=75"
time="2026-10-02T12:31:10-05:00" level=warning msg="Print off screen. y=122 height=75"
time="2026-10-02T12:31:10-05:00" level=warning msg="Print off screen. y=123 height=75"
time="2026-10-02T12:31:10-05:00" level=warning msg="Print off screen. y=124 height=75"
time="2026-10-02T12:31:10-05:00" level=warning msg="Print off screen. y=125 height=75"
time="2026-10-02T12:31:10-05:00" level=warning msg="Print off screen. y=126 height=75"
time="2026-10-02T12:31:10-05:00" level=warning msg="Print off screen. y=127 height=75"
time="2026-10-02T12:31:10-05:00" level=warning msg="Print off screen. y=128 height=75"
time="2026-10-02T12:31:10-05:00" level=warning msg="Print off screen. y=129 height=75"
time="2026-10-02T12:31:10-05:00" level=warning msg="Print off screen. y=130 height=75"
time="2026-10-02T12:31:10-05:00" level=warning msg="Print off screen. y=131 height=75"
time="2026-10-02T12:31:10-05:00" level=warning msg="Print off screen. y=132 height=75"
time="2026-10-02T12:31:10-05:00" level=warning msg="Print off screen. y=133 height=75"
time="2026-10-02T12:31:10-05:00" level=warning msg="Print off screen. y=134 height=75"
time="2026-10-02T12:31:10-05:00" level=warning msg="Print off screen. y=135 height=75"
time="2026-10-02T12:31:10-05:00" level=warning msg="Print off screen. y=136 height=75"
time="2026-10-02T12:31:10-05:00" level=warning msg="Print off screen. y=137 height=75"
time="2026-10-02T12:31:10-05:00" level=warning msg="Print off screen. y=138 height=75"
time="2026-10-02T12:31:10-05:00" level=warning msg="Print off screen. y=139 height=75"
time="2026-10-02T12:31:10-05:00" level=warning msg="Print off screen. y=140 height=75"
time="2026-10-02T12:31:10-05:00" level=warning msg="Print off screen. y=141 height=75"
time="2026-10-02T12:31:10-05:00" level=warning msg="Print off screen. y=142 height=75"
time="2026-10-02T12:31:10-05:00" level=warning msg="Print off screen. y=143 height=75"
time="2026-10-02T12:31:10-05:00" level=warning msg="Print off screen. y=144 height=75"
time="2026-10-02T12:31:10-05:00" level=warning msg="Print off screen. y=145 height=75"
time="2026-10-02T12:31:10-05:00" level=warning msg="Print off screen. y=146 height=75"
time="2026-10-02T12:31:10-05:00" level=warning msg="Print off screen. y=147 height=75"
time="2026-10-02T12:31:10-05:00" level=warning msg="Print off screen. y=148 height=75"
time="2026-10-02T12:31:10-05:00" level=warning msg="Print off screen. y=149 height=75"
time="2026-10-02T12:31:10-05:00" level=warning msg="Print off screen. y=150 height=75"
time="2026-10-02T12:31:10-05:00" level=warning msg="Print off screen. y=151 height=75"
time="2026-10-02T12:31:10-05:00" level=warning msg="Print off screen. y=152 height=75"
time="2026-10-02T12:31:10-05:00" level=warning msg="Print off screen. y=153 height=75"
time="2026-10-02T12:31:10-05:00" level=warning msg="Print off screen. y=154 height=75"
time="2026-10-02T12:31:10-05:00" level=warning msg="Print off screen. y=155 height=75"
time="2026-10-02T12:31:10-05:00" level=warning msg="Print off screen. y=156 height=75"
time="2026-10-02T12:31:10-05:00" level=warning msg="Print off screen. y=157 height=75"
time="2026-10-02T12:31:10-05:00" level=warning msg="Print off screen. y=158 height=75"
time="2026-10-02T12:31:10-05:00" level=warning msg="Print off screen. y=159 height=75"
time="2026-10-02T12:31:10-05:00" level=warning msg="Print off screen. y=160 height=75"
time="2026-10-02T12:31:10-05:00" level=warning msg="Print off screen. y=161 height=75"
time="2026-10-02T12:31:10-05:00" level=warning msg="Print off screen. y=162 height=75"
time="2026-10-02T12:31:10-05:00" level=warning msg="Print off screen. y=163 height=75"
time="2026-10-02T12:31:10-05:00" level=warning msg="Print off screen. y=164 height=75"
time="2026-10-02T12:31:10-05:00" level=warning msg="Print off screen. y=165 height=75"
time="2026-10-02T12:31:10-05:00" level=warning msg="Print off screen. y=166 height=75"
time="2026-10-02T12:31:10-05:00" level=warning msg="Print off screen. y=167 height=75"
time="2026-10-02T12:31:10-05:00" level=warning msg="Print off screen. y=168 height=75"
time="2026-10-02T12:31:10-05:00" level=warning msg="Print off screen. y=169 height=75"
time="2026-10-02T12:31:10-05:00" level=warning msg="Print off screen. y=170 height=75"
time="2026-10-02T12:31:10-05:00" level=warning msg="Print off screen. y=171 height=75"
time="2026-10-02T12:31:10-05:00" level=warning msg="Print off screen. y=172 height=75"
time="2026-10-02T12:31:10-05:00" level=warning msg="Print off screen. y=173 height=75"
time="2026-10-02T12:31:10-05:00" level=warning msg="Print off screen. y=174 height=75"
time="2026-10-02T12:31:10-05:00" level=warning msg="Print off screen. y=175 height=75"
time="2026-10-02T12:31:10-05:00" level=warning msg="Print off screen. y=176 height=75"
time="2026-10-02T12:31:10-05:00" level=warning msg="Print off screen. y=177 height=75"
time="2026-10-02T12:31:10-05:00" level=warning msg="Print off screen. y=178 height=75"
time="2026-10-02T12:31:10-05:00" level=warning msg="Print off screen. y=179 height=75"
time="2026-10-02T12:31:10-05:00" level=warning msg="Print off screen. y=180 height=75"
time="2026-10-02T12:31:10-05:00" level=warning msg="Print off screen. y=181 height=75"
time="2026-10-02T12:31:10-05:00" level=warning msg="Print off screen. y=182 height=75"
time="2026-10-02T12:31:10-05:00" level=warning msg="Print off screen. y=183 height=75"
time="2026-10-02T12:31:10-05:00" level=warning msg="Print off screen. y=184 height=75"
time="2026-10-02T12:31:10-05:00" level=warning msg="Print off screen. y=185 height=75"
time="2026-10-02T12:31:10-05:00" level=warning msg="Print off screen. y=186 height=75"
time="2026-10-02T12:31:10-05:00" level=warning msg="Print off screen. y=187 height=75"
time="2026-10-02T12:31:10-05:00" level=warning msg="Print off screen. y=188 height=75"
time="2026-10-02T12:31:10-05:00" level=warning msg="Print off screen. y=189 height=75"
time="2026-10-02T12:31:10-05:00" level=warning msg="Print off screen. y=190 height=75"
time="2026-10-02T12:31:10-05:00" level=warning msg="Print off screen. y=191 height=75"
time="2026-10-02T12:31:10-05:00" level=warning msg="Print off screen. y=192 height=75"
time="2026-10-02T12:31:10-05:00" level=warning msg="Print off screen. y=193 height=75"
time="2026-10-02T12:31:10-05:00" level=warning msg="Print off screen. y=194 height=75"
time="2026-10-02T12:31:10-05:00" level=warning msg="Print off screen. y=195 height=75"
time="2026-10-02T12:31:10-05:00" level=warning msg="Print off screen. y=196 height=75"
time="2026-10-02T12:31:10-05:00" level=warning msg="Print off screen. y=197 height=75"
time="2026-10-02T12:31:10-05:00" level=warning msg="Print off screen. y=198 height=75"
time="2026-10-02T12:31:10-05:00" level=warning msg="Print off screen. y=199 height=75"
time="2026-10-02T12:31:10-05:00" level=warning msg="Print off screen. y=200 height=75"
time="2026-10-02T12:31:10-05:00" level=warning msg="Print off screen. y=201 height=75"
time="2026-10-02T12:31:10-05:00" level=warning msg="Print off screen. y=202 height=75"
time="2026-10-02T12:31:10-05:00" level=warning msg="Print off screen. y=203 height=75"
time="2026-10-02T12:31:10-05:00" level=warning msg="Print off screen. y=204 height=75"
time="2026-10-02T12:31:10-05:00" level=warning msg="Print off screen. y=205 height=75"
time="2026-10-02T12:31:10-05:00" level=warning msg="Print off screen. y=206 height=75"
time="2026-10-02T12:31:10-05:00" level=warning msg="Print off screen. y=207 height=75"
time="2026-10-02T12:31:10-05:00" level=warning msg="Print off screen. y=208 height=75"
time="2026-10-02T12:31:10-05:00" level=warning msg="Print off screen. y=209 height=75"
time="2026-10-02T12:31:10-05:00" level=warning msg="Print off screen. y=210 height=75"
time="2026-10-02T12:31:10-05:00" level=warning msg="Print off screen. y=211 height=75"
time="2026-10-02T12:31:10-05:00" level=warning msg="Print off screen. y=212 height=75"
time="2026-10-02T12:31:10-05:00" level=warning msg="Print off screen. y=213 height=75"
time="2026-10-02T12:31:10-05:00" level=warning msg="Print off screen. y=214 height=75"
time="2026-10-02T12:31:10-05:00" level=warning msg="Print off screen. y=215 height=75"
time="2026-10-02T12:31:10-05:00" level=warning msg="Print off screen. y=216 height=75"
time="2026-10-02T12:31:10-05:00" level=warning msg="Print off screen. y=217 height=75"
time="2026-10-02T12:31:10-05:00" level=warning msg="Print off screen. y=218 height=75"
time="2026-10-02T12:31:10-05:00" level=warning msg="Print off screen. y=219 height=75"
time="2026-10-02T12:31:10-05:00" level=warning msg="Print off screen. y=220 height=75"
time="2026-10-02T12:31:10-05:00" level=warning msg="Print off screen. y=221 height=75"
time="2026-10-02T12:31:10-05:00" level=warning msg="Print off screen. y=222 height=75"
time="2026-10-02T12:31:10-05:00" level=warning msg="Print off screen. y=223 height=75"
time="2026-10-02T12:31:10-05:00" level=warning msg="Print off screen. y=224 height=75"
time="2026-10-02T12:31:10-05:00" level=warning msg="Print off screen. y=225 height=75"
time="2026-10-02T12:31:10-05:00" level=warning msg="Print off screen. y=226 height=75"
time="2026-10-02T12:31:10-05:00" level=warning msg="Print off screen. y=227 height=75"
time="2026-10-02T12:31:10-05:00" level=warning msg="Print off screen. y=228 height=75"
time="2026-10-02T12:31:10-05:00" level=warning msg="Print off screen. y=229 height=75"
time="2026-10-02T12:31:10-05:00" level=warning msg="Print off screen. y=230 height=75"
time="2026-10-02T12:31:10-05:00" level=warning msg="Print off screen. y=231 height=75"
time="2026-10-02T12:31:10-05:00" level=warning msg="Print off screen. y=232 height=75"
time="2026-10-02T12:31:10-05:00" level=warning msg="Print off screen. y=233 height=75"
time="2026-10-02T12:31:10-05:00" level=warning msg="Print off screen. y=234 height=75"
time="2026-10-02T12:31:10-05:00" level=warning msg="Print off screen. y=235 height=75"
time="2026-10-02T12:31:10-05:00" level=warning msg="Print off screen. y=236 height=75"
time="2026-10-02T12:31:10-05:00" level=warning msg="Print off screen. y=237 height=75"
time="2026-10-02T12:31:10-05:00" level=warning msg="Print off screen. y=238 height=75"
time="2026-10-02T12:31:10-05:00" level=warning msg="Print off screen. y=239 height=75"
time="2026-10-02T12:31:10-05:00" level=warning msg="Print off screen. y=240 height=75"
time="2026-10-02T12:31:10-05:00" level=warning msg="Print off screen. y=241 height=75"
time="2026-10-02T12:31:10-05:00" level=warning msg="Print off screen. y=242 height=75"
time="2026-10-02T12:31:10-05:00" level=warning msg="Print off screen. y=243 height=75"
time="2026-10-02T12:31:10-05:00" level=warning msg="Print off screen. y=244 height=75"
time="2026-10-02T12:31:10-05:00" level=warning msg="Print off screen. y=245 height=75"
time="2026-10-02T12:31:10-05:00" level=warning msg="Print off screen. y=246 height=75"
time="2026-10-02T12:31:10-05:00" level=warning msg="Print off screen. y=247 height=75"
time="2026-10-02T12:31:10-05:00" level=warning msg="Print off screen. y=248 height=75"
time="2026-10-02T12:31:10-05:00" level=warning msg="Print off screen. y=249 height=75"
time="2026-10-02T12:31:10-05:00" level=warning msg="Print off screen. y=250 height=75"
time="2026-10-02T12:31:10-05:00" level=warning msg="Print off screen. y=251 height=75"
time="2026-10-02T12:31:10-05:00" level=warning msg="Print off screen. y=252 height=75"
time="2026-10-02T12:31:10-05:00" level=warning msg="Print off screen. y=253 height=75"
time="2026-10-02T12:31:10-05:00" level=warning msg="Print off screen. y=254 height=75"
time="2026-10-02T12:31:10-05:00" level=warning msg="Print off screen. y=255 height=75"
time="2026-10-02T12:31:10-05:00" level=warning msg="Print off screen. y=256 height=75"
time="2026-10-02T12:31:10-05:00" level=warning msg="Print off screen. y=257 height=75"
time="2026-10-02T12:31:10-05:00" level=warning msg="Print off screen. y=258 height=75"
time="2026-10-02T12:31:10-05:00" level=warning msg="Print off screen. y=259 height=75"
time="2026-10-02T12:31:10-05:00" level=warning msg="Print off screen. y=260 height=75"
time="2026-10-02T12:31:10-05:00" level=warning msg="Print off screen. y=261 height=75"
time="2026-10-02T12:31:10-05:00" level=warning msg="Print off screen. y=262 height=75"
time="2026-10-02T12:31:10-05:00" level=warning msg="Print off screen. y=263 height=75"
time="2026-10-02T12:31:10-05:00" level=warning msg="Print off screen. y=264 height=75"
time="2026-10-02T12:31:10-05:00" level=warning msg="Print off screen. y=265 height=75"
time="2026-10-02T12:31:10-05:00" level=warning msg="Print off screen. y=266 height=75"
time="2026-10-02T12:31:10-05:00" level=warning msg="Print off screen. y=267 height=75"
time="2026-10-02T12:31:10-05:00" level=warning msg="Print off screen. y=268 height=75"
time="2026-10-02T12:31:10-05:00" level=warning msg="Print off screen. y=269 height=75"
time="2026-10-02T12:31:10-05:00" level=warning msg="Print off screen. y=270 height=75"
time="2026-10-02T12:31:10-05:00" level=warning msg="Print off screen. y=271 height=75"
time="2026-10-02T12:31:10-05:00" level=warning msg="Print off screen. y=75 height=75"
time="2026-10-02T12:31:10-05:00" level=warning msg="Print off screen. y=76 height=75"
time="2026-10-02T12:31:10-05:00" level=warning msg="Print off screen. y=77 height=75"
time="2026-10-02T12:31:10-05:00" level=warning msg="Print off screen. y=78 height=75"
time="2026-10-02T12:31:10-05:00" level=warning msg="Print off screen. y=79 height=75"
time="2026-10-02T12:31:10-05:00" level=warning msg="Print off screen. y=80 height=75"
time="2026-10-02T12:31:10-05:00" level=warning msg="Print off screen. y=81 height=75"
time="2026-10-02T12:31:10-05:00" level=warning msg="Print off screen. y=82 height=75"
time="2026-10-02T12:31:10-05:00" level=warning msg="Print off screen. y=83 height=75"
time="2026-10-02T12:31:10-05:00" level=warning msg="Print off screen. y=84 height=75"
time="2026-10-02T12:31:10-05:00" level=warning msg="Print off screen. y=85 height=75"
time="2026-10-02T12:31:10-05:00" level=warning msg="Print off screen. y=86 height=75"
time="2026-10-02T12:31:10-05:00" level=warning msg="Print off screen. y=87 height=75"
time="2026-10-02T12:31:10-05:00" level=warning msg="Print off screen. y=88 height=75"
time="2026-10-02T12:31:10-05:00" level=warning msg="Print off screen. y=89 height=75"
time="2026-10-02T12:31:10-05:00" level=warning msg="Print off screen. y=90 height=75"
time="2026-10-02T12:31:10-05:00" level=warning msg="Print off screen. y=91 height=75"
time="2026-10-02T12:31:10-05:00" level=warning msg="Print off screen. y=92 height=75"
time="2026-10-02T12:31:10-05:00" level=warning msg="Print off screen. y=93 height=75"
time="2026-10-02T12:31:10-05:00" level=warning msg="Print off screen. y=94 height=75"
time="2026-10-02T12:31:10-05:00" level=warning msg="Print off screen. y=95 height=75"
time="2026-10-02T12:31:10-05:00" level=warning msg="Print off screen. y=96 height=75"
time="2026-10-02T12:31:10-05:00" level=warning msg="Print off screen. y=97 height=75"
time="2026-10-02T12:31:10-05:00" level=warning msg="Print off screen. y=98 height=75"
time="2026-10-02T12:31:10-05:00" level=warning msg="Print off screen. y=99 height=75"
time="2026-10-02T12:31:10-05:00" level=warning msg="Print off screen. y=100 height=75"
time="2026-10-02T12:31:10-05:00" level=warning msg="Print off screen. y=101 height=75"
time="2026-10-02T12:31:10-05:00" level=warning msg="Print off screen. y=102 height=75"
time="2026-10-02T12:31:10-05:00" level=warning msg="Print off screen. y=103 height=75"
time="2026-10-02T12:31:10-05:00" level=warning msg="Print off screen. y=104 height=75"
time="2026-10-02T12:31:10-05:00" level=warning msg="Print off screen. y=105 height=75"
time="2026-10-02T12:31:10-05:00" level=warning msg="Print off screen. y=106 height=75"
time="2026-10-02T12:31:10-05:00" level=warning msg="Print off screen. y=107 height=75"
time="2026-10-02T12:31:10-05:00" level=warning msg="Print off screen. y=108 height=75"
time="2026-10-02T12:31:10-05:00" level=warning msg="Print off screen. y=109 height=75"
time="2026-10-02T12:31:10-05:00" level=warning msg="Print off screen. y=110 height=75"
time="2026-10-02T12:31:10-05:00" level=warning msg="Print off screen. y=111 height=75"
time="2026-10-02T12:31:10-05:00" level=warning msg="Print off screen. y=112 height=75"
time="2026-10-02T12:31:10-05:00" level=warning msg="Print off screen. y=113 height=75"
time="2026-10-02T12:31:10-05:00" level=warning msg="Print off screen. y=114 height=75"
time="2026-10-02T12:31:10-05:00" level=warning msg="Print off screen. y=115 height=75"
time="2026-10-02T12:31:10-05:00" level=warning msg="Print off screen. y=116 height=75"
time="2026-10-02T12:31:10-05:00" level=warning msg="Print off screen. y=117 height=75"
time="2026-10-02T12:31:10-05:00" level=warning msg="Print off screen. y=118 height=75"
time="2026-10-02T12:31:10-05:00" level=warning msg="Print off screen. y=119 height=75"
time="2026-10-02T12:31:10-05:00" level=warning msg="Print off screen. y=120 height=75"
time="2026-10-02T12:31:10-05:00" level=warning msg="Print off screen. y=121 height=75"
time="2026-10-02T12:31:10-05:00" level=warning msg="Print off screen. y=122 height=75"
time="2026-10-02T12:31:10-05:00" level=warning msg="Print off screen. y=123 height=75"
time="2026-10-02T12:31:10-05:00" level=warning msg="Print off screen. y=124 height=75"
time="2026-10-02T12:31:10-05:00" level=warning msg="Print off screen. y=125 height=75"
time="2026-10-02T12:31:10-05:00" level=warning msg="Print off screen. y=126 height=75"
time="2026-10-02T12:31:10-05:00" level=warning msg="Print off screen. y=127 height=75"
time="2026-10-02T12:31:10-05:00" level=warning msg="Print off screen. y=128 height=75"
time="2026-10-02T12:31:10-05:00" level=warning msg="Print off screen. y=129 height=75"
time="2026-10-02T12:31:10-05:00" level=warning msg="Print off screen. y=130 height=75"
time="2026-10-02T12:31:10-05:00" level=warning msg="Print off screen. y=131 height=75"
time="2026-10-02T12:31:10-05:00" level=warning msg="Print off screen. y=132 height=75"
time="2026-10-02T12:31:10-05:00" level=warning msg="Print off screen. y=133 height=75"
time="2026-10-02T12:31:10-05:00" level=warning msg="Print off screen. y=134 height=75"
time="2026-10-02T12:31:10-05:00" level=warning msg="Print off screen. y=135 height=75"
time="2026-10-02T12:31:10-05:00" level=warning msg="Print off screen. y=136 height=75"
time="2026-10-02T12:31:10-05:00" level=warning msg="Print off screen. y=137 height=75"
time="2026-10-02T12:31:10-05:00" level=warning msg="Print off screen. y=138 height=75"
time="2026-10-02T12:31:10-05:00" level=warning msg="Print off screen. y=139 height=75"
time="2026-10-02T12:31:10-05:00" level=warning msg="Print off screen. y=140 height=75"
time="2026-10-02T12:31:10-05:00" level=warning msg="Print off screen. y=141 height=75"
time="2026-10-02T12:31:10-05:00" level=warning msg="Print off screen. y=142 height=75"
time="2026-10-02T12:31:10-05:00" level=warning msg="Print off screen. y=143 height=75"
time="2026-10-02T12:31:10-05:00" level=warning msg="Print off screen. y=144 height=75"
time="2026-10-02T12:31:10-05:00" level=warning msg="Print off screen. y=145 height=75"
time="2026-10-02T12:31:10-05:00" level=warning msg="Print off screen. y=146 height=75"
time="2026-10-02T12:31:10-05:00" level=warning msg="Print off screen. y=147 height=75"
time="2026-10-02T12:31:10-05:00" level=warning msg="Print off screen. y=148 height=75"
time="2026-10-02T12:31:10-05:00" level=warning msg="Print off screen. y=149 height=75"
time="2026-10-02T12:31:10-05:00" level=warning msg="Print off screen. y=150 height=75"
time="2026-10-02T12:31:10-05:00" level=warning msg="Print off screen. y=151 height=75"
time="2026-10-02T12:31:10-05:00" level=warning msg="Print off screen. y=152 height=75"
time="2026-10-02T12:31:10-05:00" level=warning msg="Print off screen. y=153 height=75"
time="2026-10-02T12:31:10-05:00" level=warning msg="Print off screen. y=154 height=75"
time="2026-10-02T12:31:10-05:00" level=warning msg="Print off screen. y=155 height=75"
time="2026-10-02T12:31:10-05:00" level=warning msg="Print off screen. y=156 height=75"
time="2026-10-02T12:31:10-05:00" level=warning msg="Print off screen. y=157 height=75"
time="2026-10-02T12:31:10-05:00" level=warning msg="Print off screen. y=158 height=75"
time="2026-10-02T12:31:10-05:00" level=warning msg="Print off screen. y=159 height=75"
time="2026-10-02T12:31:10-05:00" level=warning msg="Print off screen. y=160 height=75"
time="2026-10-02T12:31:10-05:00" level=warning msg="Print off screen. y=161 height=75"
time="2026-10-02T12:31:10-05:00" level=warning msg="Print off screen. y=162 height=75"
time="2026-10-02T12:31:10-05:00" level=warning msg="Print off screen. y=163 height=75"
time="2026-10-02T12:31:10-05:00" level=warning msg="Print off screen. y=164 height=75"
time="2026-10-02T12:31:10-05:00" level=warning msg="Print off screen. y=165 height=75"
time="2026-10-02T12:31:10-05:00" level=warning msg="Print off screen. y=166 height=75"
time="2026-10-02T12:31:10-05:00" level=warning msg="Print off screen. y=167 height=75"
time="2026-10-02T12:31:10-05:00" level=warning msg="Print off screen. y=168 height=75"
time="2026-10-02T12:31:10-05:00" level=warning msg="Print off screen. y=169 height=75"
time="2026-10-02T12:31:10-05:00" level=warning msg="Print off screen. y=170 height=75"
time="2026-10-02T12:31:10-05:00" level=warning msg="Print off screen. y=171 height=75"
time="2026-10-02T12:31:10-05:00" level=warning msg="Print off screen. y=172 height=75"
time="2026-10-02T12:31:10-05:00" level=warning msg="Print off screen. y=173 height=75"
time="2026-10-02T12:31:10-05:00" level=warning msg="Print off screen. y=174 height=75"
time="2026-10-02T12:31:10-05:00" level=warning msg="Print off screen. y=175 height=75"
time="2026-10-02T12:31:10-05:00" level=warning msg="Print off screen. y=176 height=75"
time="2026-10-02T12:31:10-05:00" level=warning msg="Print off screen. y=177 height=75"
time="2026-10-02T12:31:10-05:00" level=warning msg="Print off screen. y=178 height=75"
time="2026-10-02T12:31:10-05:00" level=warning msg="Print off screen. y=179 height=75"
time="2026-10-02T12:31:10-05:00" level=warning msg="Print off screen. y=180 height=75"
time="2026-10-02T12:31:10-05:00" level=warning msg="Print off screen. y=181 height=75"
time="2026-10-02T12:31:10-05:00" level=warning msg="Print off screen. y=182 height=75"
time="2026-10-02T12:31:10-05:00" level=warning msg="Print off screen. y=183 height=75"
time="2026-10-02T12:31:10-05:00" level=warning msg="Print off screen. y=184 height=75"
time="2026-10-02T12:31:10-05:00" level=warning msg="Print off screen. y=185 height=75"
time="2026-10-02T12:31:10-05:00" level=warning msg="Print off screen. y=186 height=75"
time="2026-10-02T12:31:10-05:00" level=warning msg="Print off screen. y=187 height=75"
time="2026-10-02T12:31:10-05:00" level=warning msg="Print off screen. y=188 height=75"
time="2026-10-02T12:31:10-05:00" level=warning msg="Print off screen. y=189 height=75"
time="2026-10-02T12:31:10-05:00" level=warning msg="Print off screen. y=190 height=75"
time="2026-10-02T12:31:10-05:00" level=warning msg="Print off screen. y=191 height=75"
time="2026-10-02T12:31:10-05:00" level=warning msg="Print off screen. y=192 height=75"
time="2026-10-02T12:31:10-05:00" level=warning msg="Print off screen. y=193 height=75"
time="2026-10-02T12:31:10-05:00" level=warning msg="Print off screen. y=194 height=75"
time="2026-10-02T12:31:10-05:00" level=warning msg="Print off screen. y=195 height=75"
time="2026-10-02T12:31:10-05:00" level=warning msg="Print off screen. y=196 height=75"
time="2026-10-02T12:31:10-05:00" level=warning msg="Print off screen. y=197 height=75"
time="2026-10-02T12:31:10-05:00" level=warning msg="Print off screen. y=198 height=75"
time="2026-10-02T12:31:10-05:00" level=warning msg="Print off screen. y=199 height=75"
time="2026-10-02T12:31:10-05:00" level=warning msg="Print off screen. y=200 height=75"
time="2026-10-02T12:31:10-05:00" level=warning msg="Print off screen. y=201 height=75"
time="2026-10-02T12:31:10-05:00" level=warning msg="Print off screen. y=202 height=75"
time="2026-10-02T12:31:10-05:00" level=warning msg="Print off screen. y=203 height=75"
time="2026-10-02T12:31:10-05:00" level=warning msg="Print off screen. y=204 height=75"
time="2026-10-02T12:31:10-05:00" level=warning msg="Print off screen. y=205 height=75"
time="2026-10-02T12:31:10-05:00" level=warning msg="Print off screen. y=206 height=75"
time="2026-10-02T12:31:10-05:00" level=warning msg="Print off screen. y=207 height=75"
time="2026-10-02T12:31:10-05:00" level=warning msg="Print off screen. y=208 height=75"
time="2026-10-02T12:31:10-05:00" level=warning msg="Print off screen. y=209 height=75"
time="2026-10-02T12:31:10-05:00" level=warning msg="Print off screen. y=210 height=75"
time="2026-10-02T12:31:10-05:00" level=warning msg="Print off screen. y=211 height=75"
time="2026-10-02T12:31:10-05:00" level=warning msg="Print off screen. y=212 height=75"
time="2026-10-02T12:31:10-05:00" level=warning msg="Print off screen. y=213 height=75"
time="2026-10-02T12:31:10-05:00" level=warning msg="Print off screen. y=214 height=75"
time="2026-10-02T12:31:10-05:00" level=warning msg="Print off screen. y=215 height=75"
time="2026-10-02T12:31:10-05:00" level=warning msg="Print off screen. y=216 height=75"
time="2026-10-02T12:31:10-05:00" level=warning msg="Print off screen. y=217 height=75"
time="2026-10-02T12:31:10-05:00" level=warning msg="Print off screen. y=218 height=75"
time="2026-10-02T12:31:10-05:00" level=warning msg="Print off screen. y=219 height=75"
time="2026-10-02T12:31:10-05:00" level=warning msg="Print off screen. y=220 height=75"
time="2026-10-02T12:31:10-05:00" level=warning msg="Print off screen. y=221 height=75"
time="2026-10-02T12:31:10-05:00" level=warning msg="Print off screen. y=222 height=75"
time="2026-10-02T12:31:10-05:00" level=warning msg="Print off screen. y=223 height=75"
time="2026-10-02T12:31:10-05:00" level=warning msg="Print off screen. y=224 height=75"
time="2026-10-02T12:31:10-05:00" level=warning msg="Print off screen. y=225 height=75"
time="2026-10-02T12:31:10-05:00" level=warning msg="Print off screen. y=226 height=75"
time="2026-10-02T12:31:10-05:00" level=warning msg="Print off screen. y=227 height=75"
time="2026-10-02T12:31:10-05:00" level=warning msg="Print off screen. y=228 height=75"
time="2026-10-02T12:31:10-05:00" level=warning msg="Print off screen. y=229 height=75"
time="2026-10-02T12:31:10-05:00" level=warning msg="Print off screen. y=230 height=75"
time="2026-10-02T12:31:10-05:00" level=warning msg="Print off screen. y=231 height=75"
time="2026-10-02T12:31:10-05:00" level=warning msg="Print off screen. y=232 height=75"
time="2026-10-02T12:31:10-05:00" level=warning msg="Print off screen. y=233 height=75"
time="2026-10-02T12:31:10-05:00" level=warning msg="Print off screen. y=234 height=75"
time="2026-10-02T12:31:10-05:00" level=warning msg="Print off screen. y=235 height=75"
time="2026-10-02T12:31:10-05:00" level=warning msg="Print off screen. y=236 height=75"
time="2026-10-02T12:31:10-05:00" level=warning msg="Print off screen. y=237 height=75"
time="2026-10-02T12:31:10-05:00" level=warning msg="Print off screen. y=238 height=75"
time="2026-10-02T12:31:10-05:00" level=warning msg="Print off screen. y=239 height=75"
time="2026-10-02T12:31:10-05:00" level=warning msg="Print off screen. y=240 height=75"
time="2026-10-02T12:31:10-05:00" level=warning msg="Print off screen. y=241 height=75"
time="2026-10-02T12:31:10-05:00" level=warning msg="Print off screen. y=242 height=75"
time="2026-10-02T12:31:10-05:00" level=warning msg="Print off screen. y=243 height=75"
time="2026-10-02T12:31:10-05:00" level=warning msg="Print off screen. y=244 height=75"
time="2026-10-02T12:31:10-05:00" level=warning msg="Print off screen. y=245 height=75"
time="2026-10-02T12:31:10-05:00" level=warning msg="Print off screen. y=246 height=75"
time="2026-10-02T12:31:10-05:00" level=warning msg="Print off screen. y=247 height=75"
time="2026-10-02T12:31:10-05:00" level=warning msg="Print off screen. y=248 height=75"
time="2026-10-02T12:31:10-05:00" level=warning msg="Print off screen. y=249 height=75"
time="2026-10-02T12:31:10-05:00" level=warning msg="Print off screen. y=250 height=75"
time="2026-10-02T12:31:10-05:00" level=warning msg="Print off screen. y=251 height=75"
time="2026-10-02T12:31:10-05:00" level=warning msg="Print off screen. y=252 height=75"
time="2026-10-02T12:31:10-05:00" level=warning msg="Print off screen. y=253 height=75"
time="2026-10-02T12:31:10-05:00" level=warning msg="Print off screen. y=254 height=75"
time="2026-10-02T12:31:10-05:00" level=warning msg="Print off screen. y=255 height=75"
time="2026-10-02T12:31:10-05:00" level=warning msg="Print off screen. y=256 height=75"
time="2026-10-02T12:31:10-05:00" level=warning msg="Print off screen. y=257 height=75"
time="2026-10-02T12:31:10-05:00" level=warning msg="Print off screen. y=258 height=75"
time="2026-10-02T12:31:10-05:00" level=warning msg="Print off screen. y=259 height=75"
time="2026-10-02T12:31:10-05:00" level=warning msg="Print off screen. y=260 height=75"
time="2026-10-02T12:31:10-05:00" level=warning msg="Print off screen. y=261 height=75"
time="2026-10-02T12:31:10-05:00" level=warning msg="Print off screen. y=262 height=75"
time="2026-10-02T12:31:10-05:00" level=warning msg="Print off screen. y=263 height=75"
time="2026-10-02T12:31:10-05:00" level=warning msg="Print off screen. y=264 height=75"
time="2026-10-02T12:31:10-05:00" level=warning msg="Print off screen. y=265 height=75"
time="2026-10-02T12:31:10-05:00" level=warning msg="Print off screen. y=266 height=75"
time="2026-10-02T12:31:10-05:00" level=warning msg="Print off screen. y=267 height=75"
time="2026-10-02T12:31:10-05:00" level=warning msg="Print off screen. y=268 height=75"
time="2026-10-02T12:31:10-05:00" level=warning msg="Print off screen. y=269 height=75"
time="2026-10-02T12:31:10-05:00" level=warning msg="Print off screen. y=270 height=75"
time="2026-10-02T12:31:10-05:00" level=warning msg="Print off screen. y=271 height=75"
time="2026-10-02T12:31:10-05:00" level=warning msg="Print off screen. y=75 height=75"
time="2026-10-02T12:31:10-05:00" level=warning msg="Print off screen. y=76 height=75"
time="2026-10-02T12:31:10-05:00" level=warning msg="Print off screen. y=77 height=75"
time="2026-10-02T12:31:10-05:00" level=warning msg="Print off screen. y=78 height=75"
time="2026-10-02T12:31:10-05:00" level=warning msg="Print off screen. y=79 height=75"
time="2026-10-02T12:31:10-05:00" level=warning msg="Print off screen. y=80 height=75"
time="2026-10-02T12:31:10-05:00" level=warning msg="Print off screen. y=81 height=75"
time="2026-10-02T12:31:10-05:00" level=warning msg="Print off screen. y=82 height=75"
time="2026-10-02T12:31:10-05:00" level=warning msg="Print off screen. y=83 height=75"
time="2026-10-02T12:31:10-05:00" level=warning msg="Print off screen. y=84 height=75"
time="2026-10-02T12:31:10-05:00" level=warning msg="Print off screen. y=85 height=75"
time="2026-10-02T12:31:10-05:00" level=warning msg="Print off screen. y=86 height=75"
time="2026-10-02T12:31:10-05:00" level=warning msg="Print off screen. y=87 height=75"
time="2026-10-02T12:31:10-05:00" level=warning msg="Print off screen. y=88 height=75"
time="2026-10-02T12:31:10-05:00" level=warning msg="Print off screen. y=89 height=75"
time="2026-10-02T12:31:10-05:00" level=warning msg="Print off screen. y=90 height=75"
time="2026-10-02T12:31:10-05:00" level=warning msg="Print off screen. y=91 height=75"
time="2026-10-02T12:31:10-05:00" level=warning msg="Print off screen. y=92 height=75"
time="2026-10-02T12:31:10-05:00" level=warning msg="Print off screen. y=93 height=75"
time="2026-10-02T12:31:10-05:00" level=warning msg="Print off screen. y=94 height=75"
time="2026-10-02T12:31:10-05:00" level=warning msg="Print off screen. y=95 height=75"
time="2026-10-02T12:31:10-05:00" level=warning msg="Print off screen. y=96 height=75"
time="2026-10-02T12:31:10-05:00" level=warning msg="Print off screen. y=97 height=75"
time="2026-10-02T12:31:10-05:00" level=warning msg="Print off screen. y=98 height=75"
time="2026-10-02T12:31:10-05:00" level=warning msg="Print off screen. y=99 height=75"
time="2026-10-02T12:31:10-05:00" level=warning msg="Print off screen. y=100 height=75"
time="2026-10-02T12:31:10-05:00" level=warning msg="Print off screen. y=101 height=75"
time="2026-10-02T12:31:10-05:00" level=warning msg="Print off screen. y=102 height=75"
time="2026-10-02T12:31:10-05:00" level=warning msg="Print off screen. y=103 height=75"
time="2026-10-02T12:31:10-05:00" level=warning msg="Print off screen. y=104 height=75"
time="2026-10-02T12:31:10-05:00" level=warning msg="Print off screen. y=105 height=75"
time="2026-10-02T12:31:10-05:00" level=warning msg="Print off screen. y=106 height=75"
time="2026-10-02T12:31:10-05:00" level=warning msg="Print off screen. y=107 height=75"
time="2026-10-02T12:31:10-05:00" level=warning msg="Print off screen. y=108 height=75"
time="2026-10-02T12:31:10-05:00" level=warning msg="Print off screen. y=109 height=75"
time="2026-10-02T12:31:10-05:00" level=warning msg="Print off screen. y=110 height=75"
time="2026-10-02T12:31:10-05:00" level=warning msg="Print off screen. y=111 height=75"
time="2026-10-02T12:31:10-05:00" level=warning msg="Print off screen. y=112 height=75"
time="2026-10-02T12:31:10-05:00" level=warning msg="Print off screen. y=113 height=75"
time="2026-10-02T12:31:10-05:00" level=warning msg="Print off screen. y=114 height=75"
time="2026-10-02T12:31:10-05:00" level=warning msg="Print off screen. y=115 height=75"
time="2026-10-02T12:31:10-05:00" level=warning msg="Print off screen. y=116 height=75"
time="2026-10-02T12:31:10-05:00" level=warning msg="Print off screen. y=117 height=75"
time="2026-10-02T12:31:10-05:00" level=warning msg="Print off screen. y=118 height=75"
time="2026-10-02T12:31:10-05:00" level=warning msg="Print off screen. y=119 height=75"
time="2026-10-02T12:31:10-05:00" level=warning msg="Print off screen. y=120 height=75"
time="2026-10-02T12:31:10-05:00" level=warning msg="Print off screen. y=121 height=75"
time="2026-10-02T12:31:10-05:00" level=warning msg="Print off screen. y=122 height=75"
time="2026-10-02T12:31:10-05:00" level=warning msg="Print off screen. y=123 height=75"
time="2026-10-02T12:31:10-05:00" level=warning msg="Print off screen. y=124 height=75"
time="2026-10-02T12:31:10-05:00" level=warning msg="Print off screen. y=125 height=75"
time="2026-10-02T12:31:10-05:00" level=warning msg="Print off screen. y=126 height=75"
time="2026-10-02T12:31:10-05:00" level=warning msg="Print off screen. y=127 height=75"
time="2026-10-02T12:31:10-05:00" level=warning msg="Print off screen. y=128 height=75"
time="2026-10-02T12:31:10-05:00" level=warning msg="Print off screen. y=129 height=75"
time="2026-10-02T12:31:10-05:00" level=warning msg="Print off screen. y=130 height=75"
time="2026-10-02T12:31:10-05:00" level=warning msg="Print off screen. y=131 height=75"
time="2026-10-02T12:31:10-05:00" level=warning msg="Print off screen. y=132 height=75"
time="2026-10-02T12:31:10-05:00" level=warning msg="Print off screen. y=133 height=75"
time="2026-10-02T12:31:10-05:00" level=warning msg="Print off screen. y=134 height=75"
time="2026-10-02T12:31:10-05:00" level=warning msg="Print off screen. y=135 height=75"
time="2026-10-02T12:31:10-05:00" level=warning msg="Print off screen. y=136 height=75"
time="2026-10-02T12:31:10-05:00" level=warning msg="Print off screen. y=137 height=75"
time="2026-10-02T12:31:10-05:00" level=warning msg="Print off screen. y=138 height=75"
time="2026-10-02T12:31:10-05:00" level=warning msg="Print off screen. y=139 height=75"
time="2026-10-02T12:31:10-05:00" level=warning msg="Print off screen. y=140 height=75"
time="2026-10-02T12:31:10-05:00" level=warning msg="Print off screen. y=141 height=75"
time="2026-10-02T12:31:10-05:00" level=warning msg="Print off screen. y=142 height=75"
time="2026-10-02T12:31:10-05:00" level=warning msg="Print off screen. y=143 height=75"
time="2026-10-02T12:31:10-05:00" level=warning msg="Print off screen. y=144 height=75"
time="2026-10-02T12:31:10-05:00" level=warning msg="Print off screen. y=145 height=75"
time="2026-10-02T12:31:10-05:00" level=warning msg="Print off screen. y=146 height=75"
time="2026-10-02T12:31:10-05:00" level=warning msg="Print off screen. y=147 height=75"
time="2026-10-02T12:31:10-05:00" level=warning msg="Print off screen. y=148 height=75"
time="2026-10-02T12:31:10-05:00" level=warning msg="Print off screen. y=149 height=75"
time="2026-10-02T12:31:10-05:00" level=warning msg="Print off screen. y=150 height=75"
time="2026-10-02T12:31:10-05:00" level=warning msg="Print off screen. y=151 height=75"
time="2026-10-02T12:31:10-05:00" level=warning msg="Print off screen. y=152 height=75"
time="2026-10-02T12:31:10-05:00" level=warning msg="Print off screen. y=153 height=75"
time="2026-10-02T12:31:10-05:00" level=warning msg="Print off screen. y=154 height=75"
time="2026-10-02T12:31:10-05:00" level=warning msg="Print off screen. y=155 height=75"
time="2026-10-02T12:31:10-05:00" level=warning msg="Print off screen. y=156 height=75"
time="2026-10-02T12:31:10-05:00" level=warning msg="Print off screen. y=157 height=75"
time="2026-10-02T12:31:10-05:00" level=warning msg="Print off screen. y=158 height=75"
time="2026-10-02T12:31:10-05:00" level=warning msg="Print off screen. y=159 height=75"
time="2026-10-02T12:31:10-05:00" level=warning msg="Print off screen. y=160 height=75"
time="2026-10-02T12:31:10-05:00" level=warning msg="Print off screen. y=161 height=75"
time="2026-10-02T12:31:10-05:00" level=warning msg="Print off screen. y=162 height=75"
time="2026-10-02T12:31:10-05:00" level=warning msg="Print off screen. y=163 height=75"
time="2026-10-02T12:31:10-05:00" level=warning msg="Print off screen. y=164 height=75"
time="2026-10-02T12:31:10-05:00" level=warning msg="Print off screen. y=165 height=75"
time="2026-10-02T12:31:10-05:00" level=warning msg="Print off screen. y=166 height=75"
time="2026-10-02T12:31:10-05:00" level=warning msg="Print off screen. y=167 height=75"
time="2026-10-02T12:31:10-05:00" level=warning msg="Print off screen. y=168 height=75"
time="2026-10-02T12:31:10-05:00" level=warning msg="Print off screen. y=169 height=75"
time="2026-10-02T12:31:10-05:00" level=warning msg="Print off screen. y=170 height=75"
time="2026-10-02T12:31:10-05:00" level=warning msg="Print off screen. y=171 height=75"
time="2026-10-02T12:31:10-05:00" level=warning msg="Print off screen. y=172 height=75"
time="2026-10-02T12:31:10-05:00" level=warning msg="Print off screen. y=173 height=75"
time="2026-10-02T12:31:10-05:00" level=warning msg="Print off screen. y=174 height=75"
time="2026-10-02T12:31:10-05:00" level=warning msg="Print off screen. y=175 height=75"
time="2026-10-02T12:31:10-05:00" level=warning msg="Print off screen. y=176 height=75"
time="2026-10-02T12:31:10-05:00" level=warning msg="Print off screen. y=177 height=75"
time="2026-10-02T12:31:10-05:00" level=warning msg="Print off screen. y=178 height=75"
time="2026-10-02T12:31:10-05:00" level=warning msg="Print off screen. y=179 height=75"
time="2026-10-02T12:31:10-05:00" level=warning msg="Print off screen. y=180 height=75"
time="2026-10-02T12:31:10-05:00" level=warning msg="Print off screen. y=181 height=75"
time="2026-10-02T12:31:10-05:00" level=warning msg="Print off screen. y=182 height=75"
time="2026-10-02T12:31:10-05:00" level=warning msg="Print off screen. y=183 height=75"
time="2026-10-02T12:31:10-05:00" level=warning msg="Print off screen. y=184 height=75"
time="2026-10-02T12:31:10-05:00" level=warning msg="Print off screen. y=185 height=75"
time="2026-10-02T12:31:10-05:00" level=warning msg="Print off screen. y=186 height=75"
time="2026-10-02T12:31:10-05:00" level=warning msg="Print off screen. y=187 height=75"
time="2026-10-02T12:31:10-05:00" level=warning msg="Print off screen. y=188 height=75"
time="2026-10-02T12:31:10-05:00" level=warning msg="Print off screen. y=189 height=75"
time="2026-10-02T12:31:10-05:00" level=warning msg="Print off screen. y=190 height=75"
time="2026-10-02T12:31:10-05:00" level=warning msg="Print off screen. y=191 height=75"
time="2026-10-02T12:31:10-05:00" level=warning msg="Print off screen. y=192 height=75"
time="2026-10-02T12:31:10-05:00" level=warning msg="Print off screen. y=193 height=75"
time="2026-10-02T12:31:10-05:00" level=warning msg="Print off screen. y=194 height=75"
time="2026-10-02T12:31:10-05:00" level=warning msg="Print off screen. y=195 height=75"
time="2026-10-02T12:31:10-05:00" level=warning msg="Print off screen. y=196 height=75"
time="2026-10-02T12:31:10-05:00" level=warning msg="Print off screen. y=197 height=75"
time="2026-10-02T12:31:10-05:00" level=warning msg="Print off screen. y=198 height=75"
time="2026-10-02T12:31:10-05:00" level=warning msg="Print off screen. y=199 height=75"
time="2026-10-02T12:31:10-05:00" level=warning msg="Print off screen. y=200 height=75"
time="2026-10-02T12:31:10-05:00" level=warning msg="Print off screen. y=201 height=75"
time="2026-10-02T12:31:10-05:00" level=warning msg="Print off screen. y=202 height=75"
time="2026-10-02T12:31:10-05:00" level=warning msg="Print off screen. y=203 height=75"
time="2026-10-02T12:31:10-05:00" level=warning msg="Print off screen. y=204 height=75"
time="2026-10-02T12:31:10-05:00" level=warning msg="Print off screen. y=205 height=75"
time="2026-10-02T12:31:10-05:00" level=warning msg="Print off screen. y=206 height=75"
time="2026-10-02T12:31:10-05:00" level=warning msg="Print off screen. y=207 height=75"
time="2026-10-02T12:31:10-05:00" level=warning msg="Print off screen. y=208 height=75"
time="2026-10-02T12:31:10-05:00" level=warning msg="Print off screen. y=209 height=75"
time="2026-10-02T12:31:10-05:00" level=warning msg="Print off screen. y=210 height=75"
time="2026-10-02T12:31:10-05:00" level=warning msg="Print off screen. y=211 height=75"
time="2026-10-02T12:31:10-05:00" level=warning msg="Print off screen. y=212 height=75"
time="2026-10-02T12:31:10-05:00" level=warning msg="Print off screen. y=213 height=75"
time="2026-10-02T12:31:10-05:00" level=warning msg="Print off screen. y=214 height=75"
time="2026-10-02T12:31:10-05:00" level=warning msg="Print off screen. y=215 height=75"
time="2026-10-02T12:31:10-05:00" level=warning msg="Print off screen. y=216 height=75"
time="2026-10-02T12:31:10-05:00" level=warning msg="Print off screen. y=217 height=75"
time="2026-10-02T12:31:10-05:00" level=warning msg="Print off screen. y=218 height=75"
time="2026-10-02T12:31:10-05:00" level=warning msg="Print off screen. y=219 height=75"
time="2026-10-02T12:31:10-05:00" level=warning msg="Print off screen. y=220 height=75"
time="2026-10-02T12:31:10-05:00" level=warning msg="Print off screen. y=221 height=75"
time="2026-10-02T12:31:10-05:00" level=warning msg="Print off screen. y=222 height=75"
time="2026-10-02T12:31:10-05:00" level=warning msg="Print off screen. y=223 height=75"
time="2026-10-02T12:31:10-05:00" level=warning msg="Print off screen. y=224 height=75"
time="2026-10-02T12:31:10-05:00" level=warning msg="Print off screen. y=225 height=75"
time="2026-10-02T12:31:10-05:00" level=warning msg="Print off screen. y=226 height=75"
time="2026-10-02T12:31:10-05:00" level=warning msg="Print off screen. y=227 height=75"
time="2026-10-02T12:31:10-05:00" level=warning msg="Print off screen. y=228 height=75"
time="2026-10-02T12:31:10-05:00" level=warning msg="Print off screen. y=229 height=75"
time="2026-10-02T12:31:10-05:00" level=warning msg="Print off screen. y=230 height=75"
time="2026-10-02T12:31:10-05:00" level=warning msg="Print off screen. y=231 height=75"
time="2026-10-02T12:31:10-05:00" level=warning msg="Print off screen. y=232 height=75"
time="2026-10-02T12:31:10-05:00" level=warning msg="Print off screen. y=233 height=75"
time="2026-10-02T12:31:10-05:00" level=warning msg="Print off screen. y=234 height=75"
time="2026-10-02T12:31:10-05:00" level=warning msg="Print off screen. y=235 height=75"
time="2026-10-02T12:31:10-05:00" level=warning msg="Print off screen. y=236 height=75"
time="2026-10-02T12:31:10-05:00" level=warning msg="Print off screen. y=237 height=75"
time="2026-10-02T12:31:10-05:00" level=warning msg="Print off screen. y=238 height=75"
time="2026-10-02T12:31:10-05:00" level=warning msg="Print off screen. y=239 height=75"
time="2026-10-02T12:31:10-05:00" level=warning msg="Print off screen. y=240 height=75"
time="2026-10-02T12:31:10-05:00" level=warning msg="Print off screen. y=241 height=75"
time="2026-10-02T12:31:10-05:00" level=warning msg="Print off screen. y=242 height=75"
time="2026-10-02T12:31:10-05:00" level=warning msg="Print off screen. y=243 height=75"
time="2026-10-02T12:31:10-05:00" level=warning msg="Print off screen. y=244 height=75"
time="2026-10-02T12:31:10-05:00" level=warning msg="Print off screen. y=245 height=75"
time="2026-10-02T12:31:10-05:00" level=warning msg="Print off screen. y=246 height=75"
time="2026-10-02T12:31:10-05:00" level=warning msg="Print off screen. y=247 height=75"
time="2026-10-02T12:31:10-05:00" level=warning msg="Print off screen. y=248 height=75"
time="2026-10-02T12:31:10-05:00" level=warning msg="Print off screen. y=249 height=75"
time="2026-10-02T12:31:10-05:00" level=warning msg="Print off screen. y=250 height=75"
time="2026-10-02T12:31:10-05:00" level=warning msg="Print off screen. y=251 height=75"
time="2026-10-02T12:31:10-05:00" level=warning msg="Print off screen. y=252 height=75"
time="2026-10-02T12:31:10-05:00" level=warning msg="Print off screen. y=253 height=75"
time="2026-10-02T12:31:10-05:00" level=warning msg="Print off screen. y=254 height=75"
time="2026-10-02T12:31:10-05:00" level=warning msg="Print off screen. y=255 height=75"
time="2026-10-02T12:31:10-05:00" level=warning msg="Print off screen. y=256 height=75"
time="2026-10-02T12:31:10-05:00" level=warning msg="Print off screen. y=257 height=75"
time="2026-10-02T12:31:10-05:00" level=warning msg="Print off screen. y=258 height=75"
time="2026-10-02T12:31:10-05:00" level=warning msg="Print off screen. y=259 height=75"
time="2026-10-02T12:31:10-05:00" level=warning msg="Print off screen. y=260 height=75"
time="2026-10-02T12:31:10-05:00" level=warning msg="Print off screen. y=261 height=75"
time="2026-10-02T12:31:10-05:00" level=warning msg="Print off screen. y=262 height=75"
time="2026-10-02T12:31:10-05:00" level=warning msg="Print off screen. y=263 height=75"
time="2026-10-02T12:31:10-05:00" level=warning msg="Print off screen. y=264 height=75"
time="2026-10-02T12:31:10-05:00" level=warning msg="Print off screen. y=265 height=75"
time="2026-10-02T12:31:10-05:00" level=warning msg="Print off screen. y=266 height=75"
time="2026-10-02T12:31:10-05:00" level=warning msg="Print off screen. y=267 height=75"
time="2026-10-02T12:31:10-05:00" level=warning msg="Print off screen. y=268 height=75"
time="2026-10-02T12:31:10-05:00" level=warning msg="Print off screen. y=269 height=75"
time="2026-10-02T12:31:10-05:00" level=warning msg="Print off screen. y=270 height=75"
time="2026-10-02T12:31:10-05:00" level=warning msg="Print off screen. y=271 height=75"
time="2026-10-02T12:31:10-05:00" level=warning msg="Print off screen. y=75 height=75"
time="2026-10-02T12:31:10-05:00" level=warning msg="Print off screen. y=76 height=75"
time="2026-10-02T12:31:10-05:00" level=warning msg="Print off screen. y=77 height=75"
time="2026-10-02T12:31:10-05:00" level=warning msg="Print off screen. y=78 height=75"
time="2026-10-02T12:31:10-05:00" level=warning msg="Print off screen. y=79 height=75"
time="2026-10-02T12:31:10-05:00" level=warning msg="Print off screen. y=80 height=75"
time="2026-10-02T12:31:10-05:00" level=warning msg="Print off screen. y=81 height=75"
time="2026-10-02T12:31:10-05:00" level=warning msg="Print off screen. y=82 height=75"
time="2026-10-02T12:31:10-05:00" level=warning msg="Print off screen. y=83 height=75"
time="2026-10-02T12:31:10-05:00" level=warning msg="Print off screen. y=84 height=75"
time="2026-10-02T12:31:10-05:00" level=warning msg="Print off screen. y=85 height=75"
time="2026-10-02T12:31:10-05:00" level=warning msg="Print off screen. y=86 height=75"
time="2026-10-02T12:31:10-05:00" level=warning msg="Print off screen. y=87 height=75"
time="2026-10-02T12:31:10-05:00" level=warning msg="Print off screen. y=88 height=75"
time="2026-10-02T12:31:10-05:00" level=warning msg="Print off screen. y=89 height=75"
time="2026-10-02T12:31:10-05:00" level=warning msg="Print off screen. y=90 height=75"
time="2026-10-02T12:31:10-05:00" level=warning msg="Print off screen. y=91 height=75"
time="2026-10-02T12:31:10-05:00" level=warning msg="Print off screen. y=92 height=75"
time="2026-10-02T12:31:10-05:00" level=warning msg="Print off screen. y=93 height=75"
time="2026-10-02T12:31:10-05:00" level=warning msg="Print off screen. y=94 height=75"
time="2026-10-02T12:31:10-05:00" level=warning msg="Print off screen. y=95 height=75"
time="2026-10-02T12:31:10-05:00" level=warning msg="Print off screen. y=96 height=75"
time="2026-10-02T12:31:10-05:00" level=warning msg="Print off screen. y=97 height=75"
time="2026-10-02T12:31:10-05:00" level=warning msg="Print off screen. y=98 height=75"
time="2026-10-02T12:31:10-05:00" level=warning msg="Print off screen. y=99 height=75"
time="2026-10-02T12:31:10-05:00" level=warning msg="Print off screen. y=100 height=75"
time="2026-10-02T12:31:10-05:00" level=warning msg="Print off screen. y=101 height=75"
time="2026-10-02T12:31:10-05:00" level=warning msg="Print off screen. y=102 height=75"
time="2026-10-02T12:31:10-05:00" level=warning msg="Print off screen. y=103 height=75"
time="2026-10-02T12:31:10-05:00" level=warning msg="Print off screen. y=104 height=75"
time="2026-10-02T12:31:10-05:00" level=warning msg="Print off screen. y=105 height=75"
time="2026-10-02T12:31:10-05:00" level=warning msg="Print off screen. y=106 height=75"
time="2026-10-02T12:31:10-05:00" level=warning msg="Print off screen. y=107 height=75"
time="2026-10-02T12:31:10-05:00" level=warning msg="Print off screen. y=108 height=75"
time="2026-10-02T12:31:10-05:00" level=warning msg="Print off screen. y=109 height=75"
time="2026-10-02T12:31:10-05:00" level=warning msg="Print off screen. y=110 height=75"
time="2026-10-02T12:31:10-05:00" level=warning msg="Print off screen. y=111 height=75"
time="2026-10-02T12:31:10-05:00" level=warning msg="Print off screen. y=112 height=75"
time="2026-10-02T12:31:10-05:00" level=warning msg="Print off screen. y=113 height=75"
time="2026-10-02T12:31:10-05:00" level=warning msg="Print off screen. y=114 height=75"
time="2026-10-02T12:31:10-05:00" level=warning msg="Print off screen. y=115 height=75"
time="2026-10-02T12:31:10-05:00" level=warning msg="Print off screen. y=116 height=75"
time="2026-10-02T12:31:10-05:00" level=warning msg="Print off screen. y=117 height=75"
time="2026-10-02T12:31:10-05:00" level=warning msg="Print off screen. y=118 height=75"
time="2026-10-02T12:31:10-05:00" level=warning msg="Print off screen. y=119 height=75"
time="2026-10-02T12:31:10-05:00" level=warning msg="Print off screen. y=120 height=75"
time="2026-10-02T12:31:10-05:00" level=warning msg="Print off screen. y=121 height=75"
time="2026-10-02T12:31:10-05:00" level=warning msg="Print off screen. y=122 height=75"
time="2026-10-02T12:31:10-05:00" level=warning msg="Print off screen. y=123 height=75"
time="2026-10-02T12:31:10-05:00" level=warning msg="Print off screen. y=124 height=75"
time="2026-10-02T12:31:10-05:00" level=warning msg="Print off screen. y=125 height=75"
time="2026-10-02T12:31:10-05:00" level=warning msg="Print off screen. y=126 height=75"
time="2026-10-02T12:31:10-05:00" level=warning msg="Print off screen. y=127 height=75"
time="2026-10-02T12:31:10-05:00" level=warning msg="Print off screen. y=128 height=75"
time="2026-10-02T12:31:10-05:00" level=warning msg="Print off screen. y=129 height=75"
time="2026-10-02T12:31:10-05:00" level=warning msg="Print off screen. y=130 height=75"
time="2026-10-02T12:31:10-05:00" level=warning msg="Print off screen. y=131 height=75"
time="2026-10-02T12:31:10-05:00" level=warning msg="Print off screen. y=132 height=75"
time="2026-10-02T12:31:10-05:00" level=warning msg="Print off screen. y=133 height=75"
time="2026-10-02T12:31:10-05:00" level=warning msg="Print off screen. y=134 height=75"
time="2026-10-02T12:31:10-05:00" level=warning msg="Print off screen. y=135 height=75"
time="2026-10-02T12:31:10-05:00" level=warning msg="Print off screen. y=136 height=75"
time="2026-10-02T12:31:10-05:00" level=warning msg="Print off screen. y=137 height=75"
time="2026-10-02T12:31:10-05:00" level=warning msg="Print off screen. y=138 height=75"
time="2026-10-02T12:31:10-05:00" level=warning msg="Print off screen. y=139 height=75"
time="2026-10-02T12:31:10-05:00" level=warning msg="Print off screen. y=140 height=75"
time="2026-10-02T12:31:10-05:00" level=warning msg="Print off screen. y=141 height=75"
time="2026-10-02T12:31:10-05:00" level=warning msg="Print off screen. y=142 height=75"
time="2026-10-02T12:31:10-05:00" level=warning msg="Print off screen. y=143 height=75"
time="2026-10-02T12:31:10-05:00" level=warning msg="Print off screen. y=144 height=75"
time="2026-10-02T12:31:10-05:00" level=warning msg="Print off screen. y=145 height=75"
time="2026-10-02T12:31:10-05:00" level=warning msg="Print off screen. y=146 height=75"
time="2026-10-02T12:31:10-05:00" level=warning msg="Print off screen. y=147 height=75"
time="2026-10-02T12:31:10-05:00" level=warning msg="Print off screen. y=148 height=75"
time="2026-10-02T12:31:10-05:00" level=warning msg="Print off screen. y=149 height=75"
time="2026-10-02T12:31:10-05:00" level=warning msg="Print off screen. y=150 height=75"
time="2026-10-02T12:31:10-05:00" level=warning msg="Print off screen. y=151 height=75"
time="2026-10-02T12:31:10-05:00" level=warning msg="Print off screen. y=152 height=75"
time="2026-10-02T12:31:10-05:00" level=warning msg="Print off screen. y=153 height=75"
time="2026-10-02T12:31:10-05:00" level=warning msg="Print off screen. y=154 height=75"
time="2026-10-02T12:31:10-05:00" level=warning msg="Print off screen. y=155 height=75"
time="2026-10-02T12:31:10-05:00" level=warning msg="Print off screen. y=156 height=75"
time="2026-10-02T12:31:10-05:00" level=warning msg="Print off screen. y=157 height=75"
time="2026-10-02T12:31:10-05:00" level=warning msg="Print off screen. y=158 height=75"
time="2026-10-02T12:31:10-05:00" level=warning msg="Print off screen. y=159 height=75"
time="2026-10-02T12:31:10-05:00" level=warning msg="Print off screen. y=160 height=75"
time="2026-10-02T12:31:10-05:00" level=warning msg="Print off screen. y=161 height=75"
time="2026-10-02T12:31:10-05:00" level=warning msg="Print off screen. y=162 height=75"
time="2026-10-02T12:31:10-05:00" level=warning msg="Print off screen. y=163 height=75"
time="2026-10-02T12:31:10-05:00" level=warning msg="Print off screen. y=164 height=75"
time="2026-10-02T12:31:10-05:00" level=warning msg="Print off screen. y=165 height=75"
time="2026-10-02T12:31:10-05:00" level=warning msg="Print off screen. y=166 height=75"
time="2026-10-02T12:31:10-05:00" level=warning msg="Print off screen. y=167 height=75"
time="2026-10-02T12:31:10-05:00" level=warning msg="Print off screen. y=168 height=75"
time="2026-10-02T12:31:10-05:00" level=warning msg="Print off screen. y=169 height=75"
time="2026-10-02T12:31:10-05:00" level=warning msg="Print off screen. y=170 height=75"
time="2026-10-02T12:31:10-05:00" level=warning msg="Print off screen. y=171 height=75"
time="2026-10-02T12:31:10-05:00" level=warning msg="Print off screen. y=172 height=75"
time="2026-10-02T12:31:10-05:00" level=warning msg="Print off screen. y=173 height=75"
time="2026-10-02T12:31:10-05:00" level=warning msg="Print off screen. y=174 height=75"
time="2026-10-02T12:31:10-05:00" level=warning msg="Print off screen. y=175 height=75"
time="2026-10-02T12:31:10-05:00" level=warning msg="Print off screen. y=176 height=75"
time="2026-10-02T12:31:10-05:00" level=warning msg="Print off screen. y=177 height=75"
time="2026-10-02T12:31:10-05:00" level=warning msg="Print off screen. y=178 height=75"
time="2026-10-02T12:31:10-05:00" level=warning msg="Print off screen. y=179 height=75"
time="2026-10-02T12:31:10-05:00" level=warning msg="Print off screen. y=180 height=75"
time="2026-10-02T12:31:10-05:00" level=warning msg="Print off screen. y=181 height=75"
time="2026-10-02T12:31:10-05:00" level=warning msg="Print off screen. y=182 height=75"
time="2026-10-02T12:31:10-05:00" level=warning msg="Print off screen. y=183 height=75"
time="2026-10-02T12:31:10-05:00" level=warning msg="Print off screen. y=184 height=75"
time="2026-10-02T12:31:10-05:00" level=warning msg="Print off screen. y=185 height=75"
time="2026-10-02T12:31:10-05:00" level=warning msg="Print off screen. y=186 height=75"
time="2026-10-02T12:31:10-05:00" level=warning msg="Print off screen. y=187 height=75"
time="2026-10-02T12:31:10-05:00" level=warning msg="Print off screen. y=188 height=75"
time="2026-10-02T12:31:10-05:00" level=warning msg="Print off screen. y=189 height=75"
time="2026-10-02T12:31:10-05:00" level=warning msg="Print off screen. y=190 height=75"
time="2026-10-02T12:31:10-05:00" level=warning msg="Print off screen. y=191 height=75"
time="2026-10-02T12:31:10-05:00" level=warning msg="Print off screen. y=192 height=75"
time="2026-10-02T12:31:10-05:00" level=warning msg="Print off screen. y=193 height=75"
time="2026-10-02T12:31:10-05:00" level=warning msg="Print off screen. y=194 height=75"
time="2026-10-02T12:31:10-05:00" level=warning msg="Print off screen. y=195 height=75"
time="2026-10-02T12:31:10-05:00" level=warning msg="Print off screen. y=196 height=75"
time="2026-10-02T12:31:10-05:00" level=warning msg="Print off screen. y=197 height=75"
time="2026-10-02T12:31:10-05:00" level=warning msg="Print off screen. y=198 height=75"
time="2026-10-02T12:31:10-05:00" level=warning msg="Print off screen. y=199 height=75"
time="2026-10-02T12:31:10-05:00" level=warning msg="Print off screen. y=200 height=75"
time="2026-10-02T12:31:10-05:00" level=warning msg="Print off screen. y=201 height=75"
time="2026-10-02T12:31:10-05:00" level=warning msg="Print off screen. y=202 height=75"
time="2026-10-02T12:31:10-05:00" level=warning msg="Print off screen. y=203 height=75"
time="2026-10-02T12:31:10-05:00" level=warning msg="Print off screen. y=204 height=75"
time="2026-10-02T12:31:10-05:00" level=warning msg="Print off screen. y=205 height=75"
time="2026-10-02T12:31:10-05:00" level=warning msg="Print off screen. y=206 height=75"
time="2026-10-02T12:31:10-05:00" level=warning msg="Print off screen. y=207 height=75"
time="2026-10-02T12:31:10-05:00" level=warning msg="Print off screen. y=208 height=75"
time="2026-10-02T12:31:10-05:00" level=warning msg="Print off screen. y=209 height=75"
time="2026-10-02T12:31:10-05:00" level=warning msg="Print off screen. y=210 height=75"
time="2026-10-02T12:31:10-05:00" level=warning msg="Print off screen. y=211 height=75"
time="2026-10-02T12:31:10-05:00" level=warning msg="Print off screen. y=212 height=75"
time="2026-10-02T12:31:10-05:00" level=warning msg="Print off screen. y=213 height=75"
time="2026-10-02T12:31:10-05:00" level=warning msg="Print off screen. y=214 height=75"
time="2026-10-02T12:31:10-05:00" level=warning msg="Print off screen. y=215 height=75"
time="2026-10-02T12:31:10-05:00" level=warning msg="Print off screen. y=216 height=75"
time="2026-10-02T12:31:10-05:00" level=warning msg="Print off screen. y=217 height=75"
time="2026-10-02T12:31:10-05:00" level=warning msg="Print off screen. y=218 height=75"
time="2026-10-02T12:31:10-05:00" level=warning msg="Print off screen. y=219 height=75"
time="2026-10-02T12:31:10-05:00" level=warning msg="Print off screen. y=220 height=75"
time="2026-10-02T12:31:10-05:00" level=warning msg="Print off screen. y=221 height=75"
time="2026-10-02T12:31:10-05:00" level=warning msg="Print off screen. y=222 height=75"
time="2026-10-02T12:31:10-05:00" level=warning msg="Print off screen. y=223 height=75"
time="2026-10-02T12:31:10-05:00" level=warning msg="Print off screen. y=224 height=75"
time="2026-10-02T12:31:10-05:00" level=warning msg="Print off screen. y=225 height=75"
time="2026-10-02T12:31:10-05:00" level=warning msg="Print off screen. y=226 height=75"
time="2026-10-02T12:31:10-05:00" level=warning msg="Print off screen. y=227 height=75"
time="2026-10-02T12:31:10-05:00" level=warning msg="Print off screen. y=228 height=75"
time="2026-10-02T12:31:10-05:00" level=warning msg="Print off screen. y=229 height=75"
time="2026-10-02T12:31:10-05:00" level=warning msg="Print off screen. y=230 height=75"
time="2026-10-02T12:31:10-05:00" level=warning msg="Print off screen. y=231 height=75"
time="2026-10-02T12:31:10-05:00" level=warning msg="Print off screen. y=232 height=75"
time="2026-10-02T12:31:10-05:00" level=warning msg="Print off screen. y=233 height=75"
time="2026-10-02T12:31:10-05:00" level=warning msg="Print off screen. y=234 height=75"
time="2026-10-02T12:31:10-05:00" level=warning msg="Print off screen. y=235 height=75"
time="2026-10-02T12:31:10-05:00" level=warning msg="Print off screen. y=236 height=75"
time="2026-10-02T12:31:10-05:00" level=warning msg="Print off screen. y=237 height=75"
time="2026-10-02T12:31:10-05:00" level=warning msg="Print off screen. y=238 height=75"
time="2026-10-02T12:31:10-05:00" level=warning msg="Print off screen. y=239 height=75"
time="2026-10-02T12:31:10-05:00" level=warning msg="Print off screen. y=240 height=75"
time="2026-10-02T12:31:10-05:00" level=warning msg="Print off screen. y=241 height=75"
time="2026-10-02T12:31:10-05:00" level=warning msg="Print off screen. y=242 height=75"
time="2026-10-02T12:31:10-05:00" level=warning msg="Print off screen. y=243 height=75"
time="2026-10-02T12:31:10-05:00" level=warning msg="Print off screen. y=244 height=75"
time="2026-10-02T12:31:10-05:00" level=warning msg="Print off screen. y=245 height=75"
time="2026-10-02T12:31:10-05:00" level=warning msg="Print off screen. y=246 height=75"
time="2026-10-02T12:31:10-05:00" level=warning msg="Print off screen. y=247 height=75"
time="2026-10-02T12:31:10-05:00" level=warning msg="Print off screen. y=248 height=75"
time="2026-10-02T12:31:10-05:00" level=warning msg="Print off screen. y=249 height=75"
time="2026-10-02T12:31:10-05:00" level=warning msg="Print off screen. y=250 height=75"
time="2026-10-02T12:31:10-05:00" level=warning msg="Print off screen. y=251 height=75"
time="2026-10-02T12:31:10-05:00" level=warning msg="Print off screen. y=252 height=75"
time="2026-10-02T12:31:10-05:00" level=warning msg="Print off screen. y=253 height=75"
time="2026-10-02T12:31:10-05:00" level=warning msg="Print off screen. y=254 height=75"
time="2026-10-02T12:31:10-05:00" level=warning msg="Print off screen. y=255 height=75"
time="2026-10-02T12:31:10-05:00" level=warning msg="Print off screen. y=256 height=75"
time="2026-10-02T12:31:10-05:00" level=warning msg="Print off screen. y=257 height=75"
time="2026-10-02T12:31:10-05:00" level=warning msg="Print off screen. y=258 height=75"
time="2026-10-02T12:31:10-05:00" level=warning msg="Print off screen. y=259 height=75"
time="2026-10-02T12:31:10-05:00" level=warning msg="Print off screen. y=260 height=75"
time="2026-10-02T12:31:10-05:00" level=warning msg="Print off screen. y=261 height=75"
time="2026-10-02T12:31:10-05:00" level=warning msg="Print off screen. y=262 height=75"
time="2026-10-02T12:31:10-05:00" level=warning msg="Print off screen. y=263 height=75"
time="2026-10-02T12:31:10-05:00" level=warning msg="Print off screen. y=264 height=75"
time="2026-10-02T12:31:10-05:00" level=warning msg="Print off screen. y=265 height=75"
time="2026-10-02T12:31:10-05:00" level=warning msg="Print off screen. y=266 height=75"
time="2026-10-02T12:31:10-05:00" level=warning msg="Print off screen. y=267 height=75"
time="2026-10-02T12:31:10-05:00" level=warning msg="Print off screen. y=268 height=75"
time="2026-10-02T12:31:10-05:00" level=warning msg="Print off screen. y=269 height=75"
time="2026-10-02T12:31:10-05:00" level=warning msg="Print off screen. y=270 height=75"
time="2026-10-02T12:31:10-05:00" level=warning msg="Print off screen. y=271 height=75"
time="2026-10-02T12:31:10-05:00" level=warning msg="Print off screen. y=75 height=75"
time="2026-10-02T12:31:10-05:00" level=warning msg="Print off screen. y=76 height=75"
time="2026-10-02T12:31:10-05:00" level=warning msg="Print off screen. y=77 height=75"
time="2026-10-02T12:31:10-05:00" level=warning msg="Print off screen. y=78 height=75"
time="2026-10-02T12:31:10-05:00" level=warning msg="Print off screen. y=79 height=75"
time="2026-10-02T12:31:10-05:00" level=warning msg="Print off screen. y=80 height=75"
time="2026-10-02T12:31:10-05:00" level=warning msg="Print off screen. y=81 height=75"
time="2026-10-02T12:31:10-05:00" level=warning msg="Print off screen. y=82 height=75"
time="2026-10-02T12:31:10-05:00" level=warning msg="Print off screen. y=83 height=75"
time="2026-10-02T12:31:10-05:00" level=warning msg="Print off screen. y=84 height=75"
time="2026-10-02T12:31:10-05:00" level=warning msg="Print off screen. y=85 height=75"
time="2026-10-02T12:31:10-05:00" level=warning msg="Print off screen. y=86 height=75"
time="2026-10-02T12:31:10-05:00" level=warning msg="Print off screen. y=87 height=75"
time="2026-10-02T12:31:10-05:00" level=warning msg="Print off screen. y=88 height=75"
time="2026-10-02T12:31:10-05:00" level=warning msg="Print off screen. y=89 height=75"
time="2026-10-02T12:31:10-05:00" level=warning msg="Print off screen. y=90 height=75"
time="2026-10-02T12:31:10-05:00" level=warning msg="Print off screen. y=91 height=75"
time="2026-10-02T12:31:10-05:00" level=warning msg="Print off screen. y=92 height=75"
time="2026-10-02T12:31:10-05:00" level=warning msg="Print off screen. y=93 height=75"
time="2026-10-02T12:31:10-05:00" level=warning msg="Print off screen. y=94 height=75"
time="2026-10-02T12:31:10-05:00" level=warning msg="Print off screen. y=95 height=75"
time="2026-10-02T12:31:10-05:00" level=warning msg="Print off screen. y=96 height=75"
time="2026-10-02T12:31:10-05:00" level=warning msg="Print off screen. y=97 height=75"
time="2026-10-02T12:31:10-05:00" level=warning msg="Print off screen. y=98 height=75"
time="2026-10-02T12:31:10-05:00" level=warning msg="Print off screen. y=99 height=75"
time="2026-10-02T12:31:10-05:00" level=warning msg="Print off screen. y=100 height=75"
time="2026-10-02T12:31:10-05:00" level=warning msg="Print off screen. y=101 height=75"
time="2026-10-02T12:31:10-05:00" level=warning msg="Print off screen. y=102 height=75"
time="2026-10-02T12:31:10-05:00" level=warning msg="Print off screen. y=103 height=75"
time="2026-10-02T12:31:10-05:00" level=warning msg="Print off screen. y=104 height=75"
time="2026-10-02T12:31:10-05:00" level=warning msg="Print off screen. y=105 height=75"
time="2026-10-02T12:31:10-05:00" level=warning msg="Print off screen. y=106 height=75"
time="2026-10-02T12:31:10-05:00" level=warning msg="Print off screen. y=107 height=75"
time="2026-10-02T12:31:10-05:00" level=warning msg="Print off screen. y=108 height=75"
time="2026-10-02T12:31:10-05:00" level=warning msg="Print off screen. y=109 height=75"
time="2026-10-02T12:31:10-05:00" level=warning msg="Print off screen. y=110 height=75"
time="2026-10-02T12:31:10-05:00" level=warning msg="Print off screen. y=111 height=75"
time="2026-10-02T12:31:10-05:00" level=warning msg="Print off screen. y=112 height=75"
time="2026-10-02T12:31:10-05:00" level=warning msg="Print off screen. y=113 height=75"
time="2026-10-02T12:31:10-05:00" level=warning msg="Print off screen. y=114 height=75"
time="2026-10-02T12:31:10-05:00" level=warning msg="Print off screen. y=115 height=75"
time="2026-10-02T12:31:10-05:00" level=warning msg="Print off screen. y=116 height=75"
time="2026-10-02T12:31:10-05:00" level=warning msg="Print off screen. y=117 height=75"
time="2026-10-02T12:31:10-05:00" level=warning msg="Print off screen. y=118 height=75"
time="2026-10-02T12:31:10-05:00" level=warning msg="Print off screen. y=119 height=75"
time="2026-10-02T12:31:10-05:00" level=warning msg="Print off screen. y=120 height=75"
time="2026-10-02T12:31:10-05:00" level=warning msg="Print off screen. y=121 height=75"
time="2026-10-02T12:31:10-05:00" level=warning msg="Print off screen. y=122 height=75"
time="2026-10-02T12:31:10-05:00" level=warning msg="Print off screen. y=123 height=75"
time="2026-10-02T12:31:10-05:00" level=warning msg="Print off screen. y=124 height=75"
time="2026-10-02T12:31:10-05:00" level=warning msg="Print off screen. y=125 height=75"
time="2026-10-02T12:31:10-05:00" level=warning msg="Print off screen. y=126 height=75"
time="2026-10-02T12:31:10-05:00" level=warning msg="Print off screen. y=127 height=75"
time="2026-10-02T12:31:10-05:00" level=warning msg="Print off screen. y=128 height=75"
time="2026-10-02T12:31:10-05:00" level=warning msg="Print off screen. y=129 height=75"
time="2026-10-02T12:31:10-05:00" level=warning msg="Print off screen. y=130 height=75"
time="2026-10-02T12:31:10-05:00" level=warning msg="Print off screen. y=131 height=75"
time="2026-10-02T12:31:10-05:00" level=warning msg="Print off screen. y=132 height=75"
time="2026-10-02T12:31:10-05:00" level=warning msg="Print off screen. y=133 height=75"
time="2026-10-02T12:31:10-05:00" level=warning msg="Print off screen. y=134 height=75"
time="2026-10-02T12:31:10-05:00" level=warning msg="Print off screen. y=135 height=75"
time="2026-10-02T12:31:10-05:00" level=warning msg="Print off screen. y=136 height=75"
time="2026-10-02T12:31:10-05:00" level=warning msg="Print off screen. y=137 height=75"
time="2026-10-02T12:31:10-05:00" level=warning msg="Print off screen. y=138 height=75"
time="2026-10-02T12:31:10-05:00" level=warning msg="Print off screen. y=139 height=75"
time="2026-10-02T12:31:10-05:00" level=warning msg="Print off screen. y=140 height=75"
time="2026-10-02T12:31:10-05:00" level=warning msg="Print off screen. y=141 height=75"
time="2026-10-02T12:31:10-05:00" level=warning msg="Print off screen. y=142 height=75"
time="2026-10-02T12:31:10-05:00" level=warning msg="Print off screen. y=143 height=75"
time="2026-10-02T12:31:10-05:00" level=warning msg="Print off screen. y=144 height=75"
time="2026-10-02T12:31:10-05:00" level=warning msg="Print off screen. y=145 height=75"
time="2026-10-02T12:31:10-05:00" level=warning msg="Print off screen. y=146 height=75"
time="2026-10-02T12:31:10-05:00" level=warning msg="Print off screen. y=147 height=75"
time="2026-10-02T12:31:10-05:00" level=warning msg="Print off screen. y=148 height=75"
time="2026-10-02T12:31:10-05:00" level=warning msg="Print off screen. y=149 height=75"
time="2026-10-02T12:31:10-05:00" level=warning msg="Print off screen. y=150 height=75"
time="2026-10-02T12:31:10-05:00" level=warning msg="Print off screen. y=151 height=75"
time="2026-10-02T12:31:10-05:00" level=warning msg="Print off screen. y=152 height=75"
time="2026-10-02T12:31:10-05:00" level=warning msg="Print off screen. y=153 height=75"
time="2026-10-02T12:31:10-05:00" level=warning msg="Print off screen. y=154 height=75"
time="2026-10-02T12:31:10-05:00" level=warning msg="Print off screen. y=155 height=75"
time="2026-10-02T12:31:10-05:00" level=warning msg="Print off screen. y=156 height=75"
time="2026-10-02T12:31:10-05:00" level=warning msg="Print off screen. y=157 height=75"
time="2026-10-02T12:31:10-05:00" level=warning msg="Print off screen. y=158 height=75"
time="2026-10-02T12:31:10-05:00" level=warning msg="Print off screen. y=159 height=75"
time="2026-10-02T12:31:10-05:00" level=warning msg="Print off screen. y=160 height=75"
time="2026-10-02T12:31:10-05:00" level=warning msg="Print off screen. y=161 height=75"
time="2026-10-02T12:31:10-05:00" level=warning msg="Print off screen. y=162 height=75"
time="2026-10-02T12:31:10-05:00" level=warning msg="Print off screen. y=163 height=75"
time="2026-10-02T12:31:10-05:00" level=warning msg="Print off screen. y=164 height=75"
time="2026-10-02T12:31:10-05:00" level=warning msg="Print off screen. y=165 height=75"
time="2026-10-02T12:31:10-05:00" level=warning msg="Print off screen. y=166 height=75"
time="2026-10-02T12:31:10-05:00" level=warning msg="Print off screen. y=167 height=75"
time="2026-10-02T12:31:10-05:00" level=warning msg="Print off screen. y=168 height=75"
time="2026-10-02T12:31:10-05:00" level=warning msg="Print off screen. y=169 height=75"
time="2026-10-02T12:31:10-05:00" level=warning msg="Print off screen. y=170 height=75"
time="2026-10-02T12:31:10-05:00" level=warning msg="Print off screen. y=171 height=75"
time="2026-10-02T12:31:10-05:00" level=warning msg="Print off screen. y=172 height=75"
time="2026-10-02T12:31:10-05:00" level=warning msg="Print off screen. y=173 height=75"
time="2026-10-02T12:31:10-05:00" level=warning msg="Print off screen. y=174 height=75"
time="2026-10-02T12:31:10-05:00" level=warning msg="Print off screen. y=175 height=75"
time="2026-10-02T12:31:10-05:00" level=warning msg="Print off screen. y=176 height=75"
time="2026-10-02T12:31:10-05:00" level=warning msg="Print off screen. y=177 height=75"
time="2026-10-02T12:31:10-05:00" level=warning msg="Print off screen. y=178 height=75"
time="2026-10-02T12:31:10-05:00" level=warning msg="Print off screen. y=179 height=75"
time="2026-10-02T12:31:10-05:00" level=warning msg="Print off screen. y=180 height=75"
time="2026-10-02T12:31:10-05:00" level=warning msg="Print off screen. y=181 height=75"
time="2026-10-02T12:31:10-05:00" level=warning msg="Print off screen. y=182 height=75"
time="2026-10-02T12:31:10-05:00" level=warning msg="Print off screen. y=183 height=75"
time="2026-10-02T12:31:10-05:00" level=warning msg="Print off screen. y=184 height=75"
time="2026-10-02T12:31:10-05:00" level=warning msg="Print off screen. y=185 height=75"
time="2026-10-02T12:31:10-05:00" level=warning msg="Print off screen. y=186 height=75"
time="2026-10-02T12:31:10-05:00" level=warning msg="Print off screen. y=187 height=75"
time="2026-10-02T12:31:10-05:00" level=warning msg="Print off screen. y=188 height=75"
time="2026-10-02T12:31:10-05:00" level=warning msg="Print off screen. y=189 height=75"
time="2026-10-02T12:31:10-05:00" level=warning msg="Print off screen. y=190 height=75"
time="2026-10-02T12:31:10-05:00" level=warning msg="Print off screen. y=191 height=75"
time="2026-10-02T12:31:10-05:00" level=warning msg="Print off screen. y=192 height=75"
time="2026-10-02T12:31:10-05:00" level=warning msg="Print off screen. y=193 height=75"
time="2026-10-02T12:31:10-05:00" level=warning msg="Print off screen. y=194 height=75"
time="2026-10-02T12:31:10-05:00" level=warning msg="Print off screen. y=195 height=75"
time="2026-10-02T12:31:10-05:00" level=warning msg="Print off screen. y=196 height=75"
time="2026-10-02T12:31:10-05:00" level=warning msg="Print off screen. y=197 height=75"
time="2026-10-02T12:31:10-05:00" level=warning msg="Print off screen. y=198 height=75"
time="2026-10-02T12:31:10-05:00" level=warning msg="Print off screen. y=199 height=75"
time="2026-10-02T12:31:10-05:00" level=warning msg="Print off screen. y=200 height=75"
time="2026-10-02T12:31:10-05:00" level=warning msg="Print off screen. y=201 height=75"
time="2026-10-02T12:31:10-05:00" level=warning msg="Print off screen. y=202 height=75"
time="2026-10-02T12:31:10-05:00" level=warning msg="Print off screen. y=203 height=75"
time="2026-10-02T12:31:10-05:00" level=warning msg="Print off screen. y=204 height=75"
time="2026-10-02T12:31:10-05:00" level=warning msg="Print off screen. y=205 height=75"
time="2026-10-02T12:31:10-05:00" level=warning msg="Print off screen. y=206 height=75"
time="2026-10-02T12:31:10-05:00" level=warning msg="Print off screen. y=207 height=75"
time="2026-10-02T12:31:10-05:00" level=warning msg="Print off screen. y=208 height=75"
time="2026-10-02T12:31:10-05:00" level=warning msg="Print off screen. y=209 height=75"
time="2026-10-02T12:31:10-05:00" level=warning msg="Print off screen. y=210 height=75"
time="2026-10-02T12:31:10-05:00" level=warning msg="Print off screen. y=211 height=75"
time="2026-10-02T12:31:10-05:00" level=warning msg="Print off screen. y=212 height=75"
time="2026-10-02T12:31:10-05:00" level=warning msg="Print off screen. y=213 height=75"
time="2026-10-02T12:31:10-05:00" level=warning msg="Print off screen. y=214 height=75"
time="2026-10-02T12:31:10-05:00" level=warning msg="Print off screen. y=215 height=75"
time="2026-10-02T12:31:10-05:00" level=warning msg="Print off screen. y=216 height=75"
time="2026-10-02T12:31:10-05:00" level=warning msg="Print off screen. y=217 height=75"
time="2026-10-02T12:31:10-05:00" level=warning msg="Print off screen. y=218 height=75"
time="2026-10-02T12:31:10-05:00" level=warning msg="Print off screen. y=219 height=75"
time="2026-10-02T12:31:10-05:00" level=warning msg="Print off screen. y=220 height=75"
time="2026-10-02T12:31:10-05:00" level=warning msg="Print off screen. y=221 height=75"
time="2026-10-02T12:31:10-05:00" level=warning msg="Print off screen. y=222 height=75"
time="2026-10-02T12:31:10-05:00" level=warning msg="Print off screen. y=223 height=75"
time="2026-10-02T12:31:10-05:00" level=warning msg="Print off screen. y=224 height=75"
time="2026-10-02T12:31:10-05:00" level=warning msg="Print off screen. y=225 height=75"
time="2026-10-02T12:31:10-05:00" level=warning msg="Print off screen. y=226 height=75"
time="2026-10-02T12:31:10-05:00" level=warning msg="Print off screen. y=227 height=75"
time="2026-10-02T12:31:10-05:00" level=warning msg="Print off screen. y=228 height=75"
time="2026-10-02T12:31:10-05:00" level=warning msg="Print off screen. y=229 height=75"
time="2026-10-02T12:31:10-05:00" level=warning msg="Print off screen. y=230 height=75"
time="2026-10-02T12:31:10-05:00" level=warning msg="Print off screen. y=231 height=75"
time="2026-10-02T12:31:10-05:00" level=warning msg="Print off screen. y=232 height=75"
time="2026-10-02T12:31:10-05:00" level=warning msg="Print off screen. y=233 height=75"
time="2026-10-02T12:31:10-05:00" level=warning msg="Print off screen. y=234 height=75"
time="2026-10-02T12:31:10-05:00" level=warning msg="Print off screen. y=235 height=75"
time="2026-10-02T12:31:10-05:00" level=warning msg="Print off screen. y=236 height=75"
time="2026-10-02T12:31:10-05:00" level=warning msg="Print off screen. y=237 height=75"
time="2026-10-02T12:31:10-05:00" level=warning msg="Print off screen. y=238 height=75"
time="2026-10-02T12:31:10-05:00" level=warning msg="Print off screen. y=239 height=75"
time="2026-10-02T12:31:10-05:00" level=warning msg="Print off screen. y=240 height=75"
time="2026-10-02T12:31:10-05:00" level=warning msg="Print off screen. y=241 height=75"
time="2026-10-02T12:31:10-05:00" level=warning msg="Print off screen. y=242 height=75"
time="2026-10-02T12:31:10-05:00" level=warning msg="Print off screen. y=243 height=75"
time="2026-10-02T12:31:10-05:00" level=warning msg="Print off screen. y=244 height=75"
time="2026-10-02T12:31:10-05:00" level=warning msg="Print off screen. y=245 height=75"
time="2026-10-02T12:31:10-05:00" level=warning msg="Print off screen. y=246 height=75"
time="2026-10-02T12:31:10-05:00" level=warning msg="Print off screen. y=247 height=75"
time="2026-10-02T12:31:10-05:00" level=warning msg="Print off screen. y=248 height=75"
time="2026-10-02T12:31:10-05:00" level=warning msg="Print off screen. y=249 height=75"
time="2026-10-02T12:31:10-05:00" level=warning msg="Print off screen. y=250 height=75"
time="2026-10-02T12:31:10-05:00" level=warning msg="Print off screen. y=251 height=75"
time="2026-10-02T12:31:10-05:00" level=warning msg="Print off screen. y=252 height=75"
time="2026-10-02T12:31:10-05:00" level=warning msg="Print off screen. y=253 height=75"
time="2026-10-02T12:31:10-05:00" level=warning msg="Print off screen. y=254 height=75"
time="2026-10-02T12:31:10-05:00" level=warning msg="Print off screen. y=255 height=75"
time="2026-10-02T12:31:10-05:00" level=warning msg="Print off screen. y=256 height=75"
time="2026-10-02T12:31:10-05:00" level=warning msg="Print off screen. y=257 height=75"
time="2026-10-02T12:31:10-05:00" level=warning msg="Print off screen. y=258 height=75"
time="2026-10-02T12:31:10-05:00" level=warning msg="Print off screen. y=259 height=75"
time="2026-10-02T12:31:10-05:00" level=warning msg="Print off screen. y=260 height=75"
time="2026-10-02T12:31:10-05:00" level=warning msg="Print off screen. y=261 height=75"
time="2026-10-02T12:31:10-05:00" level=warning msg="Print off screen. y=262 height=75"
time="2026-10-02T12:31:10-05:00" level=warning msg="Print off screen. y=263 height=75"
time="2026-10-02T12:31:10-05:00" level=warning msg="Print off screen. y=264 height=75"
time="2026-10-02T12:31:10-05:00" level=warning msg="Print off screen. y=265 height=75"
time="2026-10-02T12:31:10-05:00" level=warning msg="Print off screen. y=266 height=75"
time="2026-10-02T12:31:10-05:00" level=warning msg="Print off screen. y=267 height=75"
time="2026-10-02T12:31:10-05:00" level=warning msg="Print off screen. y=268 height=75"
time="2026-10-02T12:31:10-05:00" level=warning msg="Print off screen. y=269 height=75"
time="2026-10-02T12:31:10-05:00" level=warning msg="Print off screen. y=270 height=75"
time="2026-10-02T12:31:10-05:00" level=warning msg="Print off screen. y=271 height=75"
time="2026-10-02T12:31:11-05:00" level=warning msg="Print off screen. y=75 height=75"
time="2026-10-02T12:31:11-05:00" level=warning msg="Print off screen. y=76 height=75"
time="2026-10-02T12:31:11-05:00" level=warning msg="Print off screen. y=77 height=75"
time="2026-10-02T12:31:11-05:00" level=warning msg="Print off screen. y=78 height=75"
time="2026-10-02T12:31:11-05:00" level=warning msg="Print off screen. y=79 height=75"
time="2026-10-02T12:31:11-05:00" level=warning msg="Print off screen. y=80 height=75"
time="2026-10-02T12:31:11-05:00" level=warning msg="Print off screen. y=81 height=75"
time="2026-10-02T12:31:11-05:00" level=warning msg="Print off screen. y=82 height=75"
time="2026-10-02T12:31:11-05:00" level=warning msg="Print off screen. y=83 height=75"
time="2026-10-02T12:31:11-05:00" level=warning msg="Print off screen. y=84 height=75"
time="2026-10-02T12:31:11-05:00" level=warning msg="Print off screen. y=85 height=75"
time="2026-10-02T12:31:11-05:00" level=warning msg="Print off screen. y=86 height=75"
time="2026-10-02T12:31:11-05:00" level=warning msg="Print off screen. y=87 height=75"
time="2026-10-02T12:31:11-05:00" level=warning msg="Print off screen. y=88 height=75"
time="2026-10-02T12:31:11-05:00" level=warning msg="Print off screen. y=89 height=75"
time="2026-10-02T12:31:11-05:00" level=warning msg="Print off screen. y=90 height=75"
time="2026-10-02T12:31:11-05:00" level=warning msg="Print off screen. y=91 height=75"
time="2026-10-02T12:31:11-05:00" level=warning msg="Print off screen. y=92 height=75"
time="2026-10-02T12:31:11-05:00" level=warning msg="Print off screen. y=93 height=75"
time="2026-10-02T12:31:11-05:00" level=warning msg="Print off screen. y=94 height=75"
time="2026-10-02T12:31:11-05:00" level=warning msg="Print off screen. y=95 height=75"
time="2026-10-02T12:31:11-05:00" level=warning msg="Print off screen. y=96 height=75"
time="2026-10-02T12:31:11-05:00" level=warning msg="Print off screen. y=97 height=75"
time="2026-10-02T12:31:11-05:00" level=warning msg="Print off screen. y=98 height=75"
time="2026-10-02T12:31:11-05:00" level=warning msg="Print off screen. y=99 height=75"
time="2026-10-02T12:31:11-05:00" level=warning msg="Print off screen. y=100 height=75"
time="2026-10-02T12:31:11-05:00" level=warning msg="Print off screen. y=101 height=75"
time="2026-10-02T12:31:11-05:00" level=warning msg="Print off screen. y=102 height=75"
time="2026-10-02T12:31:11-05:00" level=warning msg="Print off screen. y=103 height=75"
time="2026-10-02T12:31:11-05:00" level=warning msg="Print off screen. y=104 height=75"
time="2026-10-02T12:31:11-05:00" level=warning msg="Print off screen. y=105 height=75"
time="2026-10-02T12:31:11-05:00" level=warning msg="Print off screen. y=106 height=75"
time="2026-10-02T12:31:11-05:00" level=warning msg="Print off screen. y=107 height=75"
time="2026-10-02T12:31:11-05:00" level=warning msg="Print off screen. y=108 height=75"
time="2026-10-02T12:31:11-05:00" level=warning msg="Print off screen. y=109 height=75"
time="2026-10-02T12:31:11-05:00" level=warning msg="Print off screen. y=110 height=75"
time="2026-10-02T12:31:11-05:00" level=warning msg="Print off screen. y=111 height=75"
time="2026-10-02T12:31:11-05:00" level=warning msg="Print off screen. y=112 height=75"
time="2026-10-02T12:31:11-05:00" level=warning msg="Print off screen. y=113 height=75"
time="2026-10-02T12:31:11-05:00" level=warning msg="Print off screen. y=114 height=75"
time="2026-10-02T12:31:11-05:00" level=warning msg="Print off screen. y=115 height=75"
time="2026-10-02T12:31:11-05:00" level=warning msg="Print off screen. y=116 height=75"
time="2026-10-02T12:31:11-05:00" level=warning msg="Print off screen. y=117 height=75"
time="2026-10-02T12:31:11-05:00" level=warning msg="Print off screen. y=118 height=75"
time="2026-10-02T12:31:11-05:00" level=warning msg="Print off screen. y=119 height=75"
time="2026-10-02T12:31:11-05:00" level=warning msg="Print off screen. y=120 height=75"
time="2026-10-02T12:31:11-05:00" level=warning msg="Print off screen. y=121 height=75"
time="2026-10-02T12:31:11-05:00" level=warning msg="Print off screen. y=122 height=75"
time="2026-10-02T12:31:11-05:00" level=warning msg="Print off screen. y=123 height=75"
time="2026-10-02T12:31:11-05:00" level=warning msg="Print off screen. y=124 height=75"
time="2026-10-02T12:31:11-05:00" level=warning msg="Print off screen. y=125 height=75"
time="2026-10-02T12:31:11-05:00" level=warning msg="Print off screen. y=126 height=75"
time="2026-10-02T12:31:11-05:00" level=warning msg="Print off screen. y=127 height=75"
time="2026-10-02T12:31:11-05:00" level=warning msg="Print off screen. y=128 height=75"
time="2026-10-02T12:31:11-05:00" level=warning msg="Print off screen. y=129 height=75"
time="2026-10-02T12:31:11-05:00" level=warning msg="Print off screen. y=130 height=75"
time="2026-10-02T12:31:11-05:00" level=warning msg="Print off screen. y=131 height=75"
time="2026-10-02T12:31:11-05:00" level=warning msg="Print off screen. y=132 height=75"
time="2026-10-02T12:31:11-05:00" level=warning msg="Print off screen. y=133 height=75"
time="2026-10-02T12:31:11-05:00" level=warning msg="Print off screen. y=134 height=75"
time="2026-10-02T12:31:11-05:00" level=warning msg="Print off screen. y=135 height=75"
time="2026-10-02T12:31:11-05:00" level=warning msg="Print off screen. y=136 height=75"
time="2026-10-02T12:31:11-05:00" level=warning msg="Print off screen. y=137 height=75"
time="2026-10-02T12:31:11-05:00" level=warning msg="Print off screen. y=138 height=75"
time="2026-10-02T12:31:11-05:00" level=warning msg="Print off screen. y=139 height=75"
time="2026-10-02T12:31:11-05:00" level=warning msg="Print off screen. y=140 height=75"
time="2026-10-02T12:31:11-05:00" level=warning msg="Print off screen. y=141 height=75"
time="2026-10-02T12:31:11-05:00" level=warning msg="Print off screen. y=142 height=75"
time="2026-10-02T12:31:11-05:00" level=warning msg="Print off screen. y=143 height=75"
time="2026-10-02T12:31:11-05:00" level=warning msg="Print off screen. y=144 height=75"
time="2026-10-02T12:31:11-05:00" level=warning msg="Print off screen. y=145 height=75"
time="2026-10-02T12:31:11-05:00" level=warning msg="Print off screen. y=146 height=75"
time="2026-10-02T12:31:11-05:00" level=warning msg="Print off screen. y=147 height=75"
time="2026-10-02T12:31:11-05:00" level=warning msg="Print off screen. y=148 height=75"
time="2026-10-02T12:31:11-05:00" level=warning msg="Print off screen. y=149 height=75"
time="2026-10-02T12:31:11-05:00" level=warning msg="Print off screen. y=150 height=75"
time="2026-10-02T12:31:11-05:00" level=warning msg="Print off screen. y=151 height=75"
time="2026-10-02T12:31:11-05:00" level=warning msg="Print off screen. y=152 height=75"
time="2026-10-02T12:31:11-05:00" level=warning msg="Print off screen. y=153 height=75"
time="2026-10-02T12:31:11-05:00" level=warning msg="Print off screen. y=154 height=75"
time="2026-10-02T12:31:11-05:00" level=warning msg="Print off screen. y=155 height=75"
time="2026-10-02T12:31:11-05:00" level=warning msg="Print off screen. y=156 height=75"
time="2026-10-02T12:31:11-05:00" level=warning msg="Print off screen. y=157 height=75"
time="2026-10-02T12:31:11-05:00" level=warning msg="Print off screen. y=158 height=75"
time="2026-10-02T12:31:11-05:00" level=warning msg="Print off screen. y=159 height=75"
time="2026-10-02T12:31:11-05:00" level=warning msg="Print off screen. y=160 height=75"
time="2026-10-02T12:31:11-05:00" level=warning msg="Print off screen. y=161 height=75"
time="2026-10-02T12:31:11-05:00" level=warning msg="Print off screen. y=162 height=75"
time="2026-10-02T12:31:11-05:00" level=warning msg="Print off screen. y=163 height=75"
time="2026-10-02T12:31:11-05:00" level=warning msg="Print off screen. y=164 height=75"
time="2026-10-02T12:31:11-05:00" level=warning msg="Print off screen. y=165 height=75"
time="2026-10-02T12:31:11-05:00" level=warning msg="Print off screen. y=166 height=75"
time="2026-10-02T12:31:11-05:00" level=warning msg="Print off screen. y=167 height=75"
time="2026-10-02T12:31:11-05:00" level=warning msg="Print off screen. y=168 height=75"
time="2026-10-02T12:31:11-05:00" level=warning msg="Print off screen. y=169 height=75"
time="2026-10-02T12:31:11-05:00" level=warning msg="Print off screen. y=170 height=75"
time="2026-10-02T12:31:11-05:00" level=warning msg="Print off screen. y=171 height=75"
time="2026-10-02T12:31:11-05:00" level=warning msg="Print off screen. y=172 height=75"
time="2026-10-02T12:31:11-05:00" level=warning msg="Print off screen. y=173 height=75"
time="2026-10-02T12:31:11-05:00" level=warning msg="Print off screen. y=174 height=75"
time="2026-10-02T12:31:11-05:00" level=warning msg="Print off screen. y=175 height=75"
time="2026-10-02T12:31:11-05:00" level=warning msg="Print off screen. y=176 height=75"
time="2026-10-02T12:31:11-05:00" level=warning msg="Print off screen. y=177 height=75"
time="2026-10-02T12:31:11-05:00" level=warning msg="Print off screen. y=178 height=75"
time="2026-10-02T12:31:11-05:00" level=warning msg="Print off screen. y=179 height=75"
time="2026-10-02T12:31:11-05:00" level=warning msg="Print off screen. y=180 height=75"
time="2026-10-02T12:31:11-05:00" level=warning msg="Print off screen. y=181 height=75"
time="2026-10-02T12:31:11-05:00" level=warning msg="Print off screen. y=182 height=75"
time="2026-10-02T12:31:11-05:00" level=warning msg="Print off screen. y=183 height=75"
time="2026-10-02T12:31:11-05:00" level=warning msg="Print off screen. y=184 height=75"
time="2026-10-02T12:31:11-05:00" level=warning msg="Print off screen. y=185 height=75"
time="2026-10-02T12:31:11-05:00" level=warning msg="Print off screen. y=186 height=75"
time="2026-10-02T12:31:11-05:00" level=warning msg="Print off screen. y=187 height=75"
time="2026-10-02T12:31:11-05:00" level=warning msg="Print off screen. y=188 height=75"
time="2026-10-02T12:31:11-05:00" level=warning msg="Print off screen. y=189 height=75"
time="2026-10-02T12:31:11-05:00" level=warning msg="Print off screen. y=190 height=75"
time="2026-10-02T12:31:11-05:00" level=warning msg="Print off screen. y=191 height=75"
time="2026-10-02T12:31:11-05:00" level=warning msg="Print off screen. y=192 height=75"
time="2026-10-02T12:31:11-05:00" level=warning msg="Print off screen. y=193 height=75"
time="2026-10-02T12:31:11-05:00" level=warning msg="Print off screen. y=194 height=75"
time="2026-10-02T12:31:11-05:00" level=warning msg="Print off screen. y=195 height=75"
time="2026-10-02T12:31:11-05:00" level=warning msg="Print off screen. y=196 height=75"
time="2026-10-02T12:31:11-05:00" level=warning msg="Print off screen. y=197 height=75"
time="2026-10-02T12:31:11-05:00" level=warning msg="Print off screen. y=198 height=75"
time="2026-10-02T12:31:11-05:00" level=warning msg="Print off screen. y=199 height=75"
time="2026-10-02T12:31:11-05:00" level=warning msg="Print off screen. y=200 height=75"
time="2026-10-02T12:31:11-05:00" level=warning msg="Print off screen. y=201 height=75"
time="2026-10-02T12:31:11-05:00" level=warning msg="Print off screen. y=202 height=75"
time="2026-10-02T12:31:11-05:00" level=warning msg="Print off screen. y=203 height=75"
time="2026-10-02T12:31:11-05:00" level=warning msg="Print off screen. y=204 height=75"
time="2026-10-02T12:31:11-05:00" level=warning msg="Print off screen. y=205 height=75"
time="2026-10-02T12:31:11-05:00" level=warning msg="Print off screen. y=206 height=75"
time="2026-10-02T12:31:11-05:00" level=warning msg="Print off screen. y=207 height=75"
time="2026-10-02T12:31:11-05:00" level=warning msg="Print off screen. y=208 height=75"
time="2026-10-02T12:31:11-05:00" level=warning msg="Print off screen. y=209 height=75"
time="2026-10-02T12:31:11-05:00" level=warning msg="Print off screen. y=210 height=75"
time="2026-10-02T12:31:11-05:00" level=warning msg="Print off screen. y=211 height=75"
time="2026-10-02T12:31:11-05:00" level=warning msg="Print off screen. y=212 height=75"
time="2026-10-02T12:31:11-05:00" level=warning msg="Print off screen. y=213 height=75"
time="2026-10-02T12:31:11-05:00" level=warning msg="Print off screen. y=214 height=75"
time="2026-10-02T12:31:11-05:00" level=warning msg="Print off screen. y=215 height=75"
time="2026-10-02T12:31:11-05:00" level=warning msg="Print off screen. y=216 height=75"
time="2026-10-02T12:31:11-05:00" level=warning msg="Print off screen. y=217 height=75"
time="2026-10-02T12:31:11-05:00" level=warning msg="Print off screen. y=218 height=75"
time="2026-10-02T12:31:11-05:00" level=warning msg="Print off screen. y=219 height=75"
time="2026-10-02T12:31:11-05:00" level=warning msg="Print off screen. y=220 height=75"
time="2026-10-02T12:31:11-05:00" level=warning msg="Print off screen. y=221 height=75"
time="2026-10-02T12:31:11-05:00" level=warning msg="Print off screen. y=222 height=75"
time="2026-10-02T12:31:11-05:00" level=warning msg="Print off screen. y=223 height=75"
time="2026-10-02T12:31:11-05:00" level=warning msg="Print off screen. y=224 height=75"
time="2026-10-02T12:31:11-05:00" level=warning msg="Print off screen. y=225 height=75"
time="2026-10-02T12:31:11-05:00" level=warning msg="Print off screen. y=226 height=75"
time="2026-10-02T12:31:11-05:00" level=warning msg="Print off screen. y=227 height=75"
time="2026-10-02T12:31:11-05:00" level=warning msg="Print off screen. y=228 height=75"
time="2026-10-02T12:31:11-05:00" level=warning msg="Print off screen. y=229 height=75"
time="2026-10-02T12:31:11-05:00" level=warning msg="Print off screen. y=230 height=75"
time="2026-10-02T12:31:11-05:00" level=warning msg="Print off screen. y=231 height=75"
time="2026-10-02T12:31:11-05:00" level=warning msg="Print off screen. y=232 height=75"
time="2026-10-02T12:31:11-05:00" level=warning msg="Print off screen. y=233 height=75"
time="2026-10-02T12:31:11-05:00" level=warning msg="Print off screen. y=234 height=75"
time="2026-10-02T12:31:11-05:00" level=warning msg="Print off screen. y=235 height=75"
time="2026-10-02T12:31:11-05:00" level=warning msg="Print off screen. y=236 height=75"
time="2026-10-02T12:31:11-05:00" level=warning msg="Print off screen. y=237 height=75"
time="2026-10-02T12:31:11-05:00" level=warning msg="Print off screen. y=238 height=75"
time="2026-10-02T12:31:11-05:00" level=warning msg="Print off screen. y=239 height=75"
time="2026-10-02T12:31:11-05:00" level=warning msg="Print off screen. y=240 height=75"
time="2026-10-02T12:31:11-05:00" level=warning msg="Print off screen. y=241 height=75"
time="2026-10-02T12:31:11-05:00" level=warning msg="Print off screen. y=242 height=75"
time="2026-10-02T12:31:11-05:00" level=warning msg="Print off screen. y=243 height=75"
time="2026-10-02T12:31:11-05:00" level=warning msg="Print off screen. y=244 height=75"
time="2026-10-02T12:31:11-05:00" level=warning msg="Print off screen. y=245 height=75"
time="2026-10-02T12:31:11-05:00" level=warning msg="Print off screen. y=246 height=75"
time="2026-10-02T12:31:11-05:00" level=warning msg="Print off screen. y=247 height=75"
time="2026-10-02T12:31:11-05:00" level=warning msg="Print off screen. y=248 height=75"
time="2026-10-02T12:31:11-05:00" level=warning msg="Print off screen. y=249 height=75"
time="2026-10-02T12:31:11-05:00" level=warning msg="Print off screen. y=250 height=75"
time="2026-10-02T12:31:11-05:00" level=warning msg="Print off screen. y=251 height=75"
time="2026-10-02T12:31:11-05:00" level=warning msg="Print off screen. y=252 height=75"
time="2026-10-02T12:31:11-05:00" level=warning msg="Print off screen. y=253 height=75"
time="2026-10-02T12:31:11-05:00" level=warning msg="Print off screen. y=254 height=75"
time="2026-10-02T12:31:11-05:00" level=warning msg="Print off screen. y=255 height=75"
time="2026-10-02T12:31:11-05:00" level=warning msg="Print off screen. y=256 height=75"
time="2026-10-02T12:31:11-05:00" level=warning msg="Print off screen. y=257 height=75"
time="2026-10-02T12:31:11-05:00" level=warning msg="Print off screen. y=258 height=75"
time="2026-10-02T12:31:11-05:00" level=warning msg="Print off screen. y=259 height=75"
time="2026-10-02T12:31:11-05:00" level=warning msg="Print off screen. y=260 height=75"
time="2026-10-02T12:31:11-05:00" level=warning msg="Print off screen. y=261 height=75"
time="2026-10-02T12:31:11-05:00" level=warning msg="Print off screen. y=262 height=75"
time="2026-10-02T12:31:11-05:00" level=warning msg="Print off screen. y=263 height=75"
time="2026-10-02T12:31:11-05:00" level=warning msg="Print off screen. y=264 height=75"
time="2026-10-02T12:31:11-05:00" level=warning msg="Print off screen. y=265 height=75"
time="2026-10-02T12:31:11-05:00" level=warning msg="Print off screen. y=266 height=75"
time="2026-10-02T12:31:11-05:00" level=warning msg="Print off screen. y=267 height=75"
time="2026-10-02T12:31:11-05:00" level=warning msg="Print off screen. y=268 height=75"
time="2026-10-02T12:31:11-05:00" level=warning msg="Print off screen. y=269 height=75"
time="2026-10-02T12:31:11-05:00" level=warning msg="Print off screen. y=270 height=75"
time="2026-10-02T12:31:11-05:00" level=warning msg="Print off screen. y=271 height=75"
time="2026-10-02T12:31:11-05:00" level=warning msg="Print off screen. y=75 height=75"
time="2026-10-02T12:31:11-05:00" level=warning msg="Print off screen. y=76 height=75"
time="2026-10-02T12:31:11-05:00" level=warning msg="Print off screen. y=77 height=75"
time="2026-10-02T12:31:11-05:00" level=warning msg="Print off screen. y=78 height=75"
time="2026-10-02T12:31:11-05:00" level=warning msg="Print off screen. y=79 height=75"
time="2026-10-02T12:31:11-05:00" level=warning msg="Print off screen. y=80 height=75"
time="2026-10-02T12:31:11-05:00" level=warning msg="Print off screen. y=81 height=75"
time="2026-10-02T12:31:11-05:00" level=warning msg="Print off screen. y=82 height=75"
time="2026-10-02T12:31:11-05:00" level=warning msg="Print off screen. y=83 height=75"
time="2026-10-02T12:31:11-05:00" level=warning msg="Print off screen. y=84 height=75"
time="2026-10-02T12:31:11-05:00" level=warning msg="Print off screen. y=85 height=75"
time="2026-10-02T12:31:11-05:00" level=warning msg="Print off screen. y=86 height=75"
time="2026-10-02T12:31:11-05:00" level=warning msg="Print off screen. y=87 height=75"
time="2026-10-02T12:31:11-05:00" level=warning msg="Print off screen. y=88 height=75"
time="2026-10-02T12:31:11-05:00" level=warning msg="Print off screen. y=89 height=75"
time="2026-10-02T12:31:11-05:00" level=warning msg="Print off screen. y=90 height=75"
time="2026-10-02T12:31:11-05:00" level=warning msg="Print off screen. y=91 height=75"
time="2026-10-02T12:31:11-05:00" level=warning msg="Print off screen. y=92 height=75"
time="2026-10-02T12:31:11-05:00" level=warning msg="Print off screen. y=93 height=75"
time="2026-10-02T12:31:11-05:00" level=warning msg="Print off screen. y=94 height=75"
time="2026-10-02T12:31:11-05:00" level=warning msg="Print off screen. y=95 height=75"
time="2026-10-02T12:31:11-05:00" level=warning msg="Print off screen. y=96 height=75"
time="2026-10-02T12:31:11-05:00" level=warning msg="Print off screen. y=97 height=75"
time="2026-10-02T12:31:11-05:00" level=warning msg="Print off screen. y=98 height=75"
time="2026-10-02T12:31:11-05:00" level=warning msg="Print off screen. y=99 height=75"
time="2026-10-02T12:31:11-05:00" level=warning msg="Print off screen. y=100 height=75"
time="2026-10-02T12:31:11-05:00" level=warning msg="Print off screen. y=101 height=75"
time="2026-10-02T12:31:11-05:00" level=warning msg="Print off screen. y=102 height=75"
time="2026-10-02T12:31:11-05:00" level=warning msg="Print off screen. y=103 height=75"
time="2026-10-02T12:31:11-05:00" level=warning msg="Print off screen. y=104 height=75"
time="2026-10-02T12:31:11-05:00" level=warning msg="Print off screen. y=105 height=75"
time="2026-10-02T12:31:11-05:00" level=warning msg="Print off screen. y=106 height=75"
time="2026-10-02T12:31:11-05:00" level=warning msg="Print off screen. y=107 height=75"
time="2026-10-02T12:31:11-05:00" level=warning msg="Print off screen. y=108 height=75"
time="2026-10-02T12:31:11-05:00" level=warning msg="Print off screen. y=109 height=75"
time="2026-10-02T12:31:11-05:00" level=warning msg="Print off screen. y=110 height=75"
time="2026-10-02T12:31:11-05:00" level=warning msg="Print off screen. y=111 height=75"
time="2026-10-02T12:31:11-05:00" level=warning msg="Print off screen. y=112 height=75"
time="2026-10-02T12:31:11-05:00" level=warning msg="Print off screen. y=113 height=75"
time="2026-10-02T12:31:11-05:00" level=warning msg="Print off screen. y=114 height=75"
time="2026-10-02T12:31:11-05:00" level=warning msg="Print off screen. y=115 height=75"
time="2026-10-02T12:31:11-05:00" level=warning msg="Print off screen. y=116 height=75"
time="2026-10-02T12:31:11-05:00" level=warning msg="Print off screen. y=117 height=75"
time="2026-10-02T12:31:11-05:00" level=warning msg="Print off screen. y=118 height=75"
time="2026-10-02T12:31:11-05:00" level=warning msg="Print off screen. y=119 height=75"
time="2026-10-02T12:31:11-05:00" level=warning msg="Print off screen. y=120 height=75"
time="2026-10-02T12:31:11-05:00" level=warning msg="Print off screen. y=121 height=75"
time="2026-10-02T12:31:11-05:00" level=warning msg="Print off screen. y=122 height=75"
time="2026-10-02T12:31:11-05:00" level=warning msg="Print off screen. y=123 height=75"
time="2026-10-02T12:31:11-05:00" level=warning msg="Print off screen. y=124 height=75"
time="2026-10-02T12:31:11-05:00" level=warning msg="Print off screen. y=125 height=75"
time="2026-10-02T12:31:11-05:00" level=warning msg="Print off screen. y=126 height=75"
time="2026-10-02T12:31:11-05:00" level=warning msg="Print off screen. y=127 height=75"
time="2026-10-02T12:31:11-05:00" level=warning msg="Print off screen. y=128 height=75"
time="2026-10-02T12:31:11-05:00" level=warning msg="Print off screen. y=129 height=75"
time="2026-10-02T12:31:11-05:00" level=warning msg="Print off screen. y=130 height=75"
time="2026-10-02T12:31:11-05:00" level=warning msg="Print off screen. y=131 height=75"
time="2026-10-02T12:31:11-05:00" level=warning msg="Print off screen. y=132 height=75"
time="2026-10-02T12:31:11-05:00" level=warning msg="Print off screen. y=133 height=75"
time="2026-10-02T12:31:11-05:00" level=warning msg="Print off screen. y=134 height=75"
time="2026-10-02T12:31:11-05:00" level=warning msg="Print off screen. y=135 height=75"
time="2026-10-02T12:31:11-05:00" level=warning msg="Print off screen. y=136 height=75"
time="2026-10-02T12:31:11-05:00" level=warning msg="Print off screen. y=137 height=75"
time="2026-10-02T12:31:11-05:00" level=warning msg="Print off screen. y=138 height=75"
time="2026-10-02T12:31:11-05:00" level=warning msg="Print off screen. y=139 height=75"
time="2026-10-02T12:31:11-05:00" level=warning msg="Print off screen. y=140 height=75"
time="2026-10-02T12:31:11-05:00" level=warning msg="Print off screen. y=141 height=75"
time="2026-10-02T12:31:11-05:00" level=warning msg="Print off screen. y=142 height=75"
time="2026-10-02T12:31:11-05:00" level=warning msg="Print off screen. y=143 height=75"
time="2026-10-02T12:31:11-05:00" level=warning msg="Print off screen. y=144 height=75"
time="2026-10-02T12:31:11-05:00" level=warning msg="Print off screen. y=145 height=75"
time="2026-10-02T12:31:11-05:00" level=warning msg="Print off screen. y=146 height=75"
time="2026-10-02T12:31:11-05:00" level=warning msg="Print off screen. y=147 height=75"
time="2026-10-02T12:31:11-05:00" level=warning msg="Print off screen. y=148 height=75"
time="2026-10-02T12:31:11-05:00" level=warning msg="Print off screen. y=149 height=75"
time="2026-10-02T12:31:11-05:00" level=warning msg="Print off screen. y=150 height=75"
time="2026-10-02T12:31:11-05:00" level=warning msg="Print off screen. y=151 height=75"
time="2026-10-02T12:31:11-05:00" level=warning msg="Print off screen. y=152 height=75"
time="2026-10-02T12:31:11-05:00" level=warning msg="Print off screen. y=153 height=75"
time="2026-10-02T12:31:11-05:00" level=warning msg="Print off screen. y=154 height=75"
time="2026-10-02T12:31:11-05:00" level=warning msg="Print off screen. y=155 height=75"
time="2026-10-02T12:31:11-05:00" level=warning msg="Print off screen. y=156 height=75"
time="2026-10-02T12:31:11-05:00" level=warning msg="Print off screen. y=157 height=75"
time="2026-10-02T12:31:11-05:00" level=warning msg="Print off screen. y=158 height=75"
time="2026-10-02T12:31:11-05:00" level=warning msg="Print off screen. y=159 height=75"
time="2026-10-02T12:31:11-05:00" level=warning msg="Print off screen. y=160 height=75"
time="2026-10-02T12:31:11-05:00" level=warning msg="Print off screen. y=161 height=75"
time="2026-10-02T12:31:11-05:00" level=warning msg="Print off screen. y=162 height=75"
time="2026-10-02T12:31:11-05:00" level=warning msg="Print off screen. y=163 height=75"
time="2026-10-02T12:31:11-05:00" level=warning msg="Print off screen. y=164 height=75"
time="2026-10-02T12:31:11-05:00" level=warning msg="Print off screen. y=165 height=75"
time="2026-10-02T12:31:11-05:00" level=warning msg="Print off screen. y=166 height=75"
time="2026-10-02T12:31:11-05:00" level=warning msg="Print off screen. y=167 height=75"
time="2026-10-02T12:31:11-05:00" level=warning msg="Print off screen. y=168 height=75"
time="2026-10-02T12:31:11-05:00" level=warning msg="Print off screen. y=169 height=75"
time="2026-10-02T12:31:11-05:00" level=warning msg="Print off screen. y=170 height=75"
time="2026-10-02T12:31:11-05:00" level=warning msg="Print off screen. y=171 height=75"
time="2026-10-02T12:31:11-05:00" level=warning msg="Print off screen. y=172 height=75"
time="2026-10-02T12:31:11-05:00" level=warning msg="Print off screen. y=173 height=75"
time="2026-10-02T12:31:11-05:00" level=warning msg="Print off screen. y=174 height=75"
time="2026-10-02T12:31:11-05:00" level=warning msg="Print off screen. y=175 height=75"
time="2026-10-02T12:31:11-05:00" level=warning msg="Print off screen. y=176 height=75"
time="2026-10-02T12:31:11-05:00" level=warning msg="Print off screen. y=177 height=75"
time="2026-10-02T12:31:11-05:00" level=warning msg="Print off screen. y=178 height=75"
time="2026-10-02T12:31:11-05:00" level=warning msg="Print off screen. y=179 height=75"
time="2026-10-02T12:31:11-05:00" level=warning msg="Print off screen. y=180 height=75"
time="2026-10-02T12:31:11-05:00" level=warning msg="Print off screen. y=181 height=75"
time="2026-10-02T12:31:11-05:00" level=warning msg="Print off screen. y=182 height=75"
time="2026-10-02T12:31:11-05:00" level=warning msg="Print off screen. y=183 height=75"
time="2026-10-02T12:31:11-05:00" level=warning msg="Print off screen. y=184 height=75"
time="2026-10-02T12:31:11-05:00" level=warning msg="Print off screen. y=185 height=75"
time="2026-10-02T12:31:11-05:00" level=warning msg="Print off screen. y=186 height=75"
time="2026-10-02T12:31:11-05:00" level=warning msg="Print off screen. y=187 height=75"
time="2026-10-02T12:31:11-05:00" level=warning msg="Print off screen. y=188 height=75"
time="2026-10-02T12:31:11-05:00" level=warning msg="Print off screen. y=189 height=75"
time="2026-10-02T12:31:11-05:00" level=warning msg="Print off screen. y=190 height=75"
time="2026-10-02T12:31:11-05:00" level=warning msg="Print off screen. y=191 height=75"
time="2026-10-02T12:31:11-05:00" level=warning msg="Print off screen. y=192 height=75"
time="2026-10-02T12:31:11-05:00" level=warning msg="Print off screen. y=193 height=75"
time="2026-10-02T12:31:11-05:00" level=warning msg="Print off screen. y=194 height=75"
time="2026-10-02T12:31:11-05:00" level=warning msg="Print off screen. y=195 height=75"
time="2026-10-02T12:31:11-05:00" level=warning msg="Print off screen. y=196 height=75"
time="2026-10-02T12:31:11-05:00" level=warning msg="Print off screen. y=197 height=75"
time="2026-10-02T12:31:11-05:00" level=warning msg="Print off screen. y=198 height=75"
time="2026-10-02T12:31:11-05:00" level=warning msg="Print off screen. y=199 height=75"
time="2026-10-02T12:31:11-05:00" level=warning msg="Print off screen. y=200 height=75"
time="2026-10-02T12:31:11-05:00" level=warning msg="Print off screen. y=201 height=75"
time="2026-10-02T12:31:11-05:00" level=warning msg="Print off screen. y=202 height=75"
time="2026-10-02T12:31:11-05:00" level=warning msg="Print off screen. y=203 height=75"
time="2026-10-02T12:31:11-05:00" level=warning msg="Print off screen. y=204 height=75"
time="2026-10-02T12:31:11-05:00" level=warning msg="Print off screen. y=205 height=75"
time="2026-10-02T12:31:11-05:00" level=warning msg="Print off screen. y=206 height=75"
time="2026-10-02T12:31:11-05:00" level=warning msg="Print off screen. y=207 height=75"
time="2026-10-02T12:31:11-05:00" level=warning msg="Print off screen. y=208 height=75"
time="2026-10-02T12:31:11-05:00" level=warning msg="Print off screen. y=209 height=75"
time="2026-10-02T12:31:11-05:00" level=warning msg="Print off screen. y=210 height=75"
time="2026-10-02T12:31:11-05:00" level=warning msg="Print off screen. y=211 height=75"
time="2026-10-02T12:31:11-05:00" level=warning msg="Print off screen. y=212 height=75"
time="2026-10-02T12:31:11-05:00" level=warning msg="Print off screen. y=213 height=75"
time="2026-10-02T12:31:11-05:00" level=warning msg="Print off screen. y=214 height=75"
time="2026-10-02T12:31:11-05:00" level=warning msg="Print off screen. y=215 height=75"
time="2026-10-02T12:31:11-05:00" level=warning msg="Print off screen. y=216 height=75"
time="2026-10-02T12:31:11-05:00" level=warning msg="Print off screen. y=217 height=75"
time="2026-10-02T12:31:11-05:00" level=warning msg="Print off screen. y=218 height=75"
time="2026-10-02T12:31:11-05:00" level=warning msg="Print off screen. y=219 height=75"
time="2026-10-02T12:31:11-05:00" level=warning msg="Print off screen. y=220 height=75"
time="2026-10-02T12:31:11-05:00" level=warning msg="Print off screen. y=221 height=75"
time="2026-10-02T12:31:11-05:00" level=warning msg="Print off screen. y=222 height=75"
time="2026-10-02T12:31:11-05:00" level=warning msg="Print off screen. y=223 height=75"
time="2026-10-02T12:31:11-05:00" level=warning msg="Print off screen. y=224 height=75"
time="2026-10-02T12:31:11-05:00" level=warning msg="Print off screen. y=225 height=75"
time="2026-10-02T12:31:11-05:00" level=warning msg="Print off screen. y=226 height=75"
time="2026-10-02T12:31:11-05:00" level=warning msg="Print off screen. y=227 height=75"
time="2026-10-02T12:31:11-05:00" level=warning msg="Print off screen. y=228 height=75"
time="2026-10-02T12:31:11-05:00" level=warning msg="Print off screen. y=229 height=75"
time="2026-10-02T12:31:11-05:00" level=warning msg="Print off screen. y=230 height=75"
time="2026-10-02T12:31:11-05:00" level=warning msg="Print off screen. y=231 height=75"
time="2026-10-02T12:31:11-05:00" level=warning msg="Print off screen. y=232 height=75"
time="2026-10-02T12:31:11-05:00" level=warning msg="Print off screen. y=233 height=75"
time="2026-10-02T12:31:11-05:00" level=warning msg="Print off screen. y=234 height=75"
time="2026-10-02T12:31:11-05:00" level=warning msg="Print off screen. y=235 height=75"
time="2026-10-02T12:31:11-05:00" level=warning msg="Print off screen. y=236 height=75"
time="2026-10-02T12:31:11-05:00" level=warning msg="Print off screen. y=237 height=75"
time="2026-10-02T12:31:11-05:00" level=warning msg="Print off screen. y=238 height=75"
time="2026-10-02T12:31:11-05:00" level=warning msg="Print off screen. y=239 height=75"
time="2026-10-02T12:31:11-05:00" level=warning msg="Print off screen. y=240 height=75"
time="2026-10-02T12:31:11-05:00" level=warning msg="Print off screen. y=241 height=75"
time="2026-10-02T12:31:11-05:00" level=warning msg="Print off screen. y=242 height=75"
time="2026-10-02T12:31:11-05:00" level=warning msg="Print off screen. y=243 height=75"
time="2026-10-02T12:31:11-05:00" level=warning msg="Print off screen. y=244 height=75"
time="2026-10-02T12:31:11-05:00" level=warning msg="Print off screen. y=245 height=75"
time="2026-10-02T12:31:11-05:00" level=warning msg="Print off screen. y=246 height=75"
time="2026-10-02T12:31:11-05:00" level=warning msg="Print off screen. y=247 height=75"
time="2026-10-02T12:31:11-05:00" level=warning msg="Print off screen. y=248 height=75"
time="2026-10-02T12:31:11-05:00" level=warning msg="Print off screen. y=249 height=75"
time="2026-10-02T12:31:11-05:00" level=warning msg="Print off screen. y=250 height=75"
time="2026-10-02T12:31:11-05:00" level=warning msg="Print off screen. y=251 height=75"
time="2026-10-02T12:31:11-05:00" level=warning msg="Print off screen. y=252 height=75"
time="2026-10-02T12:31:11-05:00" level=warning msg="Print off screen. y=253 height=75"
time="2026-10-02T12:31:11-05:00" level=warning msg="Print off screen. y=254 height=75"
time="2026-10-02T12:31:11-05:00" level=warning msg="Print off screen. y=255 height=75"
time="2026-10-02T12:31:11-05:00" level=warning msg="Print off screen. y=256 height=75"
time="2026-10-02T12:31:11-05:00" level=warning msg="Print off screen. y=257 height=75"
time="2026-10-02T12:31:11-05:00" level=warning msg="Print off screen. y=258 height=75"
time="2026-10-02T12:31:11-05:00" level=warning msg="Print off screen. y=259 height=75"
time="2026-10-02T12:31:11-05:00" level=warning msg="Print off screen. y=260 height=75"
time="2026-10-02T12:31:11-05:00" level=warning msg="Print off screen. y=261 height=75"
time="2026-10-02T12:31:11-05:00" level=warning msg="Print off screen. y=262 height=75"
time="2026-10-02T12:31:11-05:00" level=warning msg="Print off screen. y=263 height=75"
time="2026-10-02T12:31:11-05:00" level=warning msg="Print off screen. y=264 height=75"
time="2026-10-02T12:31:11-05:00" level=warning msg="Print off screen. y=265 height=75"
time="2026-10-02T12:31:11-05:00" level=warning msg="Print off screen. y=266 height=75"
time="2026-10-02T12:31:11-05:00" level=warning msg="Print off screen. y=267 height=75"
time="2026-10-02T12:31:11-05:00" level=warning msg="Print off screen. y=268 height=75"
time="2026-10-02T12:31:11-05:00" level=warning msg="Print off screen. y=269 height=75"
time="2026-10-02T12:31:11-05:00" level=warning msg="Print off screen. y=270 height=75"
time="2026-10-02T12:31:11-05:00" level=warning msg="Print off screen. y=271 height=75"
time="2026-10-02T12:31:12-05:00" level=warning msg="Print off screen. y=75 height=75"
time="2026-10-02T12:31:12-05:00" level=warning msg="Print off screen. y=76 height=75"
time="2026-10-02T12:31:12-05:00" level=warning msg="Print off screen. y=77 height=75"
time="2026-10-02T12:31:12-05:00" level=warning msg="Print off screen. y=78 height=75"
time="2026-10-02T12:31:12-05:00" level=warning msg="Print off screen. y=79 height=75"
time="2026-10-02T12:31:12-05:00" level=warning msg="Print off screen. y=80 height=75"
time="2026-10-02T12:31:12-05:00" level=warning msg="Print off screen. y=81 height=75"
time="2026-10-02T12:31:12-05:00" level=warning msg="Print off screen. y=82 height=75"
time="2026-10-02T12:31:12-05:00" level=warning msg="Print off screen. y=83 height=75"
time="2026-10-02T12:31:12-05:00" level=warning msg="Print off screen. y=84 height=75"
time="2026-10-02T12:31:12-05:00" level=warning msg="Print off screen. y=85 height=75"
time="2026-10-02T12:31:12-05:00" level=warning msg="Print off screen. y=86 height=75"
time="2026-10-02T12:31:12-05:00" level=warning msg="Print off screen. y=87 height=75"
time="2026-10-02T12:31:12-05:00" level=warning msg="Print off screen. y=88 height=75"
time="2026-10-02T12:31:12-05:00" level=warning msg="Print off screen. y=89 height=75"
time="2026-10-02T12:31:12-05:00" level=warning msg="Print off screen. y=90 height=75"
time="2026-10-02T12:31:12-05:00" level=warning msg="Print off screen. y=91 height=75"
time="2026-10-02T12:31:12-05:00" level=warning msg="Print off screen. y=92 height=75"
time="2026-10-02T12:31:12-05:00" level=warning msg="Print off screen. y=93 height=75"
time="2026-10-02T12:31:12-05:00" level=warning msg="Print off screen. y=94 height=75"
time="2026-10-02T12:31:12-05:00" level=warning msg="Print off screen. y=95 height=75"
time="2026-10-02T12:31:12-05:00" level=warning msg="Print off screen. y=96 height=75"
time="2026-10-02T12:31:12-05:00" level=warning msg="Print off screen. y=97 height=75"
time="2026-10-02T12:31:12-05:00" level=warning msg="Print off screen. y=98 height=75"
time="2026-10-02T12:31:12-05:00" level=warning msg="Print off screen. y=99 height=75"
time="2026-10-02T12:31:12-05:00" level=warning msg="Print off screen. y=100 height=75"
time="2026-10-02T12:31:12-05:00" level=warning msg="Print off screen. y=101 height=75"
time="2026-10-02T12:31:12-05:00" level=warning msg="Print off screen. y=102 height=75"
time="2026-10-02T12:31:12-05:00" level=warning msg="Print off screen. y=103 height=75"
time="2026-10-02T12:31:12-05:00" level=warning msg="Print off screen. y=104 height=75"
time="2026-10-02T12:31:12-05:00" level=warning msg="Print off screen. y=105 height=75"
time="2026-10-02T12:31:12-05:00" level=warning msg="Print off screen. y=106 height=75"
time="2026-10-02T12:31:12-05:00" level=warning msg="Print off screen. y=107 height=75"
time="2026-10-02T12:31:12-05:00" level=warning msg="Print off screen. y=108 height=75"
time="2026-10-02T12:31:12-05:00" level=warning msg="Print off screen. y=109 height=75"
time="2026-10-02T12:31:12-05:00" level=warning msg="Print off screen. y=110 height=75"
time="2026-10-02T12:31:12-05:00" level=warning msg="Print off screen. y=111 height=75"
time="2026-10-02T12:31:12-05:00" level=warning msg="Print off screen. y=112 height=75"
time="2026-10-02T12:31:12-05:00" level=warning msg="Print off screen. y=113 height=75"
time="2026-10-02T12:31:12-05:00" level=warning msg="Print off screen. y=114 height=75"
time="2026-10-02T12:31:12-05:00" level=warning msg="Print off screen. y=115 height=75"
time="2026-10-02T12:31:12-05:00" level=warning msg="Print off screen. y=116 height=75"
time="2026-10-02T12:31:12-05:00" level=warning msg="Print off screen. y=117 height=75"
time="2026-10-02T12:31:12-05:00" level=warning msg="Print off screen. y=118 height=75"
time="2026-10-02T12:31:12-05:00" level=warning msg="Print off screen. y=119 height=75"
time="2026-10-02T12:31:12-05:00" level=warning msg="Print off screen. y=120 height=75"
time="2026-10-02T12:31:12-05:00" level=warning msg="Print off screen. y=121 height=75"
time="2026-10-02T12:31:12-05:00" level=warning msg="Print off screen. y=122 height=75"
time="2026-10-02T12:31:12-05:00" level=warning msg="Print off screen. y=123 height=75"
time="2026-10-02T12:31:12-05:00" level=warning msg="Print off screen. y=124 height=75"
time="2026-10-02T12:31:12-05:00" level=warning msg="Print off screen. y=125 height=75"
time="2026-10-02T12:31:12-05:00" level=warning msg="Print off screen. y=126 height=75"
time="2026-10-02T12:31:12-05:00" level=warning msg="Print off screen. y=127 height=75"
time="2026-10-02T12:31:12-05:00" level=warning msg="Print off screen. y=128 height=75"
time="2026-10-02T12:31:12-05:00" level=warning msg="Print off screen. y=129 height=75"
time="2026-10-02T12:31:12-05:00" level=warning msg="Print off screen. y=130 height=75"
time="2026-10-02T12:31:12-05:00" level=warning msg="Print off screen. y=131 height=75"
time="2026-10-02T12:31:12-05:00" level=warning msg="Print off screen. y=132 height=75"
time="2026-10-02T12:31:12-05:00" level=warning msg="Print off screen. y=133 height=75"
time="2026-10-02T12:31:12-05:00" level=warning msg="Print off screen. y=134 height=75"
time="2026-10-02T12:31:12-05:00" level=warning msg="Print off screen. y=135 height=75"
time="2026-10-02T12:31:12-05:00" level=warning msg="Print off screen. y=136 height=75"
time="2026-10-02T12:31:12-05:00" level=warning msg="Print off screen. y=137 height=75"
time="2026-10-02T12:31:12-05:00" level=warning msg="Print off screen. y=138 height=75"
time="2026-10-02T12:31:12-05:00" level=warning msg="Print off screen. y=139 height=75"
time="2026-10-02T12:31:12-05:00" level=warning msg="Print off screen. y=140 height=75"
time="2026-10-02T12:31:12-05:00" level=warning msg="Print off screen. y=141 height=75"
time="2026-10-02T12:31:12-05:00" level=warning msg="Print off screen. y=142 height=75"
time="2026-10-02T12:31:12-05:00" level=warning msg="Print off screen. y=143 height=75"
time="2026-10-02T12:31:12-05:00" level=warning msg="Print off screen. y=144 height=75"
time="2026-10-02T12:31:12-05:00" level=warning msg="Print off screen. y=145 height=75"
time="2026-10-02T12:31:12-05:00" level=warning msg="Print off screen. y=146 height=75"
time="2026-10-02T12:31:12-05:00" level=warning msg="Print off screen. y=147 height=75"
time="2026-10-02T12:31:12-05:00" level=warning msg="Print off screen. y=148 height=75"
time="2026-10-02T12:31:12-05:00" level=warning msg="Print off screen. y=149 height=75"
time="2026-10-02T12:31:12-05:00" level=warning msg="Print off screen. y=150 height=75"
time="2026-10-02T12:31:12-05:00" level=warning msg="Print off screen. y=151 height=75"
time="2026-10-02T12:31:12-05:00" level=warning msg="Print off screen. y=152 height=75"
time="2026-10-02T12:31:12-05:00" level=warning msg="Print off screen. y=153 height=75"
time="2026-10-02T12:31:12-05:00" level=warning msg="Print off screen. y=154 height=75"
time="2026-10-02T12:31:12-05:00" level=warning msg="Print off screen. y=155 height=75"
time="2026-10-02T12:31:12-05:00" level=warning msg="Print off screen. y=156 height=75"
time="2026-10-02T12:31:12-05:00" level=warning msg="Print off screen. y=157 height=75"
time="2026-10-02T12:31:12-05:00" level=warning msg="Print off screen. y=158 height=75"
time="2026-10-02T12:31:12-05:00" level=warning msg="Print off screen. y=159 height=75"
time="2026-10-02T12:31:12-05:00" level=warning msg="Print off screen. y=160 height=75"
time="2026-10-02T12:31:12-05:00" level=warning msg="Print off screen. y=161 height=75"
time="2026-10-02T12:31:12-05:00" level=warning msg="Print off screen. y=162 height=75"
time="2026-10-02T12:31:12-05:00" level=warning msg="Print off screen. y=163 height=75"
time="2026-10-02T12:31:12-05:00" level=warning msg="Print off screen. y=164 height=75"
time="2026-10-02T12:31:12-05:00" level=warning msg="Print off screen. y=165 height=75"
time="2026-10-02T12:31:12-05:00" level=warning msg="Print off screen. y=166 height=75"
time="2026-10-02T12:31:12-05:00" level=warning msg="Print off screen. y=167 height=75"
time="2026-10-02T12:31:12-05:00" level=warning msg="Print off screen. y=168 height=75"
time="2026-10-02T12:31:12-05:00" level=warning msg="Print off screen. y=169 height=75"
time="2026-10-02T12:31:12-05:00" level=warning msg="Print off screen. y=170 height=75"
time="2026-10-02T12:31:12-05:00" level=warning msg="Print off screen. y=171 height=75"
time="2026-10-02T12:31:12-05:00" level=warning msg="Print off screen. y=172 height=75"
time="2026-10-02T12:31:12-05:00" level=warning msg="Print off screen. y=173 height=75"
time="2026-10-02T12:31:12-05:00" level=warning msg="Print off screen. y=174 height=75"
time="2026-10-02T12:31:12-05:00" level=warning msg="Print off screen. y=175 height=75"
time="2026-10-02T12:31:12-05:00" level=warning msg="Print off screen. y=176 height=75"
time="2026-10-02T12:31:12-05:00" level=warning msg="Print off screen. y=177 height=75"
time="2026-10-02T12:31:12-05:00" level=warning msg="Print off screen. y=178 height=75"
time="2026-10-02T12:31:12-05:00" level=warning msg="Print off screen. y=179 height=75"
time="2026-10-02T12:31:12-05:00" level=warning msg="Print off screen. y=180 height=75"
time="2026-10-02T12:31:12-05:00" level=warning msg="Print off screen. y=181 height=75"
time="2026-10-02T12:31:12-05:00" level=warning msg="Print off screen. y=182 height=75"
time="2026-10-02T12:31:12-05:00" level=warning msg="Print off screen. y=183 height=75"
time="2026-10-02T12:31:12-05:00" level=warning msg="Print off screen. y=184 height=75"
time="2026-10-02T12:31:12-05:00" level=warning msg="Print off screen. y=185 height=75"
time="2026-10-02T12:31:12-05:00" level=warning msg="Print off screen. y=186 height=75"
time="2026-10-02T12:31:12-05:00" level=warning msg="Print off screen. y=187 height=75"
time="2026-10-02T12:31:12-05:00" level=warning msg="Print off screen. y=188 height=75"
time="2026-10-02T12:31:12-05:00" level=warning msg="Print off screen. y=189 height=75"
time="2026-10-02T12:31:12-05:00" level=warning msg="Print off screen. y=190 height=75"
time="2026-10-02T12:31:12-05:00" level=warning msg="Print off screen. y=191 height=75"
time="2026-10-02T12:31:12-05:00" level=warning msg="Print off screen. y=192 height=75"
time="2026-10-02T12:31:12-05:00" level=warning msg="Print off screen. y=193 height=75"
time="2026-10-02T12:31:12-05:00" level=warning msg="Print off screen. y=194 height=75"
time="2026-10-02T12:31:12-05:00" level=warning msg="Print off screen. y=195 height=75"
time="2026-10-02T12:31:12-05:00" level=warning msg="Print off screen. y=196 height=75"
time="2026-10-02T12:31:12-05:00" level=warning msg="Print off screen. y=197 height=75"
time="2026-10-02T12:31:12-05:00" level=warning msg="Print off screen. y=198 height=75"
time="2026-10-02T12:31:12-05:00" level=warning msg="Print off screen. y=199 height=75"
time="2026-10-02T12:31:12-05:00" level=warning msg="Print off screen. y=200 height=75"
time="2026-10-02T12:31:12-05:00" level=warning msg="Print off screen. y=201 height=75"
time="2026-10-02T12:31:12-05:00" level=warning msg="Print off screen. y=202 height=75"
time="2026-10-02T12:31:12-05:00" level=warning msg="Print off screen. y=203 height=75"
time="2026-10-02T12:31:12-05:00" level=warning msg="Print off screen. y=204 height=75"
time="2026-10-02T12:31:12-05:00" level=warning msg="Print off screen. y=205 height=75"
time="2026-10-02T12:31:12-05:00" level=warning msg="Print off screen. y=206 height=75"
time="2026-10-02T12:31:12-05:00" level=warning msg="Print off screen. y=207 height=75"
time="2026-10-02T12:31:12-05:00" level=warning msg="Print off screen. y=208 height=75"
time="2026-10-02T12:31:12-05:00" level=warning msg="Print off screen. y=209 height=75"
time="2026-10-02T12:31:12-05:00" level=warning msg="Print off screen. y=210 height=75"
time="2026-10-02T12:31:12-05:00" level=warning msg="Print off screen. y=211 height=75"
time="2026-10-02T12:31:12-05:00" level=warning msg="Print off screen. y=212 height=75"
time="2026-10-02T12:31:12-05:00" level=warning msg="Print off screen. y=213 height=75"
time="2026-10-02T12:31:12-05:00" level=warning msg="Print off screen. y=214 height=75"
time="2026-10-02T12:31:12-05:00" level=warning msg="Print off screen. y=215 height=75"
time="2026-10-02T12:31:12-05:00" level=warning msg="Print off screen. y=216 height=75"
time="2026-10-02T12:31:12-05:00" level=warning msg="Print off screen. y=217 height=75"
time="2026-10-02T12:31:12-05:00" level=warning msg="Print off screen. y=218 height=75"
time="2026-10-02T12:31:12-05:00" level=warning msg="Print off screen. y=219 height=75"
time="2026-10-02T12:31:12-05:00" level=warning msg="Print off screen. y=220 height=75"
time="2026-10-02T12:31:12-05:00" level=warning msg="Print off screen. y=221 height=75"
time="2026-10-02T12:31:12-05:00" level=warning msg="Print off screen. y=222 height=75"
time="2026-10-02T12:31:12-05:00" level=warning msg="Print off screen. y=223 height=75"
time="2026-10-02T12:31:12-05:00" level=warning msg="Print off screen. y=224 height=75"
time="2026-10-02T12:31:12-05:00" level=warning msg="Print off screen. y=225 height=75"
time="2026-10-02T12:31:12-05:00" level=warning msg="Print off screen. y=226 height=75"
time="2026-10-02T12:31:12-05:00" level=warning msg="Print off screen. y=227 height=75"
time="2026-10-02T12:31:12-05:00" level=warning msg="Print off screen. y=228 height=75"
time="2026-10-02T12:31:12-05:00" level=warning msg="Print off screen. y=229 height=75"
time="2026-10-02T12:31:12-05:00" level=warning msg="Print off screen. y=230 height=75"
time="2026-10-02T12:31:12-05:00" level=warning msg="Print off screen. y=231 height=75"
time="2026-10-02T12:31:12-05:00" level=warning msg="Print off screen. y=232 height=75"
time="2026-10-02T12:31:12-05:00" level=warning msg="Print off screen. y=233 height=75"
time="2026-10-02T12:31:12-05:00" level=warning msg="Print off screen. y=234 height=75"
time="2026-10-02T12:31:12-05:00" level=warning msg="Print off screen. y=235 height=75"
time="2026-10-02T12:31:12-05:00" level=warning msg="Print off screen. y=236 height=75"
time="2026-10-02T12:31:12-05:00" level=warning msg="Print off screen. y=237 height=75"
time="2026-10-02T12:31:12-05:00" level=warning msg="Print off screen. y=238 height=75"
time="2026-10-02T12:31:12-05:00" level=warning msg="Print off screen. y=239 height=75"
time="2026-10-02T12:31:12-05:00" level=warning msg="Print off screen. y=240 height=75"
time="2026-10-02T12:31:12-05:00" level=warning msg="Print off screen. y=241 height=75"
time="2026-10-02T12:31:12-05:00" level=warning msg="Print off screen. y=242 height=75"
time="2026-10-02T12:31:12-05:00" level=warning msg="Print off screen. y=243 height=75"
time="2026-10-02T12:31:12-05:00" level=warning msg="Print off screen. y=244 height=75"
time="2026-10-02T12:31:12-05:00" level=warning msg="Print off screen. y=245 height=75"
time="2026-10-02T12:31:12-05:00" level=warning msg="Print off screen. y=246 height=75"
time="2026-10-02T12:31:12-05:00" level=warning msg="Print off screen. y=247 height=75"
time="2026-10-02T12:31:12-05:00" level=warning msg="Print off screen. y=248 height=75"
time="2026-10-02T12:31:12-05:00" level=warning msg="Print off screen. y=249 height=75"
time="2026-10-02T12:31:12-05:00" level=warning msg="Print off screen. y=250 height=75"
time="2026-10-02T12:31:12-05:00" level=warning msg="Print off screen. y=251 height=75"
time="2026-10-02T12:31:12-05:00" level=warning msg="Print off screen. y=252 height=75"
time="2026-10-02T12:31:12-05:00" level=warning msg="Print off screen. y=253 height=75"
time="2026-10-02T12:31:12-05:00" level=warning msg="Print off screen. y=254 height=75"
time="2026-10-02T12:31:12-05:00" level=warning msg="Print off screen. y=255 height=75"
time="2026-10-02T12:31:12-05:00" level=warning msg="Print off screen. y=256 height=75"
time="2026-10-02T12:31:12-05:00" level=warning msg="Print off screen. y=257 height=75"
time="2026-10-02T12:31:12-05:00" level=warning msg="Print off screen. y=258 height=75"
time="2026-10-02T12:31:12-05:00" level=warning msg="Print off screen. y=259 height=75"
time="2026-10-02T12:31:12-05:00" level=warning msg="Print off screen. y=260 height=75"
time="2026-10-02T12:31:12-05:00" level=warning msg="Print off screen. y=261 height=75"
time="2026-10-02T12:31:12-05:00" level=warning msg="Print off screen. y=262 height=75"
time="2026-10-02T12:31:12-05:00" level=warning msg="Print off screen. y=263 height=75"
time="2026-10-02T12:31:12-05:00" level=warning msg="Print off screen. y=264 height=75"
time="2026-10-02T12:31:12-05:00" level=warning msg="Print off screen. y=265 height=75"
time="2026-10-02T12:31:12-05:00" level=warning msg="Print off screen. y=266 height=75"
time="2026-10-02T12:31:12-05:00" level=warning msg="Print off screen. y=267 height=75"
time="2026-10-02T12:31:12-05:00" level=warning msg="Print off screen. y=268 height=75"
time="2026-10-02T12:31:12-05:00" level=warning msg="Print off screen. y=269 height=75"
time="2026-10-02T12:31:12-05:00" level=warning msg="Print off screen. y=270 height=75"
time="2026-10-02T12:31:12-05:00" level=warning msg="Print off screen. y=271 height=75"
time="2026-10-02T12:31:12-05:00" level=warning msg="Print off screen. y=75 height=75"
time="2026-10-02T12:31:12-05:00" level=warning msg="Print off screen. y=76 height=75"
time="2026-10-02T12:31:12-05:00" level=warning msg="Print off screen. y=77 height=75"
time="2026-10-02T12:31:12-05:00" level=warning msg="Print off screen. y=78 height=75"
time="2026-10-02T12:31:12-05:00" level=warning msg="Print off screen. y=79 height=75"
time="2026-10-02T12:31:12-05:00" level=warning msg="Print off screen. y=80 height=75"
time="2026-10-02T12:31:12-05:00" level=warning msg="Print off screen. y=81 height=75"
time="2026-10-02T12:31:12-05:00" level=warning msg="Print off screen. y=82 height=75"
time="2026-10-02T12:31:12-05:00" level=warning msg="Print off screen. y=83 height=75"
time="2026-10-02T12:31:12-05:00" level=warning msg="Print off screen. y=84 height=75"
time="2026-10-02T12:31:12-05:00" level=warning msg="Print off screen. y=85 height=75"
time="2026-10-02T12:31:12-05:00" level=warning msg="Print off screen. y=86 height=75"
time="2026-10-02T12:31:12-05:00" level=warning msg="Print off screen. y=87 height=75"
time="2026-10-02T12:31:12-05:00" level=warning msg="Print off screen. y=88 height=75"
time="2026-10-02T12:31:12-05:00" level=warning msg="Print off screen. y=89 height=75"
time="2026-10-02T12:31:12-05:00" level=warning msg="Print off screen. y=90 height=75"
time="2026-10-02T12:31:12-05:00" level=warning msg="Print off screen. y=91 height=75"
time="2026-10-02T12:31:12-05:00" level=warning msg="Print off screen. y=92 height=75"
time="2026-10-02T12:31:12-05:00" level=warning msg="Print off screen. y=93 height=75"
time="2026-10-02T12:31:12-05:00" level=warning msg="Print off screen. y=94 height=75"
time="2026-10-02T12:31:12-05:00" level=warning msg="Print off screen. y=95 height=75"
time="2026-10-02T12:31:12-05:00" level=warning msg="Print off screen. y=96 height=75"
time="2026-10-02T12:31:12-05:00" level=warning msg="Print off screen. y=97 height=75"
time="2026-10-02T12:31:12-05:00" level=warning msg="Print off screen. y=98 height=75"
time="2026-10-02T12:31:12-05:00" level=warning msg="Print off screen. y=99 height=75"
time="2026-10-02T12:31:12-05:00" level=warning msg="Print off screen. y=100 height=75"
time="2026-10-02T12:31:12-05:00" level=warning msg="Print off screen. y=101 height=75"
time="2026-10-02T12:31:12-05:00" level=warning msg="Print off screen. y=102 height=75"
time="2026-10-02T12:31:12-05:00" level=warning msg="Print off screen. y=103 height=75"
time="2026-10-02T12:31:12-05:00" level=warning msg="Print off screen. y=104 height=75"
time="2026-10-02T12:31:12-05:00" level=warning msg="Print off screen. y=105 height=75"
time="2026-10-02T12:31:12-05:00" level=warning msg="Print off screen. y=106 height=75"
time="2026-10-02T12:31:12-05:00" level=warning msg="Print off screen. y=107 height=75"
time="2026-10-02T12:31:12-05:00" level=warning msg="Print off screen. y=108 height=75"
time="2026-10-02T12:31:12-05:00" level=warning msg="Print off screen. y=109 height=75"
time="2026-10-02T12:31:12-05:00" level=warning msg="Print off screen. y=110 height=75"
time="2026-10-02T12:31:12-05:00" level=warning msg="Print off screen. y=111 height=75"
time="2026-10-02T12:31:12-05:00" level=warning msg="Print off screen. y=112 height=75"
time="2026-10-02T12:31:12-05:00" level=warning msg="Print off screen. y=113 height=75"
time="2026-10-02T12:31:12-05:00" level=warning msg="Print off screen. y=114 height=75"
time="2026-10-02T12:31:12-05:00" level=warning msg="Print off screen. y=115 height=75"
time="2026-10-02T12:31:12-05:00" level=warning msg="Print off screen. y=116 height=75"
time="2026-10-02T12:31:12-05:00" level=warning msg="Print off screen. y=117 height=75"
time="2026-10-02T12:31:12-05:00" level=warning msg="Print off screen. y=118 height=75"
time="2026-10-02T12:31:12-05:00" level=warning msg="Print off screen. y=119 height=75"
time="2026-10-02T12:31:12-05:00" level=warning msg="Print off screen. y=120 height=75"
time="2026-10-02T12:31:12-05:00" level=warning msg="Print off screen. y=121 height=75"
time="2026-10-02T12:31:12-05:00" level=warning msg="Print off screen. y=122 height=75"
time="2026-10-02T12:31:12-05:00" level=warning msg="Print off screen. y=123 height=75"
time="2026-10-02T12:31:12-05:00" level=warning msg="Print off screen. y=124 height=75"
time="2026-10-02T12:31:12-05:00" level=warning msg="Print off screen. y=125 height=75"
time="2026-10-02T12:31:12-05:00" level=warning msg="Print off screen. y=126 height=75"
time="2026-10-02T12:31:12-05:00" level=warning msg="Print off screen. y=127 height=75"
time="2026-10-02T12:31:12-05:00" level=warning msg="Print off screen. y=128 height=75"
time="2026-10-02T12:31:12-05:00" level=warning msg="Print off screen. y=129 height=75"
time="2026-10-02T12:31:12-05:00" level=warning msg="Print off screen. y=130 height=75"
time="2026-10-02T12:31:12-05:00" level=warning msg="Print off screen. y=131 height=75"
time="2026-10-02T12:31:12-05:00" level=warning msg="Print off screen. y=132 height=75"
time="2026-10-02T12:31:12-05:00" level=warning msg="Print off screen. y=133 height=75"
time="2026-10-02T12:31:12-05:00" level=warning msg="Print off screen. y=134 height=75"
time="2026-10-02T12:31:12-05:00" level=warning msg="Print off screen. y=135 height=75"
time="2026-10-02T12:31:12-05:00" level=warning msg="Print off screen. y=136 height=75"
time="2026-10-02T12:31:12-05:00" level=warning msg="Print off screen. y=137 height=75"
time="2026-10-02T12:31:12-05:00" level=warning msg="Print off screen. y=138 height=75"
time="2026-10-02T12:31:12-05:00" level=warning msg="Print off screen. y=139 height=75"
time="2026-10-02T12:31:12-05:00" level=warning msg="Print off screen. y=140 height=75"
time="2026-10-02T12:31:12-05:00" level=warning msg="Print off screen. y=141 height=75"
time="2026-10-02T12:31:12-05:00" level=warning msg="Print off screen. y=142 height=75"
time="2026-10-02T12:31:12-05:00" level=warning msg="Print off screen. y=143 height=75"
time="2026-10-02T12:31:12-05:00" level=warning msg="Print off screen. y=144 height=75"
time="2026-10-02T12:31:12-05:00" level=warning msg="Print off screen. y=145 height=75"
time="2026-10-02T12:31:12-05:00" level=warning msg="Print off screen. y=146 height=75"
time="2026-10-02T12:31:12-05:00" level=warning msg="Print off screen. y=147 height=75"
time="2026-10-02T12:31:12-05:00" level=warning msg="Print off screen. y=148 height=75"
time="2026-10-02T12:31:12-05:00" level=warning msg="Print off screen. y=149 height=75"
time="2026-10-02T12:31:12-05:00" level=warning msg="Print off screen. y=150 height=75"
time="2026-10-02T12:31:12-05:00" level=warning msg="Print off screen. y=151 height=75"
time="2026-10-02T12:31:12-05:00" level=warning msg="Print off screen. y=152 height=75"
time="2026-10-02T12:31:12-05:00" level=warning msg="Print off screen. y=153 height=75"
time="2026-10-02T12:31:12-05:00" level=warning msg="Print off screen. y=154 height=75"
time="2026-10-02T12:31:12-05:00" level=warning msg="Print off screen. y=155 height=75"
time="2026-10-02T12:31:12-05:00" level=warning msg="Print off screen. y=156 height=75"
time="2026-10-02T12:31:12-05:00" level=warning msg="Print off screen. y=157 height=75"
time="2026-10-02T12:31:12-05:00" level=warning msg="Print off screen. y=158 height=75"
time="2026-10-02T12:31:12-05:00" level=warning msg="Print off screen. y=159 height=75"
time="2026-10-02T12:31:12-05:00" level=warning msg="Print off screen. y=160 height=75"
time="2026-10-02T12:31:12-05:00" level=warning msg="Print off screen. y=161 height=75"
time="2026-10-02T12:31:12-05:00" level=warning msg="Print off screen. y=162 height=75"
time="2026-10-02T12:31:12-05:00" level=warning msg="Print off screen. y=163 height=75"
time="2026-10-02T12:31:12-05:00" level=warning msg="Print off screen. y=164 height=75"
time="2026-10-02T12:31:12-05:00" level=warning msg="Print off screen. y=165 height=75"
time="2026-10-02T12:31:12-05:00" level=warning msg="Print off screen. y=166 height=75"
time="2026-10-02T12:31:12-05:00" level=warning msg="Print off screen. y=167 height=75"
time="2026-10-02T12:31:12-05:00" level=warning msg="Print off screen. y=168 height=75"
time="2026-10-02T12:31:12-05:00" level=warning msg="Print off screen. y=169 height=75"
time="2026-10-02T12:31:12-05:00" level=warning msg="Print off screen. y=170 height=75"
time="2026-10-02T12:31:12-05:00" level=warning msg="Print off screen. y=171 height=75"
time="2026-10-02T12:31:12-05:00" level=warning msg="Print off screen. y=172 height=75"
time="2026-10-02T12:31:12-05:00" level=warning msg="Print off screen. y=173 height=75"
time="2026-10-02T12:31:12-05:00" level=warning msg="Print off screen. y=174 height=75"
time="2026-10-02T12:31:12-05:00" level=warning msg="Print off screen. y=175 height=75"
time="2026-10-02T12:31:12-05:00" level=warning msg="Print off screen. y=176 height=75"
time="2026-10-02T12:31:12-05:00" level=warning msg="Print off screen. y=177 height=75"
time="2026-10-02T12:31:12-05:00" level=warning msg="Print off screen. y=178 height=75"
time="2026-10-02T12:31:12-05:00" level=warning msg="Print off screen. y=179 height=75"
time="2026-10-02T12:31:12-05:00" level=warning msg="Print off screen. y=180 height=75"
time="2026-10-02T12:31:12-05:00" level=warning msg="Print off screen. y=181 height=75"
time="2026-10-02T12:31:12-05:00" level=warning msg="Print off screen. y=182 height=75"
time="2026-10-02T12:31:12-05:00" level=warning msg="Print off screen. y=183 height=75"
time="2026-10-02T12:31:12-05:00" level=warning msg="Print off screen. y=184 height=75"
time="2026-10-02T12:31:12-05:00" level=warning msg="Print off screen. y=185 height=75"
time="2026-10-02T12:31:12-05:00" level=warning msg="Print off screen. y=186 height=75"
time="2026-10-02T12:31:12-05:00" level=warning msg="Print off screen. y=187 height=75"
time="2026-10-02T12:31:12-05:00" level=warning msg="Print off screen. y=188 height=75"
time="2026-10-02T12:31:12-05:00" level=warning msg="Print off screen. y=189 height=75"
time="2026-10-02T12:31:12-05:00" level=warning msg="Print off screen. y=190 height=75"
time="2026-10-02T12:31:12-05:00" level=warning msg="Print off screen. y=191 height=75"
time="2026-10-02T12:31:12-05:00" level=warning msg="Print off screen. y=192 height=75"
time="2026-10-02T12:31:12-05:00" level=warning msg="Print off screen. y=193 height=75"
time="2026-10-02T12:31:12-05:00" level=warning msg="Print off screen. y=194 height=75"
time="2026-10-02T12:31:12-05:00" level=warning msg="Print off screen. y=195 height=75"
time="2026-10-02T12:31:12-05:00" level=warning msg="Print off screen. y=196 height=75"
time="2026-10-02T12:31:12-05:00" level=warning msg="Print off screen. y=197 height=75"
time="2026-10-02T12:31:12-05:00" level=warning msg="Print off screen. y=198 height=75"
time="2026-10-02T12:31:12-05:00" level=warning msg="Print off screen. y=199 height=75"
time="2026-10-02T12:31:12-05:00" level=warning msg="Print off screen. y=200 height=75"
time="2026-10-02T12:31:12-05:00" level=warning msg="Print off screen. y=201 height=75"
time="2026-10-02T12:31:12-05:00" level=warning msg="Print off screen. y=202 height=75"
time="2026-10-02T12:31:12-05:00" level=warning msg="Print off screen. y=203 height=75"
time="2026-10-02T12:31:12-05:00" level=warning msg="Print off screen. y=204 height=75"
time="2026-10-02T12:31:12-05:00" level=warning msg="Print off screen. y=205 height=75"
time="2026-10-02T12:31:12-05:00" level=warning msg="Print off screen. y=206 height=75"
time="2026-10-02T12:31:12-05:00" level=warning msg="Print off screen. y=207 height=75"
time="2026-10-02T12:31:12-05:00" level=warning msg="Print off screen. y=208 height=75"
time="2026-10-02T12:31:12-05:00" level=warning msg="Print off screen. y=209 height=75"
time="2026-10-02T12:31:12-05:00" level=warning msg="Print off screen. y=210 height=75"
time="2026-10-02T12:31:12-05:00" level=warning msg="Print off screen. y=211 height=75"
time="2026-10-02T12:31:12-05:00" level=warning msg="Print off screen. y=212 height=75"
time="2026-10-02T12:31:12-05:00" level=warning msg="Print off screen. y=213 height=75"
time="2026-10-02T12:31:12-05:00" level=warning msg="Print off screen. y=214 height=75"
time="2026-10-02T12:31:12-05:00" level=warning msg="Print off screen. y=215 height=75"
time="2026-10-02T12:31:12-05:00" level=warning msg="Print off screen. y=216 height=75"
time="2026-10-02T12:31:12-05:00" level=warning msg="Print off screen. y=217 height=75"
time="2026-10-02T12:31:12-05:00" level=warning msg="Print off screen. y=218 height=75"
time="2026-10-02T12:31:12-05:00" level=warning msg="Print off screen. y=219 height=75"
time="2026-10-02T12:31:12-05:00" level=warning msg="Print off screen. y=220 height=75"
time="2026-10-02T12:31:12-05:00" level=warning msg="Print off screen. y=221 height=75"
time="2026-10-02T12:31:12-05:00" level=warning msg="Print off screen. y=222 height=75"
time="2026-10-02T12:31:12-05:00" level=warning msg="Print off screen. y=223 height=75"
time="2026-10-02T12:31:12-05:00" level=warning msg="Print off screen. y=224 height=75"
time="2026-10-02T12:31:12-05:00" level=warning msg="Print off screen. y=225 height=75"
time="2026-10-02T12:31:12-05:00" level=warning msg="Print off screen. y=226 height=75"
time="2026-10-02T12:31:12-05:00" level=warning msg="Print off screen. y=227 height=75"
time="2026-10-02T12:31:12-05:00" level=warning msg="Print off screen. y=228 height=75"
time="2026-10-02T12:31:12-05:00" level=warning msg="Print off screen. y=229 height=75"
time="2026-10-02T12:31:12-05:00" level=warning msg="Print off screen. y=230 height=75"
time="2026-10-02T12:31:12-05:00" level=warning msg="Print off screen. y=231 height=75"
time="2026-10-02T12:31:12-05:00" level=warning msg="Print off screen. y=232 height=75"
time="2026-10-02T12:31:12-05:00" level=warning msg="Print off screen. y=233 height=75"
time="2026-10-02T12:31:12-05:00" level=warning msg="Print off screen. y=234 height=75"
time="2026-10-02T12:31:12-05:00" level=warning msg="Print off screen. y=235 height=75"
time="2026-10-02T12:31:12-05:00" level=warning msg="Print off screen. y=236 height=75"
time="2026-10-02T12:31:12-05:00" level=warning msg="Print off screen. y=237 height=75"
time="2026-10-02T12:31:12-05:00" level=warning msg="Print off screen. y=238 height=75"
time="2026-10-02T12:31:12-05:00" level=warning msg="Print off screen. y=239 height=75"
time="2026-10-02T12:31:12-05:00" level=warning msg="Print off screen. y=240 height=75"
time="2026-10-02T12:31:12-05:00" level=warning msg="Print off screen. y=241 height=75"
time="2026-10-02T12:31:12-05:00" level=warning msg="Print off screen. y=242 height=75"
time="2026-10-02T12:31:12-05:00" level=warning msg="Print off screen. y=243 height=75"
time="2026-10-02T12:31:12-05:00" level=warning msg="Print off screen. y=244 height=75"
time="2026-10-02T12:31:12-05:00" level=warning msg="Print off screen. y=245 height=75"
time="2026-10-02T12:31:12-05:00" level=warning msg="Print off screen. y=246 height=75"
time="2026-10-02T12:31:12-05:00" level=warning msg="Print off screen. y=247 height=75"
time="2026-10-02T12:31:12-05:00" level=warning msg="Print off screen. y=248 height=75"
time="2026-10-02T12:31:12-05:00" level=warning msg="Print off screen. y=249 height=75"
time="2026-10-02T12:31:12-05:00" level=warning msg="Print off screen. y=250 height=75"
time="2026-10-02T12:31:12-05:00" level=warning msg="Print off screen. y=251 height=75"
time="2026-10-02T12:31:12-05:00" level=warning msg="Print off screen. y=252 height=75"
time="2026-10-02T12:31:12-05:00" level=warning msg="Print off screen. y=253 height=75"
time="2026-10-02T12:31:12-05:00" level=warning msg="Print off screen. y=254 height=75"
time="2026-10-02T12:31:12-05:00" level=warning msg="Print off screen. y=255 height=75"
time="2026-10-02T12:31:12-05:00" level=warning msg="Print off screen. y=256 height=75"
time="2026-10-02T12:31:12-05:00" level=warning msg="Print off screen. y=257 height=75"
time="2026-10-02T12:31:12-05:00" level=warning msg="Print off screen. y=258 height=75"
time="2026-10-02T12:31:12-05:00" level=warning msg="Print off screen. y=259 height=75"
time="2026-10-02T12:31:12-05:00" level=warning msg="Print off screen. y=260 height=75"
time="2026-10-02T12:31:12-05:00" level=warning msg="Print off screen. y=261 height=75"
time="2026-10-02T12:31:12-05:00" level=warning msg="Print off screen. y=262 height=75"
time="2026-10-02T12:31:12-05:00" level=warning msg="Print off screen. y=263 height=75"
time="2026-10-02T12:31:12-05:00" level=warning msg="Print off screen. y=264 height=75"
time="2026-10-02T12:31:12-05:00" level=warning msg="Print off screen. y=265 height=75"
time="2026-10-02T12:31:12-05:00" level=warning msg="Print off screen. y=266 height=75"
time="2026-10-02T12:31:12-05:00" level=warning msg="Print off screen. y=267 height=75"
time="2026-10-02T12:31:12-05:00" level=warning msg="Print off screen. y=268 height=75"
time="2026-10-02T12:31:12-05:00" level=warning msg="Print off screen. y=269 height=75"
time="2026-10-02T12:31:12-05:00" level=warning msg="Print off screen. y=270 height=75"
time="2026-10-02T12:31:12-05:00" level=warning msg="Print off screen. y=271 height=75"
time="2026-10-02T12:31:12-05:00" level=warning msg="Print off screen. y=75 height=75"
time="2026-10-02T12:31:12-05:00" level=warning msg="Print off screen. y=76 height=75"
time="2026-10-02T12:31:12-05:00" level=warning msg="Print off screen. y=77 height=75"
time="2026-10-02T12:31:12-05:00" level=warning msg="Print off screen. y=78 height=75"
time="2026-10-02T12:31:12-05:00" level=warning msg="Print off screen. y=79 height=75"
time="2026-10-02T12:31:12-05:00" level=warning msg="Print off screen. y=80 height=75"
time="2026-10-02T12:31:12-05:00" level=warning msg="Print off screen. y=81 height=75"
time="2026-10-02T12:31:12-05:00" level=warning msg="Print off screen. y=82 height=75"
time="2026-10-02T12:31:12-05:00" level=warning msg="Print off screen. y=83 height=75"
time="2026-10-02T12:31:12-05:00" level=warning msg="Print off screen. y=84 height=75"
time="2026-10-02T12:31:12-05:00" level=warning msg="Print off screen. y=85 height=75"
time="2026-10-02T12:31:12-05:00" level=warning msg="Print off screen. y=86 height=75"
time="2026-10-02T12:31:12-05:00" level=warning msg="Print off screen. y=87 height=75"
time="2026-10-02T12:31:12-05:00" level=warning msg="Print off screen. y=88 height=75"
time="2026-10-02T12:31:12-05:00" level=warning msg="Print off screen. y=89 height=75"
time="2026-10-02T12:31:12-05:00" level=warning msg="Print off screen. y=90 height=75"
time="2026-10-02T12:31:12-05:00" level=warning msg="Print off screen. y=91 height=75"
time="2026-10-02T12:31:12-05:00" level=warning msg="Print off screen. y=92 height=75"
time="2026-10-02T12:31:12-05:00" level=warning msg="Print off screen. y=93 height=75"
time="2026-10-02T12:31:12-05:00" level=warning msg="Print off screen. y=94 height=75"
time="2026-10-02T12:31:12-05:00" level=warning msg="Print off screen. y=95 height=75"
time="2026-10-02T12:31:12-05:00" level=warning msg="Print off screen. y=96 height=75"
time="2026-10-02T12:31:12-05:00" level=warning msg="Print off screen. y=97 height=75"
time="2026-10-02T12:31:12-05:00" level=warning msg="Print off screen. y=98 height=75"
time="2026-10-02T12:31:12-05:00" level=warning msg="Print off screen. y=99 height=75"
time="2026-10-02T12:31:12-05:00" level=warning msg="Print off screen. y=100 height=75"
time="2026-10-02T12:31:12-05:00" level=warning msg="Print off screen. y=101 height=75"
time="2026-10-02T12:31:12-05:00" level=warning msg="Print off screen. y=102 height=75"
time="2026-10-02T12:31:12-05:00" level=warning msg="Print off screen. y=103 height=75"
time="2026-10-02T12:31:12-05:00" level=warning msg="Print off screen. y=104 height=75"
time="2026-10-02T12:31:12-05:00" level=warning msg="Print off screen. y=105 height=75"
time="2026-10-02T12:31:12-05:00" level=warning msg="Print off screen. y=106 height=75"
time="2026-10-02T12:31:12-05:00" level=warning msg="Print off screen. y=107 height=75"
time="2026-10-02T12:31:12-05:00" level=warning msg="Print off screen. y=108 height=75"
time="2026-10-02T12:31:12-05:00" level=warning msg="Print off screen. y=109 height=75"
time="2026-10-02T12:31:12-05:00" level=warning msg="Print off screen. y=110 height=75"
time="2026-10-02T12:31:12-05:00" level=warning msg="Print off screen. y=111 height=75"
time="2026-10-02T12:31:12-05:00" level=warning msg="Print off screen. y=112 height=75"
time="2026-10-02T12:31:12-05:00" level=warning msg="Print off screen. y=113 height=75"
time="2026-10-02T12:31:12-05:00" level=warning msg="Print off screen. y=114 height=75"
time="2026-10-02T12:31:12-05:00" level=warning msg="Print off screen. y=115 height=75"
time="2026-10-02T12:31:12-05:00" level=warning msg="Print off screen. y=116 height=75"
time="2026-10-02T12:31:12-05:00" level=warning msg="Print off screen. y=117 height=75"
time="2026-10-02T12:31:12-05:00" level=warning msg="Print off screen. y=118 height=75"
time="2026-10-02T12:31:12-05:00" level=warning msg="Print off screen. y=119 height=75"
time="2026-10-02T12:31:12-05:00" level=warning msg="Print off screen. y=120 height=75"
time="2026-10-02T12:31:12-05:00" level=warning msg="Print off screen. y=121 height=75"
time="2026-10-02T12:31:12-05:00" level=warning msg="Print off screen. y=122 height=75"
time="2026-10-02T12:31:12-05:00" level=warning msg="Print off screen. y=123 height=75"
time="2026-10-02T12:31:12-05:00" level=warning msg="Print off screen. y=124 height=75"
time="2026-10-02T12:31:12-05:00" level=warning msg="Print off screen. y=125 height=75"
time="2026-10-02T12:31:12-05:00" level=warning msg="Print off screen. y=126 height=75"
time="2026-10-02T12:31:12-05:00" level=warning msg="Print off screen. y=127 height=75"
time="2026-10-02T12:31:12-05:00" level=warning msg="Print off screen. y=128 height=75"
time="2026-10-02T12:31:12-05:00" level=warning msg="Print off screen. y=129 height=75"
time="2026-10-02T12:31:12-05:00" level=warning msg="Print off screen. y=130 height=75"
time="2026-10-02T12:31:12-05:00" level=warning msg="Print off screen. y=131 height=75"
time="2026-10-02T12:31:12-05:00" level=warning msg="Print off screen. y=132 height=75"
time="2026-10-02T12:31:12-05:00" level=warning msg="Print off screen. y=133 height=75"
time="2026-10-02T12:31:12-05:00" level=warning msg="Print off screen. y=134 height=75"
time="2026-10-02T12:31:12-05:00" level=warning msg="Print off screen. y=135 height=75"
time="2026-10-02T12:31:12-05:00" level=warning msg="Print off screen. y=136 height=75"
time="2026-10-02T12:31:12-05:00" level=warning msg="Print off screen. y=137 height=75"
time="2026-10-02T12:31:12-05:00" level=warning msg="Print off screen. y=138 height=75"
time="2026-10-02T12:31:12-05:00" level=warning msg="Print off screen. y=139 height=75"
time="2026-10-02T12:31:12-05:00" level=warning msg="Print off screen. y=140 height=75"
time="2026-10-02T12:31:12-05:00" level=warning msg="Print off screen. y=141 height=75"
time="2026-10-02T12:31:12-05:00" level=warning msg="Print off screen. y=142 height=75"
time="2026-10-02T12:31:12-05:00" level=warning msg="Print off screen. y=143 height=75"
time="2026-10-02T12:31:12-05:00" level=warning msg="Print off screen. y=144 height=75"
time="2026-10-02T12:31:12-05:00" level=warning msg="Print off screen. y=145 height=75"
time="2026-10-02T12:31:12-05:00" level=warning msg="Print off screen. y=146 height=75"
time="2026-10-02T12:31:12-05:00" level=warning msg="Print off screen. y=147 height=75"
time="2026-10-02T12:31:12-05:00" level=warning msg="Print off screen. y=148 height=75"
time="2026-10-02T12:31:12-05:00" level=warning msg="Print off screen. y=149 height=75"
time="2026-10-02T12:31:12-05:00" level=warning msg="Print off screen. y=150 height=75"
time="2026-10-02T12:31:12-05:00" level=warning msg="Print off screen. y=151 height=75"
time="2026-10-02T12:31:12-05:00" level=warning msg="Print off screen. y=152 height=75"
time="2026-10-02T12:31:12-05:00" level=warning msg="Print off screen. y=153 height=75"
time="2026-10-02T12:31:12-05:00" level=warning msg="Print off screen. y=154 height=75"
time="2026-10-02T12:31:12-05:00" level=warning msg="Print off screen. y=155 height=75"
time="2026-10-02T12:31:12-05:00" level=warning msg="Print off screen. y=156 height=75"
time="2026-10-02T12:31:12-05:00" level=warning msg="Print off screen. y=157 height=75"
time="2026-10-02T12:31:12-05:00" level=warning msg="Print off screen. y=158 height=75"
time="2026-10-02T12:31:12-05:00" level=warning msg="Print off screen. y=159 height=75"
time="2026-10-02T12:31:12-05:00" level=warning msg="Print off screen. y=160 height=75"
time="2026-10-02T12:31:12-05:00" level=warning msg="Print off screen. y=161 height=75"
time="2026-10-02T12:31:12-05:00" level=warning msg="Print off screen. y=162 height=75"
time="2026-10-02T12:31:12-05:00" level=warning msg="Print off screen. y=163 height=75"
time="2026-10-02T12:31:12-05:00" level=warning msg="Print off screen. y=164 height=75"
time="2026-10-02T12:31:12-05:00" level=warning msg="Print off screen. y=165 height=75"
time="2026-10-02T12:31:12-05:00" level=warning msg="Print off screen. y=166 height=75"
time="2026-10-02T12:31:12-05:00" level=warning msg="Print off screen. y=167 height=75"
time="2026-10-02T12:31:12-05:00" level=warning msg="Print off screen. y=168 height=75"
time="2026-10-02T12:31:12-05:00" level=warning msg="Print off screen. y=169 height=75"
time="2026-10-02T12:31:12-05:00" level=warning msg="Print off screen. y=170 height=75"
time="2026-10-02T12:31:12-05:00" level=warning msg="Print off screen. y=171 height=75"
time="2026-10-02T12:31:12-05:00" level=warning msg="Print off screen. y=172 height=75"
time="2026-10-02T12:31:12-05:00" level=warning msg="Print off screen. y=173 height=75"
time="2026-10-02T12:31:12-05:00" level=warning msg="Print off screen. y=174 height=75"
time="2026-10-02T12:31:12-05:00" level=warning msg="Print off screen. y=175 height=75"
time="2026-10-02T12:31:12-05:00" level=warning msg="Print off screen. y=176 height=75"
time="2026-10-02T12:31:12-05:00" level=warning msg="Print off screen. y=177 height=75"
time="2026-10-02T12:31:12-05:00" level=warning msg="Print off screen. y=178 height=75"
time="2026-10-02T12:31:12-05:00" level=warning msg="Print off screen. y=179 height=75"
time="2026-10-02T12:31:12-05:00" level=warning msg="Print off screen. y=180 height=75"
time="2026-10-02T12:31:12-05:00" level=warning msg="Print off screen. y=181 height=75"
time="2026-10-02T12:31:12-05:00" level=warning msg="Print off screen. y=182 height=75"
time="2026-10-02T12:31:12-05:00" level=warning msg="Print off screen. y=183 height=75"
time="2026-10-02T12:31:12-05:00" level=warning msg="Print off screen. y=184 height=75"
time="2026-10-02T12:31:12-05:00" level=warning msg="Print off screen. y=185 height=75"
time="2026-10-02T12:31:12-05:00" level=warning msg="Print off screen. y=186 height=75"
time="2026-10-02T12:31:12-05:00" level=warning msg="Print off screen. y=187 height=75"
time="2026-10-02T12:31:12-05:00" level=warning msg="Print off screen. y=188 height=75"
time="2026-10-02T12:31:12-05:00" level=warning msg="Print off screen. y=189 height=75"
time="2026-10-02T12:31:12-05:00" level=warning msg="Print off screen. y=190 height=75"
time="2026-10-02T12:31:12-05:00" level=warning msg="Print off screen. y=191 height=75"
time="2026-10-02T12:31:12-05:00" level=warning msg="Print off screen. y=192 height=75"
time="2026-10-02T12:31:12-05:00" level=warning msg="Print off screen. y=193 height=75"
time="2026-10-02T12:31:12-05:00" level=warning msg="Print off screen. y=194 height=75"
time="2026-10-02T12:31:12-05:00" level=warning msg="Print off screen. y=195 height=75"
time="2026-10-02T12:31:12-05:00" level=warning msg="Print off screen. y=196 height=75"
time="2026-10-02T12:31:12-05:00" level=warning msg="Print off screen. y=197 height=75"
time="2026-10-02T12:31:12-05:00" level=warning msg="Print off screen. y=198 height=75"
time="2026-10-02T12:31:12-05:00" level=warning msg="Print off screen. y=199 height=75"
time="2026-10-02T12:31:12-05:00" level=warning msg="Print off screen. y=200 height=75"
time="2026-10-02T12:31:12-05:00" level=warning msg="Print off screen. y=201 height=75"
time="2026-10-02T12:31:12-05:00" level=warning msg="Print off screen. y=202 height=75"
time="2026-10-02T12:31:12-05:00" level=warning msg="Print off screen. y=203 height=75"
time="2026-10-02T12:31:12-05:00" level=warning msg="Print off screen. y=204 height=75"
time="2026-10-02T12:31:12-05:00" level=warning msg="Print off screen. y=205 height=75"
time="2026-10-02T12:31:12-05:00" level=warning msg="Print off screen. y=206 height=75"
time="2026-10-02T12:31:12-05:00" level=warning msg="Print off screen. y=207 height=75"
time="2026-10-02T12:31:12-05:00" level=warning msg="Print off screen. y=208 height=75"
time="2026-10-02T12:31:12-05:00" level=warning msg="Print off screen. y=209 height=75"
time="2026-10-02T12:31:12-05:00" level=warning msg="Print off screen. y=210 height=75"
time="2026-10-02T12:31:12-05:00" level=warning msg="Print off screen. y=211 height=75"
time="2026-10-02T12:31:12-05:00" level=warning msg="Print off screen. y=212 height=75"
time="2026-10-02T12:31:12-05:00" level=warning msg="Print off screen. y=213 height=75"
time="2026-10-02T12:31:12-05:00" level=warning msg="Print off screen. y=214 height=75"
time="2026-10-02T12:31:12-05:00" level=warning msg="Print off screen. y=215 height=75"
time="2026-10-02T12:31:12-05:00" level=warning msg="Print off screen. y=216 height=75"
time="2026-10-02T12:31:12-05:00" level=warning msg="Print off screen. y=217 height=75"
time="2026-10-02T12:31:12-05:00" level=warning msg="Print off screen. y=218 height=75"
time="2026-10-02T12:31:12-05:00" level=warning msg="Print off screen. y=219 height=75"
time="2026-10-02T12:31:12-05:00" level=warning msg="Print off screen. y=220 height=75"
time="2026-10-02T12:31:12-05:00" level=warning msg="Print off screen. y=221 height=75"
time="2026-10-02T12:31:12-05:00" level=warning msg="Print off screen. y=222 height=75"
time="2026-10-02T12:31:12-05:00" level=warning msg="Print off screen. y=223 height=75"
time="2026-10-02T12:31:12-05:00" level=warning msg="Print off screen. y=224 height=75"
time="2026-10-02T12:31:12-05:00" level=warning msg="Print off screen. y=225 height=75"
time="2026-10-02T12:31:12-05:00" level=warning msg="Print off screen. y=226 height=75"
time="2026-10-02T12:31:12-05:00" level=warning msg="Print off screen. y=227 height=75"
time="2026-10-02T12:31:12-05:00" level=warning msg="Print off screen. y=228 height=75"
time="2026-10-02T12:31:12-05:00" level=warning msg="Print off screen. y=229 height=75"
time="2026-10-02T12:31:12-05:00" level=warning msg="Print off screen. y=230 height=75"
time="2026-10-02T12:31:12-05:00" level=warning msg="Print off screen. y=231 height=75"
time="2026-10-02T12:31:12-05:00" level=warning msg="Print off screen. y=232 height=75"
time="2026-10-02T12:31:12-05:00" level=warning msg="Print off screen. y=233 height=75"
time="2026-10-02T12:31:12-05:00" level=warning msg="Print off screen. y=234 height=75"
time="2026-10-02T12:31:12-05:00" level=warning msg="Print off screen. y=235 height=75"
time="2026-10-02T12:31:12-05:00" level=warning msg="Print off screen. y=236 height=75"
time="2026-10-02T12:31:12-05:00" level=warning msg="Print off screen. y=237 height=75"
time="2026-10-02T12:31:12-05:00" level=warning msg="Print off screen. y=238 height=75"
time="2026-10-02T12:31:12-05:00" level=warning msg="Print off screen. y=239 height=75"
time="2026-10-02T12:31:12-05:00" level=warning msg="Print off screen. y=240 height=75"
time="2026-10-02T12:31:12-05:00" level=warning msg="Print off screen. y=241 height=75"
time="2026-10-02T12:31:12-05:00" level=warning msg="Print off screen. y=242 height=75"
time="2026-10-02T12:31:12-05:00" level=warning msg="Print off screen. y=243 height=75"
time="2026-10-02T12:31:12-05:00" level=warning msg="Print off screen. y=244 height=75"
time="2026-10-02T12:31:12-05:00" level=warning msg="Print off screen. y=245 height=75"
time="2026-10-02T12:31:12-05:00" level=warning msg="Print off screen. y=246 height=75"
time="2026-10-02T12:31:12-05:00" level=warning msg="Print off screen. y=247 height=75"
time="2026-10-02T12:31:12-05:00" level=warning msg="Print off screen. y=248 height=75"
time="2026-10-02T12:31:12-05:00" level=warning msg="Print off screen. y=249 height=75"
time="2026-10-02T12:31:12-05:00" level=warning msg="Print off screen. y=250 height=75"
time="2026-10-02T12:31:12-05:00" level=warning msg="Print off screen. y=251 height=75"
time="2026-10-02T12:31:12-05:00" level=warning msg="Print off screen. y=252 height=75"
time="2026-10-02T12:31:12-05:00" level=warning msg="Print off screen. y=253 height=75"
time="2026-10-02T12:31:12-05:00" level=warning msg="Print off screen. y=254 height=75"
time="2026-10-02T12:31:12-05:00" level=warning msg="Print off screen. y=255 height=75"
time="2026-10-02T12:31:12-05:00" level=warning msg="Print off screen. y=256 height=75"
time="2026-10-02T12:31:12-05:00" level=warning msg="Print off screen. y=257 height=75"
time="2026-10-02T12:31:12-05:00" level=warning msg="Print off screen. y=258 height=75"
time="2026-10-02T12:31:12-05:00" level=warning msg="Print off screen. y=259 height=75"
time="2026-10-02T12:31:12-05:00" level=warning msg="Print off screen. y=260 height=75"
time="2026-10-02T12:31:12-05:00" level=warning msg="Print off screen. y=261 height=75"
time="2026-10-02T12:31:12-05:00" level=warning msg="Print off screen. y=262 height=75"
time="2026-10-02T12:31:12-05:00" level=warning msg="Print off screen. y=263 height=75"
time="2026-10-02T12:31:12-05:00" level=warning msg="Print off screen. y=264 height=75"
time="2026-10-02T12:31:12-05:00" level=warning msg="Print off screen. y=265 height=75"
time="2026-10-02T12:31:12-05:00" level=warning msg="Print off screen. y=266 height=75"
time="2026-10-02T12:31:12-05:00" level=warning msg="Print off screen. y=267 height=75"
time="2026-10-02T12:31:12-05:00" level=warning msg="Print off screen. y=268 height=75"
time="2026-10-02T12:31:12-05:00" level=warning msg="Print off screen. y=269 height=75"
time="2026-10-02T12:31:12-05:00" level=warning msg="Print off screen. y=270 height=75"
time="2026-10-02T12:31:12-05:00" level=warning msg="Print off screen. y=271 height=75"
time="2026-10-02T12:31:13-05:00" level=warning msg="Print off screen. y=75 height=75"
time="2026-10-02T12:31:13-05:00" level=warning msg="Print off screen. y=76 height=75"
time="2026-10-02T12:31:13-05:00" level=warning msg="Print off screen. y=77 height=75"
time="2026-10-02T12:31:13-05:00" level=warning msg="Print off screen. y=78 height=75"
time="2026-10-02T12:31:13-05:00" level=warning msg="Print off screen. y=79 height=75"
time="2026-10-02T12:31:13-05:00" level=warning msg="Print off screen. y=80 height=75"
time="2026-10-02T12:31:13-05:00" level=warning msg="Print off screen. y=81 height=75"
time="2026-10-02T12:31:13-05:00" level=warning msg="Print off screen. y=82 height=75"
time="2026-10-02T12:31:13-05:00" level=warning msg="Print off screen. y=83 height=75"
time="2026-10-02T12:31:13-05:00" level=warning msg="Print off screen. y=84 height=75"
time="2026-10-02T12:31:13-05:00" level=warning msg="Print off screen. y=85 height=75"
time="2026-10-02T12:31:13-05:00" level=warning msg="Print off screen. y=86 height=75"
time="2026-10-02T12:31:13-05:00" level=warning msg="Print off screen. y=87 height=75"
time="2026-10-02T12:31:13-05:00" level=warning msg="Print off screen. y=88 height=75"
time="2026-10-02T12:31:13-05:00" level=warning msg="Print off screen. y=89 height=75"
time="2026-10-02T12:31:13-05:00" level=warning msg="Print off screen. y=90 height=75"
time="2026-10-02T12:31:13-05:00" level=warning msg="Print off screen. y=91 height=75"
time="2026-10-02T12:31:13-05:00" level=warning msg="Print off screen. y=92 height=75"
time="2026-10-02T12:31:13-05:00" level=warning msg="Print off screen. y=93 height=75"
time="2026-10-02T12:31:13-05:00" level=warning msg="Print off screen. y=94 height=75"
time="2026-10-02T12:31:13-05:00" level=warning msg="Print off screen. y=95 height=75"
time="2026-10-02T12:31:13-05:00" level=warning msg="Print off screen. y=96 height=75"
time="2026-10-02T12:31:13-05:00" level=warning msg="Print off screen. y=97 height=75"
time="2026-10-02T12:31:13-05:00" level=warning msg="Print off screen. y=98 height=75"
time="2026-10-02T12:31:13-05:00" level=warning msg="Print off screen. y=99 height=75"
time="2026-10-02T12:31:13-05:00" level=warning msg="Print off screen. y=100 height=75"
time="2026-10-02T12:31:13-05:00" level=warning msg="Print off screen. y=101 height=75"
time="2026-10-02T12:31:13-05:00" level=warning msg="Print off screen. y=102 height=75"
time="2026-10-02T12:31:13-05:00" level=warning msg="Print off screen. y=103 height=75"
time="2026-10-02T12:31:13-05:00" level=warning msg="Print off screen. y=104 height=75"
time="2026-10-02T12:31:13-05:00" level=warning msg="Print off screen. y=105 height=75"
time="2026-10-02T12:31:13-05:00" level=warning msg="Print off screen. y=106 height=75"
time="2026-10-02T12:31:13-05:00" level=warning msg="Print off screen. y=107 height=75"
time="2026-10-02T12:31:13-05:00" level=warning msg="Print off screen. y=108 height=75"
time="2026-10-02T12:31:13-05:00" level=warning msg="Print off screen. y=109 height=75"
time="2026-10-02T12:31:13-05:00" level=warning msg="Print off screen. y=110 height=75"
time="2026-10-02T12:31:13-05:00" level=warning msg="Print off screen. y=111 height=75"
time="2026-10-02T12:31:13-05:00" level=warning msg="Print off screen. y=112 height=75"
time="2026-10-02T12:31:13-05:00" level=warning msg="Print off screen. y=113 height=75"
time="2026-10-02T12:31:13-05:00" level=warning msg="Print off screen. y=114 height=75"
time="2026-10-02T12:31:13-05:00" level=warning msg="Print off screen. y=115 height=75"
time="2026-10-02T12:31:13-05:00" level=warning msg="Print off screen. y=116 height=75"
time="2026-10-02T12:31:13-05:00" level=warning msg="Print off screen. y=117 height=75"
time="2026-10-02T12:31:13-05:00" level=warning msg="Print off screen. y=118 height=75"
time="2026-10-02T12:31:13-05:00" level=warning msg="Print off screen. y=119 height=75"
time="2026-10-02T12:31:13-05:00" level=warning msg="Print off screen. y=120 height=75"
time="2026-10-02T12:31:13-05:00" level=warning msg="Print off screen. y=121 height=75"
time="2026-10-02T12:31:13-05:00" level=warning msg="Print off screen. y=122 height=75"
time="2026-10-02T12:31:13-05:00" level=warning msg="Print off screen. y=123 height=75"
time="2026-10-02T12:31:13-05:00" level=warning msg="Print off screen. y=124 height=75"
time="2026-10-02T12:31:13-05:00" level=warning msg="Print off screen. y=125 height=75"
time="2026-10-02T12:31:13-05:00" level=warning msg="Print off screen. y=126 height=75"
time="2026-10-02T12:31:13-05:00" level=warning msg="Print off screen. y=127 height=75"
time="2026-10-02T12:31:13-05:00" level=warning msg="Print off screen. y=128 height=75"
time="2026-10-02T12:31:13-05:00" level=warning msg="Print off screen. y=129 height=75"
time="2026-10-02T12:31:13-05:00" level=warning msg="Print off screen. y=130 height=75"
time="2026-10-02T12:31:13-05:00" level=warning msg="Print off screen. y=131 height=75"
time="2026-10-02T12:31:13-05:00" level=warning msg="Print off screen. y=132 height=75"
time="2026-10-02T12:31:13-05:00" level=warning msg="Print off screen. y=133 height=75"
time="2026-10-02T12:31:13-05:00" level=warning msg="Print off screen. y=134 height=75"
time="2026-10-02T12:31:13-05:00" level=warning msg="Print off screen. y=135 height=75"
time="2026-10-02T12:31:13-05:00" level=warning msg="Print off screen. y=136 height=75"
time="2026-10-02T12:31:13-05:00" level=warning msg="Print off screen. y=137 height=75"
time="2026-10-02T12:31:13-05:00" level=warning msg="Print off screen. y=138 height=75"
time="2026-10-02T12:31:13-05:00" level=warning msg="Print off screen. y=139 height=75"
time="2026-10-02T12:31:13-05:00" level=warning msg="Print off screen. y=140 height=75"
time="2026-10-02T12:31:13-05:00" level=warning msg="Print off screen. y=141 height=75"
time="2026-10-02T12:31:13-05:00" level=warning msg="Print off screen. y=142 height=75"
time="2026-10-02T12:31:13-05:00" level=warning msg="Print off screen. y=143 height=75"
time="2026-10-02T12:31:13-05:00" level=warning msg="Print off screen. y=144 height=75"
time="2026-10-02T12:31:13-05:00" level=warning msg="Print off screen. y=145 height=75"
time="2026-10-02T12:31:13-05:00" level=warning msg="Print off screen. y=146 height=75"
time="2026-10-02T12:31:13-05:00" level=warning msg="Print off screen. y=147 height=75"
time="2026-10-02T12:31:13-05:00" level=warning msg="Print off screen. y=148 height=75"
time="2026-10-02T12:31:13-05:00" level=warning msg="Print off screen. y=149 height=75"
time="2026-10-02T12:31:13-05:00" level=warning msg="Print off screen. y=150 height=75"
time="2026-10-02T12:31:13-05:00" level=warning msg="Print off screen. y=151 height=75"
time="2026-10-02T12:31:13-05:00" level=warning msg="Print off screen. y=152 height=75"
time="2026-10-02T12:31:13-05:00" level=warning msg="Print off screen. y=153 height=75"
time="2026-10-02T12:31:13-05:00" level=warning msg="Print off screen. y=154 height=75"
time="2026-10-02T12:31:13-05:00" level=warning msg="Print off screen. y=155 height=75"
time="2026-10-02T12:31:13-05:00" level=warning msg="Print off screen. y=156 height=75"
time="2026-10-02T12:31:13-05:00" level=warning msg="Print off screen. y=157 height=75"
time="2026-10-02T12:31:13-05:00" level=warning msg="Print off screen. y=158 height=75"
time="2026-10-02T12:31:13-05:00" level=warning msg="Print off screen. y=159 height=75"
time="2026-10-02T12:31:13-05:00" level=warning msg="Print off screen. y=160 height=75"
time="2026-10-02T12:31:13-05:00" level=warning msg="Print off screen. y=161 height=75"
time="2026-10-02T12:31:13-05:00" level=warning msg="Print off screen. y=162 height=75"
time="2026-10-02T12:31:13-05:00" level=warning msg="Print off screen. y=163 height=75"
time="2026-10-02T12:31:13-05:00" level=warning msg="Print off screen. y=164 height=75"
time="2026-10-02T12:31:13-05:00" level=warning msg="Print off screen. y=165 height=75"
time="2026-10-02T12:31:13-05:00" level=warning msg="Print off screen. y=166 height=75"
time="2026-10-02T12:31:13-05:00" level=warning msg="Print off screen. y=167 height=75"
time="2026-10-02T12:31:13-05:00" level=warning msg="Print off screen. y=168 height=75"
time="2026-10-02T12:31:13-05:00" level=warning msg="Print off screen. y=169 height=75"
time="2026-10-02T12:31:13-05:00" level=warning msg="Print off screen. y=170 height=75"
time="2026-10-02T12:31:13-05:00" level=warning msg="Print off screen. y=171 height=75"
time="2026-10-02T12:31:13-05:00" level=warning msg="Print off screen. y=172 height=75"
time="2026-10-02T12:31:13-05:00" level=warning msg="Print off screen. y=173 height=75"
time="2026-10-02T12:31:13-05:00" level=warning msg="Print off screen. y=174 height=75"
time="2026-10-02T12:31:13-05:00" level=warning msg="Print off screen. y=175 height=75"
time="2026-10-02T12:31:13-05:00" level=warning msg="Print off screen. y=176 height=75"
time="2026-10-02T12:31:13-05:00" level=warning msg="Print off screen. y=177 height=75"
time="2026-10-02T12:31:13-05:00" level=warning msg="Print off screen. y=178 height=75"
time="2026-10-02T12:31:13-05:00" level=warning msg="Print off screen. y=179 height=75"
time="2026-10-02T12:31:13-05:00" level=warning msg="Print off screen. y=180 height=75"
time="2026-10-02T12:31:13-05:00" level=warning msg="Print off screen. y=181 height=75"
time="2026-10-02T12:31:13-05:00" level=warning msg="Print off screen. y=182 height=75"
time="2026-10-02T12:31:13-05:00" level=warning msg="Print off screen. y=183 height=75"
time="2026-10-02T12:31:13-05:00" level=warning msg="Print off screen. y=184 height=75"
time="2026-10-02T12:31:13-05:00" level=warning msg="Print off screen. y=185 height=75"
time="2026-10-02T12:31:13-05:00" level=warning msg="Print off screen. y=186 height=75"
time="2026-10-02T12:31:13-05:00" level=warning msg="Print off screen. y=187 height=75"
time="2026-10-02T12:31:13-05:00" level=warning msg="Print off screen. y=188 height=75"
time="2026-10-02T12:31:13-05:00" level=warning msg="Print off screen. y=189 height=75"
time="2026-10-02T12:31:13-05:00" level=warning msg="Print off screen. y=190 height=75"
time="2026-10-02T12:31:13-05:00" level=warning msg="Print off screen. y=191 height=75"
time="2026-10-02T12:31:13-05:00" level=warning msg="Print off screen. y=192 height=75"
time="2026-10-02T12:31:13-05:00" level=warning msg="Print off screen. y=193 height=75"
time="2026-10-02T12:31:13-05:00" level=warning msg="Print off screen. y=194 height=75"
time="2026-10-02T12:31:13-05:00" level=warning msg="Print off screen. y=195 height=75"
time="2026-10-02T12:31:13-05:00" level=warning msg="Print off screen. y=196 height=75"
time="2026-10-02T12:31:13-05:00" level=warning msg="Print off screen. y=197 height=75"
time="2026-10-02T12:31:13-05:00" level=warning msg="Print off screen. y=198 height=75"
time="2026-10-02T12:31:13-05:00" level=warning msg="Print off screen. y=199 height=75"
time="2026-10-02T12:31:13-05:00" level=warning msg="Print off screen. y=200 height=75"
time="2026-10-02T12:31:13-05:00" level=warning msg="Print off screen. y=201 height=75"
time="2026-10-02T12:31:13-05:00" level=warning msg="Print off screen. y=202 height=75"
time="2026-10-02T12:31:13-05:00" level=warning msg="Print off screen. y=203 height=75"
time="2026-10-02T12:31:13-05:00" level=warning msg="Print off screen. y=204 height=75"
time="2026-10-02T12:31:13-05:00" level=warning msg="Print off screen. y=205 height=75"
time="2026-10-02T12:31:13-05:00" level=warning msg="Print off screen. y=206 height=75"
time="2026-10-02T12:31:13-05:00" level=warning msg="Print off screen. y=207 height=75"
time="2026-10-02T12:31:13-05:00" level=warning msg="Print off screen. y=208 height=75"
time="2026-10-02T12:31:13-05:00" level=warning msg="Print off screen. y=209 height=75"
time="2026-10-02T12:31:13-05:00" level=warning msg="Print off screen. y=210 height=75"
time="2026-10-02T12:31:13-05:00" level=warning msg="Print off screen. y=211 height=75"
time="2026-10-02T12:31:13-05:00" level=warning msg="Print off screen. y=212 height=75"
time="2026-10-02T12:31:13-05:00" level=warning msg="Print off screen. y=213 height=75"
time="2026-10-02T12:31:13-05:00" level=warning msg="Print off screen. y=214 height=75"
time="2026-10-02T12:31:13-05:00" level=warning msg="Print off screen. y=215 height=75"
time="2026-10-02T12:31:13-05:00" level=warning msg="Print off screen. y=216 height=75"
time="2026-10-02T12:31:13-05:00" level=warning msg="Print off screen. y=217 height=75"
time="2026-10-02T12:31:13-05:00" level=warning msg="Print off screen. y=218 height=75"
time="2026-10-02T12:31:13-05:00" level=warning msg="Print off screen. y=219 height=75"
time="2026-10-02T12:31:13-05:00" level=warning msg="Print off screen. y=220 height=75"
time="2026-10-02T12:31:13-05:00" level=warning msg="Print off screen. y=221 height=75"
time="2026-10-02T12:31:13-05:00" level=warning msg="Print off screen. y=222 height=75"
time="2026-10-02T12:31:13-05:00" level=warning msg="Print off screen. y=223 height=75"
time="2026-10-02T12:31:13-05:00" level=warning msg="Print off screen. y=224 height=75"
time="2026-10-02T12:31:13-05:00" level=warning msg="Print off screen. y=225 height=75"
time="2026-10-02T12:31:13-05:00" level=warning msg="Print off screen. y=226 height=75"
time="2026-10-02T12:31:13-05:00" level=warning msg="Print off screen. y=227 height=75"
time="2026-10-02T12:31:13-05:00" level=warning msg="Print off screen. y=228 height=75"
time="2026-10-02T12:31:13-05:00" level=warning msg="Print off screen. y=229 height=75"
time="2026-10-02T12:31:13-05:00" level=warning msg="Print off screen. y=230 height=75"
time="2026-10-02T12:31:13-05:00" level=warning msg="Print off screen. y=231 height=75"
time="2026-10-02T12:31:13-05:00" level=warning msg="Print off screen. y=232 height=75"
time="2026-10-02T12:31:13-05:00" level=warning msg="Print off screen. y=233 height=75"
time="2026-10-02T12:31:13-05:00" level=warning msg="Print off screen. y=234 height=75"
time="2026-10-02T12:31:13-05:00" level=warning msg="Print off screen. y=235 height=75"
time="2026-10-02T12:31:13-05:00" level=warning msg="Print off screen. y=236 height=75"
time="2026-10-02T12:31:13-05:00" level=warning msg="Print off screen. y=237 height=75"
time="2026-10-02T12:31:13-05:00" level=warning msg="Print off screen. y=238 height=75"
time="2026-10-02T12:31:13-05:00" level=warning msg="Print off screen. y=239 height=75"
time="2026-10-02T12:31:13-05:00" level=warning msg="Print off screen. y=240 height=75"
time="2026-10-02T12:31:13-05:00" level=warning msg="Print off screen. y=241 height=75"
time="2026-10-02T12:31:13-05:00" level=warning msg="Print off screen. y=242 height=75"
time="2026-10-02T12:31:13-05:00" level=warning msg="Print off screen. y=243 height=75"
time="2026-10-02T12:31:13-05:00" level=warning msg="Print off screen. y=244 height=75"
time="2026-10-02T12:31:13-05:00" level=warning msg="Print off screen. y=245 height=75"
time="2026-10-02T12:31:13-05:00" level=warning msg="Print off screen. y=246 height=75"
time="2026-10-02T12:31:13-05:00" level=warning msg="Print off screen. y=247 height=75"
time="2026-10-02T12:31:13-05:00" level=warning msg="Print off screen. y=248 height=75"
time="2026-10-02T12:31:13-05:00" level=warning msg="Print off screen. y=249 height=75"
time="2026-10-02T12:31:13-05:00" level=warning msg="Print off screen. y=250 height=75"
time="2026-10-02T12:31:13-05:00" level=warning msg="Print off screen. y=251 height=75"
time="2026-10-02T12:31:13-05:00" level=warning msg="Print off screen. y=252 height=75"
time="2026-10-02T12:31:13-05:00" level=warning msg="Print off screen. y=253 height=75"
time="2026-10-02T12:31:13-05:00" level=warning msg="Print off screen. y=254 height=75"
time="2026-10-02T12:31:13-05:00" level=warning msg="Print off screen. y=255 height=75"
time="2026-10-02T12:31:13-05:00" level=warning msg="Print off screen. y=256 height=75"
time="2026-10-02T12:31:13-05:00" level=warning msg="Print off screen. y=257 height=75"
time="2026-10-02T12:31:13-05:00" level=warning msg="Print off screen. y=258 height=75"
time="2026-10-02T12:31:13-05:00" level=warning msg="Print off screen. y=259 height=75"
time="2026-10-02T12:31:13-05:00" level=warning msg="Print off screen. y=260 height=75"
time="2026-10-02T12:31:13-05:00" level=warning msg="Print off screen. y=261 height=75"
time="2026-10-02T12:31:13-05:00" level=warning msg="Print off screen. y=262 height=75"
time="2026-10-02T12:31:13-05:00" level=warning msg="Print off screen. y=263 height=75"
time="2026-10-02T12:31:13-05:00" level=warning msg="Print off screen. y=264 height=75"
time="2026-10-02T12:31:13-05:00" level=warning msg="Print off screen. y=265 height=75"
time="2026-10-02T12:31:13-05:00" level=warning msg="Print off screen. y=266 height=75"
time="2026-10-02T12:31:13-05:00" level=warning msg="Print off screen. y=267 height=75"
time="2026-10-02T12:31:13-05:00" level=warning msg="Print off screen. y=268 height=75"
time="2026-10-02T12:31:13-05:00" level=warning msg="Print off screen. y=269 height=75"
time="2026-10-02T12:31:13-05:00" level=warning msg="Print off screen. y=270 height=75"
time="2026-10-02T12:31:13-05:00" level=warning msg="Print off screen. y=271 height=75"
time="2026-10-02T12:31:13-05:00" level=warning msg="Print off screen. y=75 height=75"
time="2026-10-02T12:31:13-05:00" level=warning msg="Print off screen. y=76 height=75"
time="2026-10-02T12:31:13-05:00" level=warning msg="Print off screen. y=77 height=75"
time="2026-10-02T12:31:13-05:00" level=warning msg="Print off screen. y=78 height=75"
time="2026-10-02T12:31:13-05:00" level=warning msg="Print off screen. y=79 height=75"
time="2026-10-02T12:31:13-05:00" level=warning msg="Print off screen. y=80 height=75"
time="2026-10-02T12:31:13-05:00" level=warning msg="Print off screen. y=81 height=75"
time="2026-10-02T12:31:13-05:00" level=warning msg="Print off screen. y=82 height=75"
time="2026-10-02T12:31:13-05:00" level=warning msg="Print off screen. y=83 height=75"
time="2026-10-02T12:31:13-05:00" level=warning msg="Print off screen. y=84 height=75"
time="2026-10-02T12:31:13-05:00" level=warning msg="Print off screen. y=85 height=75"
time="2026-10-02T12:31:13-05:00" level=warning msg="Print off screen. y=86 height=75"
time="2026-10-02T12:31:13-05:00" level=warning msg="Print off screen. y=87 height=75"
time="2026-10-02T12:31:13-05:00" level=warning msg="Print off screen. y=88 height=75"
time="2026-10-02T12:31:13-05:00" level=warning msg="Print off screen. y=89 height=75"
time="2026-10-02T12:31:13-05:00" level=warning msg="Print off screen. y=90 height=75"
time="2026-10-02T12:31:13-05:00" level=warning msg="Print off screen. y=91 height=75"
time="2026-10-02T12:31:13-05:00" level=warning msg="Print off screen. y=92 height=75"
time="2026-10-02T12:31:13-05:00" level=warning msg="Print off screen. y=93 height=75"
time="2026-10-02T12:31:13-05:00" level=warning msg="Print off screen. y=94 height=75"
time="2026-10-02T12:31:13-05:00" level=warning msg="Print off screen. y=95 height=75"
time="2026-10-02T12:31:13-05:00" level=warning msg="Print off screen. y=96 height=75"
time="2026-10-02T12:31:13-05:00" level=warning msg="Print off screen. y=97 height=75"
time="2026-10-02T12:31:13-05:00" level=warning msg="Print off screen. y=98 height=75"
time="2026-10-02T12:31:13-05:00" level=warning msg="Print off screen. y=99 height=75"
time="2026-10-02T12:31:13-05:00" level=warning msg="Print off screen. y=100 height=75"
time="2026-10-02T12:31:13-05:00" level=warning msg="Print off screen. y=101 height=75"
time="2026-10-02T12:31:13-05:00" level=warning msg="Print off screen. y=102 height=75"
time="2026-10-02T12:31:13-05:00" level=warning msg="Print off screen. y=103 height=75"
time="2026-10-02T12:31:13-05:00" level=warning msg="Print off screen. y=104 height=75"
time="2026-10-02T12:31:13-05:00" level=warning msg="Print off screen. y=105 height=75"
time="2026-10-02T12:31:13-05:00" level=warning msg="Print off screen. y=106 height=75"
time="2026-10-02T12:31:13-05:00" level=warning msg="Print off screen. y=107 height=75"
time="2026-10-02T12:31:13-05:00" level=warning msg="Print off screen. y=108 height=75"
time="2026-10-02T12:31:13-05:00" level=warning msg="Print off screen. y=109 height=75"
time="2026-10-02T12:31:13-05:00" level=warning msg="Print off screen. y=110 height=75"
time="2026-10-02T12:31:13-05:00" level=warning msg="Print off screen. y=111 height=75"
time="2026-10-02T12:31:13-05:00" level=warning msg="Print off screen. y=112 height=75"
time="2026-10-02T12:31:13-05:00" level=warning msg="Print off screen. y=113 height=75"
time="2026-10-02T12:31:13-05:00" level=warning msg="Print off screen. y=114 height=75"
time="2026-10-02T12:31:13-05:00" level=warning msg="Print off screen. y=115 height=75"
time="2026-10-02T12:31:13-05:00" level=warning msg="Print off screen. y=116 height=75"
time="2026-10-02T12:31:13-05:00" level=warning msg="Print off screen. y=117 height=75"
time="2026-10-02T12:31:13-05:00" level=warning msg="Print off screen. y=118 height=75"
time="2026-10-02T12:31:13-05:00" level=warning msg="Print off screen. y=119 height=75"
time="2026-10-02T12:31:13-05:00" level=warning msg="Print off screen. y=120 height=75"
time="2026-10-02T12:31:13-05:00" level=warning msg="Print off screen. y=121 height=75"
time="2026-10-02T12:31:13-05:00" level=warning msg="Print off screen. y=122 height=75"
time="2026-10-02T12:31:13-05:00" level=warning msg="Print off screen. y=123 height=75"
time="2026-10-02T12:31:13-05:00" level=warning msg="Print off screen. y=124 height=75"
time="2026-10-02T12:31:13-05:00" level=warning msg="Print off screen. y=125 height=75"
time="2026-10-02T12:31:13-05:00" level=warning msg="Print off screen. y=126 height=75"
time="2026-10-02T12:31:13-05:00" level=warning msg="Print off screen. y=127 height=75"
time="2026-10-02T12:31:13-05:00" level=warning msg="Print off screen. y=128 height=75"
time="2026-10-02T12:31:13-05:00" level=warning msg="Print off screen. y=129 height=75"
time="2026-10-02T12:31:13-05:00" level=warning msg="Print off screen. y=130 height=75"
time="2026-10-02T12:31:13-05:00" level=warning msg="Print off screen. y=131 height=75"
time="2026-10-02T12:31:13-05:00" level=warning msg="Print off screen. y=132 height=75"
time="2026-10-02T12:31:13-05:00" level=warning msg="Print off screen. y=133 height=75"
time="2026-10-02T12:31:13-05:00" level=warning msg="Print off screen. y=134 height=75"
time="2026-10-02T12:31:13-05:00" level=warning msg="Print off screen. y=135 height=75"
time="2026-10-02T12:31:13-05:00" level=warning msg="Print off screen. y=136 height=75"
time="2026-10-02T12:31:13-05:00" level=warning msg="Print off screen. y=137 height=75"
time="2026-10-02T12:31:13-05:00" level=warning msg="Print off screen. y=138 height=75"
time="2026-10-02T12:31:13-05:00" level=warning msg="Print off screen. y=139 height=75"
time="2026-10-02T12:31:13-05:00" level=warning msg="Print off screen. y=140 height=75"
time="2026-10-02T12:31:13-05:00" level=warning msg="Print off screen. y=141 height=75"
time="2026-10-02T12:31:13-05:00" level=warning msg="Print off screen. y=142 height=75"
time="2026-10-02T12:31:13-05:00" level=warning msg="Print off screen. y=143 height=75"
time="2026-10-02T12:31:13-05:00" level=warning msg="Print off screen. y=144 height=75"
time="2026-10-02T12:31:13-05:00" level=warning msg="Print off screen. y=145 height=75"
time="2026-10-02T12:31:13-05:00" level=warning msg="Print off screen. y=146 height=75"
time="2026-10-02T12:31:13-05:00" level=warning msg="Print off screen. y=147 height=75"
time="2026-10-02T12:31:13-05:00" level=warning msg="Print off screen. y=148 height=75"
time="2026-10-02T12:31:13-05:00" level=warning msg="Print off screen. y=149 height=75"
time="2026-10-02T12:31:13-05:00" level=warning msg="Print off screen. y=150 height=75"
time="2026-10-02T12:31:13-05:00" level=warning msg="Print off screen. y=151 height=75"
time="2026-10-02T12:31:13-05:00" level=warning msg="Print off screen. y=152 height=75"
time="2026-10-02T12:31:13-05:00" level=warning msg="Print off screen. y=153 height=75"
time="2026-10-02T12:31:13-05:00" level=warning msg="Print off screen. y=154 height=75"
time="2026-10-02T12:31:13-05:00" level=warning msg="Print off screen. y=155 height=75"
time="2026-10-02T12:31:13-05:00" level=warning msg="Print off screen. y=156 height=75"
time="2026-10-02T12:31:13-05:00" level=warning msg="Print off screen. y=157 height=75"
time="2026-10-02T12:31:13-05:00" level=warning msg="Print off screen. y=158 height=75"
time="2026-10-02T12:31:13-05:00" level=warning msg="Print off screen. y=159 height=75"
time="2026-10-02T12:31:13-05:00" level=warning msg="Print off screen. y=160 height=75"
time="2026-10-02T12:31:13-05:00" level=warning msg="Print off screen. y=161 height=75"
time="2026-10-02T12:31:13-05:00" level=warning msg="Print off screen. y=162 height=75"
time="2026-10-02T12:31:13-05:00" level=warning msg="Print off screen. y=163 height=75"
time="2026-10-02T12:31:13-05:00" level=warning msg="Print off screen. y=164 height=75"
time="2026-10-02T12:31:13-05:00" level=warning msg="Print off screen. y=165 height=75"
time="2026-10-02T12:31:13-05:00" level=warning msg="Print off screen. y=166 height=75"
time="2026-10-02T12:31:13-05:00" level=warning msg="Print off screen. y=167 height=75"
time="2026-10-02T12:31:13-05:00" level=warning msg="Print off screen. y=168 height=75"
time="2026-10-02T12:31:13-05:00" level=warning msg="Print off screen. y=169 height=75"
time="2026-10-02T12:31:13-05:00" level=warning msg="Print off screen. y=170 height=75"
time="2026-10-02T12:31:13-05:00" level=warning msg="Print off screen. y=171 height=75"
time="2026-10-02T12:31:13-05:00" level=warning msg="Print off screen. y=172 height=75"
time="2026-10-02T12:31:13-05:00" level=warning msg="Print off screen. y=173 height=75"
time="2026-10-02T12:31:13-05:00" level=warning msg="Print off screen. y=174 height=75"
time="2026-10-02T12:31:13-05:00" level=warning msg="Print off screen. y=175 height=75"
time="2026-10-02T12:31:13-05:00" level=warning msg="Print off screen. y=176 height=75"
time="2026-10-02T12:31:13-05:00" level=warning msg="Print off screen. y=177 height=75"
time="2026-10-02T12:31:13-05:00" level=warning msg="Print off screen. y=178 height=75"
time="2026-10-02T12:31:13-05:00" level=warning msg="Print off screen. y=179 height=75"
time="2026-10-02T12:31:13-05:00" level=warning msg="Print off screen. y=180 height=75"
time="2026-10-02T12:31:13-05:00" level=warning msg="Print off screen. y=181 height=75"
time="2026-10-02T12:31:13-05:00" level=warning msg="Print off screen. y=182 height=75"
time="2026-10-02T12:31:13-05:00" level=warning msg="Print off screen. y=183 height=75"
time="2026-10-02T12:31:13-05:00" level=warning msg="Print off screen. y=184 height=75"
time="2026-10-02T12:31:13-05:00" level=warning msg="Print off screen. y=185 height=75"
time="2026-10-02T12:31:13-05:00" level=warning msg="Print off screen. y=186 height=75"
time="2026-10-02T12:31:13-05:00" level=warning msg="Print off screen. y=187 height=75"
time="2026-10-02T12:31:13-05:00" level=warning msg="Print off screen. y=188 height=75"
time="2026-10-02T12:31:13-05:00" level=warning msg="Print off screen. y=189 height=75"
time="2026-10-02T12:31:13-05:00" level=warning msg="Print off screen. y=190 height=75"
time="2026-10-02T12:31:13-05:00" level=warning msg="Print off screen. y=191 height=75"
time="2026-10-02T12:31:13-05:00" level=warning msg="Print off screen. y=192 height=75"
time="2026-10-02T12:31:13-05:00" level=warning msg="Print off screen. y=193 height=75"
time="2026-10-02T12:31:13-05:00" level=warning msg="Print off screen. y=194 height=75"
time="2026-10-02T12:31:13-05:00" level=warning msg="Print off screen. y=195 height=75"
time="2026-10-02T12:31:13-05:00" level=warning msg="Print off screen. y=196 height=75"
time="2026-10-02T12:31:13-05:00" level=warning msg="Print off screen. y=197 height=75"
time="2026-10-02T12:31:13-05:00" level=warning msg="Print off screen. y=198 height=75"
time="2026-10-02T12:31:13-05:00" level=warning msg="Print off screen. y=199 height=75"
time="2026-10-02T12:31:13-05:00" level=warning msg="Print off screen. y=200 height=75"
time="2026-10-02T12:31:13-05:00" level=warning msg="Print off screen. y=201 height=75"
time="2026-10-02T12:31:13-05:00" level=warning msg="Print off screen. y=202 height=75"
time="2026-10-02T12:31:13-05:00" level=warning msg="Print off screen. y=203 height=75"
time="2026-10-02T12:31:13-05:00" level=warning msg="Print off screen. y=204 height=75"
time="2026-10-02T12:31:13-05:00" level=warning msg="Print off screen. y=205 height=75"
time="2026-10-02T12:31:13-05:00" level=warning msg="Print off screen. y=206 height=75"
time="2026-10-02T12:31:13-05:00" level=warning msg="Print off screen. y=207 height=75"
time="2026-10-02T12:31:13-05:00" level=warning msg="Print off screen. y=208 height=75"
time="2026-10-02T12:31:13-05:00" level=warning msg="Print off screen. y=209 height=75"
time="2026-10-02T12:31:13-05:00" level=warning msg="Print off screen. y=210 height=75"
time="2026-10-02T12:31:13-05:00" level=warning msg="Print off screen. y=211 height=75"
time="2026-10-02T12:31:13-05:00" level=warning msg="Print off screen. y=212 height=75"
time="2026-10-02T12:31:13-05:00" level=warning msg="Print off screen. y=213 height=75"
time="2026-10-02T12:31:13-05:00" level=warning msg="Print off screen. y=214 height=75"
time="2026-10-02T12:31:13-05:00" level=warning msg="Print off screen. y=215 height=75"
time="2026-10-02T12:31:13-05:00" level=warning msg="Print off screen. y=216 height=75"
time="2026-10-02T12:31:13-05:00" level=warning msg="Print off screen. y=217 height=75"
time="2026-10-02T12:31:13-05:00" level=warning msg="Print off screen. y=218 height=75"
time="2026-10-02T12:31:13-05:00" level=warning msg="Print off screen. y=219 height=75"
time="2026-10-02T12:31:13-05:00" level=warning msg="Print off screen. y=220 height=75"
time="2026-10-02T12:31:13-05:00" level=warning msg="Print off screen. y=221 height=75"
time="2026-10-02T12:31:13-05:00" level=warning msg="Print off screen. y=222 height=75"
time="2026-10-02T12:31:13-05:00" level=warning msg="Print off screen. y=223 height=75"
time="2026-10-02T12:31:13-05:00" level=warning msg="Print off screen. y=224 height=75"
time="2026-10-02T12:31:13-05:00" level=warning msg="Print off screen. y=225 height=75"
time="2026-10-02T12:31:13-05:00" level=warning msg="Print off screen. y=226 height=75"
time="2026-10-02T12:31:13-05:00" level=warning msg="Print off screen. y=227 height=75"
time="2026-10-02T12:31:13-05:00" level=warning msg="Print off screen. y=228 height=75"
time="2026-10-02T12:31:13-05:00" level=warning msg="Print off screen. y=229 height=75"
time="2026-10-02T12:31:13-05:00" level=warning msg="Print off screen. y=230 height=75"
time="2026-10-02T12:31:13-05:00" level=warning msg="Print off screen. y=231 height=75"
time="2026-10-02T12:31:13-05:00" level=warning msg="Print off screen. y=232 height=75"
time="2026-10-02T12:31:13-05:00" level=warning msg="Print off screen. y=233 height=75"
time="2026-10-02T12:31:13-05:00" level=warning msg="Print off screen. y=234 height=75"
time="2026-10-02T12:31:13-05:00" level=warning msg="Print off screen. y=235 height=75"
time="2026-10-02T12:31:13-05:00" level=warning msg="Print off screen. y=236 height=75"
time="2026-10-02T12:31:13-05:00" level=warning msg="Print off screen. y=237 height=75"
time="2026-10-02T12:31:13-05:00" level=warning msg="Print off screen. y=238 height=75"
time="2026-10-02T12:31:13-05:00" level=warning msg="Print off screen. y=239 height=75"
time="2026-10-02T12:31:13-05:00" level=warning msg="Print off screen. y=240 height=75"
time="2026-10-02T12:31:13-05:00" level=warning msg="Print off screen. y=241 height=75"
time="2026-10-02T12:31:13-05:00" level=warning msg="Print off screen. y=242 height=75"
time="2026-10-02T12:31:13-05:00" level=warning msg="Print off screen. y=243 height=75"
time="2026-10-02T12:31:13-05:00" level=warning msg="Print off screen. y=244 height=75"
time="2026-10-02T12:31:13-05:00" level=warning msg="Print off screen. y=245 height=75"
time="2026-10-02T12:31:13-05:00" level=warning msg="Print off screen. y=246 height=75"
time="2026-10-02T12:31:13-05:00" level=warning msg="Print off screen. y=247 height=75"
time="2026-10-02T12:31:13-05:00" level=warning msg="Print off screen. y=248 height=75"
time="2026-10-02T12:31:13-05:00" level=warning msg="Print off screen. y=249 height=75"
time="2026-10-02T12:31:13-05:00" level=warning msg="Print off screen. y=250 height=75"
time="2026-10-02T12:31:13-05:00" level=warning msg="Print off screen. y=251 height=75"
time="2026-10-02T12:31:13-05:00" level=warning msg="Print off screen. y=252 height=75"
time="2026-10-02T12:31:13-05:00" level=warning msg="Print off screen. y=253 height=75"
time="2026-10-02T12:31:13-05:00" level=warning msg="Print off screen. y=254 height=75"
time="2026-10-02T12:31:13-05:00" level=warning msg="Print off screen. y=255 height=75"
time="2026-10-02T12:31:13-05:00" level=warning msg="Print off screen. y=256 height=75"
time="2026-10-02T12:31:13-05:00" level=warning msg="Print off screen. y=257 height=75"
time="2026-10-02T12:31:13-05:00" level=warning msg="Print off screen. y=258 height=75"
time="2026-10-02T12:31:13-05:00" level=warning msg="Print off screen. y=259 height=75"
time="2026-10-02T12:31:13-05:00" level=warning msg="Print off screen. y=260 height=75"
time="2026-10-02T12:31:13-05:00" level=warning msg="Print off screen. y=261 height=75"
time="2026-10-02T12:31:13-05:00" level=warning msg="Print off screen. y=262 height=75"
time="2026-10-02T12:31:13-05:00" level=warning msg="Print off screen. y=263 height=75"
time="2026-10-02T12:31:13-05:00" level=warning msg="Print off screen. y=264 height=75"
time="2026-10-02T12:31:13-05:00" level=warning msg="Print off screen. y=265 height=75"
time="2026-10-02T12:31:13-05:00" level=warning msg="Print off screen. y=266 height=75"
time="2026-10-02T12:31:13-05:00" level=warning msg="Print off screen. y=267 height=75"
time="2026-10-02T12:31:13-05:00" level=warning msg="Print off screen. y=268 height=75"
time="2026-10-02T12:31:13-05:00" level=warning msg="Print off screen. y=269 height=75"
time="2026-10-02T12:31:13-05:00" level=warning msg="Print off screen. y=270 height=75"
time="2026-10-02T12:31:13-05:00" level=warning msg="Print off screen. y=271 height=75"
time="2026-10-02T12:31:13-05:00" level=warning msg="Print off screen. y=75 height=75"
time="2026-10-02T12:31:13-05:00" level=warning msg="Print off screen. y=76 height=75"
time="2026-10-02T12:31:13-05:00" level=warning msg="Print off screen. y=77 height=75"
time="2026-10-02T12:31:13-05:00" level=warning msg="Print off screen. y=78 height=75"
time="2026-10-02T12:31:13-05:00" level=warning msg="Print off screen. y=79 height=75"
time="2026-10-02T12:31:13-05:00" level=warning msg="Print off screen. y=80 height=75"
time="2026-10-02T12:31:13-05:00" level=warning msg="Print off screen. y=81 height=75"
time="2026-10-02T12:31:13-05:00" level=warning msg="Print off screen. y=82 height=75"
time="2026-10-02T12:31:13-05:00" level=warning msg="Print off screen. y=83 height=75"
time="2026-10-02T12:31:13-05:00" level=warning msg="Print off screen. y=84 height=75"
time="2026-10-02T12:31:13-05:00" level=warning msg="Print off screen. y=85 height=75"
time="2026-10-02T12:31:13-05:00" level=warning msg="Print off screen. y=86 height=75"
time="2026-10-02T12:31:13-05:00" level=warning msg="Print off screen. y=87 height=75"
time="2026-10-02T12:31:13-05:00" level=warning msg="Print off screen. y=88 height=75"
time="2026-10-02T12:31:13-05:00" level=warning msg="Print off screen. y=89 height=75"
time="2026-10-02T12:31:13-05:00" level=warning msg="Print off screen. y=90 height=75"
time="2026-10-02T12:31:13-05:00" level=warning msg="Print off screen. y=91 height=75"
time="2026-10-02T12:31:13-05:00" level=warning msg="Print off screen. y=92 height=75"
time="2026-10-02T12:31:13-05:00" level=warning msg="Print off screen. y=93 height=75"
time="2026-10-02T12:31:13-05:00" level=warning msg="Print off screen. y=94 height=75"
time="2026-10-02T12:31:13-05:00" level=warning msg="Print off screen. y=95 height=75"
time="2026-10-02T12:31:13-05:00" level=warning msg="Print off screen. y=96 height=75"
time="2026-10-02T12:31:13-05:00" level=warning msg="Print off screen. y=97 height=75"
time="2026-10-02T12:31:13-05:00" level=warning msg="Print off screen. y=98 height=75"
time="2026-10-02T12:31:13-05:00" level=warning msg="Print off screen. y=99 height=75"
time="2026-10-02T12:31:13-05:00" level=warning msg="Print off screen. y=100 height=75"
time="2026-10-02T12:31:13-05:00" level=warning msg="Print off screen. y=101 height=75"
time="2026-10-02T12:31:13-05:00" level=warning msg="Print off screen. y=102 height=75"
time="2026-10-02T12:31:13-05:00" level=warning msg="Print off screen. y=103 height=75"
time="2026-10-02T12:31:13-05:00" level=warning msg="Print off screen. y=104 height=75"
time="2026-10-02T12:31:13-05:00" level=warning msg="Print off screen. y=105 height=75"
time="2026-10-02T12:31:13-05:00" level=warning msg="Print off screen. y=106 height=75"
time="2026-10-02T12:31:13-05:00" level=warning msg="Print off screen. y=107 height=75"
time="2026-10-02T12:31:13-05:00" level=warning msg="Print off screen. y=108 height=75"
time="2026-10-02T12:31:13-05:00" level=warning msg="Print off screen. y=109 height=75"
time="2026-10-02T12:31:13-05:00" level=warning msg="Print off screen. y=110 height=75"
time="2026-10-02T12:31:13-05:00" level=warning msg="Print off screen. y=111 height=75"
time="2026-10-02T12:31:13-05:00" level=warning msg="Print off screen. y=112 height=75"
time="2026-10-02T12:31:13-05:00" level=warning msg="Print off screen. y=113 height=75"
time="2026-10-02T12:31:13-05:00" level=warning msg="Print off screen. y=114 height=75"
time="2026-10-02T12:31:13-05:00" level=warning msg="Print off screen. y=115 height=75"
time="2026-10-02T12:31:13-05:00" level=warning msg="Print off screen. y=116 height=75"
time="2026-10-02T12:31:13-05:00" level=warning msg="Print off screen. y=117 height=75"
time="2026-10-02T12:31:13-05:00" level=warning msg="Print off screen. y=118 height=75"
time="2026-10-02T12:31:13-05:00" level=warning msg="Print off screen. y=119 height=75"
time="2026-10-02T12:31:13-05:00" level=warning msg="Print off screen. y=120 height=75"
time="2026-10-02T12:31:13-05:00" level=warning msg="Print off screen. y=121 height=75"
time="2026-10-02T12:31:13-05:00" level=warning msg="Print off screen. y=122 height=75"
time="2026-10-02T12:31:13-05:00" level=warning msg="Print off screen. y=123 height=75"
time="2026-10-02T12:31:13-05:00" level=warning msg="Print off screen. y=124 height=75"
time="2026-10-02T12:31:13-05:00" level=warning msg="Print off screen. y=125 height=75"
time="2026-10-02T12:31:13-05:00" level=warning msg="Print off screen. y=126 height=75"
time="2026-10-02T12:31:13-05:00" level=warning msg="Print off screen. y=127 height=75"
time="2026-10-02T12:31:13-05:00" level=warning msg="Print off screen. y=128 height=75"
time="2026-10-02T12:31:13-05:00" level=warning msg="Print off screen. y=129 height=75"
time="2026-10-02T12:31:13-05:00" level=warning msg="Print off screen. y=130 height=75"
time="2026-10-02T12:31:13-05:00" level=warning msg="Print off screen. y=131 height=75"
time="2026-10-02T12:31:13-05:00" level=warning msg="Print off screen. y=132 height=75"
time="2026-10-02T12:31:13-05:00" level=warning msg="Print off screen. y=133 height=75"
time="2026-10-02T12:31:13-05:00" level=warning msg="Print off screen. y=134 height=75"
time="2026-10-02T12:31:13-05:00" level=warning msg="Print off screen. y=135 height=75"
time="2026-10-02T12:31:13-05:00" level=warning msg="Print off screen. y=136 height=75"
time="2026-10-02T12:31:13-05:00" level=warning msg="Print off screen. y=137 height=75"
time="2026-10-02T12:31:13-05:00" level=warning msg="Print off screen. y=138 height=75"
time="2026-10-02T12:31:13-05:00" level=warning msg="Print off screen. y=139 height=75"
time="2026-10-02T12:31:13-05:00" level=warning msg="Print off screen. y=140 height=75"
time="2026-10-02T12:31:13-05:00" level=warning msg="Print off screen. y=141 height=75"
time="2026-10-02T12:31:13-05:00" level=warning msg="Print off screen. y=142 height=75"
time="2026-10-02T12:31:13-05:00" level=warning msg="Print off screen. y=143 height=75"
time="2026-10-02T12:31:13-05:00" level=warning msg="Print off screen. y=144 height=75"
time="2026-10-02T12:31:13-05:00" level=warning msg="Print off screen. y=145 height=75"
time="2026-10-02T12:31:13-05:00" level=warning msg="Print off screen. y=146 height=75"
time="2026-10-02T12:31:13-05:00" level=warning msg="Print off screen. y=147 height=75"
time="2026-10-02T12:31:13-05:00" level=warning msg="Print off screen. y=148 height=75"
time="2026-10-02T12:31:13-05:00" level=warning msg="Print off screen. y=149 height=75"
time="2026-10-02T12:31:13-05:00" level=warning msg="Print off screen. y=150 height=75"
time="2026-10-02T12:31:13-05:00" level=warning msg="Print off screen. y=151 height=75"
time="2026-10-02T12:31:13-05:00" level=warning msg="Print off screen. y=152 height=75"
time="2026-10-02T12:31:13-05:00" level=warning msg="Print off screen. y=153 height=75"
time="2026-10-02T12:31:13-05:00" level=warning msg="Print off screen. y=154 height=75"
time="2026-10-02T12:31:13-05:00" level=warning msg="Print off screen. y=155 height=75"
time="2026-10-02T12:31:13-05:00" level=warning msg="Print off screen. y=156 height=75"
time="2026-10-02T12:31:13-05:00" level=warning msg="Print off screen. y=157 height=75"
time="2026-10-02T12:31:13-05:00" level=warning msg="Print off screen. y=158 height=75"
time="2026-10-02T12:31:13-05:00" level=warning msg="Print off screen. y=159 height=75"
time="2026-10-02T12:31:13-05:00" level=warning msg="Print off screen. y=160 height=75"
time="2026-10-02T12:31:13-05:00" level=warning msg="Print off screen. y=161 height=75"
time="2026-10-02T12:31:13-05:00" level=warning msg="Print off screen. y=162 height=75"
time="2026-10-02T12:31:13-05:00" level=warning msg="Print off screen. y=163 height=75"
time="2026-10-02T12:31:13-05:00" level=warning msg="Print off screen. y=164 height=75"
time="2026-10-02T12:31:13-05:00" level=warning msg="Print off screen. y=165 height=75"
time="2026-10-02T12:31:13-05:00" level=warning msg="Print off screen. y=166 height=75"
time="2026-10-02T12:31:13-05:00" level=warning msg="Print off screen. y=167 height=75"
time="2026-10-02T12:31:13-05:00" level=warning msg="Print off screen. y=168 height=75"
time="2026-10-02T12:31:13-05:00" level=warning msg="Print off screen. y=169 height=75"
time="2026-10-02T12:31:13-05:00" level=warning msg="Print off screen. y=170 height=75"
time="2026-10-02T12:31:13-05:00" level=warning msg="Print off screen. y=171 height=75"
time="2026-10-02T12:31:13-05:00" level=warning msg="Print off screen. y=172 height=75"
time="2026-10-02T12:31:13-05:00" level=warning msg="Print off screen. y=173 height=75"
time="2026-10-02T12:31:13-05:00" level=warning msg="Print off screen. y=174 height=75"
time="2026-10-02T12:31:13-05:00" level=warning msg="Print off screen. y=175 height=75"
time="2026-10-02T12:31:13-05:00" level=warning msg="Print off screen. y=176 height=75"
time="2026-10-02T12:31:13-05:00" level=warning msg="Print off screen. y=177 height=75"
time="2026-10-02T12:31:13-05:00" level=warning msg="Print off screen. y=178 height=75"
time="2026-10-02T12:31:13-05:00" level=warning msg="Print off screen. y=179 height=75"
time="2026-10-02T12:31:13-05:00" level=warning msg="Print off screen. y=180 height=75"
time="2026-10-02T12:31:13-05:00" level=warning msg="Print off screen. y=181 height=75"
time="2026-10-02T12:31:13-05:00" level=warning msg="Print off screen. y=182 height=75"
time="2026-10-02T12:31:13-05:00" level=warning msg="Print off screen. y=183 height=75"
time="2026-10-02T12:31:13-05:00" level=warning msg="Print off screen. y=184 height=75"
time="2026-10-02T12:31:13-05:00" level=warning msg="Print off screen. y=185 height=75"
time="2026-10-02T12:31:13-05:00" level=warning msg="Print off screen. y=186 height=75"
time="2026-10-02T12:31:13-05:00" level=warning msg="Print off screen. y=187 height=75"
time="2026-10-02T12:31:13-05:00" level=warning msg="Print off screen. y=188 height=75"
time="2026-10-02T12:31:13-05:00" level=warning msg="Print off screen. y=189 height=75"
time="2026-10-02T12:31:13-05:00" level=warning msg="Print off screen. y=190 height=75"
time="2026-10-02T12:31:13-05:00" level=warning msg="Print off screen. y=191 height=75"
time="2026-10-02T12:31:13-05:00" level=warning msg="Print off screen. y=192 height=75"
time="2026-10-02T12:31:13-05:00" level=warning msg="Print off screen. y=193 height=75"
time="2026-10-02T12:31:13-05:00" level=warning msg="Print off screen. y=194 height=75"
time="2026-10-02T12:31:13-05:00" level=warning msg="Print off screen. y=195 height=75"
time="2026-10-02T12:31:13-05:00" level=warning msg="Print off screen. y=196 height=75"
time="2026-10-02T12:31:13-05:00" level=warning msg="Print off screen. y=197 height=75"
time="2026-10-02T12:31:13-05:00" level=warning msg="Print off screen. y=198 height=75"
time="2026-10-02T12:31:13-05:00" level=warning msg="Print off screen. y=199 height=75"
time="2026-10-02T12:31:13-05:00" level=warning msg="Print off screen. y=200 height=75"
time="2026-10-02T12:31:13-05:00" level=warning msg="Print off screen. y=201 height=75"
time="2026-10-02T12:31:13-05:00" level=warning msg="Print off screen. y=202 height=75"
time="2026-10-02T12:31:13-05:00" level=warning msg="Print off screen. y=203 height=75"
time="2026-10-02T12:31:13-05:00" level=warning msg="Print off screen. y=204 height=75"
time="2026-10-02T12:31:13-05:00" level=warning msg="Print off screen. y=205 height=75"
time="2026-10-02T12:31:13-05:00" level=warning msg="Print off screen. y=206 height=75"
time="2026-10-02T12:31:13-05:00" level=warning msg="Print off screen. y=207 height=75"
time="2026-10-02T12:31:13-05:00" level=warning msg="Print off screen. y=208 height=75"
time="2026-10-02T12:31:13-05:00" level=warning msg="Print off screen. y=209 height=75"
time="2026-10-02T12:31:13-05:00" level=warning msg="Print off screen. y=210 height=75"
time="2026-10-02T12:31:13-05:00" level=warning msg="Print off screen. y=211 height=75"
time="2026-10-02T12:31:13-05:00" level=warning msg="Print off screen. y=212 height=75"
time="2026-10-02T12:31:13-05:00" level=warning msg="Print off screen. y=213 height=75"
time="2026-10-02T12:31:13-05:00" level=warning msg="Print off screen. y=214 height=75"
time="2026-10-02T12:31:13-05:00" level=warning msg="Print off screen. y=215 height=75"
time="2026-10-02T12:31:13-05:00" level=warning msg="Print off screen. y=216 height=75"
time="2026-10-02T12:31:13-05:00" level=warning msg="Print off screen. y=217 height=75"
time="2026-10-02T12:31:13-05:00" level=warning msg="Print off screen. y=218 height=75"
time="2026-10-02T12:31:13-05:00" level=warning msg="Print off screen. y=219 height=75"
time="2026-10-02T12:31:13-05:00" level=warning msg="Print off screen. y=220 height=75"
time="2026-10-02T12:31:13-05:00" level=warning msg="Print off screen. y=221 height=75"
time="2026-10-02T12:31:13-05:00" level=warning msg="Print off screen. y=222 height=75"
time="2026-10-02T12:31:13-05:00" level=warning msg="Print off screen. y=223 height=75"
time="2026-10-02T12:31:13-05:00" level=warning msg="Print off screen. y=224 height=75"
time="2026-10-02T12:31:13-05:00" level=warning msg="Print off screen. y=225 height=75"
time="2026-10-02T12:31:13-05:00" level=warning msg="Print off screen. y=226 height=75"
time="2026-10-02T12:31:13-05:00" level=warning msg="Print off screen. y=227 height=75"
time="2026-10-02T12:31:13-05:00" level=warning msg="Print off screen. y=228 height=75"
time="2026-10-02T12:31:13-05:00" level=warning msg="Print off screen. y=229 height=75"
time="2026-10-02T12:31:13-05:00" level=warning msg="Print off screen. y=230 height=75"
time="2026-10-02T12:31:13-05:00" level=warning msg="Print off screen. y=231 height=75"
time="2026-10-02T12:31:13-05:00" level=warning msg="Print off screen. y=232 height=75"
time="2026-10-02T12:31:13-05:00" level=warning msg="Print off screen. y=233 height=75"
time="2026-10-02T12:31:13-05:00" level=warning msg="Print off screen. y=234 height=75"
time="2026-10-02T12:31:13-05:00" level=warning msg="Print off screen. y=235 height=75"
time="2026-10-02T12:31:13-05:00" level=warning msg="Print off screen. y=236 height=75"
time="2026-10-02T12:31:13-05:00" level=warning msg="Print off screen. y=237 height=75"
time="2026-10-02T12:31:13-05:00" level=warning msg="Print off screen. y=238 height=75"
time="2026-10-02T12:31:13-05:00" level=warning msg="Print off screen. y=239 height=75"
time="2026-10-02T12:31:13-05:00" level=warning msg="Print off screen. y=240 height=75"
time="2026-10-02T12:31:13-05:00" level=warning msg="Print off screen. y=241 height=75"
time="2026-10-02T12:31:13-05:00" level=warning msg="Print off screen. y=242 height=75"
time="2026-10-02T12:31:13-05:00" level=warning msg="Print off screen. y=243 height=75"
time="2026-10-02T12:31:13-05:00" level=warning msg="Print off screen. y=244 height=75"
time="2026-10-02T12:31:13-05:00" level=warning msg="Print off screen. y=245 height=75"
time="2026-10-02T12:31:13-05:00" level=warning msg="Print off screen. y=246 height=75"
time="2026-10-02T12:31:13-05:00" level=warning msg="Print off screen. y=247 height=75"
time="2026-10-02T12:31:13-05:00" level=warning msg="Print off screen. y=248 height=75"
time="2026-10-02T12:31:13-05:00" level=warning msg="Print off screen. y=249 height=75"
time="2026-10-02T12:31:13-05:00" level=warning msg="Print off screen. y=250 height=75"
time="2026-10-02T12:31:13-05:00" level=warning msg="Print off screen. y=251 height=75"
time="2026-10-02T12:31:13-05:00" level=warning msg="Print off screen. y=252 height=75"
time="2026-10-02T12:31:13-05:00" level=warning msg="Print off screen. y=253 height=75"
time="2026-10-02T12:31:13-05:00" level=warning msg="Print off screen. y=254 height=75"
time="2026-10-02T12:31:13-05:00" level=warning msg="Print off screen. y=255 height=75"
time="2026-10-02T12:31:13-05:00" level=warning msg="Print off screen. y=256 height=75"
time="2026-10-02T12:31:13-05:00" level=warning msg="Print off screen. y=257 height=75"
time="2026-10-02T12:31:13-05:00" level=warning msg="Print off screen. y=258 height=75"
time="2026-10-02T12:31:13-05:00" level=warning msg="Print off screen. y=259 height=75"
time="2026-10-02T12:31:13-05:00" level=warning msg="Print off screen. y=260 height=75"
time="2026-10-02T12:31:13-05:00" level=warning msg="Print off screen. y=261 height=75"
time="2026-10-02T12:31:13-05:00" level=warning msg="Print off screen. y=262 height=75"
time="2026-10-02T12:31:13-05:00" level=warning msg="Print off screen. y=263 height=75"
time="2026-10-02T12:31:13-05:00" level=warning msg="Print off screen. y=264 height=75"
time="2026-10-02T12:31:13-05:00" level=warning msg="Print off screen. y=265 height=75"
time="2026-10-02T12:31:13-05:00" level=warning msg="Print off screen. y=266 height=75"
time="2026-10-02T12:31:13-05:00" level=warning msg="Print off screen. y=267 height=75"
time="2026-10-02T12:31:13-05:00" level=warning msg="Print off screen. y=268 height=75"
time="2026-10-02T12:31:13-05:00" level=warning msg="Print off screen. y=269 height=75"
time="2026-10-02T12:31:13-05:00" level=warning msg="Print off screen. y=270 height=75"
time="2026-10-02T12:31:13-05:00" level=warning msg="Print off screen. y=271 height=75"
time="2026-10-02T12:31:14-05:00" level=warning msg="Print off screen. y=75 height=75"
time="2026-10-02T12:31:14-05:00" level=warning msg="Print off screen. y=76 height=75"
time="2026-10-02T12:31:14-05:00" level=warning msg="Print off screen. y=77 height=75"
time="2026-10-02T12:31:14-05:00" level=warning msg="Print off screen. y=78 height=75"
time="2026-10-02T12:31:14-05:00" level=warning msg="Print off screen. y=79 height=75"
time="2026-10-02T12:31:14-05:00" level=warning msg="Print off screen. y=80 height=75"
time="2026-10-02T12:31:14-05:00" level=warning msg="Print off screen. y=81 height=75"
time="2026-10-02T12:31:14-05:00" level=warning msg="Print off screen. y=82 height=75"
time="2026-10-02T12:31:14-05:00" level=warning msg="Print off screen. y=83 height=75"
time="2026-10-02T12:31:14-05:00" level=warning msg="Print off screen. y=84 height=75"
time="2026-10-02T12:31:14-05:00" level=warning msg="Print off screen. y=85 height=75"
time="2026-10-02T12:31:14-05:00" level=warning msg="Print off screen. y=86 height=75"
time="2026-10-02T12:31:14-05:00" level=warning msg="Print off screen. y=87 height=75"
time="2026-10-02T12:31:14-05:00" level=warning msg="Print off screen. y=88 height=75"
time="2026-10-02T12:31:14-05:00" level=warning msg="Print off screen. y=89 height=75"
time="2026-10-02T12:31:14-05:00" level=warning msg="Print off screen. y=90 height=75"
time="2026-10-02T12:31:14-05:00" level=warning msg="Print off screen. y=91 height=75"
time="2026-10-02T12:31:14-05:00" level=warning msg="Print off screen. y=92 height=75"
time="2026-10-02T12:31:14-05:00" level=warning msg="Print off screen. y=93 height=75"
time="2026-10-02T12:31:14-05:00" level=warning msg="Print off screen. y=94 height=75"
time="2026-10-02T12:31:14-05:00" level=warning msg="Print off screen. y=95 height=75"
time="2026-10-02T12:31:14-05:00" level=warning msg="Print off screen. y=96 height=75"
time="2026-10-02T12:31:14-05:00" level=warning msg="Print off screen. y=97 height=75"
time="2026-10-02T12:31:14-05:00" level=warning msg="Print off screen. y=98 height=75"
time="2026-10-02T12:31:14-05:00" level=warning msg="Print off screen. y=99 height=75"
time="2026-10-02T12:31:14-05:00" level=warning msg="Print off screen. y=100 height=75"
time="2026-10-02T12:31:14-05:00" level=warning msg="Print off screen. y=101 height=75"
time="2026-10-02T12:31:14-05:00" level=warning msg="Print off screen. y=102 height=75"
time="2026-10-02T12:31:14-05:00" level=warning msg="Print off screen. y=103 height=75"
time="2026-10-02T12:31:14-05:00" level=warning msg="Print off screen. y=104 height=75"
time="2026-10-02T12:31:14-05:00" level=warning msg="Print off screen. y=105 height=75"
time="2026-10-02T12:31:14-05:00" level=warning msg="Print off screen. y=106 height=75"
time="2026-10-02T12:31:14-05:00" level=warning msg="Print off screen. y=107 height=75"
time="2026-10-02T12:31:14-05:00" level=warning msg="Print off screen. y=108 height=75"
time="2026-10-02T12:31:14-05:00" level=warning msg="Print off screen. y=109 height=75"
time="2026-10-02T12:31:14-05:00" level=warning msg="Print off screen. y=110 height=75"
time="2026-10-02T12:31:14-05:00" level=warning msg="Print off screen. y=111 height=75"
time="2026-10-02T12:31:14-05:00" level=warning msg="Print off screen. y=112 height=75"
time="2026-10-02T12:31:14-05:00" level=warning msg="Print off screen. y=113 height=75"
time="2026-10-02T12:31:14-05:00" level=warning msg="Print off screen. y=114 height=75"
time="2026-10-02T12:31:14-05:00" level=warning msg="Print off screen. y=115 height=75"
time="2026-10-02T12:31:14-05:00" level=warning msg="Print off screen. y=116 height=75"
time="2026-10-02T12:31:14-05:00" level=warning msg="Print off screen. y=117 height=75"
time="2026-10-02T12:31:14-05:00" level=warning msg="Print off screen. y=118 height=75"
time="2026-10-02T12:31:14-05:00" level=warning msg="Print off screen. y=119 height=75"
time="2026-10-02T12:31:14-05:00" level=warning msg="Print off screen. y=120 height=75"
time="2026-10-02T12:31:14-05:00" level=warning msg="Print off screen. y=121 height=75"
time="2026-10-02T12:31:14-05:00" level=warning msg="Print off screen. y=122 height=75"
time="2026-10-02T12:31:14-05:00" level=warning msg="Print off screen. y=123 height=75"
time="2026-10-02T12:31:14-05:00" level=warning msg="Print off screen. y=124 height=75"
time="2026-10-02T12:31:14-05:00" level=warning msg="Print off screen. y=125 height=75"
time="2026-10-02T12:31:14-05:00" level=warning msg="Print off screen. y=126 height=75"
time="2026-10-02T12:31:14-05:00" level=warning msg="Print off screen. y=127 height=75"
time="2026-10-02T12:31:14-05:00" level=warning msg="Print off screen. y=128 height=75"
time="2026-10-02T12:31:14-05:00" level=warning msg="Print off screen. y=129 height=75"
time="2026-10-02T12:31:14-05:00" level=warning msg="Print off screen. y=130 height=75"
time="2026-10-02T12:31:14-05:00" level=warning msg="Print off screen. y=131 height=75"
time="2026-10-02T12:31:14-05:00" level=warning msg="Print off screen. y=132 height=75"
time="2026-10-02T12:31:14-05:00" level=warning msg="Print off screen. y=133 height=75"
time="2026-10-02T12:31:14-05:00" level=warning msg="Print off screen. y=134 height=75"
time="2026-10-02T12:31:14-05:00" level=warning msg="Print off screen. y=135 height=75"
time="2026-10-02T12:31:14-05:00" level=warning msg="Print off screen. y=136 height=75"
time="2026-10-02T12:31:14-05:00" level=warning msg="Print off screen. y=137 height=75"
time="2026-10-02T12:31:14-05:00" level=warning msg="Print off screen. y=138 height=75"
time="2026-10-02T12:31:14-05:00" level=warning msg="Print off screen. y=139 height=75"
time="2026-10-02T12:31:14-05:00" level=warning msg="Print off screen. y=140 height=75"
time="2026-10-02T12:31:14-05:00" level=warning msg="Print off screen. y=141 height=75"
time="2026-10-02T12:31:14-05:00" level=warning msg="Print off screen. y=142 height=75"
time="2026-10-02T12:31:14-05:00" level=warning msg="Print off screen. y=143 height=75"
time="2026-10-02T12:31:14-05:00" level=warning msg="Print off screen. y=144 height=75"
time="2026-10-02T12:31:14-05:00" level=warning msg="Print off screen. y=145 height=75"
time="2026-10-02T12:31:14-05:00" level=warning msg="Print off screen. y=146 height=75"
time="2026-10-02T12:31:14-05:00" level=warning msg="Print off screen. y=147 height=75"
time="2026-10-02T12:31:14-05:00" level=warning msg="Print off screen. y=148 height=75"
time="2026-10-02T12:31:14-05:00" level=warning msg="Print off screen. y=149 height=75"
time="2026-10-02T12:31:14-05:00" level=warning msg="Print off screen. y=150 height=75"
time="2026-10-02T12:31:14-05:00" level=warning msg="Print off screen. y=151 height=75"
time="2026-10-02T12:31:14-05:00" level=warning msg="Print off screen. y=152 height=75"
time="2026-10-02T12:31:14-05:00" level=warning msg="Print off screen. y=153 height=75"
time="2026-10-02T12:31:14-05:00" level=warning msg="Print off screen. y=154 height=75"
time="2026-10-02T12:31:14-05:00" level=warning msg="Print off screen. y=155 height=75"
time="2026-10-02T12:31:14-05:00" level=warning msg="Print off screen. y=156 height=75"
time="2026-10-02T12:31:14-05:00" level=warning msg="Print off screen. y=157 height=75"
time="2026-10-02T12:31:14-05:00" level=warning msg="Print off screen. y=158 height=75"
time="2026-10-02T12:31:14-05:00" level=warning msg="Print off screen. y=159 height=75"
time="2026-10-02T12:31:14-05:00" level=warning msg="Print off screen. y=160 height=75"
time="2026-10-02T12:31:14-05:00" level=warning msg="Print off screen. y=161 height=75"
time="2026-10-02T12:31:14-05:00" level=warning msg="Print off screen. y=162 height=75"
time="2026-10-02T12:31:14-05:00" level=warning msg="Print off screen. y=163 height=75"
time="2026-10-02T12:31:14-05:00" level=warning msg="Print off screen. y=164 height=75"
time="2026-10-02T12:31:14-05:00" level=warning msg="Print off screen. y=165 height=75"
time="2026-10-02T12:31:14-05:00" level=warning msg="Print off screen. y=166 height=75"
time="2026-10-02T12:31:14-05:00" level=warning msg="Print off screen. y=167 height=75"
time="2026-10-02T12:31:14-05:00" level=warning msg="Print off screen. y=168 height=75"
time="2026-10-02T12:31:14-05:00" level=warning msg="Print off screen. y=169 height=75"
time="2026-10-02T12:31:14-05:00" level=warning msg="Print off screen. y=170 height=75"
time="2026-10-02T12:31:14-05:00" level=warning msg="Print off screen. y=171 height=75"
time="2026-10-02T12:31:14-05:00" level=warning msg="Print off screen. y=172 height=75"
time="2026-10-02T12:31:14-05:00" level=warning msg="Print off screen. y=173 height=75"
time="2026-10-02T12:31:14-05:00" level=warning msg="Print off screen. y=174 height=75"
time="2026-10-02T12:31:14-05:00" level=warning msg="Print off screen. y=175 height=75"
time="2026-10-02T12:31:14-05:00" level=warning msg="Print off screen. y=176 height=75"
time="2026-10-02T12:31:14-05:00" level=warning msg="Print off screen. y=177 height=75"
time="2026-10-02T12:31:14-05:00" level=warning msg="Print off screen. y=178 height=75"
time="2026-10-02T12:31:14-05:00" level=warning msg="Print off screen. y=179 height=75"
time="2026-10-02T12:31:14-05:00" level=warning msg="Print off screen. y=180 height=75"
time="2026-10-02T12:31:14-05:00" level=warning msg="Print off screen. y=181 height=75"
time="2026-10-02T12:31:14-05:00" level=warning msg="Print off screen. y=182 height=75"
time="2026-10-02T12:31:14-05:00" level=warning msg="Print off screen. y=183 height=75"
time="2026-10-02T12:31:14-05:00" level=warning msg="Print off screen. y=184 height=75"
time="2026-10-02T12:31:14-05:00" level=warning msg="Print off screen. y=185 height=75"
time="2026-10-02T12:31:14-05:00" level=warning msg="Print off screen. y=186 height=75"
time="2026-10-02T12:31:14-05:00" level=warning msg="Print off screen. y=187 height=75"
time="2026-10-02T12:31:14-05:00" level=warning msg="Print off screen. y=188 height=75"
time="2026-10-02T12:31:14-05:00" level=warning msg="Print off screen. y=189 height=75"
time="2026-10-02T12:31:14-05:00" level=warning msg="Print off screen. y=190 height=75"
time="2026-10-02T12:31:14-05:00" level=warning msg="Print off screen. y=191 height=75"
time="2026-10-02T12:31:14-05:00" level=warning msg="Print off screen. y=192 height=75"
time="2026-10-02T12:31:14-05:00" level=warning msg="Print off screen. y=193 height=75"
time="2026-10-02T12:31:14-05:00" level=warning msg="Print off screen. y=194 height=75"
time="2026-10-02T12:31:14-05:00" level=warning msg="Print off screen. y=195 height=75"
time="2026-10-02T12:31:14-05:00" level=warning msg="Print off screen. y=196 height=75"
time="2026-10-02T12:31:14-05:00" level=warning msg="Print off screen. y=197 height=75"
time="2026-10-02T12:31:14-05:00" level=warning msg="Print off screen. y=198 height=75"
time="2026-10-02T12:31:14-05:00" level=warning msg="Print off screen. y=199 height=75"
time="2026-10-02T12:31:14-05:00" level=warning msg="Print off screen. y=200 height=75"
time="2026-10-02T12:31:14-05:00" level=warning msg="Print off screen. y=201 height=75"
time="2026-10-02T12:31:14-05:00" level=warning msg="Print off screen. y=202 height=75"
time="2026-10-02T12:31:14-05:00" level=warning msg="Print off screen. y=203 height=75"
time="2026-10-02T12:31:14-05:00" level=warning msg="Print off screen. y=204 height=75"
time="2026-10-02T12:31:14-05:00" level=warning msg="Print off screen. y=205 height=75"
time="2026-10-02T12:31:14-05:00" level=warning msg="Print off screen. y=206 height=75"
time="2026-10-02T12:31:14-05:00" level=warning msg="Print off screen. y=207 height=75"
time="2026-10-02T12:31:14-05:00" level=warning msg="Print off screen. y=208 height=75"
time="2026-10-02T12:31:14-05:00" level=warning msg="Print off screen. y=209 height=75"
time="2026-10-02T12:31:14-05:00" level=warning msg="Print off screen. y=210 height=75"
time="2026-10-02T12:31:14-05:00" level=warning msg="Print off screen. y=211 height=75"
time="2026-10-02T12:31:14-05:00" level=warning msg="Print off screen. y=212 height=75"
time="2026-10-02T12:31:14-05:00" level=warning msg="Print off screen. y=213 height=75"
time="2026-10-02T12:31:14-05:00" level=warning msg="Print off screen. y=214 height=75"
time="2026-10-02T12:31:14-05:00" level=warning msg="Print off screen. y=215 height=75"
time="2026-10-02T12:31:14-05:00" level=warning msg="Print off screen. y=216 height=75"
time="2026-10-02T12:31:14-05:00" level=warning msg="Print off screen. y=217 height=75"
time="2026-10-02T12:31:14-05:00" level=warning msg="Print off screen. y=218 height=75"
time="2026-10-02T12:31:14-05:00" level=warning msg="Print off screen. y=219 height=75"
time="2026-10-02T12:31:14-05:00" level=warning msg="Print off screen. y=220 height=75"
time="2026-10-02T12:31:14-05:00" level=warning msg="Print off screen. y=221 height=75"
time="2026-10-02T12:31:14-05:00" level=warning msg="Print off screen. y=222 height=75"
time="2026-10-02T12:31:14-05:00" level=warning msg="Print off screen. y=223 height=75"
time="2026-10-02T12:31:14-05:00" level=warning msg="Print off screen. y=224 height=75"
time="2026-10-02T12:31:14-05:00" level=warning msg="Print off screen. y=225 height=75"
time="2026-10-02T12:31:14-05:00" level=warning msg="Print off screen. y=226 height=75"
time="2026-10-02T12:31:14-05:00" level=warning msg="Print off screen. y=227 height=75"
time="2026-10-02T12:31:14-05:00" level=warning msg="Print off screen. y=228 height=75"
time="2026-10-02T12:31:14-05:00" level=warning msg="Print off screen. y=229 height=75"
time="2026-10-02T12:31:14-05:00" level=warning msg="Print off screen. y=230 height=75"
time="2026-10-02T12:31:14-05:00" level=warning msg="Print off screen. y=231 height=75"
time="2026-10-02T12:31:14-05:00" level=warning msg="Print off screen. y=232 height=75"
time="2026-10-02T12:31:14-05:00" level=warning msg="Print off screen. y=233 height=75"
time="2026-10-02T12:31:14-05:00" level=warning msg="Print off screen. y=234 height=75"
time="2026-10-02T12:31:14-05:00" level=warning msg="Print off screen. y=235 height=75"
time="2026-10-02T12:31:14-05:00" level=warning msg="Print off screen. y=236 height=75"
time="2026-10-02T12:31:14-05:00" level=warning msg="Print off screen. y=237 height=75"
time="2026-10-02T12:31:14-05:00" level=warning msg="Print off screen. y=238 height=75"
time="2026-10-02T12:31:14-05:00" level=warning msg="Print off screen. y=239 height=75"
time="2026-10-02T12:31:14-05:00" level=warning msg="Print off screen. y=240 height=75"
time="2026-10-02T12:31:14-05:00" level=warning msg="Print off screen. y=241 height=75"
time="2026-10-02T12:31:14-05:00" level=warning msg="Print off screen. y=242 height=75"
time="2026-10-02T12:31:14-05:00" level=warning msg="Print off screen. y=243 height=75"
time="2026-10-02T12:31:14-05:00" level=warning msg="Print off screen. y=244 height=75"
time="2026-10-02T12:31:14-05:00" level=warning msg="Print off screen. y=245 height=75"
time="2026-10-02T12:31:14-05:00" level=warning msg="Print off screen. y=246 height=75"
time="2026-10-02T12:31:14-05:00" level=warning msg="Print off screen. y=247 height=75"
time="2026-10-02T12:31:14-05:00" level=warning msg="Print off screen. y=248 height=75"
time="2026-10-02T12:31:14-05:00" level=warning msg="Print off screen. y=249 height=75"
time="2026-10-02T12:31:14-05:00" level=warning msg="Print off screen. y=250 height=75"
time="2026-10-02T12:31:14-05:00" level=warning msg="Print off screen. y=251 height=75"
time="2026-10-02T12:31:14-05:00" level=warning msg="Print off screen. y=252 height=75"
time="2026-10-02T12:31:14-05:00" level=warning msg="Print off screen. y=253 height=75"
time="2026-10-02T12:31:14-05:00" level=warning msg="Print off screen. y=254 height=75"
time="2026-10-02T12:31:14-05:00" level=warning msg="Print off screen. y=255 height=75"
time="2026-10-02T12:31:14-05:00" level=warning msg="Print off screen. y=256 height=75"
time="2026-10-02T12:31:14-05:00" level=warning msg="Print off screen. y=257 height=75"
time="2026-10-02T12:31:14-05:00" level=warning msg="Print off screen. y=258 height=75"
time="2026-10-02T12:31:14-05:00" level=warning msg="Print off screen. y=259 height=75"
time="2026-10-02T12:31:14-05:00" level=warning msg="Print off screen. y=260 height=75"
time="2026-10-02T12:31:14-05:00" level=warning msg="Print off screen. y=261 height=75"
time="2026-10-02T12:31:14-05:00" level=warning msg="Print off screen. y=262 height=75"
time="2026-10-02T12:31:14-05:00" level=warning msg="Print off screen. y=263 height=75"
time="2026-10-02T12:31:14-05:00" level=warning msg="Print off screen. y=264 height=75"
time="2026-10-02T12:31:14-05:00" level=warning msg="Print off screen. y=265 height=75"
time="2026-10-02T12:31:14-05:00" level=warning msg="Print off screen. y=266 height=75"
time="2026-10-02T12:31:14-05:00" level=warning msg="Print off screen. y=267 height=75"
time="2026-10-02T12:31:14-05:00" level=warning msg="Print off screen. y=268 height=75"
time="2026-10-02T12:31:14-05:00" level=warning msg="Print off screen. y=269 height=75"
time="2026-10-02T12:31:14-05:00" level=warning msg="Print off screen. y=270 height=75"
time="2026-10-02T12:31:14-05:00" level=warning msg="Print off screen. y=271 height=75"
time="2026-10-02T12:31:16-05:00" level=warning msg="Print off screen. y=75 height=75"
time="2026-10-02T12:31:16-05:00" level=warning msg="Print off screen. y=76 height=75"
time="2026-10-02T12:31:16-05:00" level=warning msg="Print off screen. y=77 height=75"
time="2026-10-02T12:31:16-05:00" level=warning msg="Print off screen. y=78 height=75"
time="2026-10-02T12:31:16-05:00" level=warning msg="Print off screen. y=79 height=75"
time="2026-10-02T12:31:16-05:00" level=warning msg="Print off screen. y=80 height=75"
time="2026-10-02T12:31:16-05:00" level=warning msg="Print off screen. y=81 height=75"
time="2026-10-02T12:31:16-05:00" level=warning msg="Print off screen. y=82 height=75"
time="2026-10-02T12:31:16-05:00" level=warning msg="Print off screen. y=83 height=75"
time="2026-10-02T12:31:16-05:00" level=warning msg="Print off screen. y=84 height=75"
time="2026-10-02T12:31:16-05:00" level=warning msg="Print off screen. y=85 height=75"
time="2026-10-02T12:31:16-05:00" level=warning msg="Print off screen. y=86 height=75"
time="2026-10-02T12:31:16-05:00" level=warning msg="Print off screen. y=87 height=75"
time="2026-10-02T12:31:16-05:00" level=warning msg="Print off screen. y=88 height=75"
time="2026-10-02T12:31:16-05:00" level=warning msg="Print off screen. y=89 height=75"
time="2026-10-02T12:31:16-05:00" level=warning msg="Print off screen. y=90 height=75"
time="2026-10-02T12:31:16-05:00" level=warning msg="Print off screen. y=91 height=75"
time="2026-10-02T12:31:16-05:00" level=warning msg="Print off screen. y=92 height=75"
time="2026-10-02T12:31:16-05:00" level=warning msg="Print off screen. y=93 height=75"
time="2026-10-02T12:31:16-05:00" level=warning msg="Print off screen. y=94 height=75"
time="2026-10-02T12:31:16-05:00" level=warning msg="Print off screen. y=95 height=75"
time="2026-10-02T12:31:16-05:00" level=warning msg="Print off screen. y=96 height=75"
time="2026-10-02T12:31:16-05:00" level=warning msg="Print off screen. y=97 height=75"
time="2026-10-02T12:31:16-05:00" level=warning msg="Print off screen. y=98 height=75"
time="2026-10-02T12:31:16-05:00" level=warning msg="Print off screen. y=99 height=75"
time="2026-10-02T12:31:16-05:00" level=warning msg="Print off screen. y=100 height=75"
time="2026-10-02T12:31:16-05:00" level=warning msg="Print off screen. y=101 height=75"
time="2026-10-02T12:31:16-05:00" level=warning msg="Print off screen. y=102 height=75"
time="2026-10-02T12:31:16-05:00" level=warning msg="Print off screen. y=103 height=75"
time="2026-10-02T12:31:16-05:00" level=warning msg="Print off screen. y=104 height=75"
time="2026-10-02T12:31:16-05:00" level=warning msg="Print off screen. y=105 height=75"
time="2026-10-02T12:31:16-05:00" level=warning msg="Print off screen. y=106 height=75"
time="2026-10-02T12:31:16-05:00" level=warning msg="Print off screen. y=107 height=75"
time="2026-10-02T12:31:16-05:00" level=warning msg="Print off screen. y=108 height=75"
time="2026-10-02T12:31:16-05:00" level=warning msg="Print off screen. y=109 height=75"
time="2026-10-02T12:31:16-05:00" level=warning msg="Print off screen. y=110 height=75"
time="2026-10-02T12:31:16-05:00" level=warning msg="Print off screen. y=111 height=75"
time="2026-10-02T12:31:16-05:00" level=warning msg="Print off screen. y=112 height=75"
time="2026-10-02T12:31:16-05:00" level=warning msg="Print off screen. y=113 height=75"
time="2026-10-02T12:31:16-05:00" level=warning msg="Print off screen. y=114 height=75"
time="2026-10-02T12:31:16-05:00" level=warning msg="Print off screen. y=115 height=75"
time="2026-10-02T12:31:16-05:00" level=warning msg="Print off screen. y=116 height=75"
time="2026-10-02T12:31:16-05:00" level=warning msg="Print off screen. y=117 height=75"
time="2026-10-02T12:31:16-05:00" level=warning msg="Print off screen. y=118 height=75"
time="2026-10-02T12:31:16-05:00" level=warning msg="Print off screen. y=119 height=75"
time="2026-10-02T12:31:16-05:00" level=warning msg="Print off screen. y=120 height=75"
time="2026-10-02T12:31:16-05:00" level=warning msg="Print off screen. y=121 height=75"
time="2026-10-02T12:31:16-05:00" level=warning msg="Print off screen. y=122 height=75"
time="2026-10-02T12:31:16-05:00" level=warning msg="Print off screen. y=123 height=75"
time="2026-10-02T12:31:16-05:00" level=warning msg="Print off screen. y=124 height=75"
time="2026-10-02T12:31:16-05:00" level=warning msg="Print off screen. y=125 height=75"
time="2026-10-02T12:31:16-05:00" level=warning msg="Print off screen. y=126 height=75"
time="2026-10-02T12:31:16-05:00" level=warning msg="Print off screen. y=127 height=75"
time="2026-10-02T12:31:16-05:00" level=warning msg="Print off screen. y=128 height=75"
time="2026-10-02T12:31:16-05:00" level=warning msg="Print off screen. y=129 height=75"
time="2026-10-02T12:31:16-05:00" level=warning msg="Print off screen. y=130 height=75"
time="2026-10-02T12:31:16-05:00" level=warning msg="Print off screen. y=131 height=75"
time="2026-10-02T12:31:16-05:00" level=warning msg="Print off screen. y=132 height=75"
time="2026-10-02T12:31:16-05:00" level=warning msg="Print off screen. y=133 height=75"
time="2026-10-02T12:31:16-05:00" level=warning msg="Print off screen. y=134 height=75"
time="2026-10-02T12:31:16-05:00" level=warning msg="Print off screen. y=135 height=75"
time="2026-10-02T12:31:16-05:00" level=warning msg="Print off screen. y=136 height=75"
time="2026-10-02T12:31:16-05:00" level=warning msg="Print off screen. y=137 height=75"
time="2026-10-02T12:31:16-05:00" level=warning msg="Print off screen. y=138 height=75"
time="2026-10-02T12:31:16-05:00" level=warning msg="Print off screen. y=139 height=75"
time="2026-10-02T12:31:16-05:00" level=warning msg="Print off screen. y=140 height=75"
time="2026-10-02T12:31:16-05:00" level=warning msg="Print off screen. y=141 height=75"
time="2026-10-02T12:31:16-05:00" level=warning msg="Print off screen. y=142 height=75"
time="2026-10-02T12:31:16-05:00" level=warning msg="Print off screen. y=143 height=75"
time="2026-10-02T12:31:16-05:00" level=warning msg="Print off screen. y=144 height=75"
time="2026-10-02T12:31:16-05:00" level=warning msg="Print off screen. y=145 height=75"
time="2026-10-02T12:31:16-05:00" level=warning msg="Print off screen. y=146 height=75"
time="2026-10-02T12:31:16-05:00" level=warning msg="Print off screen. y=147 height=75"
time="2026-10-02T12:31:16-05:00" level=warning msg="Print off screen. y=148 height=75"
time="2026-10-02T12:31:16-05:00" level=warning msg="Print off screen. y=149 height=75"
time="2026-10-02T12:31:16-05:00" level=warning msg="Print off screen. y=150 height=75"
time="2026-10-02T12:31:16-05:00" level=warning msg="Print off screen. y=151 height=75"
time="2026-10-02T12:31:16-05:00" level=warning msg="Print off screen. y=152 height=75"
time="2026-10-02T12:31:16-05:00" level=warning msg="Print off screen. y=153 height=75"
time="2026-10-02T12:31:16-05:00" level=warning msg="Print off screen. y=154 height=75"
time="2026-10-02T12:31:16-05:00" level=warning msg="Print off screen. y=155 height=75"
time="2026-10-02T12:31:16-05:00" level=warning msg="Print off screen. y=156 height=75"
time="2026-10-02T12:31:16-05:00" level=warning msg="Print off screen. y=157 height=75"
time="2026-10-02T12:31:16-05:00" level=warning msg="Print off screen. y=158 height=75"
time="2026-10-02T12:31:16-05:00" level=warning msg="Print off screen. y=159 height=75"
time="2026-10-02T12:31:16-05:00" level=warning msg="Print off screen. y=160 height=75"
time="2026-10-02T12:31:16-05:00" level=warning msg="Print off screen. y=161 height=75"
time="2026-10-02T12:31:16-05:00" level=warning msg="Print off screen. y=162 height=75"
time="2026-10-02T12:31:16-05:00" level=warning msg="Print off screen. y=163 height=75"
time="2026-10-02T12:31:16-05:00" level=warning msg="Print off screen. y=164 height=75"
time="2026-10-02T12:31:16-05:00" level=warning msg="Print off screen. y=165 height=75"
time="2026-10-02T12:31:16-05:00" level=warning msg="Print off screen. y=166 height=75"
time="2026-10-02T12:31:16-05:00" level=warning msg="Print off screen. y=167 height=75"
time="2026-10-02T12:31:16-05:00" level=warning msg="Print off screen. y=168 height=75"
time="2026-10-02T12:31:16-05:00" level=warning msg="Print off screen. y=169 height=75"
time="2026-10-02T12:31:16-05:00" level=warning msg="Print off screen. y=170 height=75"
time="2026-10-02T12:31:16-05:00" level=warning msg="Print off screen. y=171 height=75"
time="2026-10-02T12:31:16-05:00" level=warning msg="Print off screen. y=172 height=75"
time="2026-10-02T12:31:16-05:00" level=warning msg="Print off screen. y=173 height=75"
time="2026-10-02T12:31:16-05:00" level=warning msg="Print off screen. y=174 height=75"
time="2026-10-02T12:31:16-05:00" level=warning msg="Print off screen. y=175 height=75"
time="2026-10-02T12:31:16-05:00" level=warning msg="Print off screen. y=176 height=75"
time="2026-10-02T12:31:16-05:00" level=warning msg="Print off screen. y=177 height=75"
time="2026-10-02T12:31:16-05:00" level=warning msg="Print off screen. y=178 height=75"
time="2026-10-02T12:31:16-05:00" level=warning msg="Print off screen. y=179 height=75"
time="2026-10-02T12:31:16-05:00" level=warning msg="Print off screen. y=180 height=75"
time="2026-10-02T12:31:16-05:00" level=warning msg="Print off screen. y=181 height=75"
time="2026-10-02T12:31:16-05:00" level=warning msg="Print off screen. y=182 height=75"
time="2026-10-02T12:31:16-05:00" level=warning msg="Print off screen. y=183 height=75"
time="2026-10-02T12:31:16-05:00" level=warning msg="Print off screen. y=184 height=75"
time="2026-10-02T12:31:16-05:00" level=warning msg="Print off screen. y=185 height=75"
time="2026-10-02T12:31:16-05:00" level=warning msg="Print off screen. y=186 height=75"
time="2026-10-02T12:31:16-05:00" level=warning msg="Print off screen. y=187 height=75"
time="2026-10-02T12:31:16-05:00" level=warning msg="Print off screen. y=188 height=75"
time="2026-10-02T12:31:16-05:00" level=warning msg="Print off screen. y=189 height=75"
time="2026-10-02T12:31:16-05:00" level=warning msg="Print off screen. y=190 height=75"
time="2026-10-02T12:31:16-05:00" level=warning msg="Print off screen. y=191 height=75"
time="2026-10-02T12:31:16-05:00" level=warning msg="Print off screen. y=192 height=75"
time="2026-10-02T12:31:16-05:00" level=warning msg="Print off screen. y=193 height=75"
time="2026-10-02T12:31:16-05:00" level=warning msg="Print off screen. y=194 height=75"
time="2026-10-02T12:31:16-05:00" level=warning msg="Print off screen. y=195 height=75"
time="2026-10-02T12:31:16-05:00" level=warning msg="Print off screen. y=196 height=75"
time="2026-10-02T12:31:16-05:00" level=warning msg="Print off screen. y=197 height=75"
time="2026-10-02T12:31:16-05:00" level=warning msg="Print off screen. y=198 height=75"
time="2026-10-02T12:31:16-05:00" level=warning msg="Print off screen. y=199 height=75"
time="2026-10-02T12:31:16-05:00" level=warning msg="Print off screen. y=200 height=75"
time="2026-10-02T12:31:16-05:00" level=warning msg="Print off screen. y=201 height=75"
time="2026-10-02T12:31:16-05:00" level=warning msg="Print off screen. y=202 height=75"
time="2026-10-02T12:31:16-05:00" level=warning msg="Print off screen. y=203 height=75"
time="2026-10-02T12:31:16-05:00" level=warning msg="Print off screen. y=204 height=75"
time="2026-10-02T12:31:16-05:00" level=warning msg="Print off screen. y=205 height=75"
time="2026-10-02T12:31:16-05:00" level=warning msg="Print off screen. y=206 height=75"
time="2026-10-02T12:31:16-05:00" level=warning msg="Print off screen. y=207 height=75"
time="2026-10-02T12:31:16-05:00" level=warning msg="Print off screen. y=208 height=75"
time="2026-10-02T12:31:16-05:00" level=warning msg="Print off screen. y=209 height=75"
time="2026-10-02T12:31:16-05:00" level=warning msg="Print off screen. y=210 height=75"
time="2026-10-02T12:31:16-05:00" level=warning msg="Print off screen. y=211 height=75"
time="2026-10-02T12:31:16-05:00" level=warning msg="Print off screen. y=212 height=75"
time="2026-10-02T12:31:16-05:00" level=warning msg="Print off screen. y=213 height=75"
time="2026-10-02T12:31:16-05:00" level=warning msg="Print off screen. y=214 height=75"
time="2026-10-02T12:31:16-05:00" level=warning msg="Print off screen. y=215 height=75"
time="2026-10-02T12:31:16-05:00" level=warning msg="Print off screen. y=216 height=75"
time="2026-10-02T12:31:16-05:00" level=warning msg="Print off screen. y=217 height=75"
time="2026-10-02T12:31:16-05:00" level=warning msg="Print off screen. y=218 height=75"
time="2026-10-02T12:31:16-05:00" level=warning msg="Print off screen. y=219 height=75"
time="2026-10-02T12:31:16-05:00" level=warning msg="Print off screen. y=220 height=75"
time="2026-10-02T12:31:16-05:00" level=warning msg="Print off screen. y=221 height=75"
time="2026-10-02T12:31:16-05:00" level=warning msg="Print off screen. y=222 height=75"
time="2026-10-02T12:31:16-05:00" level=warning msg="Print off screen. y=223 height=75"
time="2026-10-02T12:31:16-05:00" level=warning msg="Print off screen. y=224 height=75"
time="2026-10-02T12:31:16-05:00" level=warning msg="Print off screen. y=225 height=75"
time="2026-10-02T12:31:16-05:00" level=warning msg="Print off screen. y=226 height=75"
time="2026-10-02T12:31:16-05:00" level=warning msg="Print off screen. y=227 height=75"
time="2026-10-02T12:31:16-05:00" level=warning msg="Print off screen. y=228 height=75"
time="2026-10-02T12:31:16-05:00" level=warning msg="Print off screen. y=229 height=75"
time="2026-10-02T12:31:16-05:00" level=warning msg="Print off screen. y=230 height=75"
time="2026-10-02T12:31:16-05:00" level=warning msg="Print off screen. y=231 height=75"
time="2026-10-02T12:31:16-05:00" level=warning msg="Print off screen. y=232 height=75"
time="2026-10-02T12:31:16-05:00" level=warning msg="Print off screen. y=233 height=75"
time="2026-10-02T12:31:16-05:00" level=warning msg="Print off screen. y=234 height=75"
time="2026-10-02T12:31:16-05:00" level=warning msg="Print off screen. y=235 height=75"
time="2026-10-02T12:31:16-05:00" level=warning msg="Print off screen. y=236 height=75"
time="2026-10-02T12:31:16-05:00" level=warning msg="Print off screen. y=237 height=75"
time="2026-10-02T12:31:16-05:00" level=warning msg="Print off screen. y=238 height=75"
time="2026-10-02T12:31:16-05:00" level=warning msg="Print off screen. y=239 height=75"
time="2026-10-02T12:31:16-05:00" level=warning msg="Print off screen. y=240 height=75"
time="2026-10-02T12:31:16-05:00" level=warning msg="Print off screen. y=241 height=75"
time="2026-10-02T12:31:16-05:00" level=warning msg="Print off screen. y=242 height=75"
time="2026-10-02T12:31:16-05:00" level=warning msg="Print off screen. y=243 height=75"
time="2026-10-02T12:31:16-05:00" level=warning msg="Print off screen. y=244 height=75"
time="2026-10-02T12:31:16-05:00" level=warning msg="Print off screen. y=245 height=75"
time="2026-10-02T12:31:16-05:00" level=warning msg="Print off screen. y=246 height=75"
time="2026-10-02T12:31:16-05:00" level=warning msg="Print off screen. y=247 height=75"
time="2026-10-02T12:31:16-05:00" level=warning msg="Print off screen. y=248 height=75"
time="2026-10-02T12:31:16-05:00" level=warning msg="Print off screen. y=249 height=75"
time="2026-10-02T12:31:16-05:00" level=warning msg="Print off screen. y=250 height=75"
time="2026-10-02T12:31:16-05:00" level=warning msg="Print off screen. y=251 height=75"
time="2026-10-02T12:31:16-05:00" level=warning msg="Print off screen. y=252 height=75"
time="2026-10-02T12:31:16-05:00" level=warning msg="Print off screen. y=253 height=75"
time="2026-10-02T12:31:16-05:00" level=warning msg="Print off screen. y=254 height=75"
time="2026-10-02T12:31:16-05:00" level=warning msg="Print off screen. y=255 height=75"
time="2026-10-02T12:31:16-05:00" level=warning msg="Print off screen. y=256 height=75"
time="2026-10-02T12:31:16-05:00" level=warning msg="Print off screen. y=257 height=75"
time="2026-10-02T12:31:16-05:00" level=warning msg="Print off screen. y=258 height=75"
time="2026-10-02T12:31:16-05:00" level=warning msg="Print off screen. y=259 height=75"
time="2026-10-02T12:31:16-05:00" level=warning msg="Print off screen. y=260 height=75"
time="2026-10-02T12:31:16-05:00" level=warning msg="Print off screen. y=261 height=75"
time="2026-10-02T12:31:16-05:00" level=warning msg="Print off screen. y=262 height=75"
time="2026-10-02T12:31:16-05:00" level=warning msg="Print off screen. y=263 height=75"
time="2026-10-02T12:31:16-05:00" level=warning msg="Print off screen. y=264 height=75"
time="2026-10-02T12:31:16-05:00" level=warning msg="Print off screen. y=265 height=75"
time="2026-10-02T12:31:16-05:00" level=warning msg="Print off screen. y=266 height=75"
time="2026-10-02T12:31:16-05:00" level=warning msg="Print off screen. y=267 height=75"
time="2026-10-02T12:31:16-05:00" level=warning msg="Print off screen. y=268 height=75"
time="2026-10-02T12:31:16-05:00" level=warning msg="Print off screen. y=269 height=75"
time="2026-10-02T12:31:16-05:00" level=warning msg="Print off screen. y=270 height=75"
time="2026-10-02T12:31:16-05:00" level=warning msg="Print off screen. y=271 height=75"
time="2026-10-02T12:31:21-05:00" level=warning msg="Print off screen. y=75 height=75"
time="2026-10-02T12:31:21-05:00" level=warning msg="Print off screen. y=76 height=75"
time="2026-10-02T12:31:21-05:00" level=warning msg="Print off screen. y=77 height=75"
time="2026-10-02T12:31:21-05:00" level=warning msg="Print off screen. y=78 height=75"
time="2026-10-02T12:31:21-05:00" level=warning msg="Print off screen. y=79 height=75"
time="2026-10-02T12:31:21-05:00" level=warning msg="Print off screen. y=80 height=75"
time="2026-10-02T12:31:21-05:00" level=warning msg="Print off screen. y=81 height=75"
time="2026-10-02T12:31:21-05:00" level=warning msg="Print off screen. y=82 height=75"
time="2026-10-02T12:31:21-05:00" level=warning msg="Print off screen. y=83 height=75"
time="2026-10-02T12:31:21-05:00" level=warning msg="Print off screen. y=84 height=75"
time="2026-10-02T12:31:21-05:00" level=warning msg="Print off screen. y=85 height=75"
time="2026-10-02T12:31:21-05:00" level=warning msg="Print off screen. y=86 height=75"
time="2026-10-02T12:31:21-05:00" level=warning msg="Print off screen. y=87 height=75"
time="2026-10-02T12:31:21-05:00" level=warning msg="Print off screen. y=88 height=75"
time="2026-10-02T12:31:21-05:00" level=warning msg="Print off screen. y=89 height=75"
time="2026-10-02T12:31:21-05:00" level=warning msg="Print off screen. y=90 height=75"
time="2026-10-02T12:31:21-05:00" level=warning msg="Print off screen. y=91 height=75"
time="2026-10-02T12:31:21-05:00" level=warning msg="Print off screen. y=92 height=75"
time="2026-10-02T12:31:21-05:00" level=warning msg="Print off screen. y=93 height=75"
time="2026-10-02T12:31:21-05:00" level=warning msg="Print off screen. y=94 height=75"
time="2026-10-02T12:31:21-05:00" level=warning msg="Print off screen. y=95 height=75"
time="2026-10-02T12:31:21-05:00" level=warning msg="Print off screen. y=96 height=75"
time="2026-10-02T12:31:21-05:00" level=warning msg="Print off screen. y=97 height=75"
time="2026-10-02T12:31:21-05:00" level=warning msg="Print off screen. y=98 height=75"
time="2026-10-02T12:31:21-05:00" level=warning msg="Print off screen. y=99 height=75"
time="2026-10-02T12:31:21-05:00" level=warning msg="Print off screen. y=100 height=75"
time="2026-10-02T12:31:21-05:00" level=warning msg="Print off screen. y=101 height=75"
time="2026-10-02T12:31:21-05:00" level=warning msg="Print off screen. y=102 height=75"
time="2026-10-02T12:31:21-05:00" level=warning msg="Print off screen. y=103 height=75"
time="2026-10-02T12:31:21-05:00" level=warning msg="Print off screen. y=104 height=75"
time="2026-10-02T12:31:21-05:00" level=warning msg="Print off screen. y=105 height=75"
time="2026-10-02T12:31:21-05:00" level=warning msg="Print off screen. y=106 height=75"
time="2026-10-02T12:31:21-05:00" level=warning msg="Print off screen. y=107 height=75"
time="2026-10-02T12:31:21-05:00" level=warning msg="Print off screen. y=108 height=75"
time="2026-10-02T12:31:21-05:00" level=warning msg="Print off screen. y=109 height=75"
time="2026-10-02T12:31:21-05:00" level=warning msg="Print off screen. y=110 height=75"
time="2026-10-02T12:31:21-05:00" level=warning msg="Print off screen. y=111 height=75"
time="2026-10-02T12:31:21-05:00" level=warning msg="Print off screen. y=112 height=75"
time="2026-10-02T12:31:21-05:00" level=warning msg="Print off screen. y=113 height=75"
time="2026-10-02T12:31:21-05:00" level=warning msg="Print off screen. y=114 height=75"
time="2026-10-02T12:31:21-05:00" level=warning msg="Print off screen. y=115 height=75"
time="2026-10-02T12:31:21-05:00" level=warning msg="Print off screen. y=116 height=75"
time="2026-10-02T12:31:21-05:00" level=warning msg="Print off screen. y=117 height=75"
time="2026-10-02T12:31:21-05:00" level=warning msg="Print off screen. y=118 height=75"
time="2026-10-02T12:31:21-05:00" level=warning msg="Print off screen. y=119 height=75"
time="2026-10-02T12:31:21-05:00" level=warning msg="Print off screen. y=120 height=75"
time="2026-10-02T12:31:21-05:00" level=warning msg="Print off screen. y=121 height=75"
time="2026-10-02T12:31:21-05:00" level=warning msg="Print off screen. y=122 height=75"
time="2026-10-02T12:31:21-05:00" level=warning msg="Print off screen. y=123 height=75"
time="2026-10-02T12:31:21-05:00" level=warning msg="Print off screen. y=124 height=75"
time="2026-10-02T12:31:21-05:00" level=warning msg="Print off screen. y=125 height=75"
time="2026-10-02T12:31:21-05:00" level=warning msg="Print off screen. y=126 height=75"
time="2026-10-02T12:31:21-05:00" level=warning msg="Print off screen. y=127 height=75"
time="2026-10-02T12:31:21-05:00" level=warning msg="Print off screen. y=128 height=75"
time="2026-10-02T12:31:21-05:00" level=warning msg="Print off screen. y=129 height=75"
time="2026-10-02T12:31:21-05:00" level=warning msg="Print off screen. y=130 height=75"
time="2026-10-02T12:31:21-05:00" level=warning msg="Print off screen. y=131 height=75"
time="2026-10-02T12:31:21-05:00" level=warning msg="Print off screen. y=132 height=75"
time="2026-10-02T12:31:21-05:00" level=warning msg="Print off screen. y=133 height=75"
time="2026-10-02T12:31:21-05:00" level=warning msg="Print off screen. y=134 height=75"
time="2026-10-02T12:31:21-05:00" level=warning msg="Print off screen. y=135 height=75"
time="2026-10-02T12:31:21-05:00" level=warning msg="Print off screen. y=136 height=75"
time="2026-10-02T12:31:21-05:00" level=warning msg="Print off screen. y=137 height=75"
time="2026-10-02T12:31:21-05:00" level=warning msg="Print off screen. y=138 height=75"
time="2026-10-02T12:31:21-05:00" level=warning msg="Print off screen. y=139 height=75"
time="2026-10-02T12:31:21-05:00" level=warning msg="Print off screen. y=140 height=75"
time="2026-10-02T12:31:21-05:00" level=warning msg="Print off screen. y=141 height=75"
time="2026-10-02T12:31:21-05:00" level=warning msg="Print off screen. y=142 height=75"
time="2026-10-02T12:31:21-05:00" level=warning msg="Print off screen. y=143 height=75"
time="2026-10-02T12:31:21-05:00" level=warning msg="Print off screen. y=144 height=75"
time="2026-10-02T12:31:21-05:00" level=warning msg="Print off screen. y=145 height=75"
time="2026-10-02T12:31:21-05:00" level=warning msg="Print off screen. y=146 height=75"
time="2026-10-02T12:31:21-05:00" level=warning msg="Print off screen. y=147 height=75"
time="2026-10-02T12:31:21-05:00" level=warning msg="Print off screen. y=148 height=75"
time="2026-10-02T12:31:21-05:00" level=warning msg="Print off screen. y=149 height=75"
time="2026-10-02T12:31:21-05:00" level=warning msg="Print off screen. y=150 height=75"
time="2026-10-02T12:31:21-05:00" level=warning msg="Print off screen. y=151 height=75"
time="2026-10-02T12:31:21-05:00" level=warning msg="Print off screen. y=152 height=75"
time="2026-10-02T12:31:21-05:00" level=warning msg="Print off screen. y=153 height=75"
time="2026-10-02T12:31:21-05:00" level=warning msg="Print off screen. y=154 height=75"
time="2026-10-02T12:31:21-05:00" level=warning msg="Print off screen. y=155 height=75"
time="2026-10-02T12:31:21-05:00" level=warning msg="Print off screen. y=156 height=75"
time="2026-10-02T12:31:21-05:00" level=warning msg="Print off screen. y=157 height=75"
time="2026-10-02T12:31:21-05:00" level=warning msg="Print off screen. y=158 height=75"
time="2026-10-02T12:31:21-05:00" level=warning msg="Print off screen. y=159 height=75"
time="2026-10-02T12:31:21-05:00" level=warning msg="Print off screen. y=160 height=75"
time="2026-10-02T12:31:21-05:00" level=warning msg="Print off screen. y=161 height=75"
time="2026-10-02T12:31:21-05:00" level=warning msg="Print off screen. y=162 height=75"
time="2026-10-02T12:31:21-05:00" level=warning msg="Print off screen. y=163 height=75"
time="2026-10-02T12:31:21-05:00" level=warning msg="Print off screen. y=164 height=75"
time="2026-10-02T12:31:21-05:00" level=warning msg="Print off screen. y=165 height=75"
time="2026-10-02T12:31:21-05:00" level=warning msg="Print off screen. y=166 height=75"
time="2026-10-02T12:31:21-05:00" level=warning msg="Print off screen. y=167 height=75"
time="2026-10-02T12:31:21-05:00" level=warning msg="Print off screen. y=168 height=75"
time="2026-10-02T12:31:21-05:00" level=warning msg="Print off screen. y=169 height=75"
time="2026-10-02T12:31:21-05:00" level=warning msg="Print off screen. y=170 height=75"
time="2026-10-02T12:31:21-05:00" level=warning msg="Print off screen. y=171 height=75"
time="2026-10-02T12:31:21-05:00" level=warning msg="Print off screen. y=172 height=75"
time="2026-10-02T12:31:21-05:00" level=warning msg="Print off screen. y=173 height=75"
time="2026-10-02T12:31:21-05:00" level=warning msg="Print off screen. y=174 height=75"
time="2026-10-02T12:31:21-05:00" level=warning msg="Print off screen. y=175 height=75"
time="2026-10-02T12:31:21-05:00" level=warning msg="Print off screen. y=176 height=75"
time="2026-10-02T12:31:21-05:00" level=warning msg="Print off screen. y=177 height=75"
time="2026-10-02T12:31:21-05:00" level=warning msg="Print off screen. y=178 height=75"
time="2026-10-02T12:31:21-05:00" level=warning msg="Print off screen. y=179 height=75"
time="2026-10-02T12:31:21-05:00" level=warning msg="Print off screen. y=180 height=75"
time="2026-10-02T12:31:21-05:00" level=warning msg="Print off screen. y=181 height=75"
time="2026-10-02T12:31:21-05:00" level=warning msg="Print off screen. y=182 height=75"
time="2026-10-02T12:31:21-05:00" level=warning msg="Print off screen. y=183 height=75"
time="2026-10-02T12:31:21-05:00" level=warning msg="Print off screen. y=184 height=75"
time="2026-10-02T12:31:21-05:00" level=warning msg="Print off screen. y=185 height=75"
time="2026-10-02T12:31:21-05:00" level=warning msg="Print off screen. y=186 height=75"
time="2026-10-02T12:31:21-05:00" level=warning msg="Print off screen. y=187 height=75"
time="2026-10-02T12:31:21-05:00" level=warning msg="Print off screen. y=188 height=75"
time="2026-10-02T12:31:21-05:00" level=warning msg="Print off screen. y=189 height=75"
time="2026-10-02T12:31:21-05:00" level=warning msg="Print off screen. y=190 height=75"
time="2026-10-02T12:31:21-05:00" level=warning msg="Print off screen. y=191 height=75"
time="2026-10-02T12:31:21-05:00" level=warning msg="Print off screen. y=192 height=75"
time="2026-10-02T12:31:21-05:00" level=warning msg="Print off screen. y=193 height=75"
time="2026-10-02T12:31:21-05:00" level=warning msg="Print off screen. y=194 height=75"
time="2026-10-02T12:31:21-05:00" level=warning msg="Print off screen. y=195 height=75"
time="2026-10-02T12:31:21-05:00" level=warning msg="Print off screen. y=196 height=75"
time="2026-10-02T12:31:21-05:00" level=warning msg="Print off screen. y=197 height=75"
time="2026-10-02T12:31:21-05:00" level=warning msg="Print off screen. y=198 height=75"
time="2026-10-02T12:31:21-05:00" level=warning msg="Print off screen. y=199 height=75"
time="2026-10-02T12:31:21-05:00" level=warning msg="Print off screen. y=200 height=75"
time="2026-10-02T12:31:21-05:00" level=warning msg="Print off screen. y=201 height=75"
time="2026-10-02T12:31:21-05:00" level=warning msg="Print off screen. y=202 height=75"
time="2026-10-02T12:31:21-05:00" level=warning msg="Print off screen. y=203 height=75"
time="2026-10-02T12:31:21-05:00" level=warning msg="Print off screen. y=204 height=75"
time="2026-10-02T12:31:21-05:00" level=warning msg="Print off screen. y=205 height=75"
time="2026-10-02T12:31:21-05:00" level=warning msg="Print off screen. y=206 height=75"
time="2026-10-02T12:31:21-05:00" level=warning msg="Print off screen. y=207 height=75"
time="2026-10-02T12:31:21-05:00" level=warning msg="Print off screen. y=208 height=75"
time="2026-10-02T12:31:21-05:00" level=warning msg="Print off screen. y=209 height=75"
time="2026-10-02T12:31:21-05:00" level=warning msg="Print off screen. y=210 height=75"
time="2026-10-02T12:31:21-05:00" level=warning msg="Print off screen. y=211 height=75"
time="2026-10-02T12:31:21-05:00" level=warning msg="Print off screen. y=212 height=75"
time="2026-10-02T12:31:21-05:00" level=warning msg="Print off screen. y=213 height=75"
time="2026-10-02T12:31:21-05:00" level=warning msg="Print off screen. y=214 height=75"
time="2026-10-02T12:31:21-05:00" level=warning msg="Print off screen. y=215 height=75"
time="2026-10-02T12:31:21-05:00" level=warning msg="Print off screen. y=216 height=75"
time="2026-10-02T12:31:21-05:00" level=warning msg="Print off screen. y=217 height=75"
time="2026-10-02T12:31:21-05:00" level=warning msg="Print off screen. y=218 height=75"
time="2026-10-02T12:31:21-05:00" level=warning msg="Print off screen. y=219 height=75"
time="2026-10-02T12:31:21-05:00" level=warning msg="Print off screen. y=220 height=75"
time="2026-10-02T12:31:21-05:00" level=warning msg="Print off screen. y=221 height=75"
time="2026-10-02T12:31:21-05:00" level=warning msg="Print off screen. y=222 height=75"
time="2026-10-02T12:31:21-05:00" level=warning msg="Print off screen. y=223 height=75"
time="2026-10-02T12:31:21-05:00" level=warning msg="Print off screen. y=224 height=75"
time="2026-10-02T12:31:21-05:00" level=warning msg="Print off screen. y=225 height=75"
time="2026-10-02T12:31:21-05:00" level=warning msg="Print off screen. y=226 height=75"
time="2026-10-02T12:31:21-05:00" level=warning msg="Print off screen. y=227 height=75"
time="2026-10-02T12:31:21-05:00" level=warning msg="Print off screen. y=228 height=75"
time="2026-10-02T12:31:21-05:00" level=warning msg="Print off screen. y=229 height=75"
time="2026-10-02T12:31:21-05:00" level=warning msg="Print off screen. y=230 height=75"
time="2026-10-02T12:31:21-05:00" level=warning msg="Print off screen. y=231 height=75"
time="2026-10-02T12:31:21-05:00" level=warning msg="Print off screen. y=232 height=75"
time="2026-10-02T12:31:21-05:00" level=warning msg="Print off screen. y=233 height=75"
time="2026-10-02T12:31:21-05:00" level=warning msg="Print off screen. y=234 height=75"
time="2026-10-02T12:31:21-05:00" level=warning msg="Print off screen. y=235 height=75"
time="2026-10-02T12:31:21-05:00" level=warning msg="Print off screen. y=236 height=75"
time="2026-10-02T12:31:21-05:00" level=warning msg="Print off screen. y=237 height=75"
time="2026-10-02T12:31:21-05:00" level=warning msg="Print off screen. y=238 height=75"
time="2026-10-02T12:31:21-05:00" level=warning msg="Print off screen. y=239 height=75"
time="2026-10-02T12:31:21-05:00" level=warning msg="Print off screen. y=240 height=75"
time="2026-10-02T12:31:21-05:00" level=warning msg="Print off screen. y=241 height=75"
time="2026-10-02T12:31:21-05:00" level=warning msg="Print off screen. y=242 height=75"
time="2026-10-02T12:31:21-05:00" level=warning msg="Print off screen. y=243 height=75"
time="2026-10-02T12:31:21-05:00" level=warning msg="Print off screen. y=244 height=75"
time="2026-10-02T12:31:21-05:00" level=warning msg="Print off screen. y=245 height=75"
time="2026-10-02T12:31:21-05:00" level=warning msg="Print off screen. y=246 height=75"
time="2026-10-02T12:31:21-05:00" level=warning msg="Print off screen. y=247 height=75"
time="2026-10-02T12:31:21-05:00" level=warning msg="Print off screen. y=248 height=75"
time="2026-10-02T12:31:21-05:00" level=warning msg="Print off screen. y=249 height=75"
time="2026-10-02T12:31:21-05:00" level=warning msg="Print off screen. y=250 height=75"
time="2026-10-02T12:31:21-05:00" level=warning msg="Print off screen. y=251 height=75"
time="2026-10-02T12:31:21-05:00" level=warning msg="Print off screen. y=252 height=75"
time="2026-10-02T12:31:21-05:00" level=warning msg="Print off screen. y=253 height=75"
time="2026-10-02T12:31:21-05:00" level=warning msg="Print off screen. y=254 height=75"
time="2026-10-02T12:31:21-05:00" level=warning msg="Print off screen. y=255 height=75"
time="2026-10-02T12:31:21-05:00" level=warning msg="Print off screen. y=256 height=75"
time="2026-10-02T12:31:21-05:00" level=warning msg="Print off screen. y=257 height=75"
time="2026-10-02T12:31:21-05:00" level=warning msg="Print off screen. y=258 height=75"
time="2026-10-02T12:31:21-05:00" level=warning msg="Print off screen. y=259 height=75"
time="2026-10-02T12:31:21-05:00" level=warning msg="Print off screen. y=260 height=75"
time="2026-10-02T12:31:21-05:00" level=warning msg="Print off screen. y=261 height=75"
time="2026-10-02T12:31:21-05:00" level=warning msg="Print off screen. y=262 height=75"
time="2026-10-02T12:31:21-05:00" level=warning msg="Print off screen. y=263 height=75"
time="2026-10-02T12:31:21-05:00" level=warning msg="Print off screen. y=264 height=75"
time="2026-10-02T12:31:21-05:00" level=warning msg="Print off screen. y=265 height=75"
time="2026-10-02T12:31:21-05:00" level=warning msg="Print off screen. y=266 height=75"
time="2026-10-02T12:31:21-05:00" level=warning msg="Print off screen. y=267 height=75"
time="2026-10-02T12:31:21-05:00" level=warning msg="Print off screen. y=268 height=75"
time="2026-10-02T12:31:21-05:00" level=warning msg="Print off screen. y=269 height=75"
time="2026-10-02T12:31:21-05:00" level=warning msg="Print off screen. y=270 height=75"
time="2026-10-02T12:31:21-05:00" level=warning msg="Print off screen. y=271 height=75"
time="2026-10-02T12:31:22-05:00" level=warning msg="Print off screen. y=75 height=75"
time="2026-10-02T12:31:22-05:00" level=warning msg="Print off screen. y=76 height=75"
time="2026-10-02T12:31:22-05:00" level=warning msg="Print off screen. y=77 height=75"
time="2026-10-02T12:31:22-05:00" level=warning msg="Print off screen. y=78 height=75"
time="2026-10-02T12:31:22-05:00" level=warning msg="Print off screen. y=79 height=75"
time="2026-10-02T12:31:22-05:00" level=warning msg="Print off screen. y=80 height=75"
time="2026-10-02T12:31:22-05:00" level=warning msg="Print off screen. y=81 height=75"
time="2026-10-02T12:31:22-05:00" level=warning msg="Print off screen. y=82 height=75"
time="2026-10-02T12:31:22-05:00" level=warning msg="Print off screen. y=83 height=75"
time="2026-10-02T12:31:22-05:00" level=warning msg="Print off screen. y=84 height=75"
time="2026-10-02T12:31:22-05:00" level=warning msg="Print off screen. y=85 height=75"
time="2026-10-02T12:31:22-05:00" level=warning msg="Print off screen. y=86 height=75"
time="2026-10-02T12:31:22-05:00" level=warning msg="Print off screen. y=87 height=75"
time="2026-10-02T12:31:22-05:00" level=warning msg="Print off screen. y=88 height=75"
time="2026-10-02T12:31:22-05:00" level=warning msg="Print off screen. y=89 height=75"
time="2026-10-02T12:31:22-05:00" level=warning msg="Print off screen. y=90 height=75"
time="2026-10-02T12:31:22-05:00" level=warning msg="Print off screen. y=91 height=75"
time="2026-10-02T12:31:22-05:00" level=warning msg="Print off screen. y=92 height=75"
time="2026-10-02T12:31:22-05:00" level=warning msg="Print off screen. y=93 height=75"
time="2026-10-02T12:31:22-05:00" level=warning msg="Print off screen. y=94 height=75"
time="2026-10-02T12:31:22-05:00" level=warning msg="Print off screen. y=95 height=75"
time="2026-10-02T12:31:22-05:00" level=warning msg="Print off screen. y=96 height=75"
time="2026-10-02T12:31:22-05:00" level=warning msg="Print off screen. y=97 height=75"
time="2026-10-02T12:31:22-05:00" level=warning msg="Print off screen. y=98 height=75"
time="2026-10-02T12:31:22-05:00" level=warning msg="Print off screen. y=99 height=75"
time="2026-10-02T12:31:22-05:00" level=warning msg="Print off screen. y=100 height=75"
time="2026-10-02T12:31:22-05:00" level=warning msg="Print off screen. y=101 height=75"
time="2026-10-02T12:31:22-05:00" level=warning msg="Print off screen. y=102 height=75"
time="2026-10-02T12:31:22-05:00" level=warning msg="Print off screen. y=103 height=75"
time="2026-10-02T12:31:22-05:00" level=warning msg="Print off screen. y=104 height=75"
time="2026-10-02T12:31:22-05:00" level=warning msg="Print off screen. y=105 height=75"
time="2026-10-02T12:31:22-05:00" level=warning msg="Print off screen. y=106 height=75"
time="2026-10-02T12:31:22-05:00" level=warning msg="Print off screen. y=107 height=75"
time="2026-10-02T12:31:22-05:00" level=warning msg="Print off screen. y=108 height=75"
time="2026-10-02T12:31:22-05:00" level=warning msg="Print off screen. y=109 height=75"
time="2026-10-02T12:31:22-05:00" level=warning msg="Print off screen. y=110 height=75"
time="2026-10-02T12:31:22-05:00" level=warning msg="Print off screen. y=111 height=75"
time="2026-10-02T12:31:22-05:00" level=warning msg="Print off screen. y=112 height=75"
time="2026-10-02T12:31:22-05:00" level=warning msg="Print off screen. y=113 height=75"
time="2026-10-02T12:31:22-05:00" level=warning msg="Print off screen. y=114 height=75"
time="2026-10-02T12:31:22-05:00" level=warning msg="Print off screen. y=115 height=75"
time="2026-10-02T12:31:22-05:00" level=warning msg="Print off screen. y=116 height=75"
time="2026-10-02T12:31:22-05:00" level=warning msg="Print off screen. y=117 height=75"
time="2026-10-02T12:31:22-05:00" level=warning msg="Print off screen. y=118 height=75"
time="2026-10-02T12:31:22-05:00" level=warning msg="Print off screen. y=119 height=75"
time="2026-10-02T12:31:22-05:00" level=warning msg="Print off screen. y=120 height=75"
time="2026-10-02T12:31:22-05:00" level=warning msg="Print off screen. y=121 height=75"
time="2026-10-02T12:31:22-05:00" level=warning msg="Print off screen. y=122 height=75"
time="2026-10-02T12:31:22-05:00" level=warning msg="Print off screen. y=123 height=75"
time="2026-10-02T12:31:22-05:00" level=warning msg="Print off screen. y=124 height=75"
time="2026-10-02T12:31:22-05:00" level=warning msg="Print off screen. y=125 height=75"
time="2026-10-02T12:31:22-05:00" level=warning msg="Print off screen. y=126 height=75"
time="2026-10-02T12:31:22-05:00" level=warning msg="Print off screen. y=127 height=75"
time="2026-10-02T12:31:22-05:00" level=warning msg="Print off screen. y=128 height=75"
time="2026-10-02T12:31:22-05:00" level=warning msg="Print off screen. y=129 height=75"
time="2026-10-02T12:31:22-05:00" level=warning msg="Print off screen. y=130 height=75"
time="2026-10-02T12:31:22-05:00" level=warning msg="Print off screen. y=131 height=75"
time="2026-10-02T12:31:22-05:00" level=warning msg="Print off screen. y=132 height=75"
time="2026-10-02T12:31:22-05:00" level=warning msg="Print off screen. y=133 height=75"
time="2026-10-02T12:31:22-05:00" level=warning msg="Print off screen. y=134 height=75"
time="2026-10-02T12:31:22-05:00" level=warning msg="Print off screen. y=135 height=75"
time="2026-10-02T12:31:22-05:00" level=warning msg="Print off screen. y=136 height=75"
time="2026-10-02T12:31:22-05:00" level=warning msg="Print off screen. y=137 height=75"
time="2026-10-02T12:31:22-05:00" level=warning msg="Print off screen. y=138 height=75"
time="2026-10-02T12:31:22-05:00" level=warning msg="Print off screen. y=139 height=75"
time="2026-10-02T12:31:22-05:00" level=warning msg="Print off screen. y=140 height=75"
time="2026-10-02T12:31:22-05:00" level=warning msg="Print off screen. y=141 height=75"
time="2026-10-02T12:31:22-05:00" level=warning msg="Print off screen. y=142 height=75"
time="2026-10-02T12:31:22-05:00" level=warning msg="Print off screen. y=143 height=75"
time="2026-10-02T12:31:22-05:00" level=warning msg="Print off screen. y=144 height=75"
time="2026-10-02T12:31:22-05:00" level=warning msg="Print off screen. y=145 height=75"
time="2026-10-02T12:31:22-05:00" level=warning msg="Print off screen. y=146 height=75"
time="2026-10-02T12:31:22-05:00" level=warning msg="Print off screen. y=147 height=75"
time="2026-10-02T12:31:22-05:00" level=warning msg="Print off screen. y=148 height=75"
time="2026-10-02T12:31:22-05:00" level=warning msg="Print off screen. y=149 height=75"
time="2026-10-02T12:31:22-05:00" level=warning msg="Print off screen. y=150 height=75"
time="2026-10-02T12:31:22-05:00" level=warning msg="Print off screen. y=151 height=75"
time="2026-10-02T12:31:22-05:00" level=warning msg="Print off screen. y=152 height=75"
time="2026-10-02T12:31:22-05:00" level=warning msg="Print off screen. y=153 height=75"
time="2026-10-02T12:31:22-05:00" level=warning msg="Print off screen. y=154 height=75"
time="2026-10-02T12:31:22-05:00" level=warning msg="Print off screen. y=155 height=75"
time="2026-10-02T12:31:22-05:00" level=warning msg="Print off screen. y=156 height=75"
time="2026-10-02T12:31:22-05:00" level=warning msg="Print off screen. y=157 height=75"
time="2026-10-02T12:31:22-05:00" level=warning msg="Print off screen. y=158 height=75"
time="2026-10-02T12:31:22-05:00" level=warning msg="Print off screen. y=159 height=75"
time="2026-10-02T12:31:22-05:00" level=warning msg="Print off screen. y=160 height=75"
time="2026-10-02T12:31:22-05:00" level=warning msg="Print off screen. y=161 height=75"
time="2026-10-02T12:31:22-05:00" level=warning msg="Print off screen. y=162 height=75"
time="2026-10-02T12:31:22-05:00" level=warning msg="Print off screen. y=163 height=75"
time="2026-10-02T12:31:22-05:00" level=warning msg="Print off screen. y=164 height=75"
time="2026-10-02T12:31:22-05:00" level=warning msg="Print off screen. y=165 height=75"
time="2026-10-02T12:31:22-05:00" level=warning msg="Print off screen. y=166 height=75"
time="2026-10-02T12:31:22-05:00" level=warning msg="Print off screen. y=167 height=75"
time="2026-10-02T12:31:22-05:00" level=warning msg="Print off screen. y=168 height=75"
time="2026-10-02T12:31:22-05:00" level=warning msg="Print off screen. y=169 height=75"
time="2026-10-02T12:31:22-05:00" level=warning msg="Print off screen. y=170 height=75"
time="2026-10-02T12:31:22-05:00" level=warning msg="Print off screen. y=171 height=75"
time="2026-10-02T12:31:22-05:00" level=warning msg="Print off screen. y=172 height=75"
time="2026-10-02T12:31:22-05:00" level=warning msg="Print off screen. y=173 height=75"
time="2026-10-02T12:31:22-05:00" level=warning msg="Print off screen. y=174 height=75"
time="2026-10-02T12:31:22-05:00" level=warning msg="Print off screen. y=175 height=75"
time="2026-10-02T12:31:22-05:00" level=warning msg="Print off screen. y=176 height=75"
time="2026-10-02T12:31:22-05:00" level=warning msg="Print off screen. y=177 height=75"
time="2026-10-02T12:31:22-05:00" level=warning msg="Print off screen. y=178 height=75"
time="2026-10-02T12:31:22-05:00" level=warning msg="Print off screen. y=179 height=75"
time="2026-10-02T12:31:22-05:00" level=warning msg="Print off screen. y=180 height=75"
time="2026-10-02T12:31:22-05:00" level=warning msg="Print off screen. y=181 height=75"
time="2026-10-02T12:31:22-05:00" level=warning msg="Print off screen. y=182 height=75"
time="2026-10-02T12:31:22-05:00" level=warning msg="Print off screen. y=183 height=75"
time="2026-10-02T12:31:22-05:00" level=warning msg="Print off screen. y=184 height=75"
time="2026-10-02T12:31:22-05:00" level=warning msg="Print off screen. y=185 height=75"
time="2026-10-02T12:31:22-05:00" level=warning msg="Print off screen. y=186 height=75"
time="2026-10-02T12:31:22-05:00" level=warning msg="Print off screen. y=187 height=75"
time="2026-10-02T12:31:22-05:00" level=warning msg="Print off screen. y=188 height=75"
time="2026-10-02T12:31:22-05:00" level=warning msg="Print off screen. y=189 height=75"
time="2026-10-02T12:31:22-05:00" level=warning msg="Print off screen. y=190 height=75"
time="2026-10-02T12:31:22-05:00" level=warning msg="Print off screen. y=191 height=75"
time="2026-10-02T12:31:22-05:00" level=warning msg="Print off screen. y=192 height=75"
time="2026-10-02T12:31:22-05:00" level=warning msg="Print off screen. y=193 height=75"
time="2026-10-02T12:31:22-05:00" level=warning msg="Print off screen. y=194 height=75"
time="2026-10-02T12:31:22-05:00" level=warning msg="Print off screen. y=195 height=75"
time="2026-10-02T12:31:22-05:00" level=warning msg="Print off screen. y=196 height=75"
time="2026-10-02T12:31:22-05:00" level=warning msg="Print off screen. y=197 height=75"
time="2026-10-02T12:31:22-05:00" level=warning msg="Print off screen. y=198 height=75"
time="2026-10-02T12:31:22-05:00" level=warning msg="Print off screen. y=199 height=75"
time="2026-10-02T12:31:22-05:00" level=warning msg="Print off screen. y=200 height=75"
time="2026-10-02T12:31:22-05:00" level=warning msg="Print off screen. y=201 height=75"
time="2026-10-02T12:31:22-05:00" level=warning msg="Print off screen. y=202 height=75"
time="2026-10-02T12:31:22-05:00" level=warning msg="Print off screen. y=203 height=75"
time="2026-10-02T12:31:22-05:00" level=warning msg="Print off screen. y=204 height=75"
time="2026-10-02T12:31:22-05:00" level=warning msg="Print off screen. y=205 height=75"
time="2026-10-02T12:31:22-05:00" level=warning msg="Print off screen. y=206 height=75"
time="2026-10-02T12:31:22-05:00" level=warning msg="Print off screen. y=207 height=75"
time="2026-10-02T12:31:22-05:00" level=warning msg="Print off screen. y=208 height=75"
time="2026-10-02T12:31:22-05:00" level=warning msg="Print off screen. y=209 height=75"
time="2026-10-02T12:31:22-05:00" level=warning msg="Print off screen. y=210 height=75"
time="2026-10-02T12:31:22-05:00" level=warning msg="Print off screen. y=211 height=75"
time="2026-10-02T12:31:22-05:00" level=warning msg="Print off screen. y=212 height=75"
time="2026-10-02T12:31:22-05:00" level=warning msg="Print off screen. y=213 height=75"
time="2026-10-02T12:31:22-05:00" level=warning msg="Print off screen. y=214 height=75"
time="2026-10-02T12:31:22-05:00" level=warning msg="Print off screen. y=215 height=75"
time="2026-10-02T12:31:22-05:00" level=warning msg="Print off screen. y=216 height=75"
time="2026-10-02T12:31:22-05:00" level=warning msg="Print off screen. y=217 height=75"
time="2026-10-02T12:31:22-05:00" level=warning msg="Print off screen. y=218 height=75"
time="2026-10-02T12:31:22-05:00" level=warning msg="Print off screen. y=219 height=75"
time="2026-10-02T12:31:22-05:00" level=warning msg="Print off screen. y=220 height=75"
time="2026-10-02T12:31:22-05:00" level=warning msg="Print off screen. y=221 height=75"
time="2026-10-02T12:31:22-05:00" level=warning msg="Print off screen. y=222 height=75"
time="2026-10-02T12:31:22-05:00" level=warning msg="Print off screen. y=223 height=75"
time="2026-10-02T12:31:22-05:00" level=warning msg="Print off screen. y=224 height=75"
time="2026-10-02T12:31:22-05:00" level=warning msg="Print off screen. y=225 height=75"
time="2026-10-02T12:31:22-05:00" level=warning msg="Print off screen. y=226 height=75"
time="2026-10-02T12:31:22-05:00" level=warning msg="Print off screen. y=227 height=75"
time="2026-10-02T12:31:22-05:00" level=warning msg="Print off screen. y=228 height=75"
time="2026-10-02T12:31:22-05:00" level=warning msg="Print off screen. y=229 height=75"
time="2026-10-02T12:31:22-05:00" level=warning msg="Print off screen. y=230 height=75"
time="2026-10-02T12:31:22-05:00" level=warning msg="Print off screen. y=231 height=75"
time="2026-10-02T12:31:22-05:00" level=warning msg="Print off screen. y=232 height=75"
time="2026-10-02T12:31:22-05:00" level=warning msg="Print off screen. y=233 height=75"
time="2026-10-02T12:31:22-05:00" level=warning msg="Print off screen. y=234 height=75"
time="2026-10-02T12:31:22-05:00" level=warning msg="Print off screen. y=235 height=75"
time="2026-10-02T12:31:22-05:00" level=warning msg="Print off screen. y=236 height=75"
time="2026-10-02T12:31:22-05:00" level=warning msg="Print off screen. y=237 height=75"
time="2026-10-02T12:31:22-05:00" level=warning msg="Print off screen. y=238 height=75"
time="2026-10-02T12:31:22-05:00" level=warning msg="Print off screen. y=239 height=75"
time="2026-10-02T12:31:22-05:00" level=warning msg="Print off screen. y=240 height=75"
time="2026-10-02T12:31:22-05:00" level=warning msg="Print off screen. y=241 height=75"
time="2026-10-02T12:31:22-05:00" level=warning msg="Print off screen. y=242 height=75"
time="2026-10-02T12:31:22-05:00" level=warning msg="Print off screen. y=243 height=75"
time="2026-10-02T12:31:22-05:00" level=warning msg="Print off screen. y=244 height=75"
time="2026-10-02T12:31:22-05:00" level=warning msg="Print off screen. y=245 height=75"
time="2026-10-02T12:31:22-05:00" level=warning msg="Print off screen. y=246 height=75"
time="2026-10-02T12:31:22-05:00" level=warning msg="Print off screen. y=247 height=75"
time="2026-10-02T12:31:22-05:00" level=warning msg="Print off screen. y=248 height=75"
time="2026-10-02T12:31:22-05:00" level=warning msg="Print off screen. y=249 height=75"
time="2026-10-02T12:31:22-05:00" level=warning msg="Print off screen. y=250 height=75"
time="2026-10-02T12:31:22-05:00" level=warning msg="Print off screen. y=251 height=75"
time="2026-10-02T12:31:22-05:00" level=warning msg="Print off screen. y=252 height=75"
time="2026-10-02T12:31:22-05:00" level=warning msg="Print off screen. y=253 height=75"
time="2026-10-02T12:31:22-05:00" level=warning msg="Print off screen. y=254 height=75"
time="2026-10-02T12:31:22-05:00" level=warning msg="Print off screen. y=255 height=75"
time="2026-10-02T12:31:22-05:00" level=warning msg="Print off screen. y=256 height=75"
time="2026-10-02T12:31:22-05:00" level=warning msg="Print off screen. y=257 height=75"
time="2026-10-02T12:31:22-05:00" level=warning msg="Print off screen. y=258 height=75"
time="2026-10-02T12:31:22-05:00" level=warning msg="Print off screen. y=259 height=75"
time="2026-10-02T12:31:22-05:00" level=warning msg="Print off screen. y=260 height=75"
time="2026-10-02T12:31:22-05:00" level=warning msg="Print off screen. y=261 height=75"
time="2026-10-02T12:31:22-05:00" level=warning msg="Print off screen. y=262 height=75"
time="2026-10-02T12:31:22-05:00" level=warning msg="Print off screen. y=263 height=75"
time="2026-10-02T12:31:22-05:00" level=warning msg="Print off screen. y=264 height=75"
time="2026-10-02T12:31:22-05:00" level=warning msg="Print off screen. y=265 height=75"
time="2026-10-02T12:31:22-05:00" level=warning msg="Print off screen. y=266 height=75"
time="2026-10-02T12:31:22-05:00" level=warning msg="Print off screen. y=267 height=75"
time="2026-10-02T12:31:22-05:00" level=warning msg="Print off screen. y=268 height=75"
time="2026-10-02T12:31:22-05:00" level=warning msg="Print off screen. y=269 height=75"
time="2026-10-02T12:31:22-05:00" level=warning msg="Print off screen. y=270 height=75"
time="2026-10-02T12:31:22-05:00" level=warning msg="Print off screen. y=271 height=75"
time="2026-10-02T12:31:23-05:00" level=warning msg="Print off screen. y=75 height=75"
time="2026-10-02T12:31:23-05:00" level=warning msg="Print off screen. y=76 height=75"
time="2026-10-02T12:31:23-05:00" level=warning msg="Print off screen. y=77 height=75"
time="2026-10-02T12:31:23-05:00" level=warning msg="Print off screen. y=78 height=75"
time="2026-10-02T12:31:23-05:00" level=warning msg="Print off screen. y=79 height=75"
time="2026-10-02T12:31:23-05:00" level=warning msg="Print off screen. y=80 height=75"
time="2026-10-02T12:31:23-05:00" level=warning msg="Print off screen. y=81 height=75"
time="2026-10-02T12:31:23-05:00" level=warning msg="Print off screen. y=82 height=75"
time="2026-10-02T12:31:23-05:00" level=warning msg="Print off screen. y=83 height=75"
time="2026-10-02T12:31:23-05:00" level=warning msg="Print off screen. y=84 height=75"
time="2026-10-02T12:31:23-05:00" level=warning msg="Print off screen. y=85 height=75"
time="2026-10-02T12:31:23-05:00" level=warning msg="Print off screen. y=86 height=75"
time="2026-10-02T12:31:23-05:00" level=warning msg="Print off screen. y=87 height=75"
time="2026-10-02T12:31:23-05:00" level=warning msg="Print off screen. y=88 height=75"
time="2026-10-02T12:31:23-05:00" level=warning msg="Print off screen. y=89 height=75"
time="2026-10-02T12:31:23-05:00" level=warning msg="Print off screen. y=90 height=75"
time="2026-10-02T12:31:23-05:00" level=warning msg="Print off screen. y=91 height=75"
time="2026-10-02T12:31:23-05:00" level=warning msg="Print off screen. y=92 height=75"
time="2026-10-02T12:31:23-05:00" level=warning msg="Print off screen. y=93 height=75"
time="2026-10-02T12:31:23-05:00" level=warning msg="Print off screen. y=94 height=75"
time="2026-10-02T12:31:23-05:00" level=warning msg="Print off screen. y=95 height=75"
time="2026-10-02T12:31:23-05:00" level=warning msg="Print off screen. y=96 height=75"
time="2026-10-02T12:31:23-05:00" level=warning msg="Print off screen. y=97 height=75"
time="2026-10-02T12:31:23-05:00" level=warning msg="Print off screen. y=98 height=75"
time="2026-10-02T12:31:23-05:00" level=warning msg="Print off screen. y=99 height=75"
time="2026-10-02T12:31:23-05:00" level=warning msg="Print off screen. y=100 height=75"
time="2026-10-02T12:31:23-05:00" level=warning msg="Print off screen. y=101 height=75"
time="2026-10-02T12:31:23-05:00" level=warning msg="Print off screen. y=102 height=75"
time="2026-10-02T12:31:23-05:00" level=warning msg="Print off screen. y=103 height=75"
time="2026-10-02T12:31:23-05:00" level=warning msg="Print off screen. y=104 height=75"
time="2026-10-02T12:31:23-05:00" level=warning msg="Print off screen. y=105 height=75"
time="2026-10-02T12:31:23-05:00" level=warning msg="Print off screen. y=106 height=75"
time="2026-10-02T12:31:23-05:00" level=warning msg="Print off screen. y=107 height=75"
time="2026-10-02T12:31:23-05:00" level=warning msg="Print off screen. y=108 height=75"
time="2026-10-02T12:31:23-05:00" level=warning msg="Print off screen. y=109 height=75"
time="2026-10-02T12:31:23-05:00" level=warning msg="Print off screen. y=110 height=75"
time="2026-10-02T12:31:23-05:00" level=warning msg="Print off screen. y=111 height=75"
time="2026-10-02T12:31:23-05:00" level=warning msg="Print off screen. y=112 height=75"
time="2026-10-02T12:31:23-05:00" level=warning msg="Print off screen. y=113 height=75"
time="2026-10-02T12:31:23-05:00" level=warning msg="Print off screen. y=114 height=75"
time="2026-10-02T12:31:23-05:00" level=warning msg="Print off screen. y=115 height=75"
time="2026-10-02T12:31:23-05:00" level=warning msg="Print off screen. y=116 height=75"
time="2026-10-02T12:31:23-05:00" level=warning msg="Print off screen. y=117 height=75"
time="2026-10-02T12:31:23-05:00" level=warning msg="Print off screen. y=118 height=75"
time="2026-10-02T12:31:23-05:00" level=warning msg="Print off screen. y=119 height=75"
time="2026-10-02T12:31:23-05:00" level=warning msg="Print off screen. y=120 height=75"
time="2026-10-02T12:31:23-05:00" level=warning msg="Print off screen. y=121 height=75"
time="2026-10-02T12:31:23-05:00" level=warning msg="Print off screen. y=122 height=75"
time="2026-10-02T12:31:23-05:00" level=warning msg="Print off screen. y=123 height=75"
time="2026-10-02T12:31:23-05:00" level=warning msg="Print off screen. y=124 height=75"
time="2026-10-02T12:31:23-05:00" level=warning msg="Print off screen. y=125 height=75"
time="2026-10-02T12:31:23-05:00" level=warning msg="Print off screen. y=126 height=75"
time="2026-10-02T12:31:23-05:00" level=warning msg="Print off screen. y=127 height=75"
time="2026-10-02T12:31:23-05:00" level=warning msg="Print off screen. y=128 height=75"
time="2026-10-02T12:31:23-05:00" level=warning msg="Print off screen. y=129 height=75"
time="2026-10-02T12:31:23-05:00" level=warning msg="Print off screen. y=130 height=75"
time="2026-10-02T12:31:23-05:00" level=warning msg="Print off screen. y=131 height=75"
time="2026-10-02T12:31:23-05:00" level=warning msg="Print off screen. y=132 height=75"
time="2026-10-02T12:31:23-05:00" level=warning msg="Print off screen. y=133 height=75"
time="2026-10-02T12:31:23-05:00" level=warning msg="Print off screen. y=134 height=75"
time="2026-10-02T12:31:23-05:00" level=warning msg="Print off screen. y=135 height=75"
time="2026-10-02T12:31:23-05:00" level=warning msg="Print off screen. y=136 height=75"
time="2026-10-02T12:31:23-05:00" level=warning msg="Print off screen. y=137 height=75"
time="2026-10-02T12:31:23-05:00" level=warning msg="Print off screen. y=138 height=75"
time="2026-10-02T12:31:23-05:00" level=warning msg="Print off screen. y=139 height=75"
time="2026-10-02T12:31:23-05:00" level=warning msg="Print off screen. y=140 height=75"
time="2026-10-02T12:31:23-05:00" level=warning msg="Print off screen. y=141 height=75"
time="2026-10-02T12:31:23-05:00" level=warning msg="Print off screen. y=142 height=75"
time="2026-10-02T12:31:23-05:00" level=warning msg="Print off screen. y=143 height=75"
time="2026-10-02T12:31:23-05:00" level=warning msg="Print off screen. y=144 height=75"
time="2026-10-02T12:31:23-05:00" level=warning msg="Print off screen. y=145 height=75"
time="2026-10-02T12:31:23-05:00" level=warning msg="Print off screen. y=146 height=75"
time="2026-10-02T12:31:23-05:00" level=warning msg="Print off screen. y=147 height=75"
time="2026-10-02T12:31:23-05:00" level=warning msg="Print off screen. y=148 height=75"
time="2026-10-02T12:31:23-05:00" level=warning msg="Print off screen. y=149 height=75"
time="2026-10-02T12:31:23-05:00" level=warning msg="Print off screen. y=150 height=75"
time="2026-10-02T12:31:23-05:00" level=warning msg="Print off screen. y=151 height=75"
time="2026-10-02T12:31:23-05:00" level=warning msg="Print off screen. y=152 height=75"
time="2026-10-02T12:31:23-05:00" level=warning msg="Print off screen. y=153 height=75"
time="2026-10-02T12:31:23-05:00" level=warning msg="Print off screen. y=154 height=75"
time="2026-10-02T12:31:23-05:00" level=warning msg="Print off screen. y=155 height=75"
time="2026-10-02T12:31:23-05:00" level=warning msg="Print off screen. y=156 height=75"
time="2026-10-02T12:31:23-05:00" level=warning msg="Print off screen. y=157 height=75"
time="2026-10-02T12:31:23-05:00" level=warning msg="Print off screen. y=158 height=75"
time="2026-10-02T12:31:23-05:00" level=warning msg="Print off screen. y=159 height=75"
time="2026-10-02T12:31:23-05:00" level=warning msg="Print off screen. y=160 height=75"
time="2026-10-02T12:31:23-05:00" level=warning msg="Print off screen. y=161 height=75"
time="2026-10-02T12:31:23-05:00" level=warning msg="Print off screen. y=162 height=75"
time="2026-10-02T12:31:23-05:00" level=warning msg="Print off screen. y=163 height=75"
time="2026-10-02T12:31:23-05:00" level=warning msg="Print off screen. y=164 height=75"
time="2026-10-02T12:31:23-05:00" level=warning msg="Print off screen. y=165 height=75"
time="2026-10-02T12:31:23-05:00" level=warning msg="Print off screen. y=166 height=75"
time="2026-10-02T12:31:23-05:00" level=warning msg="Print off screen. y=167 height=75"
time="2026-10-02T12:31:23-05:00" level=warning msg="Print off screen. y=168 height=75"
time="2026-10-02T12:31:23-05:00" level=warning msg="Print off screen. y=169 height=75"
time="2026-10-02T12:31:23-05:00" level=warning msg="Print off screen. y=170 height=75"
time="2026-10-02T12:31:23-05:00" level=warning msg="Print off screen. y=171 height=75"
time="2026-10-02T12:31:23-05:00" level=warning msg="Print off screen. y=172 height=75"
time="2026-10-02T12:31:23-05:00" level=warning msg="Print off screen. y=173 height=75"
time="2026-10-02T12:31:23-05:00" level=warning msg="Print off screen. y=174 height=75"
time="2026-10-02T12:31:23-05:00" level=warning msg="Print off screen. y=175 height=75"
time="2026-10-02T12:31:23-05:00" level=warning msg="Print off screen. y=176 height=75"
time="2026-10-02T12:31:23-05:00" level=warning msg="Print off screen. y=177 height=75"
time="2026-10-02T12:31:23-05:00" level=warning msg="Print off screen. y=178 height=75"
time="2026-10-02T12:31:23-05:00" level=warning msg="Print off screen. y=179 height=75"
time="2026-10-02T12:31:23-05:00" level=warning msg="Print off screen. y=180 height=75"
time="2026-10-02T12:31:23-05:00" level=warning msg="Print off screen. y=181 height=75"
time="2026-10-02T12:31:23-05:00" level=warning msg="Print off screen. y=182 height=75"
time="2026-10-02T12:31:23-05:00" level=warning msg="Print off screen. y=183 height=75"
time="2026-10-02T12:31:23-05:00" level=warning msg="Print off screen. y=184 height=75"
time="2026-10-02T12:31:23-05:00" level=warning msg="Print off screen. y=185 height=75"
time="2026-10-02T12:31:23-05:00" level=warning msg="Print off screen. y=186 height=75"
time="2026-10-02T12:31:23-05:00" level=warning msg="Print off screen. y=187 height=75"
time="2026-10-02T12:31:23-05:00" level=warning msg="Print off screen. y=188 height=75"
time="2026-10-02T12:31:23-05:00" level=warning msg="Print off screen. y=189 height=75"
time="2026-10-02T12:31:23-05:00" level=warning msg="Print off screen. y=190 height=75"
time="2026-10-02T12:31:23-05:00" level=warning msg="Print off screen. y=191 height=75"
time="2026-10-02T12:31:23-05:00" level=warning msg="Print off screen. y=192 height=75"
time="2026-10-02T12:31:23-05:00" level=warning msg="Print off screen. y=193 height=75"
time="2026-10-02T12:31:23-05:00" level=warning msg="Print off screen. y=194 height=75"
time="2026-10-02T12:31:23-05:00" level=warning msg="Print off screen. y=195 height=75"
time="2026-10-02T12:31:23-05:00" level=warning msg="Print off screen. y=196 height=75"
time="2026-10-02T12:31:23-05:00" level=warning msg="Print off screen. y=197 height=75"
time="2026-10-02T12:31:23-05:00" level=warning msg="Print off screen. y=198 height=75"
time="2026-10-02T12:31:23-05:00" level=warning msg="Print off screen. y=199 height=75"
time="2026-10-02T12:31:23-05:00" level=warning msg="Print off screen. y=200 height=75"
time="2026-10-02T12:31:23-05:00" level=warning msg="Print off screen. y=201 height=75"
time="2026-10-02T12:31:23-05:00" level=warning msg="Print off screen. y=202 height=75"
time="2026-10-02T12:31:23-05:00" level=warning msg="Print off screen. y=203 height=75"
time="2026-10-02T12:31:23-05:00" level=warning msg="Print off screen. y=204 height=75"
time="2026-10-02T12:31:23-05:00" level=warning msg="Print off screen. y=205 height=75"
time="2026-10-02T12:31:23-05:00" level=warning msg="Print off screen. y=206 height=75"
time="2026-10-02T12:31:23-05:00" level=warning msg="Print off screen. y=207 height=75"
time="2026-10-02T12:31:23-05:00" level=warning msg="Print off screen. y=208 height=75"
time="2026-10-02T12:31:23-05:00" level=warning msg="Print off screen. y=209 height=75"
time="2026-10-02T12:31:23-05:00" level=warning msg="Print off screen. y=210 height=75"
time="2026-10-02T12:31:23-05:00" level=warning msg="Print off screen. y=211 height=75"
time="2026-10-02T12:31:23-05:00" level=warning msg="Print off screen. y=212 height=75"
time="2026-10-02T12:31:23-05:00" level=warning msg="Print off screen. y=213 height=75"
time="2026-10-02T12:31:23-05:00" level=warning msg="Print off screen. y=214 height=75"
time="2026-10-02T12:31:23-05:00" level=warning msg="Print off screen. y=215 height=75"
time="2026-10-02T12:31:23-05:00" level=warning msg="Print off screen. y=216 height=75"
time="2026-10-02T12:31:23-05:00" level=warning msg="Print off screen. y=217 height=75"
time="2026-10-02T12:31:23-05:00" level=warning msg="Print off screen. y=218 height=75"
time="2026-10-02T12:31:23-05:00" level=warning msg="Print off screen. y=219 height=75"
time="2026-10-02T12:31:23-05:00" level=warning msg="Print off screen. y=220 height=75"
time="2026-10-02T12:31:23-05:00" level=warning msg="Print off screen. y=221 height=75"
time="2026-10-02T12:31:23-05:00" level=warning msg="Print off screen. y=222 height=75"
time="2026-10-02T12:31:23-05:00" level=warning msg="Print off screen. y=223 height=75"
time="2026-10-02T12:31:23-05:00" level=warning msg="Print off screen. y=224 height=75"
time="2026-10-02T12:31:23-05:00" level=warning msg="Print off screen. y=225 height=75"
time="2026-10-02T12:31:23-05:00" level=warning msg="Print off screen. y=226 height=75"
time="2026-10-02T12:31:23-05:00" level=warning msg="Print off screen. y=227 height=75"
time="2026-10-02T12:31:23-05:00" level=warning msg="Print off screen. y=228 height=75"
time="2026-10-02T12:31:23-05:00" level=warning msg="Print off screen. y=229 height=75"
time="2026-10-02T12:31:23-05:00" level=warning msg="Print off screen. y=230 height=75"
time="2026-10-02T12:31:23-05:00" level=warning msg="Print off screen. y=231 height=75"
time="2026-10-02T12:31:23-05:00" level=warning msg="Print off screen. y=232 height=75"
time="2026-10-02T12:31:23-05:00" level=warning msg="Print off screen. y=233 height=75"
time="2026-10-02T12:31:23-05:00" level=warning msg="Print off screen. y=234 height=75"
time="2026-10-02T12:31:23-05:00" level=warning msg="Print off screen. y=235 height=75"
time="2026-10-02T12:31:23-05:00" level=warning msg="Print off screen. y=236 height=75"
time="2026-10-02T12:31:23-05:00" level=warning msg="Print off screen. y=237 height=75"
time="2026-10-02T12:31:23-05:00" level=warning msg="Print off screen. y=238 height=75"
time="2026-10-02T12:31:23-05:00" level=warning msg="Print off screen. y=239 height=75"
time="2026-10-02T12:31:23-05:00" level=warning msg="Print off screen. y=240 height=75"
time="2026-10-02T12:31:23-05:00" level=warning msg="Print off screen. y=241 height=75"
time="2026-10-02T12:31:23-05:00" level=warning msg="Print off screen. y=242 height=75"
time="2026-10-02T12:31:23-05:00" level=warning msg="Print off screen. y=243 height=75"
time="2026-10-02T12:31:23-05:00" level=warning msg="Print off screen. y=244 height=75"
time="2026-10-02T12:31:23-05:00" level=warning msg="Print off screen. y=245 height=75"
time="2026-10-02T12:31:23-05:00" level=warning msg="Print off screen. y=246 height=75"
time="2026-10-02T12:31:23-05:00" level=warning msg="Print off screen. y=247 height=75"
time="2026-10-02T12:31:23-05:00" level=warning msg="Print off screen. y=248 height=75"
time="2026-10-02T12:31:23-05:00" level=warning msg="Print off screen. y=249 height=75"
time="2026-10-02T12:31:23-05:00" level=warning msg="Print off screen. y=250 height=75"
time="2026-10-02T12:31:23-05:00" level=warning msg="Print off screen. y=251 height=75"
time="2026-10-02T12:31:23-05:00" level=warning msg="Print off screen. y=252 height=75"
time="2026-10-02T12:31:23-05:00" level=warning msg="Print off screen. y=253 height=75"
time="2026-10-02T12:31:23-05:00" level=warning msg="Print off screen. y=254 height=75"
time="2026-10-02T12:31:23-05:00" level=warning msg="Print off screen. y=255 height=75"
time="2026-10-02T12:31:23-05:00" level=warning msg="Print off screen. y=256 height=75"
time="2026-10-02T12:31:23-05:00" level=warning msg="Print off screen. y=257 height=75"
time="2026-10-02T12:31:23-05:00" level=warning msg="Print off screen. y=258 height=75"
time="2026-10-02T12:31:23-05:00" level=warning msg="Print off screen. y=259 height=75"
time="2026-10-02T12:31:23-05:00" level=warning msg="Print off screen. y=260 height=75"
time="2026-10-02T12:31:23-05:00" level=warning msg="Print off screen. y=261 height=75"
time="2026-10-02T12:31:23-05:00" level=warning msg="Print off screen. y=262 height=75"
time="2026-10-02T12:31:23-05:00" level=warning msg="Print off screen. y=263 height=75"
time="2026-10-02T12:31:23-05:00" level=warning msg="Print off screen. y=264 height=75"
time="2026-10-02T12:31:23-05:00" level=warning msg="Print off screen. y=265 height=75"
time="2026-10-02T12:31:23-05:00" level=warning msg="Print off screen. y=266 height=75"
time="2026-10-02T12:31:23-05:00" level=warning msg="Print off screen. y=267 height=75"
time="2026-10-02T12:31:23-05:00" level=warning msg="Print off screen. y=268 height=75"
time="2026-10-02T12:31:23-05:00" level=warning msg="Print off screen. y=269 height=75"
time="2026-10-02T12:31:23-05:00" level=warning msg="Print off screen. y=270 height=75"
time="2026-10-02T12:31:23-05:00" level=warning msg="Print off screen. y=271 height=75"
time="2026-10-02T12:31:24-05:00" level=warning msg="Print off screen. y=75 height=75"
time="2026-10-02T12:31:24-05:00" level=warning msg="Print off screen. y=76 height=75"
time="2026-10-02T12:31:24-05:00" level=warning msg="Print off screen. y=77 height=75"
time="2026-10-02T12:31:24-05:00" level=warning msg="Print off screen. y=78 height=75"
time="2026-10-02T12:31:24-05:00" level=warning msg="Print off screen. y=79 height=75"
time="2026-10-02T12:31:24-05:00" level=warning msg="Print off screen. y=80 height=75"
time="2026-10-02T12:31:24-05:00" level=warning msg="Print off screen. y=81 height=75"
time="2026-10-02T12:31:24-05:00" level=warning msg="Print off screen. y=82 height=75"
time="2026-10-02T12:31:24-05:00" level=warning msg="Print off screen. y=83 height=75"
time="2026-10-02T12:31:24-05:00" level=warning msg="Print off screen. y=84 height=75"
time="2026-10-02T12:31:24-05:00" level=warning msg="Print off screen. y=85 height=75"
time="2026-10-02T12:31:24-05:00" level=warning msg="Print off screen. y=86 height=75"
time="2026-10-02T12:31:24-05:00" level=warning msg="Print off screen. y=87 height=75"
time="2026-10-02T12:31:24-05:00" level=warning msg="Print off screen. y=88 height=75"
time="2026-10-02T12:31:24-05:00" level=warning msg="Print off screen. y=89 height=75"
time="2026-10-02T12:31:24-05:00" level=warning msg="Print off screen. y=90 height=75"
time="2026-10-02T12:31:24-05:00" level=warning msg="Print off screen. y=91 height=75"
time="2026-10-02T12:31:24-05:00" level=warning msg="Print off screen. y=92 height=75"
time="2026-10-02T12:31:24-05:00" level=warning msg="Print off screen. y=93 height=75"
time="2026-10-02T12:31:24-05:00" level=warning msg="Print off screen. y=94 height=75"
time="2026-10-02T12:31:24-05:00" level=warning msg="Print off screen. y=95 height=75"
time="2026-10-02T12:31:24-05:00" level=warning msg="Print off screen. y=96 height=75"
time="2026-10-02T12:31:24-05:00" level=warning msg="Print off screen. y=97 height=75"
time="2026-10-02T12:31:24-05:00" level=warning msg="Print off screen. y=98 height=75"
time="2026-10-02T12:31:24-05:00" level=warning msg="Print off screen. y=99 height=75"
time="2026-10-02T12:31:24-05:00" level=warning msg="Print off screen. y=100 height=75"
time="2026-10-02T12:31:24-05:00" level=warning msg="Print off screen. y=101 height=75"
time="2026-10-02T12:31:24-05:00" level=warning msg="Print off screen. y=102 height=75"
time="2026-10-02T12:31:24-05:00" level=warning msg="Print off screen. y=103 height=75"
time="2026-10-02T12:31:24-05:00" level=warning msg="Print off screen. y=104 height=75"
time="2026-10-02T12:31:24-05:00" level=warning msg="Print off screen. y=105 height=75"
time="2026-10-02T12:31:24-05:00" level=warning msg="Print off screen. y=106 height=75"
time="2026-10-02T12:31:24-05:00" level=warning msg="Print off screen. y=107 height=75"
time="2026-10-02T12:31:24-05:00" level=warning msg="Print off screen. y=108 height=75"
time="2026-10-02T12:31:24-05:00" level=warning msg="Print off screen. y=109 height=75"
time="2026-10-02T12:31:24-05:00" level=warning msg="Print off screen. y=110 height=75"
time="2026-10-02T12:31:24-05:00" level=warning msg="Print off screen. y=111 height=75"
time="2026-10-02T12:31:24-05:00" level=warning msg="Print off screen. y=112 height=75"
time="2026-10-02T12:31:24-05:00" level=warning msg="Print off screen. y=113 height=75"
time="2026-10-02T12:31:24-05:00" level=warning msg="Print off screen. y=114 height=75"
time="2026-10-02T12:31:24-05:00" level=warning msg="Print off screen. y=115 height=75"
time="2026-10-02T12:31:24-05:00" level=warning msg="Print off screen. y=116 height=75"
time="2026-10-02T12:31:24-05:00" level=warning msg="Print off screen. y=117 height=75"
time="2026-10-02T12:31:24-05:00" level=warning msg="Print off screen. y=118 height=75"
time="2026-10-02T12:31:24-05:00" level=warning msg="Print off screen. y=119 height=75"
time="2026-10-02T12:31:24-05:00" level=warning msg="Print off screen. y=120 height=75"
time="2026-10-02T12:31:24-05:00" level=warning msg="Print off screen. y=121 height=75"
time="2026-10-02T12:31:24-05:00" level=warning msg="Print off screen. y=122 height=75"
time="2026-10-02T12:31:24-05:00" level=warning msg="Print off screen. y=123 height=75"
time="2026-10-02T12:31:24-05:00" level=warning msg="Print off screen. y=124 height=75"
time="2026-10-02T12:31:24-05:00" level=warning msg="Print off screen. y=125 height=75"
time="2026-10-02T12:31:24-05:00" level=warning msg="Print off screen. y=126 height=75"
time="2026-10-02T12:31:24-05:00" level=warning msg="Print off screen. y=127 height=75"
time="2026-10-02T12:31:24-05:00" level=warning msg="Print off screen. y=128 height=75"
time="2026-10-02T12:31:24-05:00" level=warning msg="Print off screen. y=129 height=75"
time="2026-10-02T12:31:24-05:00" level=warning msg="Print off screen. y=130 height=75"
time="2026-10-02T12:31:24-05:00" level=warning msg="Print off screen. y=131 height=75"
time="2026-10-02T12:31:24-05:00" level=warning msg="Print off screen. y=132 height=75"
time="2026-10-02T12:31:24-05:00" level=warning msg="Print off screen. y=133 height=75"
time="2026-10-02T12:31:24-05:00" level=warning msg="Print off screen. y=134 height=75"
time="2026-10-02T12:31:24-05:00" level=warning msg="Print off screen. y=135 height=75"
time="2026-10-02T12:31:24-05:00" level=warning msg="Print off screen. y=136 height=75"
time="2026-10-02T12:31:24-05:00" level=warning msg="Print off screen. y=137 height=75"
time="2026-10-02T12:31:24-05:00" level=warning msg="Print off screen. y=138 height=75"
time="2026-10-02T12:31:24-05:00" level=warning msg="Print off screen. y=139 height=75"
time="2026-10-02T12:31:24-05:00" level=warning msg="Print off screen. y=140 height=75"
time="2026-10-02T12:31:24-05:00" level=warning msg="Print off screen. y=141 height=75"
time="2026-10-02T12:31:24-05:00" level=warning msg="Print off screen. y=142 height=75"
time="2026-10-02T12:31:24-05:00" level=warning msg="Print off screen. y=143 height=75"
time="2026-10-02T12:31:24-05:00" level=warning msg="Print off screen. y=144 height=75"
time="2026-10-02T12:31:24-05:00" level=warning msg="Print off screen. y=145 height=75"
time="2026-10-02T12:31:24-05:00" level=warning msg="Print off screen. y=146 height=75"
time="2026-10-02T12:31:24-05:00" level=warning msg="Print off screen. y=147 height=75"
time="2026-10-02T12:31:24-05:00" level=warning msg="Print off screen. y=148 height=75"
time="2026-10-02T12:31:24-05:00" level=warning msg="Print off screen. y=149 height=75"
time="2026-10-02T12:31:24-05:00" level=warning msg="Print off screen. y=150 height=75"
time="2026-10-02T12:31:24-05:00" level=warning msg="Print off screen. y=151 height=75"
time="2026-10-02T12:31:24-05:00" level=warning msg="Print off screen. y=152 height=75"
time="2026-10-02T12:31:24-05:00" level=warning msg="Print off screen. y=153 height=75"
time="2026-10-02T12:31:24-05:00" level=warning msg="Print off screen. y=154 height=75"
time="2026-10-02T12:31:24-05:00" level=warning msg="Print off screen. y=155 height=75"
time="2026-10-02T12:31:24-05:00" level=warning msg="Print off screen. y=156 height=75"
time="2026-10-02T12:31:24-05:00" level=warning msg="Print off screen. y=157 height=75"
time="2026-10-02T12:31:24-05:00" level=warning msg="Print off screen. y=158 height=75"
time="2026-10-02T12:31:24-05:00" level=warning msg="Print off screen. y=159 height=75"
time="2026-10-02T12:31:24-05:00" level=warning msg="Print off screen. y=160 height=75"
time="2026-10-02T12:31:24-05:00" level=warning msg="Print off screen. y=161 height=75"
time="2026-10-02T12:31:24-05:00" level=warning msg="Print off screen. y=162 height=75"
time="2026-10-02T12:31:24-05:00" level=warning msg="Print off screen. y=163 height=75"
time="2026-10-02T12:31:24-05:00" level=warning msg="Print off screen. y=164 height=75"
time="2026-10-02T12:31:24-05:00" level=warning msg="Print off screen. y=165 height=75"
time="2026-10-02T12:31:24-05:00" level=warning msg="Print off screen. y=166 height=75"
time="2026-10-02T12:31:24-05:00" level=warning msg="Print off screen. y=167 height=75"
time="2026-10-02T12:31:24-05:00" level=warning msg="Print off screen. y=168 height=75"
time="2026-10-02T12:31:24-05:00" level=warning msg="Print off screen. y=169 height=75"
time="2026-10-02T12:31:24-05:00" level=warning msg="Print off screen. y=170 height=75"
time="2026-10-02T12:31:24-05:00" level=warning msg="Print off screen. y=171 height=75"
time="2026-10-02T12:31:24-05:00" level=warning msg="Print off screen. y=172 height=75"
time="2026-10-02T12:31:24-05:00" level=warning msg="Print off screen. y=173 height=75"
time="2026-10-02T12:31:24-05:00" level=warning msg="Print off screen. y=174 height=75"
time="2026-10-02T12:31:24-05:00" level=warning msg="Print off screen. y=175 height=75"
time="2026-10-02T12:31:24-05:00" level=warning msg="Print off screen. y=176 height=75"
time="2026-10-02T12:31:24-05:00" level=warning msg="Print off screen. y=177 height=75"
time="2026-10-02T12:31:24-05:00" level=warning msg="Print off screen. y=178 height=75"
time="2026-10-02T12:31:24-05:00" level=warning msg="Print off screen. y=179 height=75"
time="2026-10-02T12:31:24-05:00" level=warning msg="Print off screen. y=180 height=75"
time="2026-10-02T12:31:24-05:00" level=warning msg="Print off screen. y=181 height=75"
time="2026-10-02T12:31:24-05:00" level=warning msg="Print off screen. y=182 height=75"
time="2026-10-02T12:31:24-05:00" level=warning msg="Print off screen. y=183 height=75"
time="2026-10-02T12:31:24-05:00" level=warning msg="Print off screen. y=184 height=75"
time="2026-10-02T12:31:24-05:00" level=warning msg="Print off screen. y=185 height=75"
time="2026-10-02T12:31:24-05:00" level=warning msg="Print off screen. y=186 height=75"
time="2026-10-02T12:31:24-05:00" level=warning msg="Print off screen. y=187 height=75"
time="2026-10-02T12:31:24-05:00" level=warning msg="Print off screen. y=188 height=75"
time="2026-10-02T12:31:24-05:00" level=warning msg="Print off screen. y=189 height=75"
time="2026-10-02T12:31:24-05:00" level=warning msg="Print off screen. y=190 height=75"
time="2026-10-02T12:31:24-05:00" level=warning msg="Print off screen. y=191 height=75"
time="2026-10-02T12:31:24-05:00" level=warning msg="Print off screen. y=192 height=75"
time="2026-10-02T12:31:24-05:00" level=warning msg="Print off screen. y=193 height=75"
time="2026-10-02T12:31:24-05:00" level=warning msg="Print off screen. y=194 height=75"
time="2026-10-02T12:31:24-05:00" level=warning msg="Print off screen. y=195 height=75"
time="2026-10-02T12:31:24-05:00" level=warning msg="Print off screen. y=196 height=75"
time="2026-10-02T12:31:24-05:00" level=warning msg="Print off screen. y=197 height=75"
time="2026-10-02T12:31:24-05:00" level=warning msg="Print off screen. y=198 height=75"
time="2026-10-02T12:31:24-05:00" level=warning msg="Print off screen. y=199 height=75"
time="2026-10-02T12:31:24-05:00" level=warning msg="Print off screen. y=200 height=75"
time="2026-10-02T12:31:24-05:00" level=warning msg="Print off screen. y=201 height=75"
time="2026-10-02T12:31:24-05:00" level=warning msg="Print off screen. y=202 height=75"
time="2026-10-02T12:31:24-05:00" level=warning msg="Print off screen. y=203 height=75"
time="2026-10-02T12:31:24-05:00" level=warning msg="Print off screen. y=204 height=75"
time="2026-10-02T12:31:24-05:00" level=warning msg="Print off screen. y=205 height=75"
time="2026-10-02T12:31:24-05:00" level=warning msg="Print off screen. y=206 height=75"
time="2026-10-02T12:31:24-05:00" level=warning msg="Print off screen. y=207 height=75"
time="2026-10-02T12:31:24-05:00" level=warning msg="Print off screen. y=208 height=75"
time="2026-10-02T12:31:24-05:00" level=warning msg="Print off screen. y=209 height=75"
time="2026-10-02T12:31:24-05:00" level=warning msg="Print off screen. y=210 height=75"
time="2026-10-02T12:31:24-05:00" level=warning msg="Print off screen. y=211 height=75"
time="2026-10-02T12:31:24-05:00" level=warning msg="Print off screen. y=212 height=75"
time="2026-10-02T12:31:24-05:00" level=warning msg="Print off screen. y=213 height=75"
time="2026-10-02T12:31:24-05:00" level=warning msg="Print off screen. y=214 height=75"
time="2026-10-02T12:31:24-05:00" level=warning msg="Print off screen. y=215 height=75"
time="2026-10-02T12:31:24-05:00" level=warning msg="Print off screen. y=216 height=75"
time="2026-10-02T12:31:24-05:00" level=warning msg="Print off screen. y=217 height=75"
time="2026-10-02T12:31:24-05:00" level=warning msg="Print off screen. y=218 height=75"
time="2026-10-02T12:31:24-05:00" level=warning msg="Print off screen. y=219 height=75"
time="2026-10-02T12:31:24-05:00" level=warning msg="Print off screen. y=220 height=75"
time="2026-10-02T12:31:24-05:00" level=warning msg="Print off screen. y=221 height=75"
time="2026-10-02T12:31:24-05:00" level=warning msg="Print off screen. y=222 height=75"
time="2026-10-02T12:31:24-05:00" level=warning msg="Print off screen. y=223 height=75"
time="2026-10-02T12:31:24-05:00" level=warning msg="Print off screen. y=224 height=75"
time="2026-10-02T12:31:24-05:00" level=warning msg="Print off screen. y=225 height=75"
time="2026-10-02T12:31:24-05:00" level=warning msg="Print off screen. y=226 height=75"
time="2026-10-02T12:31:24-05:00" level=warning msg="Print off screen. y=227 height=75"
time="2026-10-02T12:31:24-05:00" level=warning msg="Print off screen. y=228 height=75"
time="2026-10-02T12:31:24-05:00" level=warning msg="Print off screen. y=229 height=75"
time="2026-10-02T12:31:24-05:00" level=warning msg="Print off screen. y=230 height=75"
time="2026-10-02T12:31:24-05:00" level=warning msg="Print off screen. y=231 height=75"
time="2026-10-02T12:31:24-05:00" level=warning msg="Print off screen. y=232 height=75"
time="2026-10-02T12:31:24-05:00" level=warning msg="Print off screen. y=233 height=75"
time="2026-10-02T12:31:24-05:00" level=warning msg="Print off screen. y=234 height=75"
time="2026-10-02T12:31:24-05:00" level=warning msg="Print off screen. y=235 height=75"
time="2026-10-02T12:31:24-05:00" level=warning msg="Print off screen. y=236 height=75"
time="2026-10-02T12:31:24-05:00" level=warning msg="Print off screen. y=237 height=75"
time="2026-10-02T12:31:24-05:00" level=warning msg="Print off screen. y=238 height=75"
time="2026-10-02T12:31:24-05:00" level=warning msg="Print off screen. y=239 height=75"
time="2026-10-02T12:31:24-05:00" level=warning msg="Print off screen. y=240 height=75"
time="2026-10-02T12:31:24-05:00" level=warning msg="Print off screen. y=241 height=75"
time="2026-10-02T12:31:24-05:00" level=warning msg="Print off screen. y=242 height=75"
time="2026-10-02T12:31:24-05:00" level=warning msg="Print off screen. y=243 height=75"
time="2026-10-02T12:31:24-05:00" level=warning msg="Print off screen. y=244 height=75"
time="2026-10-02T12:31:24-05:00" level=warning msg="Print off screen. y=245 height=75"
time="2026-10-02T12:31:24-05:00" level=warning msg="Print off screen. y=246 height=75"
time="2026-10-02T12:31:24-05:00" level=warning msg="Print off screen. y=247 height=75"
time="2026-10-02T12:31:24-05:00" level=warning msg="Print off screen. y=248 height=75"
time="2026-10-02T12:31:24-05:00" level=warning msg="Print off screen. y=249 height=75"
time="2026-10-02T12:31:24-05:00" level=warning msg="Print off screen. y=250 height=75"
time="2026-10-02T12:31:24-05:00" level=warning msg="Print off screen. y=251 height=75"
time="2026-10-02T12:31:24-05:00" level=warning msg="Print off screen. y=252 height=75"
time="2026-10-02T12:31:24-05:00" level=warning msg="Print off screen. y=253 height=75"
time="2026-10-02T12:31:24-05:00" level=warning msg="Print off screen. y=254 height=75"
time="2026-10-02T12:31:24-05:00" level=warning msg="Print off screen. y=255 height=75"
time="2026-10-02T12:31:24-05:00" level=warning msg="Print off screen. y=256 height=75"
time="2026-10-02T12:31:24-05:00" level=warning msg="Print off screen. y=257 height=75"
time="2026-10-02T12:31:24-05:00" level=warning msg="Print off screen. y=258 height=75"
time="2026-10-02T12:31:24-05:00" level=warning msg="Print off screen. y=259 height=75"
time="2026-10-02T12:31:24-05:00" level=warning msg="Print off screen. y=260 height=75"
time="2026-10-02T12:31:24-05:00" level=warning msg="Print off screen. y=261 height=75"
time="2026-10-02T12:31:24-05:00" level=warning msg="Print off screen. y=262 height=75"
time="2026-10-02T12:31:24-05:00" level=warning msg="Print off screen. y=263 height=75"
time="2026-10-02T12:31:24-05:00" level=warning msg="Print off screen. y=264 height=75"
time="2026-10-02T12:31:24-05:00" level=warning msg="Print off screen. y=265 height=75"
time="2026-10-02T12:31:24-05:00" level=warning msg="Print off screen. y=266 height=75"
time="2026-10-02T12:31:24-05:00" level=warning msg="Print off screen. y=267 height=75"
time="2026-10-02T12:31:24-05:00" level=warning msg="Print off screen. y=268 height=75"
time="2026-10-02T12:31:24-05:00" level=warning msg="Print off screen. y=269 height=75"
time="2026-10-02T12:31:24-05:00" level=warning msg="Print off screen. y=270 height=75"
time="2026-10-02T12:31:24-05:00" level=warning msg="Print off screen. y=271 height=75"
time="2026-10-02T12:31:24-05:00" level=warning msg="Print off screen. y=75 height=75"
time="2026-10-02T12:31:24-05:00" level=warning msg="Print off screen. y=76 height=75"
time="2026-10-02T12:31:24-05:00" level=warning msg="Print off screen. y=77 height=75"
time="2026-10-02T12:31:24-05:00" level=warning msg="Print off screen. y=78 height=75"
time="2026-10-02T12:31:24-05:00" level=warning msg="Print off screen. y=79 height=75"
time="2026-10-02T12:31:24-05:00" level=warning msg="Print off screen. y=80 height=75"
time="2026-10-02T12:31:24-05:00" level=warning msg="Print off screen. y=81 height=75"
time="2026-10-02T12:31:24-05:00" level=warning msg="Print off screen. y=82 height=75"
time="2026-10-02T12:31:24-05:00" level=warning msg="Print off screen. y=83 height=75"
time="2026-10-02T12:31:24-05:00" level=warning msg="Print off screen. y=84 height=75"
time="2026-10-02T12:31:24-05:00" level=warning msg="Print off screen. y=85 height=75"
time="2026-10-02T12:31:24-05:00" level=warning msg="Print off screen. y=86 height=75"
time="2026-10-02T12:31:24-05:00" level=warning msg="Print off screen. y=87 height=75"
time="2026-10-02T12:31:24-05:00" level=warning msg="Print off screen. y=88 height=75"
time="2026-10-02T12:31:24-05:00" level=warning msg="Print off screen. y=89 height=75"
time="2026-10-02T12:31:24-05:00" level=warning msg="Print off screen. y=90 height=75"
time="2026-10-02T12:31:24-05:00" level=warning msg="Print off screen. y=91 height=75"
time="2026-10-02T12:31:24-05:00" level=warning msg="Print off screen. y=92 height=75"
time="2026-10-02T12:31:24-05:00" level=warning msg="Print off screen. y=93 height=75"
time="2026-10-02T12:31:24-05:00" level=warning msg="Print off screen. y=94 height=75"
time="2026-10-02T12:31:24-05:00" level=warning msg="Print off screen. y=95 height=75"
time="2026-10-02T12:31:24-05:00" level=warning msg="Print off screen. y=96 height=75"
time="2026-10-02T12:31:24-05:00" level=warning msg="Print off screen. y=97 height=75"
time="2026-10-02T12:31:24-05:00" level=warning msg="Print off screen. y=98 height=75"
time="2026-10-02T12:31:24-05:00" level=warning msg="Print off screen. y=99 height=75"
time="2026-10-02T12:31:24-05:00" level=warning msg="Print off screen. y=100 height=75"
time="2026-10-02T12:31:24-05:00" level=warning msg="Print off screen. y=101 height=75"
time="2026-10-02T12:31:24-05:00" level=warning msg="Print off screen. y=102 height=75"
time="2026-10-02T12:31:24-05:00" level=warning msg="Print off screen. y=103 height=75"
time="2026-10-02T12:31:24-05:00" level=warning msg="Print off screen. y=104 height=75"
time="2026-10-02T12:31:24-05:00" level=warning msg="Print off screen. y=105 height=75"
time="2026-10-02T12:31:24-05:00" level=warning msg="Print off screen. y=106 height=75"
time="2026-10-02T12:31:24-05:00" level=warning msg="Print off screen. y=107 height=75"
time="2026-10-02T12:31:24-05:00" level=warning msg="Print off screen. y=108 height=75"
time="2026-10-02T12:31:24-05:00" level=warning msg="Print off screen. y=109 height=75"
time="2026-10-02T12:31:24-05:00" level=warning msg="Print off screen. y=110 height=75"
time="2026-10-02T12:31:24-05:00" level=warning msg="Print off screen. y=111 height=75"
time="2026-10-02T12:31:24-05:00" level=warning msg="Print off screen. y=112 height=75"
time="2026-10-02T12:31:24-05:00" level=warning msg="Print off screen. y=113 height=75"
time="2026-10-02T12:31:24-05:00" level=warning msg="Print off screen. y=114 height=75"
time="2026-10-02T12:31:24-05:00" level=warning msg="Print off screen. y=115 height=75"
time="2026-10-02T12:31:24-05:00" level=warning msg="Print off screen. y=116 height=75"
time="2026-10-02T12:31:24-05:00" level=warning msg="Print off screen. y=117 height=75"
time="2026-10-02T12:31:24-05:00" level=warning msg="Print off screen. y=118 height=75"
time="2026-10-02T12:31:24-05:00" level=warning msg="Print off screen. y=119 height=75"
time="2026-10-02T12:31:24-05:00" level=warning msg="Print off screen. y=120 height=75"
time="2026-10-02T12:31:24-05:00" level=warning msg="Print off screen. y=121 height=75"
time="2026-10-02T12:31:24-05:00" level=warning msg="Print off screen. y=122 height=75"
time="2026-10-02T12:31:24-05:00" level=warning msg="Print off screen. y=123 height=75"
time="2026-10-02T12:31:24-05:00" level=warning msg="Print off screen. y=124 height=75"
time="2026-10-02T12:31:24-05:00" level=warning msg="Print off screen. y=125 height=75"
time="2026-10-02T12:31:24-05:00" level=warning msg="Print off screen. y=126 height=75"
time="2026-10-02T12:31:24-05:00" level=warning msg="Print off screen. y=127 height=75"
time="2026-10-02T12:31:24-05:00" level=warning msg="Print off screen. y=128 height=75"
time="2026-10-02T12:31:24-05:00" level=warning msg="Print off screen. y=129 height=75"
time="2026-10-02T12:31:24-05:00" level=warning msg="Print off screen. y=130 height=75"
time="2026-10-02T12:31:24-05:00" level=warning msg="Print off screen. y=131 height=75"
time="2026-10-02T12:31:24-05:00" level=warning msg="Print off screen. y=132 height=75"
time="2026-10-02T12:31:24-05:00" level=warning msg="Print off screen. y=133 height=75"
time="2026-10-02T12:31:24-05:00" level=warning msg="Print off screen. y=134 height=75"
time="2026-10-02T12:31:24-05:00" level=warning msg="Print off screen. y=135 height=75"
time="2026-10-02T12:31:24-05:00" level=warning msg="Print off screen. y=136 height=75"
time="2026-10-02T12:31:24-05:00" level=warning msg="Print off screen. y=137 height=75"
time="2026-10-02T12:31:24-05:00" level=warning msg="Print off screen. y=138 height=75"
time="2026-10-02T12:31:24-05:00" level=warning msg="Print off screen. y=139 height=75"
time="2026-10-02T12:31:24-05:00" level=warning msg="Print off screen. y=140 height=75"
time="2026-10-02T12:31:24-05:00" level=warning msg="Print off screen. y=141 height=75"
time="2026-10-02T12:31:24-05:00" level=warning msg="Print off screen. y=142 height=75"
time="2026-10-02T12:31:24-05:00" level=warning msg="Print off screen. y=143 height=75"
time="2026-10-02T12:31:24-05:00" level=warning msg="Print off screen. y=144 height=75"
time="2026-10-02T12:31:24-05:00" level=warning msg="Print off screen. y=145 height=75"
time="2026-10-02T12:31:24-05:00" level=warning msg="Print off screen. y=146 height=75"
time="2026-10-02T12:31:24-05:00" level=warning msg="Print off screen. y=147 height=75"
time="2026-10-02T12:31:24-05:00" level=warning msg="Print off screen. y=148 height=75"
time="2026-10-02T12:31:24-05:00" level=warning msg="Print off screen. y=149 height=75"
time="2026-10-02T12:31:24-05:00" level=warning msg="Print off screen. y=150 height=75"
time="2026-10-02T12:31:24-05:00" level=warning msg="Print off screen. y=151 height=75"
time="2026-10-02T12:31:24-05:00" level=warning msg="Print off screen. y=152 height=75"
time="2026-10-02T12:31:24-05:00" level=warning msg="Print off screen. y=153 height=75"
time="2026-10-02T12:31:24-05:00" level=warning msg="Print off screen. y=154 height=75"
time="2026-10-02T12:31:24-05:00" level=warning msg="Print off screen. y=155 height=75"
time="2026-10-02T12:31:24-05:00" level=warning msg="Print off screen. y=156 height=75"
time="2026-10-02T12:31:24-05:00" level=warning msg="Print off screen. y=157 height=75"
time="2026-10-02T12:31:24-05:00" level=warning msg="Print off screen. y=158 height=75"
time="2026-10-02T12:31:24-05:00" level=warning msg="Print off screen. y=159 height=75"
time="2026-10-02T12:31:24-05:00" level=warning msg="Print off screen. y=160 height=75"
time="2026-10-02T12:31:24-05:00" level=warning msg="Print off screen. y=161 height=75"
time="2026-10-02T12:31:24-05:00" level=warning msg="Print off screen. y=162 height=75"
time="2026-10-02T12:31:24-05:00" level=warning msg="Print off screen. y=163 height=75"
time="2026-10-02T12:31:24-05:00" level=warning msg="Print off screen. y=164 height=75"
time="2026-10-02T12:31:24-05:00" level=warning msg="Print off screen. y=165 height=75"
time="2026-10-02T12:31:24-05:00" level=warning msg="Print off screen. y=166 height=75"
time="2026-10-02T12:31:24-05:00" level=warning msg="Print off screen. y=167 height=75"
time="2026-10-02T12:31:24-05:00" level=warning msg="Print off screen. y=168 height=75"
time="2026-10-02T12:31:24-05:00" level=warning msg="Print off screen. y=169 height=75"
time="2026-10-02T12:31:24-05:00" level=warning msg="Print off screen. y=170 height=75"
time="2026-10-02T12:31:24-05:00" level=warning msg="Print off screen. y=171 height=75"
time="2026-10-02T12:31:24-05:00" level=warning msg="Print off screen. y=172 height=75"
time="2026-10-02T12:31:24-05:00" level=warning msg="Print off screen. y=173 height=75"
time="2026-10-02T12:31:24-05:00" level=warning msg="Print off screen. y=174 height=75"
time="2026-10-02T12:31:24-05:00" level=warning msg="Print off screen. y=175 height=75"
time="2026-10-02T12:31:24-05:00" level=warning msg="Print off screen. y=176 height=75"
time="2026-10-02T12:31:24-05:00" level=warning msg="Print off screen. y=177 height=75"
time="2026-10-02T12:31:24-05:00" level=warning msg="Print off screen. y=178 height=75"
time="2026-10-02T12:31:24-05:00" level=warning msg="Print off screen. y=179 height=75"
time="2026-10-02T12:31:24-05:00" level=warning msg="Print off screen. y=180 height=75"
time="2026-10-02T12:31:24-05:00" level=warning msg="Print off screen. y=181 height=75"
time="2026-10-02T12:31:24-05:00" level=warning msg="Print off screen. y=182 height=75"
time="2026-10-02T12:31:24-05:00" level=warning msg="Print off screen. y=183 height=75"
time="2026-10-02T12:31:24-05:00" level=warning msg="Print off screen. y=184 height=75"
time="2026-10-02T12:31:24-05:00" level=warning msg="Print off screen. y=185 height=75"
time="2026-10-02T12:31:24-05:00" level=warning msg="Print off screen. y=186 height=75"
time="2026-10-02T12:31:24-05:00" level=warning msg="Print off screen. y=187 height=75"
time="2026-10-02T12:31:24-05:00" level=warning msg="Print off screen. y=188 height=75"
time="2026-10-02T12:31:24-05:00" level=warning msg="Print off screen. y=189 height=75"
time="2026-10-02T12:31:24-05:00" level=warning msg="Print off screen. y=190 height=75"
time="2026-10-02T12:31:24-05:00" level=warning msg="Print off screen. y=191 height=75"
time="2026-10-02T12:31:24-05:00" level=warning msg="Print off screen. y=192 height=75"
time="2026-10-02T12:31:24-05:00" level=warning msg="Print off screen. y=193 height=75"
time="2026-10-02T12:31:24-05:00" level=warning msg="Print off screen. y=194 height=75"
time="2026-10-02T12:31:24-05:00" level=warning msg="Print off screen. y=195 height=75"
time="2026-10-02T12:31:24-05:00" level=warning msg="Print off screen. y=196 height=75"
time="2026-10-02T12:31:24-05:00" level=warning msg="Print off screen. y=197 height=75"
time="2026-10-02T12:31:24-05:00" level=warning msg="Print off screen. y=198 height=75"
time="2026-10-02T12:31:24-05:00" level=warning msg="Print off screen. y=199 height=75"
time="2026-10-02T12:31:24-05:00" level=warning msg="Print off screen. y=200 height=75"
time="2026-10-02T12:31:24-05:00" level=warning msg="Print off screen. y=201 height=75"
time="2026-10-02T12:31:24-05:00" level=warning msg="Print off screen. y=202 height=75"
time="2026-10-02T12:31:24-05:00" level=warning msg="Print off screen. y=203 height=75"
time="2026-10-02T12:31:24-05:00" level=warning msg="Print off screen. y=204 height=75"
time="2026-10-02T12:31:24-05:00" level=warning msg="Print off screen. y=205 height=75"
time="2026-10-02T12:31:24-05:00" level=warning msg="Print off screen. y=206 height=75"
time="2026-10-02T12:31:24-05:00" level=warning msg="Print off screen. y=207 height=75"
time="2026-10-02T12:31:24-05:00" level=warning msg="Print off screen. y=208 height=75"
time="2026-10-02T12:31:24-05:00" level=warning msg="Print off screen. y=209 height=75"
time="2026-10-02T12:31:24-05:00" level=warning msg="Print off screen. y=210 height=75"
time="2026-10-02T12:31:24-05:00" level=warning msg="Print off screen. y=211 height=75"
time="2026-10-02T12:31:24-05:00" level=warning msg="Print off screen. y=212 height=75"
time="2026-10-02T12:31:24-05:00" level=warning msg="Print off screen. y=213 height=75"
time="2026-10-02T12:31:24-05:00" level=warning msg="Print off screen. y=214 height=75"
time="2026-10-02T12:31:24-05:00" level=warning msg="Print off screen. y=215 height=75"
time="2026-10-02T12:31:24-05:00" level=warning msg="Print off screen. y=216 height=75"
time="2026-10-02T12:31:24-05:00" level=warning msg="Print off screen. y=217 height=75"
time="2026-10-02T12:31:24-05:00" level=warning msg="Print off screen. y=218 height=75"
time="2026-10-02T12:31:24-05:00" level=warning msg="Print off screen. y=219 height=75"
time="2026-10-02T12:31:24-05:00" level=warning msg="Print off screen. y=220 height=75"
time="2026-10-02T12:31:24-05:00" level=warning msg="Print off screen. y=221 height=75"
time="2026-10-02T12:31:24-05:00" level=warning msg="Print off screen. y=222 height=75"
time="2026-10-02T12:31:24-05:00" level=warning msg="Print off screen. y=223 height=75"
time="2026-10-02T12:31:24-05:00" level=warning msg="Print off screen. y=224 height=75"
time="2026-10-02T12:31:24-05:00" level=warning msg="Print off screen. y=225 height=75"
time="2026-10-02T12:31:24-05:00" level=warning msg="Print off screen. y=226 height=75"
time="2026-10-02T12:31:24-05:00" level=warning msg="Print off screen. y=227 height=75"
time="2026-10-02T12:31:24-05:00" level=warning msg="Print off screen. y=228 height=75"
time="2026-10-02T12:31:24-05:00" level=warning msg="Print off screen. y=229 height=75"
time="2026-10-02T12:31:24-05:00" level=warning msg="Print off screen. y=230 height=75"
time="2026-10-02T12:31:24-05:00" level=warning msg="Print off screen. y=231 height=75"
time="2026-10-02T12:31:24-05:00" level=warning msg="Print off screen. y=232 height=75"
time="2026-10-02T12:31:24-05:00" level=warning msg="Print off screen. y=233 height=75"
time="2026-10-02T12:31:24-05:00" level=warning msg="Print off screen. y=234 height=75"
time="2026-10-02T12:31:24-05:00" level=warning msg="Print off screen. y=235 height=75"
time="2026-10-02T12:31:24-05:00" level=warning msg="Print off screen. y=236 height=75"
time="2026-10-02T12:31:24-05:00" level=warning msg="Print off screen. y=237 height=75"
time="2026-10-02T12:31:24-05:00" level=warning msg="Print off screen. y=238 height=75"
time="2026-10-02T12:31:24-05:00" level=warning msg="Print off screen. y=239 height=75"
time="2026-10-02T12:31:24-05:00" level=warning msg="Print off screen. y=240 height=75"
time="2026-10-02T12:31:24-05:00" level=warning msg="Print off screen. y=241 height=75"
time="2026-10-02T12:31:24-05:00" level=warning msg="Print off screen. y=242 height=75"
time="2026-10-02T12:31:24-05:00" level=warning msg="Print off screen. y=243 height=75"
time="2026-10-02T12:31:24-05:00" level=warning msg="Print off screen. y=244 height=75"
time="2026-10-02T12:31:24-05:00" level=warning msg="Print off screen. y=245 height=75"
time="2026-10-02T12:31:24-05:00" level=warning msg="Print off screen. y=246 height=75"
time="2026-10-02T12:31:24-05:00" level=warning msg="Print off screen. y=247 height=75"
time="2026-10-02T12:31:24-05:00" level=warning msg="Print off screen. y=248 height=75"
time="2026-10-02T12:31:24-05:00" level=warning msg="Print off screen. y=249 height=75"
time="2026-10-02T12:31:24-05:00" level=warning msg="Print off screen. y=250 height=75"
time="2026-10-02T12:31:24-05:00" level=warning msg="Print off screen. y=251 height=75"
time="2026-10-02T12:31:24-05:00" level=warning msg="Print off screen. y=252 height=75"
time="2026-10-02T12:31:24-05:00" level=warning msg="Print off screen. y=253 height=75"
time="2026-10-02T12:31:24-05:00" level=warning msg="Print off screen. y=254 height=75"
time="2026-10-02T12:31:24-05:00" level=warning msg="Print off screen. y=255 height=75"
time="2026-10-02T12:31:24-05:00" level=warning msg="Print off screen. y=256 height=75"
time="2026-10-02T12:31:24-05:00" level=warning msg="Print off screen. y=257 height=75"
time="2026-10-02T12:31:24-05:00" level=warning msg="Print off screen. y=258 height=75"
time="2026-10-02T12:31:24-05:00" level=warning msg="Print off screen. y=259 height=75"
time="2026-10-02T12:31:24-05:00" level=warning msg="Print off screen. y=260 height=75"
time="2026-10-02T12:31:24-05:00" level=warning msg="Print off screen. y=261 height=75"
time="2026-10-02T12:31:24-05:00" level=warning msg="Print off screen. y=262 height=75"
time="2026-10-02T12:31:24-05:00" level=warning msg="Print off screen. y=263 height=75"
time="2026-10-02T12:31:24-05:00" level=warning msg="Print off screen. y=264 height=75"
time="2026-10-02T12:31:24-05:00" level=warning msg="Print off screen. y=265 height=75"
time="2026-10-02T12:31:24-05:00" level=warning msg="Print off screen. y=266 height=75"
time="2026-10-02T12:31:24-05:00" level=warning msg="Print off screen. y=267 height=75"
time="2026-10-02T12:31:24-05:00" level=warning msg="Print off screen. y=268 height=75"
time="2026-10-02T12:31:24-05:00" level=warning msg="Print off screen. y=269 height=75"
time="2026-10-02T12:31:24-05:00" level=warning msg="Print off screen. y=270 height=75"
time="2026-10-02T12:31:24-05:00" level=warning msg="Print off screen. y=271 height=75"
time="2026-10-02T12:31:27-05:00" level=warning msg="Print off screen. y=75 height=75"
time="2026-10-02T12:31:27-05:00" level=warning msg="Print off screen. y=76 height=75"
time="2026-10-02T12:31:27-05:00" level=warning msg="Print off screen. y=77 height=75"
time="2026-10-02T12:31:27-05:00" level=warning msg="Print off screen. y=78 height=75"
time="2026-10-02T12:31:27-05:00" level=warning msg="Print off screen. y=79 height=75"
time="2026-10-02T12:31:27-05:00" level=warning msg="Print off screen. y=80 height=75"
time="2026-10-02T12:31:27-05:00" level=warning msg="Print off screen. y=81 height=75"
time="2026-10-02T12:31:27-05:00" level=warning msg="Print off screen. y=82 height=75"
time="2026-10-02T12:31:27-05:00" level=warning msg="Print off screen. y=83 height=75"
time="2026-10-02T12:31:27-05:00" level=warning msg="Print off screen. y=84 height=75"
time="2026-10-02T12:31:27-05:00" level=warning msg="Print off screen. y=85 height=75"
time="2026-10-02T12:31:27-05:00" level=warning msg="Print off screen. y=86 height=75"
time="2026-10-02T12:31:27-05:00" level=warning msg="Print off screen. y=87 height=75"
time="2026-10-02T12:31:27-05:00" level=warning msg="Print off screen. y=88 height=75"
time="2026-10-02T12:31:27-05:00" level=warning msg="Print off screen. y=89 height=75"
time="2026-10-02T12:31:27-05:00" level=warning msg="Print off screen. y=90 height=75"
time="2026-10-02T12:31:27-05:00" level=warning msg="Print off screen. y=91 height=75"
time="2026-10-02T12:31:27-05:00" level=warning msg="Print off screen. y=92 height=75"
time="2026-10-02T12:31:27-05:00" level=warning msg="Print off screen. y=93 height=75"
time="2026-10-02T12:31:27-05:00" level=warning msg="Print off screen. y=94 height=75"
time="2026-10-02T12:31:27-05:00" level=warning msg="Print off screen. y=95 height=75"
time="2026-10-02T12:31:27-05:00" level=warning msg="Print off screen. y=96 height=75"
time="2026-10-02T12:31:27-05:00" level=warning msg="Print off screen. y=97 height=75"
time="2026-10-02T12:31:27-05:00" level=warning msg="Print off screen. y=98 height=75"
time="2026-10-02T12:31:27-05:00" level=warning msg="Print off screen. y=99 height=75"
time="2026-10-02T12:31:27-05:00" level=warning msg="Print off screen. y=100 height=75"
time="2026-10-02T12:31:27-05:00" level=warning msg="Print off screen. y=101 height=75"
time="2026-10-02T12:31:27-05:00" level=warning msg="Print off screen. y=102 height=75"
time="2026-10-02T12:31:27-05:00" level=warning msg="Print off screen. y=103 height=75"
time="2026-10-02T12:31:27-05:00" level=warning msg="Print off screen. y=104 height=75"
time="2026-10-02T12:31:27-05:00" level=warning msg="Print off screen. y=105 height=75"
time="2026-10-02T12:31:27-05:00" level=warning msg="Print off screen. y=106 height=75"
time="2026-10-02T12:31:27-05:00" level=warning msg="Print off screen. y=107 height=75"
time="2026-10-02T12:31:27-05:00" level=warning msg="Print off screen. y=108 height=75"
time="2026-10-02T12:31:27-05:00" level=warning msg="Print off screen. y=109 height=75"
time="2026-10-02T12:31:27-05:00" level=warning msg="Print off screen. y=110 height=75"
time="2026-10-02T12:31:27-05:00" level=warning msg="Print off screen. y=111 height=75"
time="2026-10-02T12:31:27-05:00" level=warning msg="Print off screen. y=112 height=75"
time="2026-10-02T12:31:27-05:00" level=warning msg="Print off screen. y=113 height=75"
time="2026-10-02T12:31:27-05:00" level=warning msg="Print off screen. y=114 height=75"
time="2026-10-02T12:31:27-05:00" level=warning msg="Print off screen. y=115 height=75"
time="2026-10-02T12:31:27-05:00" level=warning msg="Print off screen. y=116 height=75"
time="2026-10-02T12:31:27-05:00" level=warning msg="Print off screen. y=117 height=75"
time="2026-10-02T12:31:27-05:00" level=warning msg="Print off screen. y=118 height=75"
time="2026-10-02T12:31:27-05:00" level=warning msg="Print off screen. y=119 height=75"
time="2026-10-02T12:31:27-05:00" level=warning msg="Print off screen. y=120 height=75"
time="2026-10-02T12:31:27-05:00" level=warning msg="Print off screen. y=121 height=75"
time="2026-10-02T12:31:27-05:00" level=warning msg="Print off screen. y=122 height=75"
time="2026-10-02T12:31:27-05:00" level=warning msg="Print off screen. y=123 height=75"
time="2026-10-02T12:31:27-05:00" level=warning msg="Print off screen. y=124 height=75"
time="2026-10-02T12:31:27-05:00" level=warning msg="Print off screen. y=125 height=75"
time="2026-10-02T12:31:27-05:00" level=warning msg="Print off screen. y=126 height=75"
time="2026-10-02T12:31:27-05:00" level=warning msg="Print off screen. y=127 height=75"
time="2026-10-02T12:31:27-05:00" level=warning msg="Print off screen. y=128 height=75"
time="2026-10-02T12:31:27-05:00" level=warning msg="Print off screen. y=129 height=75"
time="2026-10-02T12:31:27-05:00" level=warning msg="Print off screen. y=130 height=75"
time="2026-10-02T12:31:27-05:00" level=warning msg="Print off screen. y=131 height=75"
time="2026-10-02T12:31:27-05:00" level=warning msg="Print off screen. y=132 height=75"
time="2026-10-02T12:31:27-05:00" level=warning msg="Print off screen. y=133 height=75"
time="2026-10-02T12:31:27-05:00" level=warning msg="Print off screen. y=134 height=75"
time="2026-10-02T12:31:27-05:00" level=warning msg="Print off screen. y=135 height=75"
time="2026-10-02T12:31:27-05:00" level=warning msg="Print off screen. y=136 height=75"
time="2026-10-02T12:31:27-05:00" level=warning msg="Print off screen. y=137 height=75"
time="2026-10-02T12:31:27-05:00" level=warning msg="Print off screen. y=138 height=75"
time="2026-10-02T12:31:27-05:00" level=warning msg="Print off screen. y=139 height=75"
time="2026-10-02T12:31:27-05:00" level=warning msg="Print off screen. y=140 height=75"
time="2026-10-02T12:31:27-05:00" level=warning msg="Print off screen. y=141 height=75"
time="2026-10-02T12:31:27-05:00" level=warning msg="Print off screen. y=142 height=75"
time="2026-10-02T12:31:27-05:00" level=warning msg="Print off screen. y=143 height=75"
time="2026-10-02T12:31:27-05:00" level=warning msg="Print off screen. y=144 height=75"
time="2026-10-02T12:31:27-05:00" level=warning msg="Print off screen. y=145 height=75"
time="2026-10-02T12:31:27-05:00" level=warning msg="Print off screen. y=146 height=75"
time="2026-10-02T12:31:27-05:00" level=warning msg="Print off screen. y=147 height=75"
time="2026-10-02T12:31:27-05:00" level=warning msg="Print off screen. y=148 height=75"
time="2026-10-02T12:31:27-05:00" level=warning msg="Print off screen. y=149 height=75"
time="2026-10-02T12:31:27-05:00" level=warning msg="Print off screen. y=150 height=75"
time="2026-10-02T12:31:27-05:00" level=warning msg="Print off screen. y=151 height=75"
time="2026-10-02T12:31:27-05:00" level=warning msg="Print off screen. y=152 height=75"
time="2026-10-02T12:31:27-05:00" level=warning msg="Print off screen. y=153 height=75"
time="2026-10-02T12:31:27-05:00" level=warning msg="Print off screen. y=154 height=75"
time="2026-10-02T12:31:27-05:00" level=warning msg="Print off screen. y=155 height=75"
time="2026-10-02T12:31:27-05:00" level=warning msg="Print off screen. y=156 height=75"
time="2026-10-02T12:31:27-05:00" level=warning msg="Print off screen. y=157 height=75"
time="2026-10-02T12:31:27-05:00" level=warning msg="Print off screen. y=158 height=75"
time="2026-10-02T12:31:27-05:00" level=warning msg="Print off screen. y=159 height=75"
time="2026-10-02T12:31:27-05:00" level=warning msg="Print off screen. y=160 height=75"
time="2026-10-02T12:31:27-05:00" level=warning msg="Print off screen. y=161 height=75"
time="2026-10-02T12:31:27-05:00" level=warning msg="Print off screen. y=162 height=75"
time="2026-10-02T12:31:27-05:00" level=warning msg="Print off screen. y=163 height=75"
time="2026-10-02T12:31:27-05:00" level=warning msg="Print off screen. y=164 height=75"
time="2026-10-02T12:31:27-05:00" level=warning msg="Print off screen. y=165 height=75"
time="2026-10-02T12:31:27-05:00" level=warning msg="Print off screen. y=166 height=75"
time="2026-10-02T12:31:27-05:00" level=warning msg="Print off screen. y=167 height=75"
time="2026-10-02T12:31:27-05:00" level=warning msg="Print off screen. y=168 height=75"
time="2026-10-02T12:31:27-05:00" level=warning msg="Print off screen. y=169 height=75"
time="2026-10-02T12:31:27-05:00" level=warning msg="Print off screen. y=170 height=75"
time="2026-10-02T12:31:27-05:00" level=warning msg="Print off screen. y=171 height=75"
time="2026-10-02T12:31:27-05:00" level=warning msg="Print off screen. y=172 height=75"
time="2026-10-02T12:31:27-05:00" level=warning msg="Print off screen. y=173 height=75"
time="2026-10-02T12:31:27-05:00" level=warning msg="Print off screen. y=174 height=75"
time="2026-10-02T12:31:27-05:00" level=warning msg="Print off screen. y=175 height=75"
time="2026-10-02T12:31:27-05:00" level=warning msg="Print off screen. y=176 height=75"
time="2026-10-02T12:31:27-05:00" level=warning msg="Print off screen. y=177 height=75"
time="2026-10-02T12:31:27-05:00" level=warning msg="Print off screen. y=178 height=75"
time="2026-10-02T12:31:27-05:00" level=warning msg="Print off screen. y=179 height=75"
time="2026-10-02T12:31:27-05:00" level=warning msg="Print off screen. y=180 height=75"
time="2026-10-02T12:31:27-05:00" level=warning msg="Print off screen. y=181 height=75"
time="2026-10-02T12:31:27-05:00" level=warning msg="Print off screen. y=182 height=75"
time="2026-10-02T12:31:27-05:00" level=warning msg="Print off screen. y=183 height=75"
time="2026-10-02T12:31:27-05:00" level=warning msg="Print off screen. y=184 height=75"
time="2026-10-02T12:31:27-05:00" level=warning msg="Print off screen. y=185 height=75"
time="2026-10-02T12:31:27-05:00" level=warning msg="Print off screen. y=186 height=75"
time="2026-10-02T12:31:27-05:00" level=warning msg="Print off screen. y=187 height=75"
time="2026-10-02T12:31:27-05:00" level=warning msg="Print off screen. y=188 height=75"
time="2026-10-02T12:31:27-05:00" level=warning msg="Print off screen. y=189 height=75"
time="2026-10-02T12:31:27-05:00" level=warning msg="Print off screen. y=190 height=75"
time="2026-10-02T12:31:27-05:00" level=warning msg="Print off screen. y=191 height=75"
time="2026-10-02T12:31:27-05:00" level=warning msg="Print off screen. y=192 height=75"
time="2026-10-02T12:31:27-05:00" level=warning msg="Print off screen. y=193 height=75"
time="2026-10-02T12:31:27-05:00" level=warning msg="Print off screen. y=194 height=75"
time="2026-10-02T12:31:27-05:00" level=warning msg="Print off screen. y=195 height=75"
time="2026-10-02T12:31:27-05:00" level=warning msg="Print off screen. y=196 height=75"
time="2026-10-02T12:31:27-05:00" level=warning msg="Print off screen. y=197 height=75"
time="2026-10-02T12:31:27-05:00" level=warning msg="Print off screen. y=198 height=75"
time="2026-10-02T12:31:27-05:00" level=warning msg="Print off screen. y=199 height=75"
time="2026-10-02T12:31:27-05:00" level=warning msg="Print off screen. y=200 height=75"
time="2026-10-02T12:31:27-05:00" level=warning msg="Print off screen. y=201 height=75"
time="2026-10-02T12:31:27-05:00" level=warning msg="Print off screen. y=202 height=75"
time="2026-10-02T12:31:27-05:00" level=warning msg="Print off screen. y=203 height=75"
time="2026-10-02T12:31:27-05:00" level=warning msg="Print off screen. y=204 height=75"
time="2026-10-02T12:31:27-05:00" level=warning msg="Print off screen. y=205 height=75"
time="2026-10-02T12:31:27-05:00" level=warning msg="Print off screen. y=206 height=75"
time="2026-10-02T12:31:27-05:00" level=warning msg="Print off screen. y=207 height=75"
time="2026-10-02T12:31:27-05:00" level=warning msg="Print off screen. y=208 height=75"
time="2026-10-02T12:31:27-05:00" level=warning msg="Print off screen. y=209 height=75"
time="2026-10-02T12:31:27-05:00" level=warning msg="Print off screen. y=210 height=75"
time="2026-10-02T12:31:27-05:00" level=warning msg="Print off screen. y=211 height=75"
time="2026-10-02T12:31:27-05:00" level=warning msg="Print off screen. y=212 height=75"
time="2026-10-02T12:31:27-05:00" level=warning msg="Print off screen. y=213 height=75"
time="2026-10-02T12:31:27-05:00" level=warning msg="Print off screen. y=214 height=75"
time="2026-10-02T12:31:27-05:00" level=warning msg="Print off screen. y=215 height=75"
time="2026-10-02T12:31:27-05:00" level=warning msg="Print off screen. y=216 height=75"
time="2026-10-02T12:31:27-05:00" level=warning msg="Print off screen. y=217 height=75"
time="2026-10-02T12:31:27-05:00" level=warning msg="Print off screen. y=218 height=75"
time="2026-10-02T12:31:27-05:00" level=warning msg="Print off screen. y=219 height=75"
time="2026-10-02T12:31:27-05:00" level=warning msg="Print off screen. y=220 height=75"
time="2026-10-02T12:31:27-05:00" level=warning msg="Print off screen. y=221 height=75"
time="2026-10-02T12:31:27-05:00" level=warning msg="Print off screen. y=222 height=75"
time="2026-10-02T12:31:27-05:00" level=warning msg="Print off screen. y=223 height=75"
time="2026-10-02T12:31:27-05:00" level=warning msg="Print off screen. y=224 height=75"
time="2026-10-02T12:31:27-05:00" level=warning msg="Print off screen. y=225 height=75"
time="2026-10-02T12:31:27-05:00" level=warning msg="Print off screen. y=226 height=75"
time="2026-10-02T12:31:27-05:00" level=warning msg="Print off screen. y=227 height=75"
time="2026-10-02T12:31:27-05:00" level=warning msg="Print off screen. y=228 height=75"
time="2026-10-02T12:31:27-05:00" level=warning msg="Print off screen. y=229 height=75"
time="2026-10-02T12:31:27-05:00" level=warning msg="Print off screen. y=230 height=75"
time="2026-10-02T12:31:27-05:00" level=warning msg="Print off screen. y=231 height=75"
time="2026-10-02T12:31:27-05:00" level=warning msg="Print off screen. y=232 height=75"
time="2026-10-02T12:31:27-05:00" level=warning msg="Print off screen. y=233 height=75"
time="2026-10-02T12:31:27-05:00" level=warning msg="Print off screen. y=234 height=75"
time="2026-10-02T12:31:27-05:00" level=warning msg="Print off screen. y=235 height=75"
time="2026-10-02T12:31:27-05:00" level=warning msg="Print off screen. y=236 height=75"
time="2026-10-02T12:31:27-05:00" level=warning msg="Print off screen. y=237 height=75"
time="2026-10-02T12:31:27-05:00" level=warning msg="Print off screen. y=238 height=75"
time="2026-10-02T12:31:27-05:00" level=warning msg="Print off screen. y=239 height=75"
time="2026-10-02T12:31:27-05:00" level=warning msg="Print off screen. y=240 height=75"
time="2026-10-02T12:31:27-05:00" level=warning msg="Print off screen. y=241 height=75"
time="2026-10-02T12:31:27-05:00" level=warning msg="Print off screen. y=242 height=75"
time="2026-10-02T12:31:27-05:00" level=warning msg="Print off screen. y=243 height=75"
time="2026-10-02T12:31:27-05:00" level=warning msg="Print off screen. y=244 height=75"
time="2026-10-02T12:31:27-05:00" level=warning msg="Print off screen. y=245 height=75"
time="2026-10-02T12:31:27-05:00" level=warning msg="Print off screen. y=246 height=75"
time="2026-10-02T12:31:27-05:00" level=warning msg="Print off screen. y=247 height=75"
time="2026-10-02T12:31:27-05:00" level=warning msg="Print off screen. y=248 height=75"
time="2026-10-02T12:31:27-05:00" level=warning msg="Print off screen. y=249 height=75"
time="2026-10-02T12:31:27-05:00" level=warning msg="Print off screen. y=250 height=75"
time="2026-10-02T12:31:27-05:00" level=warning msg="Print off screen. y=251 height=75"
time="2026-10-02T12:31:27-05:00" level=warning msg="Print off screen. y=252 height=75"
time="2026-10-02T12:31:27-05:00" level=warning msg="Print off screen. y=253 height=75"
time="2026-10-02T12:31:27-05:00" level=warning msg="Print off screen. y=254 height=75"
time="2026-10-02T12:31:27-05:00" level=warning msg="Print off screen. y=255 height=75"
time="2026-10-02T12:31:27-05:00" level=warning msg="Print off screen. y=256 height=75"
time="2026-10-02T12:31:27-05:00" level=warning msg="Print off screen. y=257 height=75"
time="2026-10-02T12:31:27-05:00" level=warning msg="Print off screen. y=258 height=75"
time="2026-10-02T12:31:27-05:00" level=warning msg="Print off screen. y=259 height=75"
time="2026-10-02T12:31:27-05:00" level=warning msg="Print off screen. y=260 height=75"
time="2026-10-02T12:31:27-05:00" level=warning msg="Print off screen. y=261 height=75"
time="2026-10-02T12:31:27-05:00" level=warning msg="Print off screen. y=262 height=75"
time="2026-10-02T12:31:27-05:00" level=warning msg="Print off screen. y=263 height=75"
time="2026-10-02T12:31:27-05:00" level=warning msg="Print off screen. y=264 height=75"
time="2026-10-02T12:31:27-05:00" level=warning msg="Print off screen. y=265 height=75"
time="2026-10-02T12:31:27-05:00" level=warning msg="Print off screen. y=266 height=75"
time="2026-10-02T12:31:27-05:00" level=warning msg="Print off screen. y=267 height=75"
time="2026-10-02T12:31:27-05:00" level=warning msg="Print off screen. y=268 height=75"
time="2026-10-02T12:31:27-05:00" level=warning msg="Print off screen. y=269 height=75"
time="2026-10-02T12:31:27-05:00" level=warning msg="Print off screen. y=270 height=75"
time="2026-10-02T12:31:27-05:00" level=warning msg="Print off screen. y=271 height=75"
time="2026-10-02T12:31:27-05:00" level=warning msg="Print off screen. y=75 height=75"
time="2026-10-02T12:31:27-05:00" level=warning msg="Print off screen. y=76 height=75"
time="2026-10-02T12:31:27-05:00" level=warning msg="Print off screen. y=77 height=75"
time="2026-10-02T12:31:27-05:00" level=warning msg="Print off screen. y=78 height=75"
time="2026-10-02T12:31:27-05:00" level=warning msg="Print off screen. y=79 height=75"
time="2026-10-02T12:31:27-05:00" level=warning msg="Print off screen. y=80 height=75"
time="2026-10-02T12:31:27-05:00" level=warning msg="Print off screen. y=81 height=75"
time="2026-10-02T12:31:27-05:00" level=warning msg="Print off screen. y=82 height=75"
time="2026-10-02T12:31:27-05:00" level=warning msg="Print off screen. y=83 height=75"
time="2026-10-02T12:31:27-05:00" level=warning msg="Print off screen. y=84 height=75"
time="2026-10-02T12:31:27-05:00" level=warning msg="Print off screen. y=85 height=75"
time="2026-10-02T12:31:27-05:00" level=warning msg="Print off screen. y=86 height=75"
time="2026-10-02T12:31:27-05:00" level=warning msg="Print off screen. y=87 height=75"
time="2026-10-02T12:31:27-05:00" level=warning msg="Print off screen. y=88 height=75"
time="2026-10-02T12:31:27-05:00" level=warning msg="Print off screen. y=89 height=75"
time="2026-10-02T12:31:27-05:00" level=warning msg="Print off screen. y=90 height=75"
time="2026-10-02T12:31:27-05:00" level=warning msg="Print off screen. y=91 height=75"
time="2026-10-02T12:31:27-05:00" level=warning msg="Print off screen. y=92 height=75"
time="2026-10-02T12:31:27-05:00" level=warning msg="Print off screen. y=93 height=75"
time="2026-10-02T12:31:27-05:00" level=warning msg="Print off screen. y=94 height=75"
time="2026-10-02T12:31:27-05:00" level=warning msg="Print off screen. y=95 height=75"
time="2026-10-02T12:31:27-05:00" level=warning msg="Print off screen. y=96 height=75"
time="2026-10-02T12:31:27-05:00" level=warning msg="Print off screen. y=97 height=75"
time="2026-10-02T12:31:27-05:00" level=warning msg="Print off screen. y=98 height=75"
time="2026-10-02T12:31:27-05:00" level=warning msg="Print off screen. y=99 height=75"
time="2026-10-02T12:31:27-05:00" level=warning msg="Print off screen. y=100 height=75"
time="2026-10-02T12:31:27-05:00" level=warning msg="Print off screen. y=101 height=75"
time="2026-10-02T12:31:27-05:00" level=warning msg="Print off screen. y=102 height=75"
time="2026-10-02T12:31:27-05:00" level=warning msg="Print off screen. y=103 height=75"
time="2026-10-02T12:31:27-05:00" level=warning msg="Print off screen. y=104 height=75"
time="2026-10-02T12:31:27-05:00" level=warning msg="Print off screen. y=105 height=75"
time="2026-10-02T12:31:27-05:00" level=warning msg="Print off screen. y=106 height=75"
time="2026-10-02T12:31:27-05:00" level=warning msg="Print off screen. y=107 height=75"
time="2026-10-02T12:31:27-05:00" level=warning msg="Print off screen. y=108 height=75"
time="2026-10-02T12:31:27-05:00" level=warning msg="Print off screen. y=109 height=75"
time="2026-10-02T12:31:27-05:00" level=warning msg="Print off screen. y=110 height=75"
time="2026-10-02T12:31:27-05:00" level=warning msg="Print off screen. y=111 height=75"
time="2026-10-02T12:31:27-05:00" level=warning msg="Print off screen. y=112 height=75"
time="2026-10-02T12:31:27-05:00" level=warning msg="Print off screen. y=113 height=75"
time="2026-10-02T12:31:27-05:00" level=warning msg="Print off screen. y=114 height=75"
time="2026-10-02T12:31:27-05:00" level=warning msg="Print off screen. y=115 height=75"
time="2026-10-02T12:31:27-05:00" level=warning msg="Print off screen. y=116 height=75"
time="2026-10-02T12:31:27-05:00" level=warning msg="Print off screen. y=117 height=75"
time="2026-10-02T12:31:27-05:00" level=warning msg="Print off screen. y=118 height=75"
time="2026-10-02T12:31:27-05:00" level=warning msg="Print off screen. y=119 height=75"
time="2026-10-02T12:31:27-05:00" level=warning msg="Print off screen. y=120 height=75"
time="2026-10-02T12:31:27-05:00" level=warning msg="Print off screen. y=121 height=75"
time="2026-10-02T12:31:27-05:00" level=warning msg="Print off screen. y=122 height=75"
time="2026-10-02T12:31:27-05:00" level=warning msg="Print off screen. y=123 height=75"
time="2026-10-02T12:31:27-05:00" level=warning msg="Print off screen. y=124 height=75"
time="2026-10-02T12:31:27-05:00" level=warning msg="Print off screen. y=125 height=75"
time="2026-10-02T12:31:27-05:00" level=warning msg="Print off screen. y=126 height=75"
time="2026-10-02T12:31:27-05:00" level=warning msg="Print off screen. y=127 height=75"
time="2026-10-02T12:31:27-05:00" level=warning msg="Print off screen. y=128 height=75"
time="2026-10-02T12:31:27-05:00" level=warning msg="Print off screen. y=129 height=75"
time="2026-10-02T12:31:27-05:00" level=warning msg="Print off screen. y=130 height=75"
time="2026-10-02T12:31:27-05:00" level=warning msg="Print off screen. y=131 height=75"
time="2026-10-02T12:31:27-05:00" level=warning msg="Print off screen. y=132 height=75"
time="2026-10-02T12:31:27-05:00" level=warning msg="Print off screen. y=133 height=75"
time="2026-10-02T12:31:27-05:00" level=warning msg="Print off screen. y=134 height=75"
time="2026-10-02T12:31:27-05:00" level=warning msg="Print off screen. y=135 height=75"
time="2026-10-02T12:31:27-05:00" level=warning msg="Print off screen. y=136 height=75"
time="2026-10-02T12:31:27-05:00" level=warning msg="Print off screen. y=137 height=75"
time="2026-10-02T12:31:27-05:00" level=warning msg="Print off screen. y=138 height=75"
time="2026-10-02T12:31:27-05:00" level=warning msg="Print off screen. y=139 height=75"
time="2026-10-02T12:31:27-05:00" level=warning msg="Print off screen. y=140 height=75"
time="2026-10-02T12:31:27-05:00" level=warning msg="Print off screen. y=141 height=75"
time="2026-10-02T12:31:27-05:00" level=warning msg="Print off screen. y=142 height=75"
time="2026-10-02T12:31:27-05:00" level=warning msg="Print off screen. y=143 height=75"
time="2026-10-02T12:31:27-05:00" level=warning msg="Print off screen. y=144 height=75"
time="2026-10-02T12:31:27-05:00" level=warning msg="Print off screen. y=145 height=75"
time="2026-10-02T12:31:27-05:00" level=warning msg="Print off screen. y=146 height=75"
time="2026-10-02T12:31:27-05:00" level=warning msg="Print off screen. y=147 height=75"
time="2026-10-02T12:31:27-05:00" level=warning msg="Print off screen. y=148 height=75"
time="2026-10-02T12:31:27-05:00" level=warning msg="Print off screen. y=149 height=75"
time="2026-10-02T12:31:27-05:00" level=warning msg="Print off screen. y=150 height=75"
time="2026-10-02T12:31:27-05:00" level=warning msg="Print off screen. y=151 height=75"
time="2026-10-02T12:31:27-05:00" level=warning msg="Print off screen. y=152 height=75"
time="2026-10-02T12:31:27-05:00" level=warning msg="Print off screen. y=153 height=75"
time="2026-10-02T12:31:27-05:00" level=warning msg="Print off screen. y=154 height=75"
time="2026-10-02T12:31:27-05:00" level=warning msg="Print off screen. y=155 height=75"
time="2026-10-02T12:31:27-05:00" level=warning msg="Print off screen. y=156 height=75"
time="2026-10-02T12:31:27-05:00" level=warning msg="Print off screen. y=157 height=75"
time="2026-10-02T12:31:27-05:00" level=warning msg="Print off screen. y=158 height=75"
time="2026-10-02T12:31:27-05:00" level=warning msg="Print off screen. y=159 height=75"
time="2026-10-02T12:31:27-05:00" level=warning msg="Print off screen. y=160 height=75"
time="2026-10-02T12:31:27-05:00" level=warning msg="Print off screen. y=161 height=75"
time="2026-10-02T12:31:27-05:00" level=warning msg="Print off screen. y=162 height=75"
time="2026-10-02T12:31:27-05:00" level=warning msg="Print off screen. y=163 height=75"
time="2026-10-02T12:31:27-05:00" level=warning msg="Print off screen. y=164 height=75"
time="2026-10-02T12:31:27-05:00" level=warning msg="Print off screen. y=165 height=75"
time="2026-10-02T12:31:27-05:00" level=warning msg="Print off screen. y=166 height=75"
time="2026-10-02T12:31:27-05:00" level=warning msg="Print off screen. y=167 height=75"
time="2026-10-02T12:31:27-05:00" level=warning msg="Print off screen. y=168 height=75"
time="2026-10-02T12:31:27-05:00" level=warning msg="Print off screen. y=169 height=75"
time="2026-10-02T12:31:27-05:00" level=warning msg="Print off screen. y=170 height=75"
time="2026-10-02T12:31:27-05:00" level=warning msg="Print off screen. y=171 height=75"
time="2026-10-02T12:31:27-05:00" level=warning msg="Print off screen. y=172 height=75"
time="2026-10-02T12:31:27-05:00" level=warning msg="Print off screen. y=173 height=75"
time="2026-10-02T12:31:27-05:00" level=warning msg="Print off screen. y=174 height=75"
time="2026-10-02T12:31:27-05:00" level=warning msg="Print off screen. y=175 height=75"
time="2026-10-02T12:31:27-05:00" level=warning msg="Print off screen. y=176 height=75"
time="2026-10-02T12:31:27-05:00" level=warning msg="Print off screen. y=177 height=75"
time="2026-10-02T12:31:27-05:00" level=warning msg="Print off screen. y=178 height=75"
time="2026-10-02T12:31:27-05:00" level=warning msg="Print off screen. y=179 height=75"
time="2026-10-02T12:31:27-05:00" level=warning msg="Print off screen. y=180 height=75"
time="2026-10-02T12:31:27-05:00" level=warning msg="Print off screen. y=181 height=75"
time="2026-10-02T12:31:27-05:00" level=warning msg="Print off screen. y=182 height=75"
time="2026-10-02T12:31:27-05:00" level=warning msg="Print off screen. y=183 height=75"
time="2026-10-02T12:31:27-05:00" level=warning msg="Print off screen. y=184 height=75"
time="2026-10-02T12:31:27-05:00" level=warning msg="Print off screen. y=185 height=75"
time="2026-10-02T12:31:27-05:00" level=warning msg="Print off screen. y=186 height=75"
time="2026-10-02T12:31:27-05:00" level=warning msg="Print off screen. y=187 height=75"
time="2026-10-02T12:31:27-05:00" level=warning msg="Print off screen. y=188 height=75"
time="2026-10-02T12:31:27-05:00" level=warning msg="Print off screen. y=189 height=75"
time="2026-10-02T12:31:27-05:00" level=warning msg="Print off screen. y=190 height=75"
time="2026-10-02T12:31:27-05:00" level=warning msg="Print off screen. y=191 height=75"
time="2026-10-02T12:31:27-05:00" level=warning msg="Print off screen. y=192 height=75"
time="2026-10-02T12:31:27-05:00" level=warning msg="Print off screen. y=193 height=75"
time="2026-10-02T12:31:27-05:00" level=warning msg="Print off screen. y=194 height=75"
time="2026-10-02T12:31:27-05:00" level=warning msg="Print off screen. y=195 height=75"
time="2026-10-02T12:31:27-05:00" level=warning msg="Print off screen. y=196 height=75"
time="2026-10-02T12:31:27-05:00" level=warning msg="Print off screen. y=197 height=75"
time="2026-10-02T12:31:27-05:00" level=warning msg="Print off screen. y=198 height=75"
time="2026-10-02T12:31:27-05:00" level=warning msg="Print off screen. y=199 height=75"
time="2026-10-02T12:31:27-05:00" level=warning msg="Print off screen. y=200 height=75"
time="2026-10-02T12:31:27-05:00" level=warning msg="Print off screen. y=201 height=75"
time="2026-10-02T12:31:27-05:00" level=warning msg="Print off screen. y=202 height=75"
time="2026-10-02T12:31:27-05:00" level=warning msg="Print off screen. y=203 height=75"
time="2026-10-02T12:31:27-05:00" level=warning msg="Print off screen. y=204 height=75"
time="2026-10-02T12:31:27-05:00" level=warning msg="Print off screen. y=205 height=75"
time="2026-10-02T12:31:27-05:00" level=warning msg="Print off screen. y=206 height=75"
time="2026-10-02T12:31:27-05:00" level=warning msg="Print off screen. y=207 height=75"
time="2026-10-02T12:31:27-05:00" level=warning msg="Print off screen. y=208 height=75"
time="2026-10-02T12:31:27-05:00" level=warning msg="Print off screen. y=209 height=75"
time="2026-10-02T12:31:27-05:00" level=warning msg="Print off screen. y=210 height=75"
time="2026-10-02T12:31:27-05:00" level=warning msg="Print off screen. y=211 height=75"
time="2026-10-02T12:31:27-05:00" level=warning msg="Print off screen. y=212 height=75"
time="2026-10-02T12:31:27-05:00" level=warning msg="Print off screen. y=213 height=75"
time="2026-10-02T12:31:27-05:00" level=warning msg="Print off screen. y=214 height=75"
time="2026-10-02T12:31:27-05:00" level=warning msg="Print off screen. y=215 height=75"
time="2026-10-02T12:31:27-05:00" level=warning msg="Print off screen. y=216 height=75"
time="2026-10-02T12:31:27-05:00" level=warning msg="Print off screen. y=217 height=75"
time="2026-10-02T12:31:27-05:00" level=warning msg="Print off screen. y=218 height=75"
time="2026-10-02T12:31:27-05:00" level=warning msg="Print off screen. y=219 height=75"
time="2026-10-02T12:31:27-05:00" level=warning msg="Print off screen. y=220 height=75"
time="2026-10-02T12:31:27-05:00" level=warning msg="Print off screen. y=221 height=75"
time="2026-10-02T12:31:27-05:00" level=warning msg="Print off screen. y=222 height=75"
time="2026-10-02T12:31:27-05:00" level=warning msg="Print off screen. y=223 height=75"
time="2026-10-02T12:31:27-05:00" level=warning msg="Print off screen. y=224 height=75"
time="2026-10-02T12:31:27-05:00" level=warning msg="Print off screen. y=225 height=75"
time="2026-10-02T12:31:27-05:00" level=warning msg="Print off screen. y=226 height=75"
time="2026-10-02T12:31:27-05:00" level=warning msg="Print off screen. y=227 height=75"
time="2026-10-02T12:31:27-05:00" level=warning msg="Print off screen. y=228 height=75"
time="2026-10-02T12:31:27-05:00" level=warning msg="Print off screen. y=229 height=75"
time="2026-10-02T12:31:27-05:00" level=warning msg="Print off screen. y=230 height=75"
time="2026-10-02T12:31:27-05:00" level=warning msg="Print off screen. y=231 height=75"
time="2026-10-02T12:31:27-05:00" level=warning msg="Print off screen. y=232 height=75"
time="2026-10-02T12:31:27-05:00" level=warning msg="Print off screen. y=233 height=75"
time="2026-10-02T12:31:27-05:00" level=warning msg="Print off screen. y=234 height=75"
time="2026-10-02T12:31:27-05:00" level=warning msg="Print off screen. y=235 height=75"
time="2026-10-02T12:31:27-05:00" level=warning msg="Print off screen. y=236 height=75"
time="2026-10-02T12:31:27-05:00" level=warning msg="Print off screen. y=237 height=75"
time="2026-10-02T12:31:27-05:00" level=warning msg="Print off screen. y=238 height=75"
time="2026-10-02T12:31:27-05:00" level=warning msg="Print off screen. y=239 height=75"
time="2026-10-02T12:31:27-05:00" level=warning msg="Print off screen. y=240 height=75"
time="2026-10-02T12:31:27-05:00" level=warning msg="Print off screen. y=241 height=75"
time="2026-10-02T12:31:27-05:00" level=warning msg="Print off screen. y=242 height=75"
time="2026-10-02T12:31:27-05:00" level=warning msg="Print off screen. y=243 height=75"
time="2026-10-02T12:31:27-05:00" level=warning msg="Print off screen. y=244 height=75"
time="2026-10-02T12:31:27-05:00" level=warning msg="Print off screen. y=245 height=75"
time="2026-10-02T12:31:27-05:00" level=warning msg="Print off screen. y=246 height=75"
time="2026-10-02T12:31:27-05:00" level=warning msg="Print off screen. y=247 height=75"
time="2026-10-02T12:31:27-05:00" level=warning msg="Print off screen. y=248 height=75"
time="2026-10-02T12:31:27-05:00" level=warning msg="Print off screen. y=249 height=75"
time="2026-10-02T12:31:27-05:00" level=warning msg="Print off screen. y=250 height=75"
time="2026-10-02T12:31:27-05:00" level=warning msg="Print off screen. y=251 height=75"
time="2026-10-02T12:31:27-05:00" level=warning msg="Print off screen. y=252 height=75"
time="2026-10-02T12:31:27-05:00" level=warning msg="Print off screen. y=253 height=75"
time="2026-10-02T12:31:27-05:00" level=warning msg="Print off screen. y=254 height=75"
time="2026-10-02T12:31:27-05:00" level=warning msg="Print off screen. y=255 height=75"
time="2026-10-02T12:31:27-05:00" level=warning msg="Print off screen. y=256 height=75"
time="2026-10-02T12:31:27-05:00" level=warning msg="Print off screen. y=257 height=75"
time="2026-10-02T12:31:27-05:00" level=warning msg="Print off screen. y=258 height=75"
time="2026-10-02T12:31:27-05:00" level=warning msg="Print off screen. y=259 height=75"
time="2026-10-02T12:31:27-05:00" level=warning msg="Print off screen. y=260 height=75"
time="2026-10-02T12:31:27-05:00" level=warning msg="Print off screen. y=261 height=75"
time="2026-10-02T12:31:27-05:00" level=warning msg="Print off screen. y=262 height=75"
time="2026-10-02T12:31:27-05:00" level=warning msg="Print off screen. y=263 height=75"
time="2026-10-02T12:31:27-05:00" level=warning msg="Print off screen. y=264 height=75"
time="2026-10-02T12:31:27-05:00" level=warning msg="Print off screen. y=265 height=75"
time="2026-10-02T12:31:27-05:00" level=warning msg="Print off screen. y=266 height=75"
time="2026-10-02T12:31:27-05:00" level=warning msg="Print off screen. y=267 height=75"
time="2026-10-02T12:31:27-05:00" level=warning msg="Print off screen. y=268 height=75"
time="2026-10-02T12:31:27-05:00" level=warning msg="Print off screen. y=269 height=75"
time="2026-10-02T12:31:27-05:00" level=warning msg="Print off screen. y=270 height=75"
time="2026-10-02T12:31:27-05:00" level=warning msg="Print off screen. y=271 height=75"
time="2026-10-02T12:31:27-05:00" level=warning msg="Print off screen. y=75 height=75"
time="2026-10-02T12:31:27-05:00" level=warning msg="Print off screen. y=76 height=75"
time="2026-10-02T12:31:27-05:00" level=warning msg="Print off screen. y=77 height=75"
time="2026-10-02T12:31:27-05:00" level=warning msg="Print off screen. y=78 height=75"
time="2026-10-02T12:31:27-05:00" level=warning msg="Print off screen. y=79 height=75"
time="2026-10-02T12:31:27-05:00" level=warning msg="Print off screen. y=80 height=75"
time="2026-10-02T12:31:27-05:00" level=warning msg="Print off screen. y=81 height=75"
time="2026-10-02T12:31:27-05:00" level=warning msg="Print off screen. y=82 height=75"
time="2026-10-02T12:31:27-05:00" level=warning msg="Print off screen. y=83 height=75"
time="2026-10-02T12:31:27-05:00" level=warning msg="Print off screen. y=84 height=75"
time="2026-10-02T12:31:27-05:00" level=warning msg="Print off screen. y=85 height=75"
time="2026-10-02T12:31:27-05:00" level=warning msg="Print off screen. y=86 height=75"
time="2026-10-02T12:31:27-05:00" level=warning msg="Print off screen. y=87 height=75"
time="2026-10-02T12:31:27-05:00" level=warning msg="Print off screen. y=88 height=75"
time="2026-10-02T12:31:27-05:00" level=warning msg="Print off screen. y=89 height=75"
time="2026-10-02T12:31:27-05:00" level=warning msg="Print off screen. y=90 height=75"
time="2026-10-02T12:31:27-05:00" level=warning msg="Print off screen. y=91 height=75"
time="2026-10-02T12:31:27-05:00" level=warning msg="Print off screen. y=92 height=75"
time="2026-10-02T12:31:27-05:00" level=warning msg="Print off screen. y=93 height=75"
time="2026-10-02T12:31:27-05:00" level=warning msg="Print off screen. y=94 height=75"
time="2026-10-02T12:31:27-05:00" level=warning msg="Print off screen. y=95 height=75"
time="2026-10-02T12:31:27-05:00" level=warning msg="Print off screen. y=96 height=75"
time="2026-10-02T12:31:27-05:00" level=warning msg="Print off screen. y=97 height=75"
time="2026-10-02T12:31:27-05:00" level=warning msg="Print off screen. y=98 height=75"
time="2026-10-02T12:31:27-05:00" level=warning msg="Print off screen. y=99 height=75"
time="2026-10-02T12:31:27-05:00" level=warning msg="Print off screen. y=100 height=75"
time="2026-10-02T12:31:27-05:00" level=warning msg="Print off screen. y=101 height=75"
time="2026-10-02T12:31:27-05:00" level=warning msg="Print off screen. y=102 height=75"
time="2026-10-02T12:31:27-05:00" level=warning msg="Print off screen. y=103 height=75"
time="2026-10-02T12:31:27-05:00" level=warning msg="Print off screen. y=104 height=75"
time="2026-10-02T12:31:27-05:00" level=warning msg="Print off screen. y=105 height=75"
time="2026-10-02T12:31:27-05:00" level=warning msg="Print off screen. y=106 height=75"
time="2026-10-02T12:31:27-05:00" level=warning msg="Print off screen. y=107 height=75"
time="2026-10-02T12:31:27-05:00" level=warning msg="Print off screen. y=108 height=75"
time="2026-10-02T12:31:27-05:00" level=warning msg="Print off screen. y=109 height=75"
time="2026-10-02T12:31:27-05:00" level=warning msg="Print off screen. y=110 height=75"
time="2026-10-02T12:31:27-05:00" level=warning msg="Print off screen. y=111 height=75"
time="2026-10-02T12:31:27-05:00" level=warning msg="Print off screen. y=112 height=75"
time="2026-10-02T12:31:27-05:00" level=warning msg="Print off screen. y=113 height=75"
time="2026-10-02T12:31:27-05:00" level=warning msg="Print off screen. y=114 height=75"
time="2026-10-02T12:31:27-05:00" level=warning msg="Print off screen. y=115 height=75"
time="2026-10-02T12:31:27-05:00" level=warning msg="Print off screen. y=116 height=75"
time="2026-10-02T12:31:27-05:00" level=warning msg="Print off screen. y=117 height=75"
time="2026-10-02T12:31:27-05:00" level=warning msg="Print off screen. y=118 height=75"
time="2026-10-02T12:31:27-05:00" level=warning msg="Print off screen. y=119 height=75"
time="2026-10-02T12:31:27-05:00" level=warning msg="Print off screen. y=120 height=75"
time="2026-10-02T12:31:27-05:00" level=warning msg="Print off screen. y=121 height=75"
time="2026-10-02T12:31:27-05:00" level=warning msg="Print off screen. y=122 height=75"
time="2026-10-02T12:31:27-05:00" level=warning msg="Print off screen. y=123 height=75"
time="2026-10-02T12:31:27-05:00" level=warning msg="Print off screen. y=124 height=75"
time="2026-10-02T12:31:27-05:00" level=warning msg="Print off screen. y=125 height=75"
time="2026-10-02T12:31:27-05:00" level=warning msg="Print off screen. y=126 height=75"
time="2026-10-02T12:31:27-05:00" level=warning msg="Print off screen. y=127 height=75"
time="2026-10-02T12:31:27-05:00" level=warning msg="Print off screen. y=128 height=75"
time="2026-10-02T12:31:27-05:00" level=warning msg="Print off screen. y=129 height=75"
time="2026-10-02T12:31:27-05:00" level=warning msg="Print off screen. y=130 height=75"
time="2026-10-02T12:31:27-05:00" level=warning msg="Print off screen. y=131 height=75"
time="2026-10-02T12:31:27-05:00" level=warning msg="Print off screen. y=132 height=75"
time="2026-10-02T12:31:27-05:00" level=warning msg="Print off screen. y=133 height=75"
time="2026-10-02T12:31:27-05:00" level=warning msg="Print off screen. y=134 height=75"
time="2026-10-02T12:31:27-05:00" level=warning msg="Print off screen. y=135 height=75"
time="2026-10-02T12:31:27-05:00" level=warning msg="Print off screen. y=136 height=75"
time="2026-10-02T12:31:27-05:00" level=warning msg="Print off screen. y=137 height=75"
time="2026-10-02T12:31:27-05:00" level=warning msg="Print off screen. y=138 height=75"
time="2026-10-02T12:31:27-05:00" level=warning msg="Print off screen. y=139 height=75"
time="2026-10-02T12:31:27-05:00" level=warning msg="Print off screen. y=140 height=75"
time="2026-10-02T12:31:27-05:00" level=warning msg="Print off screen. y=141 height=75"
time="2026-10-02T12:31:27-05:00" level=warning msg="Print off screen. y=142 height=75"
time="2026-10-02T12:31:27-05:00" level=warning msg="Print off screen. y=143 height=75"
time="2026-10-02T12:31:27-05:00" level=warning msg="Print off screen. y=144 height=75"
time="2026-10-02T12:31:27-05:00" level=warning msg="Print off screen. y=145 height=75"
time="2026-10-02T12:31:27-05:00" level=warning msg="Print off screen. y=146 height=75"
time="2026-10-02T12:31:27-05:00" level=warning msg="Print off screen. y=147 height=75"
time="2026-10-02T12:31:27-05:00" level=warning msg="Print off screen. y=148 height=75"
time="2026-10-02T12:31:27-05:00" level=warning msg="Print off screen. y=149 height=75"
time="2026-10-02T12:31:27-05:00" level=warning msg="Print off screen. y=150 height=75"
time="2026-10-02T12:31:27-05:00" level=warning msg="Print off screen. y=151 height=75"
time="2026-10-02T12:31:27-05:00" level=warning msg="Print off screen. y=152 height=75"
time="2026-10-02T12:31:27-05:00" level=warning msg="Print off screen. y=153 height=75"
time="2026-10-02T12:31:27-05:00" level=warning msg="Print off screen. y=154 height=75"
time="2026-10-02T12:31:27-05:00" level=warning msg="Print off screen. y=155 height=75"
time="2026-10-02T12:31:27-05:00" level=warning msg="Print off screen. y=156 height=75"
time="2026-10-02T12:31:27-05:00" level=warning msg="Print off screen. y=157 height=75"
time="2026-10-02T12:31:27-05:00" level=warning msg="Print off screen. y=158 height=75"
time="2026-10-02T12:31:27-05:00" level=warning msg="Print off screen. y=159 height=75"
time="2026-10-02T12:31:27-05:00" level=warning msg="Print off screen. y=160 height=75"
time="2026-10-02T12:31:27-05:00" level=warning msg="Print off screen. y=161 height=75"
time="2026-10-02T12:31:27-05:00" level=warning msg="Print off screen. y=162 height=75"
time="2026-10-02T12:31:27-05:00" level=warning msg="Print off screen. y=163 height=75"
time="2026-10-02T12:31:27-05:00" level=warning msg="Print off screen. y=164 height=75"
time="2026-10-02T12:31:27-05:00" level=warning msg="Print off screen. y=165 height=75"
time="2026-10-02T12:31:27-05:00" level=warning msg="Print off screen. y=166 height=75"
time="2026-10-02T12:31:27-05:00" level=warning msg="Print off screen. y=167 height=75"
time="2026-10-02T12:31:27-05:00" level=warning msg="Print off screen. y=168 height=75"
time="2026-10-02T12:31:27-05:00" level=warning msg="Print off screen. y=169 height=75"
time="2026-10-02T12:31:27-05:00" level=warning msg="Print off screen. y=170 height=75"
time="2026-10-02T12:31:27-05:00" level=warning msg="Print off screen. y=171 height=75"
time="2026-10-02T12:31:27-05:00" level=warning msg="Print off screen. y=172 height=75"
time="2026-10-02T12:31:27-05:00" level=warning msg="Print off screen. y=173 height=75"
time="2026-10-02T12:31:27-05:00" level=warning msg="Print off screen. y=174 height=75"
time="2026-10-02T12:31:27-05:00" level=warning msg="Print off screen. y=175 height=75"
time="2026-10-02T12:31:27-05:00" level=warning msg="Print off screen. y=176 height=75"
time="2026-10-02T12:31:27-05:00" level=warning msg="Print off screen. y=177 height=75"
time="2026-10-02T12:31:27-05:00" level=warning msg="Print off screen. y=178 height=75"
time="2026-10-02T12:31:27-05:00" level=warning msg="Print off screen. y=179 height=75"
time="2026-10-02T12:31:27-05:00" level=warning msg="Print off screen. y=180 height=75"
time="2026-10-02T12:31:27-05:00" level=warning msg="Print off screen. y=181 height=75"
time="2026-10-02T12:31:27-05:00" level=warning msg="Print off screen. y=182 height=75"
time="2026-10-02T12:31:27-05:00" level=warning msg="Print off screen. y=183 height=75"
time="2026-10-02T12:31:27-05:00" level=warning msg="Print off screen. y=184 height=75"
time="2026-10-02T12:31:27-05:00" level=warning msg="Print off screen. y=185 height=75"
time="2026-10-02T12:31:27-05:00" level=warning msg="Print off screen. y=186 height=75"
time="2026-10-02T12:31:27-05:00" level=warning msg="Print off screen. y=187 height=75"
time="2026-10-02T12:31:27-05:00" level=warning msg="Print off screen. y=188 height=75"
time="2026-10-02T12:31:27-05:00" level=warning msg="Print off screen. y=189 height=75"
time="2026-10-02T12:31:27-05:00" level=warning msg="Print off screen. y=190 height=75"
time="2026-10-02T12:31:27-05:00" level=warning msg="Print off screen. y=191 height=75"
time="2026-10-02T12:31:27-05:00" level=warning msg="Print off screen. y=192 height=75"
time="2026-10-02T12:31:27-05:00" level=warning msg="Print off screen. y=193 height=75"
time="2026-10-02T12:31:27-05:00" level=warning msg="Print off screen. y=194 height=75"
time="2026-10-02T12:31:27-05:00" level=warning msg="Print off screen. y=195 height=75"
time="2026-10-02T12:31:27-05:00" level=warning msg="Print off screen. y=196 height=75"
time="2026-10-02T12:31:27-05:00" level=warning msg="Print off screen. y=197 height=75"
time="2026-10-02T12:31:27-05:00" level=warning msg="Print off screen. y=198 height=75"
time="2026-10-02T12:31:27-05:00" level=warning msg="Print off screen. y=199 height=75"
time="2026-10-02T12:31:27-05:00" level=warning msg="Print off screen. y=200 height=75"
time="2026-10-02T12:31:27-05:00" level=warning msg="Print off screen. y=201 height=75"
time="2026-10-02T12:31:27-05:00" level=warning msg="Print off screen. y=202 height=75"
time="2026-10-02T12:31:27-05:00" level=warning msg="Print off screen. y=203 height=75"
time="2026-10-02T12:31:27-05:00" level=warning msg="Print off screen. y=204 height=75"
time="2026-10-02T12:31:27-05:00" level=warning msg="Print off screen. y=205 height=75"
time="2026-10-02T12:31:27-05:00" level=warning msg="Print off screen. y=206 height=75"
time="2026-10-02T12:31:27-05:00" level=warning msg="Print off screen. y=207 height=75"
time="2026-10-02T12:31:27-05:00" level=warning msg="Print off screen. y=208 height=75"
time="2026-10-02T12:31:27-05:00" level=warning msg="Print off screen. y=209 height=75"
time="2026-10-02T12:31:27-05:00" level=warning msg="Print off screen. y=210 height=75"
time="2026-10-02T12:31:27-05:00" level=warning msg="Print off screen. y=211 height=75"
time="2026-10-02T12:31:27-05:00" level=warning msg="Print off screen. y=212 height=75"
time="2026-10-02T12:31:27-05:00" level=warning msg="Print off screen. y=213 height=75"
time="2026-10-02T12:31:27-05:00" level=warning msg="Print off screen. y=214 height=75"
time="2026-10-02T12:31:27-05:00" level=warning msg="Print off screen. y=215 height=75"
time="2026-10-02T12:31:27-05:00" level=warning msg="Print off screen. y=216 height=75"
time="2026-10-02T12:31:27-05:00" level=warning msg="Print off screen. y=217 height=75"
time="2026-10-02T12:31:27-05:00" level=warning msg="Print off screen. y=218 height=75"
time="2026-10-02T12:31:27-05:00" level=warning msg="Print off screen. y=219 height=75"
time="2026-10-02T12:31:27-05:00" level=warning msg="Print off screen. y=220 height=75"
time="2026-10-02T12:31:27-05:00" level=warning msg="Print off screen. y=221 height=75"
time="2026-10-02T12:31:27-05:00" level=warning msg="Print off screen. y=222 height=75"
time="2026-10-02T12:31:27-05:00" level=warning msg="Print off screen. y=223 height=75"
time="2026-10-02T12:31:27-05:00" level=warning msg="Print off screen. y=224 height=75"
time="2026-10-02T12:31:27-05:00" level=warning msg="Print off screen. y=225 height=75"
time="2026-10-02T12:31:27-05:00" level=warning msg="Print off screen. y=226 height=75"
time="2026-10-02T12:31:27-05:00" level=warning msg="Print off screen. y=227 height=75"
time="2026-10-02T12:31:27-05:00" level=warning msg="Print off screen. y=228 height=75"
time="2026-10-02T12:31:27-05:00" level=warning msg="Print off screen. y=229 height=75"
time="2026-10-02T12:31:27-05:00" level=warning msg="Print off screen. y=230 height=75"
time="2026-10-02T12:31:27-05:00" level=warning msg="Print off screen. y=231 height=75"
time="2026-10-02T12:31:27-05:00" level=warning msg="Print off screen. y=232 height=75"
time="2026-10-02T12:31:27-05:00" level=warning msg="Print off screen. y=233 height=75"
time="2026-10-02T12:31:27-05:00" level=warning msg="Print off screen. y=234 height=75"
time="2026-10-02T12:31:27-05:00" level=warning msg="Print off screen. y=235 height=75"
time="2026-10-02T12:31:27-05:00" level=warning msg="Print off screen. y=236 height=75"
time="2026-10-02T12:31:27-05:00" level=warning msg="Print off screen. y=237 height=75"
time="2026-10-02T12:31:27-05:00" level=warning msg="Print off screen. y=238 height=75"
time="2026-10-02T12:31:27-05:00" level=warning msg="Print off screen. y=239 height=75"
time="2026-10-02T12:31:27-05:00" level=warning msg="Print off screen. y=240 height=75"
time="2026-10-02T12:31:27-05:00" level=warning msg="Print off screen. y=241 height=75"
time="2026-10-02T12:31:27-05:00" level=warning msg="Print off screen. y=242 height=75"
time="2026-10-02T12:31:27-05:00" level=warning msg="Print off screen. y=243 height=75"
time="2026-10-02T12:31:27-05:00" level=warning msg="Print off screen. y=244 height=75"
time="2026-10-02T12:31:27-05:00" level=warning msg="Print off screen. y=245 height=75"
time="2026-10-02T12:31:27-05:00" level=warning msg="Print off screen. y=246 height=75"
time="2026-10-02T12:31:27-05:00" level=warning msg="Print off screen. y=247 height=75"
time="2026-10-02T12:31:27-05:00" level=warning msg="Print off screen. y=248 height=75"
time="2026-10-02T12:31:27-05:00" level=warning msg="Print off screen. y=249 height=75"
time="2026-10-02T12:31:27-05:00" level=warning msg="Print off screen. y=250 height=75"
time="2026-10-02T12:31:27-05:00" level=warning msg="Print off screen. y=251 height=75"
time="2026-10-02T12:31:27-05:00" level=warning msg="Print off screen. y=252 height=75"
time="2026-10-02T12:31:27-05:00" level=warning msg="Print off screen. y=253 height=75"
time="2026-10-02T12:31:27-05:00" level=warning msg="Print off screen. y=254 height=75"
time="2026-10-02T12:31:27-05:00" level=warning msg="Print off screen. y=255 height=75"
time="2026-10-02T12:31:27-05:00" level=warning msg="Print off screen. y=256 height=75"
time="2026-10-02T12:31:27-05:00" level=warning msg="Print off screen. y=257 height=75"
time="2026-10-02T12:31:27-05:00" level=warning msg="Print off screen. y=258 height=75"
time="2026-10-02T12:31:27-05:00" level=warning msg="Print off screen. y=259 height=75"
time="2026-10-02T12:31:27-05:00" level=warning msg="Print off screen. y=260 height=75"
time="2026-10-02T12:31:27-05:00" level=warning msg="Print off screen. y=261 height=75"
time="2026-10-02T12:31:27-05:00" level=warning msg="Print off screen. y=262 height=75"
time="2026-10-02T12:31:27-05:00" level=warning msg="Print off screen. y=263 height=75"
time="2026-10-02T12:31:27-05:00" level=warning msg="Print off screen. y=264 height=75"
time="2026-10-02T12:31:27-05:00" level=warning msg="Print off screen. y=265 height=75"
time="2026-10-02T12:31:27-05:00" level=warning msg="Print off screen. y=266 height=75"
time="2026-10-02T12:31:27-05:00" level=warning msg="Print off screen. y=267 height=75"
time="2026-10-02T12:31:27-05:00" level=warning msg="Print off screen. y=268 height=75"
time="2026-10-02T12:31:27-05:00" level=warning msg="Print off screen. y=269 height=75"
time="2026-10-02T12:31:27-05:00" level=warning msg="Print off screen. y=270 height=75"
time="2026-10-02T12:31:27-05:00" level=warning msg="Print off screen. y=271 height=75"
time="2026-10-02T12:31:40-05:00" level=info msg="History for 1944641 INBOX"
time="2026-10-02T12:31:40-05:00" level=info msg="No history since last check"
time="2026-10-02T12:31:40-05:00" level=info msg="History check took 86.61727ms"
time="2026-10-02T12:31:41-05:00" level=info msg="MessageView returned, stopping keys"
time="2026-10-02T12:31:41-05:00" level=info msg="Stopping keyboard input"
time="2026-10-02T12:31:41-05:00" level=info msg="Input loop told to stop"
time="2026-10-02T12:31:41-05:00" level=info msg="Keyboard input stopped"
time="2026-10-02T12:31:41-05:00" level=info msg="Shutting down"
